I/DEBUG   ( 3908):     bed185bc  6f542e61  
I/DEBUG   ( 3908):     bed185c0  401a14b0  
I/DEBUG   ( 3908):     bed185c4  40928c2b  /system/lib/libmedia.so
I/DEBUG   ( 3908): #01 bed185c8  0016ca70  [heap]
I/DEBUG   ( 3908):     bed185cc  0000f2c8  [heap]
I/DEBUG   ( 3908):     bed185d0  401a14b0  
I/DEBUG   ( 3908):     bed185d4  4017a1d7  /system/lib/libandroid_runtime.so
I/BootReceiver(  304): Copying /data/tombstones/tombstone_06 to DropBox (SYSTEM_TOMBSTONE)
I/ActivityManager(  304): Process com.android.phone (pid 4633) has died.
W/ActivityManager(  304): Canceling start item Intent { cmp=com.android.phone/.BluetoothHeadsetService } in service ComponentInfo{com.android.phone/com.android.phone.BluetoothHeadsetService}
W/ActivityManager(  304): Scheduling restart of crashed service com.android.phone/.BluetoothHeadsetService in 4750ms
I/WindowManager(  304): SCREENLAYOUT_SIZE (1:small, 2:normal, 3:large, 4:xlarge) 2
I/ActivityManager(  304): Start proc com.android.phone for restart com.android.phone: pid=4676 uid=1001 gids={3002, 3001, 3003, 1015}
I/ActivityThread( 4676): Pub mms: com.android.providers.telephony.MmsProvider
I/ActivityThread( 4676): Pub sms: com.android.providers.telephony.SmsProvider
I/ActivityThread( 4676): Pub telephony: com.android.providers.telephony.TelephonyProvider
W/TelephonyProvider( 4676): onCreate: confFile=/system/etc/apns-conf.xml oldCheckSum=3358775275
W/TelephonyProvider( 4676): onCreate: newCheckSum=3358775275
I/ActivityThread( 4676): Pub icc: com.android.phone.IccProvider
I/ActivityThread( 4676): Pub mms-sms: com.android.providers.telephony.MmsSmsProvider
D/PhoneApp( 4676): non dsds PhoneApp:
D/PhoneStatusBarPolicy(  472): updateSimState for subscription :0
D/CallManager( 4676): registerPhone(CDMA Handler (com.android.internal.telephony.PhoneProxy) {41283d50})
D/PhoneInterfaceManager( 4676):  Registering for UNSOL OEM HOOK Responses to deliver external apps
D/PhoneStatusBarPolicy(  472): updateSimState for subscription :0
D/Bluetooth HS/HF( 4676): CDMA call state: IDLE prev state:IDLE
E/ToneGenerator( 4676): Unable to marshal AudioFlinger
E/ToneGenerator( 4676): ToneGenerator init failed 
F/libc    ( 4676): Fatal signal 11 (SIGSEGV) at 0x004d0091 (code=1)
I/DEBUG   ( 3908): *** *** *** *** *** *** *** *** *** *** *** *** *** *** *** ***
I/DEBUG   ( 3908): Build fingerprint: 'qcom/msm8660_surf/msm8660_surf:4.0.3/IML74K/eng.joey.20120210.232528:eng/test-keys'
I/DEBUG   ( 3908): pid: 4676, tid: 4676  >>> com.android.phone <<<
I/DEBUG   ( 3908): signal 11 (SIGSEGV), code 1 (SEGV_MAPERR), fault addr 004d0091
I/DEBUG   ( 3908):  r0 004d0065  r1 0017c410  r2 0017c3e0  r3 bed18188
I/DEBUG   ( 3908):  r4 0017c3e0  r5 004d0065  r6 401a14b0  r7 4081a05d
I/DEBUG   ( 3908):  r8 2ec00019  r9 46179c28  10 00000000  fp bed18604
I/DEBUG   ( 3908):  ip 4094e048  sp bed185b8  lr 40928c2b  pc 4091a506  cpsr 60000030
I/DEBUG   ( 3908):  d0  662074696e692061  d1  7541206c61687369
I/DEBUG   ( 3908):  d2  000000040000036c  d3  4a52402800000065
I/DEBUG   ( 3908):  d4  006f006900640075  d5  0069006c006f0050
I/DEBUG   ( 3908):  d6  0065005300790063  d7  0063006900760072
I/DEBUG   ( 3908):  d8  0000000000000000  d9  0000000000000000
I/DEBUG   ( 3908):  d10 0000000000000000  d11 0000000000000000
I/DEBUG   ( 3908):  d12 0000000000000000  d13 0000000000000000
I/DEBUG   ( 3908):  d14 0000000000000000  d15 0000000000000000
I/DEBUG   ( 3908):  d16 3fd43d135cda918c  d17 3ffc63194c570da5
I/DEBUG   ( 3908):  d18 4000000000000000  d19 3fcce7359d4792d9
I/DEBUG   ( 3908):  d20 3f11504c292739d4  d21 bebbb371092382c4
I/DEBUG   ( 3908):  d22 3ff0000000000000  d23 3ff43d135cda918c
I/DEBUG   ( 3908):  d24 3e66376972bea4d0  d25 3fc39a09d078c69f
I/DEBUG   ( 3908):  d26 0000000000000000  d27 0000000000000000
I/DEBUG   ( 3908):  d28 0000000000000000  d29 0000000000000000
I/DEBUG   ( 3908):  d30 0000000000000000  d31 0000000000000000
I/DEBUG   ( 3908):  scr 20000012
I/DEBUG   ( 3908): 
I/DEBUG   ( 3908):          #00  pc 00037506  /system/lib/libmedia.so (_ZN7android10AudioTrackD2Ev)
I/DEBUG   ( 3908):          #01  pc 00045c26  /system/lib/libmedia.so (_ZN7android13ToneGeneratorD1Ev)
I/DEBUG   ( 3908):          #02  pc 0006e1d4  /system/lib/libandroid_runtime.so
I/DEBUG   ( 3908):          #03  pc 0001ecb0  /system/lib/libdvm.so (dvmPlatformInvoke)
I/DEBUG   ( 3908):          #04  pc 0005884a  /system/lib/libdvm.so (_Z16dvmCallJNIMethodPKjP6JValuePK6MethodP6Thread)
I/DEBUG   ( 3908): 
I/DEBUG   ( 3908): code around pc:
I/DEBUG   ( 3908): 4091a4e4 463b9308 f8cd9506 f7ff901c 62e0fe81  ..;F...........b
I/DEBUG   ( 3908): 4091a4f4 f7fe4628 4620fced e8bdb00d bf0083f0  (F.... F........
I/DEBUG   ( 3908): 4091a504 6ac5b570 2d004604 f7ffd134 68a0fc89  p..j.F.-4......h
I/DEBUG   ( 3908): 4091a514 f7fdb160 68a3eafa 681ab143 0108f104  `......hC..h....
I/DEBUG   ( 3908): 4091a524 0c0cf852 f7fd1818 60a5ea5a b1136823  R.......Z..`#h..
I/DEBUG   ( 3908): 
I/DEBUG   ( 3908): code around lr:
I/DEBUG   ( 3908): 40928c08 bd7ceece 0000adf0 0000ae9c 6ac3b570  ..|.........p..j
I/DEBUG   ( 3908): 40928c18 b14b4604 ffc6f7ff b12d6ae5 f7f14628  .FK......j-.(F..
I/DEBUG   ( 3908): 40928c28 4628fc6d eea2f7ee 0048f104 ff10f7ff  m.(F......H.....
I/DEBUG   ( 3908): 40928c38 0038f104 ea42f7ef 0034f104 ee84f7ee  ..8...B...4.....
I/DEBUG   ( 3908): 40928c48 0030f104 ee80f7ee bd704620 b5f72963  ..0..... Fp.c)..
I/DEBUG   ( 3908): 
I/DEBUG   ( 3908): memory map around addr 004d0091:
I/DEBUG   ( 3908): 0000b000-0023b000 [heap]
I/DEBUG   ( 3908): (no map for address)
I/DEBUG   ( 3908): 10000000-10001000 
I/DEBUG   ( 3908): 
I/DEBUG   ( 3908): stack:
I/DEBUG   ( 3908):     bed18578  00000000  
I/DEBUG   ( 3908):     bed1857c  0017c3e0  [heap]
I/DEBUG   ( 3908):     bed18580  401a14b0  
I/DEBUG   ( 3908):     bed18584  4081a05d  /system/lib/libdvm.so
I/DEBUG   ( 3908):     bed18588  2ec00019  
I/DEBUG   ( 3908):     bed1858c  46179c28  
I/DEBUG   ( 3908):     bed18590  0017c3e0  [heap]
I/DEBUG   ( 3908):     bed18594  0017c410  [heap]
I/DEBUG   ( 3908):     bed18598  401a14b0  
I/DEBUG   ( 3908):     bed1859c  4081a05d  /system/lib/libdvm.so
I/DEBUG   ( 3908):     bed185a0  2ec00019  
I/DEBUG   ( 3908):     bed185a4  46179c28  
I/DEBUG   ( 3908):     bed185a8  00000000  
I/DEBUG   ( 3908):     bed185ac  40928c0b  /system/lib/libmedia.so
I/DEBUG   ( 3908):     bed185b0  df0027ad  
I/DEBUG   ( 3908):     bed185b4  00000000  
I/DEBUG   ( 3908): #00 bed185b8  0017c3e0  [heap]
I/DEBUG   ( 3908):     bed185bc  004d0065  
I/DEBUG   ( 3908):     bed185c0  401a14b0  
I/DEBUG   ( 3908):     bed185c4  40928c2b  /system/lib/libmedia.so
I/DEBUG   ( 3908): #01 bed185c8  0017c3e0  [heap]
I/DEBUG   ( 3908):     bed185cc  0000f2c8  [heap]
I/DEBUG   ( 3908):     bed185d0  401a14b0  
I/DEBUG   ( 3908):     bed185d4  4017a1d7  /system/lib/libandroid_runtime.so
I/BootReceiver(  304): Copying /data/tombstones/tombstone_07 to DropBox (SYSTEM_TOMBSTONE)
I/ActivityManager(  304): Process com.android.phone (pid 4676) has died.
W/ActivityManager(  304): Canceling start item Intent { cmp=com.android.phone/.BluetoothHeadsetService } in service ComponentInfo{com.android.phone/com.android.phone.BluetoothHeadsetService}
W/ActivityManager(  304): Scheduling restart of crashed service com.android.phone/.BluetoothHeadsetService in 4842ms
I/WindowManager(  304): SCREENLAYOUT_SIZE (1:small, 2:normal, 3:large, 4:xlarge) 2
I/ActivityManager(  304): Start proc com.android.phone for restart com.android.phone: pid=4725 uid=1001 gids={3002, 3001, 3003, 1015}
I/ActivityThread( 4725): Pub mms: com.android.providers.telephony.MmsProvider
I/ActivityThread( 4725): Pub sms: com.android.providers.telephony.SmsProvider
I/ActivityThread( 4725): Pub telephony: com.android.providers.telephony.TelephonyProvider
W/TelephonyProvider( 4725): onCreate: confFile=/system/etc/apns-conf.xml oldCheckSum=3358775275
W/TelephonyProvider( 4725): onCreate: newCheckSum=3358775275
I/ActivityThread( 4725): Pub icc: com.android.phone.IccProvider
I/ActivityThread( 4725): Pub mms-sms: com.android.providers.telephony.MmsSmsProvider
D/PhoneApp( 4725): non dsds PhoneApp:
D/PhoneStatusBarPolicy(  472): updateSimState for subscription :0
D/CallManager( 4725): registerPhone(CDMA Handler (com.android.internal.telephony.PhoneProxy) {412f38e0})
D/PhoneInterfaceManager( 4725):  Registering for UNSOL OEM HOOK Responses to deliver external apps
D/PhoneStatusBarPolicy(  472): updateSimState for subscription :0
D/Bluetooth HS/HF( 4725): CDMA call state: IDLE prev state:IDLE
E/ToneGenerator( 4725): Unable to marshal AudioFlinger
E/ToneGenerator( 4725): ToneGenerator init failed 
F/libc    ( 4725): Fatal signal 11 (SIGSEGV) at 0x0076009e (code=1)
I/DEBUG   ( 3908): *** *** *** *** *** *** *** *** *** *** *** *** *** *** *** ***
I/DEBUG   ( 3908): Build fingerprint: 'qcom/msm8660_surf/msm8660_surf:4.0.3/IML74K/eng.joey.20120210.232528:eng/test-keys'
I/DEBUG   ( 3908): pid: 4725, tid: 4725  >>> com.android.phone <<<
I/DEBUG   ( 3908): signal 11 (SIGSEGV), code 1 (SEGV_MAPERR), fault addr 0076009e
I/DEBUG   ( 3908):  r0 00760072  r1 001ac690  r2 001ac660  r3 bed18188
I/DEBUG   ( 3908):  r4 001ac660  r5 00760072  r6 401a14b0  r7 4081a05d
I/DEBUG   ( 3908):  r8 2f700019  r9 46179c28  10 00000000  fp bed18604
I/DEBUG   ( 3908):  ip 4094e048  sp bed185b8  lr 40928c2b  pc 4091a506  cpsr 60000030
I/DEBUG   ( 3908):  d0  662074696e692061  d1  7541206c61687369
I/DEBUG   ( 3908):  d2  000000040000036c  d3  4a52402800000065
I/DEBUG   ( 3908):  d4  006f006900640075  d5  0069006c006f0050
I/DEBUG   ( 3908):  d6  0065005300790063  d7  0063006900760072
I/DEBUG   ( 3908):  d8  0000000000000000  d9  0000000000000000
I/DEBUG   ( 3908):  d10 0000000000000000  d11 0000000000000000
I/DEBUG   ( 3908):  d12 0000000000000000  d13 0000000000000000
I/DEBUG   ( 3908):  d14 0000000000000000  d15 0000000000000000
I/DEBUG   ( 3908):  d16 3fd43d135cda918c  d17 3ffc63194c570da5
I/DEBUG   ( 3908):  d18 4000000000000000  d19 3fcce7359d4792d9
I/DEBUG   ( 3908):  d20 3f11504c292739d4  d21 bebbb371092382c4
I/DEBUG   ( 3908):  d22 3ff0000000000000  d23 3ff43d135cda918c
I/DEBUG   ( 3908):  d24 3e66376972bea4d0  d25 3fc39a09d078c69f
I/DEBUG   ( 3908):  d26 0000000000000000  d27 0000000000000000
I/DEBUG   ( 3908):  d28 0000000000000000  d29 0000000000000000
I/DEBUG   ( 3908):  d30 0000000000000000  d31 0000000000000000
I/DEBUG   ( 3908):  scr 20000012
I/DEBUG   ( 3908): 
I/DEBUG   ( 3908):          #00  pc 00037506  /system/lib/libmedia.so (_ZN7android10AudioTrackD2Ev)
I/DEBUG   ( 3908):          #01  pc 00045c26  /system/lib/libmedia.so (_ZN7android13ToneGeneratorD1Ev)
I/DEBUG   ( 3908):          #02  pc 0006e1d4  /system/lib/libandroid_runtime.so
I/DEBUG   ( 3908):          #03  pc 0001ecb0  /system/lib/libdvm.so (dvmPlatformInvoke)
I/DEBUG   ( 3908):          #04  pc 0005884a  /system/lib/libdvm.so (_Z16dvmCallJNIMethodPKjP6JValuePK6MethodP6Thread)
I/DEBUG   ( 3908): 
I/DEBUG   ( 3908): code around pc:
I/DEBUG   ( 3908): 4091a4e4 463b9308 f8cd9506 f7ff901c 62e0fe81  ..;F...........b
I/DEBUG   ( 3908): 4091a4f4 f7fe4628 4620fced e8bdb00d bf0083f0  (F.... F........
I/DEBUG   ( 3908): 4091a504 6ac5b570 2d004604 f7ffd134 68a0fc89  p..j.F.-4......h
I/DEBUG   ( 3908): 4091a514 f7fdb160 68a3eafa 681ab143 0108f104  `......hC..h....
I/DEBUG   ( 3908): 4091a524 0c0cf852 f7fd1818 60a5ea5a b1136823  R.......Z..`#h..
I/DEBUG   ( 3908): 
I/DEBUG   ( 3908): code around lr:
I/DEBUG   ( 3908): 40928c08 bd7ceece 0000adf0 0000ae9c 6ac3b570  ..|.........p..j
I/DEBUG   ( 3908): 40928c18 b14b4604 ffc6f7ff b12d6ae5 f7f14628  .FK......j-.(F..
I/DEBUG   ( 3908): 40928c28 4628fc6d eea2f7ee 0048f104 ff10f7ff  m.(F......H.....
I/DEBUG   ( 3908): 40928c38 0038f104 ea42f7ef 0034f104 ee84f7ee  ..8...B...4.....
I/DEBUG   ( 3908): 40928c48 0030f104 ee80f7ee bd704620 b5f72963  ..0..... Fp.c)..
I/DEBUG   ( 3908): 
I/DEBUG   ( 3908): memory map around addr 0076009e:
I/DEBUG   ( 3908): 0000b000-0023b000 [heap]
I/DEBUG   ( 3908): (no map for address)
I/DEBUG   ( 3908): 10000000-10001000 
I/DEBUG   ( 3908): 
I/DEBUG   ( 3908): stack:
I/DEBUG   ( 3908):     bed18578  00000000  
I/DEBUG   ( 3908):     bed1857c  001ac660  [heap]
I/DEBUG   ( 3908):     bed18580  401a14b0  
I/DEBUG   ( 3908):     bed18584  4081a05d  /system/lib/libdvm.so
I/DEBUG   ( 3908):     bed18588  2f700019  
I/DEBUG   ( 3908):     bed1858c  46179c28  
I/DEBUG   ( 3908):     bed18590  001ac660  [heap]
I/DEBUG   ( 3908):     bed18594  001ac690  [heap]
I/DEBUG   ( 3908):     bed18598  401a14b0  
I/DEBUG   ( 3908):     bed1859c  4081a05d  /system/lib/libdvm.so
I/DEBUG   ( 3908):     bed185a0  2f700019  
I/DEBUG   ( 3908):     bed185a4  46179c28  
I/DEBUG   ( 3908):     bed185a8  00000000  
I/DEBUG   ( 3908):     bed185ac  40928c0b  /system/lib/libmedia.so
I/DEBUG   ( 3908):     bed185b0  df0027ad  
I/DEBUG   ( 3908):     bed185b4  00000000  
I/DEBUG   ( 3908): #00 bed185b8  001ac660  [heap]
I/DEBUG   ( 3908):     bed185bc  00760072  
I/DEBUG   ( 3908):     bed185c0  401a14b0  
I/DEBUG   ( 3908):     bed185c4  40928c2b  /system/lib/libmedia.so
I/DEBUG   ( 3908): #01 bed185c8  001ac660  [heap]
I/DEBUG   ( 3908):     bed185cc  0000f2c8  [heap]
I/DEBUG   ( 3908):     bed185d0  401a14b0  
I/DEBUG   ( 3908):     bed185d4  4017a1d7  /system/lib/libandroid_runtime.so
I/BootReceiver(  304): Copying /data/tombstones/tombstone_08 to DropBox (SYSTEM_TOMBSTONE)
I/ActivityManager(  304): Process com.android.phone (pid 4725) has died.
W/ActivityManager(  304): Canceling start item Intent { cmp=com.android.phone/.BluetoothHeadsetService } in service ComponentInfo{com.android.phone/com.android.phone.BluetoothHeadsetService}
W/ActivityManager(  304): Scheduling restart of crashed service com.android.phone/.BluetoothHeadsetService in 5458ms
I/WindowManager(  304): SCREENLAYOUT_SIZE (1:small, 2:normal, 3:large, 4:xlarge) 2
I/ActivityManager(  304): Start proc com.android.phone for restart com.android.phone: pid=4746 uid=1001 gids={3002, 3001, 3003, 1015}
I/ActivityThread( 4746): Pub mms: com.android.providers.telephony.MmsProvider
I/ActivityThread( 4746): Pub sms: com.android.providers.telephony.SmsProvider
I/ActivityThread( 4746): Pub telephony: com.android.providers.telephony.TelephonyProvider
W/TelephonyProvider( 4746): onCreate: confFile=/system/etc/apns-conf.xml oldCheckSum=3358775275
W/TelephonyProvider( 4746): onCreate: newCheckSum=3358775275
I/ActivityThread( 4746): Pub icc: com.android.phone.IccProvider
I/ActivityThread( 4746): Pub mms-sms: com.android.providers.telephony.MmsSmsProvider
D/PhoneApp( 4746): non dsds PhoneApp:
D/PhoneStatusBarPolicy(  472): updateSimState for subscription :0
D/CallManager( 4746): registerPhone(CDMA Handler (com.android.internal.telephony.PhoneProxy) {41283eb0})
D/PhoneInterfaceManager( 4746):  Registering for UNSOL OEM HOOK Responses to deliver external apps
D/PhoneStatusBarPolicy(  472): updateSimState for subscription :0
D/Bluetooth HS/HF( 4746): CDMA call state: IDLE prev state:IDLE
E/ToneGenerator( 4746): Unable to marshal AudioFlinger
E/ToneGenerator( 4746): ToneGenerator init failed 
F/libc    ( 4746): Fatal signal 11 (SIGSEGV) at 0x6f542e8d (code=1)
I/DEBUG   ( 3908): *** *** *** *** *** *** *** *** *** *** *** *** *** *** *** ***
I/DEBUG   ( 3908): Build fingerprint: 'qcom/msm8660_surf/msm8660_surf:4.0.3/IML74K/eng.joey.20120210.232528:eng/test-keys'
I/DEBUG   ( 3908): pid: 4746, tid: 4746  >>> com.android.phone <<<
I/DEBUG   ( 3908): signal 11 (SIGSEGV), code 1 (SEGV_MAPERR), fault addr 6f542e8d
I/DEBUG   ( 3908):  r0 6f542e61  r1 0016caa8  r2 0016ca78  r3 bed18188
I/DEBUG   ( 3908):  r4 0016ca78  r5 6f542e61  r6 401a14b0  r7 4081a05d
I/DEBUG   ( 3908):  r8 30a00019  r9 46179c28  10 00000000  fp bed18604
I/DEBUG   ( 3908):  ip 4094e048  sp bed185b8  lr 40928c2b  pc 4091a506  cpsr 60000030
I/DEBUG   ( 3908):  d0  662074696e692061  d1  7541206c61687369
I/DEBUG   ( 3908):  d2  000000040000036c  d3  4a52402800000065
I/DEBUG   ( 3908):  d4  006f006900640075  d5  0069006c006f0050
I/DEBUG   ( 3908):  d6  0065005300790063  d7  0063006900760072
I/DEBUG   ( 3908):  d8  0000000000000000  d9  0000000000000000
I/DEBUG   ( 3908):  d10 0000000000000000  d11 0000000000000000
I/DEBUG   ( 3908):  d12 0000000000000000  d13 0000000000000000
I/DEBUG   ( 3908):  d14 0000000000000000  d15 0000000000000000
I/DEBUG   ( 3908):  d16 3fd43d135cda918c  d17 3ffc63194c570da5
I/DEBUG   ( 3908):  d18 4000000000000000  d19 3fcce7359d4792d9
I/DEBUG   ( 3908):  d20 3f11504c292739d4  d21 bebbb371092382c4
I/DEBUG   ( 3908):  d22 3ff0000000000000  d23 3ff43d135cda918c
I/DEBUG   ( 3908):  d24 3e66376972bea4d0  d25 3fc39a09d078c69f
I/DEBUG   ( 3908):  d26 0000000000000000  d27 0000000000000000
I/DEBUG   ( 3908):  d28 0000000000000000  d29 0000000000000000
I/DEBUG   ( 3908):  d30 0000000000000000  d31 0000000000000000
I/DEBUG   ( 3908):  scr 20000012
I/DEBUG   ( 3908): 
I/DEBUG   ( 3908):          #00  pc 00037506  /system/lib/libmedia.so (_ZN7android10AudioTrackD2Ev)
I/DEBUG   ( 3908):          #01  pc 00045c26  /system/lib/libmedia.so (_ZN7android13ToneGeneratorD1Ev)
I/DEBUG   ( 3908):          #02  pc 0006e1d4  /system/lib/libandroid_runtime.so
I/DEBUG   ( 3908):          #03  pc 0001ecb0  /system/lib/libdvm.so (dvmPlatformInvoke)
I/DEBUG   ( 3908):          #04  pc 0005884a  /system/lib/libdvm.so (_Z16dvmCallJNIMethodPKjP6JValuePK6MethodP6Thread)
I/DEBUG   ( 3908): 
I/DEBUG   ( 3908): code around pc:
I/DEBUG   ( 3908): 4091a4e4 463b9308 f8cd9506 f7ff901c 62e0fe81  ..;F...........b
I/DEBUG   ( 3908): 4091a4f4 f7fe4628 4620fced e8bdb00d bf0083f0  (F.... F........
I/DEBUG   ( 3908): 4091a504 6ac5b570 2d004604 f7ffd134 68a0fc89  p..j.F.-4......h
I/DEBUG   ( 3908): 4091a514 f7fdb160 68a3eafa 681ab143 0108f104  `......hC..h....
I/DEBUG   ( 3908): 4091a524 0c0cf852 f7fd1818 60a5ea5a b1136823  R.......Z..`#h..
I/DEBUG   ( 3908): 
I/DEBUG   ( 3908): code around lr:
I/DEBUG   ( 3908): 40928c08 bd7ceece 0000adf0 0000ae9c 6ac3b570  ..|.........p..j
I/DEBUG   ( 3908): 40928c18 b14b4604 ffc6f7ff b12d6ae5 f7f14628  .FK......j-.(F..
I/DEBUG   ( 3908): 40928c28 4628fc6d eea2f7ee 0048f104 ff10f7ff  m.(F......H.....
I/DEBUG   ( 3908): 40928c38 0038f104 ea42f7ef 0034f104 ee84f7ee  ..8...B...4.....
I/DEBUG   ( 3908): 40928c48 0030f104 ee80f7ee bd704620 b5f72963  ..0..... Fp.c)..
I/DEBUG   ( 3908): 
I/DEBUG   ( 3908): memory map around addr 6f542e8d:
I/DEBUG   ( 3908): 4aea3000-4afa2000 
I/DEBUG   ( 3908): (no map for address)
I/DEBUG   ( 3908): b0001000-b0009000 /system/bin/linker
I/DEBUG   ( 3908): 
I/DEBUG   ( 3908): stack:
I/DEBUG   ( 3908):     bed18578  00000000  
I/DEBUG   ( 3908):     bed1857c  0016ca78  [heap]
I/DEBUG   ( 3908):     bed18580  401a14b0  
I/DEBUG   ( 3908):     bed18584  4081a05d  /system/lib/libdvm.so
I/DEBUG   ( 3908):     bed18588  30a00019  
I/DEBUG   ( 3908):     bed1858c  46179c28  
I/DEBUG   ( 3908):     bed18590  0016ca78  [heap]
I/DEBUG   ( 3908):     bed18594  0016caa8  [heap]
I/DEBUG   ( 3908):     bed18598  401a14b0  
I/DEBUG   ( 3908):     bed1859c  4081a05d  /system/lib/libdvm.so
I/DEBUG   ( 3908):     bed185a0  30a00019  
I/DEBUG   ( 3908):     bed185a4  46179c28  
I/DEBUG   ( 3908):     bed185a8  00000000  
I/DEBUG   ( 3908):     bed185ac  40928c0b  /system/lib/libmedia.so
I/DEBUG   ( 3908):     bed185b0  df0027ad  
I/DEBUG   ( 3908):     bed185b4  00000000  
I/DEBUG   ( 3908): #00 bed185b8  0016ca78  [heap]
I/DEBUG   ( 3908):     bed185bc  6f542e61  
I/DEBUG   ( 3908):     bed185c0  401a14b0  
I/DEBUG   ( 3908):     bed185c4  40928c2b  /system/lib/libmedia.so
I/DEBUG   ( 3908): #01 bed185c8  0016ca78  [heap]
I/DEBUG   ( 3908):     bed185cc  0000f2c8  [heap]
I/DEBUG   ( 3908):     bed185d0  401a14b0  
I/DEBUG   ( 3908):     bed185d4  4017a1d7  /system/lib/libandroid_runtime.so
I/BootReceiver(  304): Copying /data/tombstones/tombstone_09 to DropBox (SYSTEM_TOMBSTONE)
I/ActivityManager(  304): Process com.android.phone (pid 4746) has died.
W/ActivityManager(  304): Canceling start item Intent { cmp=com.android.phone/.BluetoothHeadsetService } in service ComponentInfo{com.android.phone/com.android.phone.BluetoothHeadsetService}
W/ActivityManager(  304): Scheduling restart of crashed service com.android.phone/.BluetoothHeadsetService in 5274ms
I/WindowManager(  304): SCREENLAYOUT_SIZE (1:small, 2:normal, 3:large, 4:xlarge) 2
I/ActivityManager(  304): Start proc com.android.phone for restart com.android.phone: pid=4795 uid=1001 gids={3002, 3001, 3003, 1015}
I/ActivityThread( 4795): Pub mms: com.android.providers.telephony.MmsProvider
I/ActivityThread( 4795): Pub sms: com.android.providers.telephony.SmsProvider
I/ActivityThread( 4795): Pub telephony: com.android.providers.telephony.TelephonyProvider
W/TelephonyProvider( 4795): onCreate: confFile=/system/etc/apns-conf.xml oldCheckSum=3358775275
W/TelephonyProvider( 4795): onCreate: newCheckSum=3358775275
I/ActivityThread( 4795): Pub icc: com.android.phone.IccProvider
I/ActivityThread( 4795): Pub mms-sms: com.android.providers.telephony.MmsSmsProvider
D/PhoneApp( 4795): non dsds PhoneApp:
D/CallManager( 4795): registerPhone(CDMA Handler (com.android.internal.telephony.PhoneProxy) {412ed628})
D/PhoneInterfaceManager( 4795):  Registering for UNSOL OEM HOOK Responses to deliver external apps
D/PhoneStatusBarPolicy(  472): updateSimState for subscription :0
D/PhoneStatusBarPolicy(  472): updateSimState for subscription :0
D/Bluetooth HS/HF( 4795): CDMA call state: IDLE prev state:IDLE
E/ToneGenerator( 4795): Unable to marshal AudioFlinger
E/ToneGenerator( 4795): ToneGenerator init failed 
F/libc    ( 4795): Fatal signal 11 (SIGSEGV) at 0x0000005d (code=1)
I/DEBUG   ( 3908): *** *** *** *** *** *** *** *** *** *** *** *** *** *** *** ***
I/DEBUG   ( 3908): Build fingerprint: 'qcom/msm8660_surf/msm8660_surf:4.0.3/IML74K/eng.joey.20120210.232528:eng/test-keys'
I/DEBUG   ( 3908): pid: 4795, tid: 4795  >>> com.android.phone <<<
I/DEBUG   ( 3908): signal 11 (SIGSEGV), code 1 (SEGV_MAPERR), fault addr 0000005d
I/DEBUG   ( 3908):  r0 00000031  r1 0016ca88  r2 0016ca58  r3 bed18188
I/DEBUG   ( 3908):  r4 0016ca58  r5 00000031  r6 401a14b0  r7 4081a05d
I/DEBUG   ( 3908):  r8 31200019  r9 46179c28  10 00000000  fp bed18604
I/DEBUG   ( 3908):  ip 4094e048  sp bed185b8  lr 40928c2b  pc 4091a506  cpsr 60000030
I/DEBUG   ( 3908):  d0  662074696e692061  d1  7541206c61687369
I/DEBUG   ( 3908):  d2  000000040000036c  d3  4a52402800000065
I/DEBUG   ( 3908):  d4  0076007200650053  d5  004d006500630069
I/DEBUG   ( 3908):  d6  00670061006e0061  d7  0000000000720065
I/DEBUG   ( 3908):  d8  0000000000000000  d9  0000000000000000
I/DEBUG   ( 3908):  d10 0000000000000000  d11 0000000000000000
I/DEBUG   ( 3908):  d12 0000000000000000  d13 0000000000000000
I/DEBUG   ( 3908):  d14 0000000000000000  d15 0000000000000000
I/DEBUG   ( 3908):  d16 3fd43d135cda918c  d17 3ffc63194c570da5
I/DEBUG   ( 3908):  d18 4000000000000000  d19 3fcce7359d4792d9
I/DEBUG   ( 3908):  d20 3f11504c292739d4  d21 bebbb371092382c4
I/DEBUG   ( 3908):  d22 3ff0000000000000  d23 3ff43d135cda918c
I/DEBUG   ( 3908):  d24 3e66376972bea4d0  d25 3fc39a09d078c69f
I/DEBUG   ( 3908):  d26 0000000000000000  d27 0000000000000000
I/DEBUG   ( 3908):  d28 0000000000000000  d29 0000000000000000
I/DEBUG   ( 3908):  d30 0000000000000000  d31 0000000000000000
I/DEBUG   ( 3908):  scr 20000012
I/DEBUG   ( 3908): 
I/DEBUG   ( 3908):          #00  pc 00037506  /system/lib/libmedia.so (_ZN7android10AudioTrackD2Ev)
I/DEBUG   ( 3908):          #01  pc 00045c26  /system/lib/libmedia.so (_ZN7android13ToneGeneratorD1Ev)
I/DEBUG   ( 3908):          #02  pc 0006e1d4  /system/lib/libandroid_runtime.so
I/DEBUG   ( 3908):          #03  pc 0001ecb0  /system/lib/libdvm.so (dvmPlatformInvoke)
I/DEBUG   ( 3908):          #04  pc 0005884a  /system/lib/libdvm.so (_Z16dvmCallJNIMethodPKjP6JValuePK6MethodP6Thread)
I/DEBUG   ( 3908): 
I/DEBUG   ( 3908): code around pc:
I/DEBUG   ( 3908): 4091a4e4 463b9308 f8cd9506 f7ff901c 62e0fe81  ..;F...........b
I/DEBUG   ( 3908): 4091a4f4 f7fe4628 4620fced e8bdb00d bf0083f0  (F.... F........
I/DEBUG   ( 3908): 4091a504 6ac5b570 2d004604 f7ffd134 68a0fc89  p..j.F.-4......h
I/DEBUG   ( 3908): 4091a514 f7fdb160 68a3eafa 681ab143 0108f104  `......hC..h....
I/DEBUG   ( 3908): 4091a524 0c0cf852 f7fd1818 60a5ea5a b1136823  R.......Z..`#h..
I/DEBUG   ( 3908): 
I/DEBUG   ( 3908): code around lr:
I/DEBUG   ( 3908): 40928c08 bd7ceece 0000adf0 0000ae9c 6ac3b570  ..|.........p..j
I/DEBUG   ( 3908): 40928c18 b14b4604 ffc6f7ff b12d6ae5 f7f14628  .FK......j-.(F..
I/DEBUG   ( 3908): 40928c28 4628fc6d eea2f7ee 0048f104 ff10f7ff  m.(F......H.....
I/DEBUG   ( 3908): 40928c38 0038f104 ea42f7ef 0034f104 ee84f7ee  ..8...B...4.....
I/DEBUG   ( 3908): 40928c48 0030f104 ee80f7ee bd704620 b5f72963  ..0..... Fp.c)..
I/DEBUG   ( 3908): 
I/DEBUG   ( 3908): stack:
I/DEBUG   ( 3908):     bed18578  00000000  
I/DEBUG   ( 3908):     bed1857c  0016ca58  [heap]
I/DEBUG   ( 3908):     bed18580  401a14b0  
I/DEBUG   ( 3908):     bed18584  4081a05d  /system/lib/libdvm.so
I/DEBUG   ( 3908):     bed18588  31200019  
I/DEBUG   ( 3908):     bed1858c  46179c28  
I/DEBUG   ( 3908):     bed18590  0016ca58  [heap]
I/DEBUG   ( 3908):     bed18594  0016ca88  [heap]
I/DEBUG   ( 3908):     bed18598  401a14b0  
I/DEBUG   ( 3908):     bed1859c  4081a05d  /system/lib/libdvm.so
I/DEBUG   ( 3908):     bed185a0  31200019  
I/DEBUG   ( 3908):     bed185a4  46179c28  
I/DEBUG   ( 3908):     bed185a8  00000000  
I/DEBUG   ( 3908):     bed185ac  40928c0b  /system/lib/libmedia.so
I/DEBUG   ( 3908):     bed185b0  df0027ad  
I/DEBUG   ( 3908):     bed185b4  00000000  
I/DEBUG   ( 3908): #00 bed185b8  0016ca58  [heap]
I/DEBUG   ( 3908):     bed185bc  00000031  
I/DEBUG   ( 3908):     bed185c0  401a14b0  
I/DEBUG   ( 3908):     bed185c4  40928c2b  /system/lib/libmedia.so
I/DEBUG   ( 3908): #01 bed185c8  0016ca58  [heap]
I/DEBUG   ( 3908):     bed185cc  0000f2c8  [heap]
I/DEBUG   ( 3908):     bed185d0  401a14b0  
I/DEBUG   ( 3908):     bed185d4  4017a1d7  /system/lib/libandroid_runtime.so
I/BootReceiver(  304): Copying /data/tombstones/tombstone_00 to DropBox (SYSTEM_TOMBSTONE)
I/ActivityManager(  304): Process com.android.phone (pid 4795) has died.
W/ActivityManager(  304): Canceling start item Intent { cmp=com.android.phone/.BluetoothHeadsetService } in service ComponentInfo{com.android.phone/com.android.phone.BluetoothHeadsetService}
W/ActivityManager(  304): Scheduling restart of crashed service com.android.phone/.BluetoothHeadsetService in 4894ms
I/WindowManager(  304): SCREENLAYOUT_SIZE (1:small, 2:normal, 3:large, 4:xlarge) 2
I/ActivityManager(  304): Start proc com.android.phone for restart com.android.phone: pid=4838 uid=1001 gids={3002, 3001, 3003, 1015}
I/ActivityThread( 4838): Pub mms: com.android.providers.telephony.MmsProvider
I/ActivityThread( 4838): Pub sms: com.android.providers.telephony.SmsProvider
I/ActivityThread( 4838): Pub telephony: com.android.providers.telephony.TelephonyProvider
W/TelephonyProvider( 4838): onCreate: confFile=/system/etc/apns-conf.xml oldCheckSum=3358775275
W/TelephonyProvider( 4838): onCreate: newCheckSum=3358775275
I/ActivityThread( 4838): Pub icc: com.android.phone.IccProvider
I/ActivityThread( 4838): Pub mms-sms: com.android.providers.telephony.MmsSmsProvider
D/PhoneApp( 4838): non dsds PhoneApp:
D/CallManager( 4838): registerPhone(CDMA Handler (com.android.internal.telephony.PhoneProxy) {412eaf98})
D/PhoneStatusBarPolicy(  472): updateSimState for subscription :0
D/PhoneStatusBarPolicy(  472): updateSimState for subscription :0
D/PhoneInterfaceManager( 4838):  Registering for UNSOL OEM HOOK Responses to deliver external apps
D/Bluetooth HS/HF( 4838): CDMA call state: IDLE prev state:IDLE
E/ToneGenerator( 4838): Unable to marshal AudioFlinger
E/ToneGenerator( 4838): ToneGenerator init failed 
F/libc    ( 4838): Fatal signal 11 (SIGSEGV) at 0x0076009e (code=1)
I/DEBUG   ( 3908): *** *** *** *** *** *** *** *** *** *** *** *** *** *** *** ***
I/DEBUG   ( 3908): Build fingerprint: 'qcom/msm8660_surf/msm8660_surf:4.0.3/IML74K/eng.joey.20120210.232528:eng/test-keys'
I/DEBUG   ( 3908): pid: 4838, tid: 4838  >>> com.android.phone <<<
I/DEBUG   ( 3908): signal 11 (SIGSEGV), code 1 (SEGV_MAPERR), fault addr 0076009e
I/DEBUG   ( 3908):  r0 00760072  r1 00161b88  r2 00161b58  r3 bed18188
I/DEBUG   ( 3908):  r4 00161b58  r5 00760072  r6 401a14b0  r7 4081a05d
I/DEBUG   ( 3908):  r8 32000019  r9 46179c28  10 00000000  fp bed18604
I/DEBUG   ( 3908):  ip 4094e048  sp bed185b8  lr 40928c2b  pc 4091a506  cpsr 60000030
I/DEBUG   ( 3908):  d0  662074696e692061  d1  7541206c61687369
I/DEBUG   ( 3908):  d2  000000040000036c  d3  4a52402800000065
I/DEBUG   ( 3908):  d4  006f006900640075  d5  0069006c006f0050
I/DEBUG   ( 3908):  d6  0065005300790063  d7  0063006900760072
I/DEBUG   ( 3908):  d8  0000000000000000  d9  0000000000000000
I/DEBUG   ( 3908):  d10 0000000000000000  d11 0000000000000000
I/DEBUG   ( 3908):  d12 0000000000000000  d13 0000000000000000
I/DEBUG   ( 3908):  d14 0000000000000000  d15 0000000000000000
I/DEBUG   ( 3908):  d16 3fd43d135cda918c  d17 3ffc63194c570da5
I/DEBUG   ( 3908):  d18 4000000000000000  d19 3fcce7359d4792d9
I/DEBUG   ( 3908):  d20 3f11504c292739d4  d21 bebbb371092382c4
I/DEBUG   ( 3908):  d22 3ff0000000000000  d23 3ff43d135cda918c
I/DEBUG   ( 3908):  d24 3e66376972bea4d0  d25 3fc39a09d078c69f
I/DEBUG   ( 3908):  d26 0000000000000000  d27 0000000000000000
I/DEBUG   ( 3908):  d28 0000000000000000  d29 0000000000000000
I/DEBUG   ( 3908):  d30 0000000000000000  d31 0000000000000000
I/DEBUG   ( 3908):  scr 20000012
I/DEBUG   ( 3908): 
I/DEBUG   ( 3908):          #00  pc 00037506  /system/lib/libmedia.so (_ZN7android10AudioTrackD2Ev)
I/DEBUG   ( 3908):          #01  pc 00045c26  /system/lib/libmedia.so (_ZN7android13ToneGeneratorD1Ev)
I/DEBUG   ( 3908):          #02  pc 0006e1d4  /system/lib/libandroid_runtime.so
I/DEBUG   ( 3908):          #03  pc 0001ecb0  /system/lib/libdvm.so (dvmPlatformInvoke)
I/DEBUG   ( 3908):          #04  pc 0005884a  /system/lib/libdvm.so (_Z16dvmCallJNIMethodPKjP6JValuePK6MethodP6Thread)
I/DEBUG   ( 3908): 
I/DEBUG   ( 3908): code around pc:
I/DEBUG   ( 3908): 4091a4e4 463b9308 f8cd9506 f7ff901c 62e0fe81  ..;F...........b
I/DEBUG   ( 3908): 4091a4f4 f7fe4628 4620fced e8bdb00d bf0083f0  (F.... F........
I/DEBUG   ( 3908): 4091a504 6ac5b570 2d004604 f7ffd134 68a0fc89  p..j.F.-4......h
I/DEBUG   ( 3908): 4091a514 f7fdb160 68a3eafa 681ab143 0108f104  `......hC..h....
I/DEBUG   ( 3908): 4091a524 0c0cf852 f7fd1818 60a5ea5a b1136823  R.......Z..`#h..
I/DEBUG   ( 3908): 
I/DEBUG   ( 3908): code around lr:
I/DEBUG   ( 3908): 40928c08 bd7ceece 0000adf0 0000ae9c 6ac3b570  ..|.........p..j
I/DEBUG   ( 3908): 40928c18 b14b4604 ffc6f7ff b12d6ae5 f7f14628  .FK......j-.(F..
I/DEBUG   ( 3908): 40928c28 4628fc6d eea2f7ee 0048f104 ff10f7ff  m.(F......H.....
I/DEBUG   ( 3908): 40928c38 0038f104 ea42f7ef 0034f104 ee84f7ee  ..8...B...4.....
I/DEBUG   ( 3908): 40928c48 0030f104 ee80f7ee bd704620 b5f72963  ..0..... Fp.c)..
I/DEBUG   ( 3908): 
I/DEBUG   ( 3908): memory map around addr 0076009e:
I/DEBUG   ( 3908): 0000b000-0023b000 [heap]
I/DEBUG   ( 3908): (no map for address)
I/DEBUG   ( 3908): 10000000-10001000 
I/DEBUG   ( 3908): 
I/DEBUG   ( 3908): stack:
I/DEBUG   ( 3908):     bed18578  00000000  
I/DEBUG   ( 3908):     bed1857c  00161b58  [heap]
I/DEBUG   ( 3908):     bed18580  401a14b0  
I/DEBUG   ( 3908):     bed18584  4081a05d  /system/lib/libdvm.so
I/DEBUG   ( 3908):     bed18588  32000019  
I/DEBUG   ( 3908):     bed1858c  46179c28  
I/DEBUG   ( 3908):     bed18590  00161b58  [heap]
I/DEBUG   ( 3908):     bed18594  00161b88  [heap]
I/DEBUG   ( 3908):     bed18598  401a14b0  
I/DEBUG   ( 3908):     bed1859c  4081a05d  /system/lib/libdvm.so
I/DEBUG   ( 3908):     bed185a0  32000019  
I/DEBUG   ( 3908):     bed185a4  46179c28  
I/DEBUG   ( 3908):     bed185a8  00000000  
I/DEBUG   ( 3908):     bed185ac  40928c0b  /system/lib/libmedia.so
I/DEBUG   ( 3908):     bed185b0  df0027ad  
I/DEBUG   ( 3908):     bed185b4  00000000  
I/DEBUG   ( 3908): #00 bed185b8  00161b58  [heap]
I/DEBUG   ( 3908):     bed185bc  00760072  
I/DEBUG   ( 3908):     bed185c0  401a14b0  
I/DEBUG   ( 3908):     bed185c4  40928c2b  /system/lib/libmedia.so
I/DEBUG   ( 3908): #01 bed185c8  00161b58  [heap]
I/DEBUG   ( 3908):     bed185cc  0000f2c8  [heap]
I/DEBUG   ( 3908):     bed185d0  401a14b0  
I/DEBUG   ( 3908):     bed185d4  4017a1d7  /system/lib/libandroid_runtime.so
I/BootReceiver(  304): Copying /data/tombstones/tombstone_01 to DropBox (SYSTEM_TOMBSTONE)
I/ActivityManager(  304): Process com.android.phone (pid 4838) has died.
W/ActivityManager(  304): Canceling start item Intent { cmp=com.android.phone/.BluetoothHeadsetService } in service ComponentInfo{com.android.phone/com.android.phone.BluetoothHeadsetService}
W/ActivityManager(  304): Scheduling restart of crashed service com.android.phone/.BluetoothHeadsetService in 4844ms
I/ActivityManager(  304): Start proc com.android.phone for restart com.android.phone: pid=4887 uid=1001 gids={3002, 3001, 3003, 1015}
I/WindowManager(  304): SCREENLAYOUT_SIZE (1:small, 2:normal, 3:large, 4:xlarge) 2
I/ActivityThread( 4887): Pub mms: com.android.providers.telephony.MmsProvider
I/ActivityThread( 4887): Pub sms: com.android.providers.telephony.SmsProvider
I/ActivityThread( 4887): Pub telephony: com.android.providers.telephony.TelephonyProvider
W/TelephonyProvider( 4887): onCreate: confFile=/system/etc/apns-conf.xml oldCheckSum=3358775275
W/TelephonyProvider( 4887): onCreate: newCheckSum=3358775275
I/ActivityThread( 4887): Pub icc: com.android.phone.IccProvider
I/ActivityThread( 4887): Pub mms-sms: com.android.providers.telephony.MmsSmsProvider
D/PhoneApp( 4887): non dsds PhoneApp:
D/CallManager( 4887): registerPhone(CDMA Handler (com.android.internal.telephony.PhoneProxy) {412ddba0})
D/PhoneStatusBarPolicy(  472): updateSimState for subscription :0
D/PhoneInterfaceManager( 4887):  Registering for UNSOL OEM HOOK Responses to deliver external apps
D/PhoneStatusBarPolicy(  472): updateSimState for subscription :0
D/Bluetooth HS/HF( 4887): CDMA call state: IDLE prev state:IDLE
E/ToneGenerator( 4887): Unable to marshal AudioFlinger
E/ToneGenerator( 4887): ToneGenerator init failed 
F/libc    ( 4887): Fatal signal 11 (SIGSEGV) at 0x542f6195 (code=1)
I/DEBUG   ( 3908): *** *** *** *** *** *** *** *** *** *** *** *** *** *** *** ***
I/DEBUG   ( 3908): Build fingerprint: 'qcom/msm8660_surf/msm8660_surf:4.0.3/IML74K/eng.joey.20120210.232528:eng/test-keys'
I/DEBUG   ( 3908): pid: 4887, tid: 4887  >>> com.android.phone <<<
I/DEBUG   ( 3908): signal 11 (SIGSEGV), code 1 (SEGV_MAPERR), fault addr 542f6195
I/DEBUG   ( 3908):  r0 542f6169  r1 00183378  r2 00183348  r3 bed18188
I/DEBUG   ( 3908):  r4 00183348  r5 542f6169  r6 401a14b0  r7 4081a05d
I/DEBUG   ( 3908):  r8 33100019  r9 46179c28  10 00000000  fp bed18604
I/DEBUG   ( 3908):  ip 4094e048  sp bed185b8  lr 40928c2b  pc 4091a506  cpsr 60000030
I/DEBUG   ( 3908):  d0  662074696e692061  d1  7541206c61687369
I/DEBUG   ( 3908):  d2  000000040000036c  d3  4a52402800000065
I/DEBUG   ( 3908):  d4  006f006900640075  d5  0069006c006f0050
I/DEBUG   ( 3908):  d6  0065005300790063  d7  0063006900760072
I/DEBUG   ( 3908):  d8  0000000000000000  d9  0000000000000000
I/DEBUG   ( 3908):  d10 0000000000000000  d11 0000000000000000
I/DEBUG   ( 3908):  d12 0000000000000000  d13 0000000000000000
I/DEBUG   ( 3908):  d14 0000000000000000  d15 0000000000000000
I/DEBUG   ( 3908):  d16 3fd43d135cda918c  d17 3ffc63194c570da5
I/DEBUG   ( 3908):  d18 4000000000000000  d19 3fcce7359d4792d9
I/DEBUG   ( 3908):  d20 3f11504c292739d4  d21 bebbb371092382c4
I/DEBUG   ( 3908):  d22 3ff0000000000000  d23 3ff43d135cda918c
I/DEBUG   ( 3908):  d24 3e66376972bea4d0  d25 3fc39a09d078c69f
I/DEBUG   ( 3908):  d26 0000000000000000  d27 0000000000000000
I/DEBUG   ( 3908):  d28 0000000000000000  d29 0000000000000000
I/DEBUG   ( 3908):  d30 0000000000000000  d31 0000000000000000
I/DEBUG   ( 3908):  scr 20000012
I/DEBUG   ( 3908): 
I/DEBUG   ( 3908):          #00  pc 00037506  /system/lib/libmedia.so (_ZN7android10AudioTrackD2Ev)
I/DEBUG   ( 3908):          #01  pc 00045c26  /system/lib/libmedia.so (_ZN7android13ToneGeneratorD1Ev)
I/DEBUG   ( 3908):          #02  pc 0006e1d4  /system/lib/libandroid_runtime.so
I/DEBUG   ( 3908):          #03  pc 0001ecb0  /system/lib/libdvm.so (dvmPlatformInvoke)
I/DEBUG   ( 3908):          #04  pc 0005884a  /system/lib/libdvm.so (_Z16dvmCallJNIMethodPKjP6JValuePK6MethodP6Thread)
I/DEBUG   ( 3908): 
I/DEBUG   ( 3908): code around pc:
I/DEBUG   ( 3908): 4091a4e4 463b9308 f8cd9506 f7ff901c 62e0fe81  ..;F...........b
I/DEBUG   ( 3908): 4091a4f4 f7fe4628 4620fced e8bdb00d bf0083f0  (F.... F........
I/DEBUG   ( 3908): 4091a504 6ac5b570 2d004604 f7ffd134 68a0fc89  p..j.F.-4......h
I/DEBUG   ( 3908): 4091a514 f7fdb160 68a3eafa 681ab143 0108f104  `......hC..h....
I/DEBUG   ( 3908): 4091a524 0c0cf852 f7fd1818 60a5ea5a b1136823  R.......Z..`#h..
I/DEBUG   ( 3908): 
I/DEBUG   ( 3908): code around lr:
I/DEBUG   ( 3908): 40928c08 bd7ceece 0000adf0 0000ae9c 6ac3b570  ..|.........p..j
I/DEBUG   ( 3908): 40928c18 b14b4604 ffc6f7ff b12d6ae5 f7f14628  .FK......j-.(F..
I/DEBUG   ( 3908): 40928c28 4628fc6d eea2f7ee 0048f104 ff10f7ff  m.(F......H.....
I/DEBUG   ( 3908): 40928c38 0038f104 ea42f7ef 0034f104 ee84f7ee  ..8...B...4.....
I/DEBUG   ( 3908): 40928c48 0030f104 ee80f7ee bd704620 b5f72963  ..0..... Fp.c)..
I/DEBUG   ( 3908): 
I/DEBUG   ( 3908): memory map around addr 542f6195:
I/DEBUG   ( 3908): 4aea3000-4afa2000 
I/DEBUG   ( 3908): (no map for address)
I/DEBUG   ( 3908): b0001000-b0009000 /system/bin/linker
I/DEBUG   ( 3908): 
I/DEBUG   ( 3908): stack:
I/DEBUG   ( 3908):     bed18578  00000000  
I/DEBUG   ( 3908):     bed1857c  00183348  [heap]
I/DEBUG   ( 3908):     bed18580  401a14b0  
I/DEBUG   ( 3908):     bed18584  4081a05d  /system/lib/libdvm.so
I/DEBUG   ( 3908):     bed18588  33100019  
I/DEBUG   ( 3908):     bed1858c  46179c28  
I/DEBUG   ( 3908):     bed18590  00183348  [heap]
I/DEBUG   ( 3908):     bed18594  00183378  [heap]
I/DEBUG   ( 3908):     bed18598  401a14b0  
I/DEBUG   ( 3908):     bed1859c  4081a05d  /system/lib/libdvm.so
I/DEBUG   ( 3908):     bed185a0  33100019  
I/DEBUG   ( 3908):     bed185a4  46179c28  
I/DEBUG   ( 3908):     bed185a8  00000000  
I/DEBUG   ( 3908):     bed185ac  40928c0b  /system/lib/libmedia.so
I/DEBUG   ( 3908):     bed185b0  df0027ad  
I/DEBUG   ( 3908):     bed185b4  00000000  
I/DEBUG   ( 3908): #00 bed185b8  00183348  [heap]
I/DEBUG   ( 3908):     bed185bc  542f6169  
I/DEBUG   ( 3908):     bed185c0  401a14b0  
I/DEBUG   ( 3908):     bed185c4  40928c2b  /system/lib/libmedia.so
I/DEBUG   ( 3908): #01 bed185c8  00183348  [heap]
I/DEBUG   ( 3908):     bed185cc  0000f2c8  [heap]
I/DEBUG   ( 3908):     bed185d0  401a14b0  
I/DEBUG   ( 3908):     bed185d4  4017a1d7  /system/lib/libandroid_runtime.so
I/BootReceiver(  304): Copying /data/tombstones/tombstone_02 to DropBox (SYSTEM_TOMBSTONE)
I/ActivityManager(  304): Process com.android.phone (pid 4887) has died.
W/ActivityManager(  304): Canceling start item Intent { cmp=com.android.phone/.BluetoothHeadsetService } in service ComponentInfo{com.android.phone/com.android.phone.BluetoothHeadsetService}
W/ActivityManager(  304): Scheduling restart of crashed service com.android.phone/.BluetoothHeadsetService in 4830ms
I/ActivityManager(  304): Start proc com.android.phone for restart com.android.phone: pid=4930 uid=1001 gids={3002, 3001, 3003, 1015}
I/WindowManager(  304): SCREENLAYOUT_SIZE (1:small, 2:normal, 3:large, 4:xlarge) 2
I/ActivityThread( 4930): Pub mms: com.android.providers.telephony.MmsProvider
I/ActivityThread( 4930): Pub sms: com.android.providers.telephony.SmsProvider
I/ActivityThread( 4930): Pub telephony: com.android.providers.telephony.TelephonyProvider
W/TelephonyProvider( 4930): onCreate: confFile=/system/etc/apns-conf.xml oldCheckSum=3358775275
W/TelephonyProvider( 4930): onCreate: newCheckSum=3358775275
I/ActivityThread( 4930): Pub icc: com.android.phone.IccProvider
I/ActivityThread( 4930): Pub mms-sms: com.android.providers.telephony.MmsSmsProvider
D/PhoneApp( 4930): non dsds PhoneApp:
D/PhoneStatusBarPolicy(  472): updateSimState for subscription :0
D/CallManager( 4930): registerPhone(CDMA Handler (com.android.internal.telephony.PhoneProxy) {412eb160})
D/PhoneStatusBarPolicy(  472): updateSimState for subscription :0
D/PhoneInterfaceManager( 4930):  Registering for UNSOL OEM HOOK Responses to deliver external apps
D/Bluetooth HS/HF( 4930): CDMA call state: IDLE prev state:IDLE
E/ToneGenerator( 4930): Unable to marshal AudioFlinger
E/ToneGenerator( 4930): ToneGenerator init failed 
F/libc    ( 4930): Fatal signal 11 (SIGSEGV) at 0x646e615b (code=1)
I/DEBUG   ( 3908): *** *** *** *** *** *** *** *** *** *** *** *** *** *** *** ***
I/DEBUG   ( 3908): Build fingerprint: 'qcom/msm8660_surf/msm8660_surf:4.0.3/IML74K/eng.joey.20120210.232528:eng/test-keys'
I/DEBUG   ( 3908): pid: 4930, tid: 4930  >>> com.android.phone <<<
I/DEBUG   ( 3908): signal 11 (SIGSEGV), code 1 (SEGV_MAPERR), fault addr 646e615b
I/DEBUG   ( 3908):  r0 646e612f  r1 001ac6e8  r2 001ac6b8  r3 bed18188
I/DEBUG   ( 3908):  r4 001ac6b8  r5 646e612f  r6 401a14b0  r7 4081a05d
I/DEBUG   ( 3908):  r8 33d00019  r9 46179c28  10 00000000  fp bed18604
I/DEBUG   ( 3908):  ip 4094e048  sp bed185b8  lr 40928c2b  pc 4091a506  cpsr 60000030
I/DEBUG   ( 3908):  d0  662074696e692061  d1  7541206c61687369
I/DEBUG   ( 3908):  d2  000000040000036c  d3  4a52402800000065
I/DEBUG   ( 3908):  d4  004d006500630069  d5  00670061006e0061
I/DEBUG   ( 3908):  d6  0000000000720065  d7  0068007000000012
I/DEBUG   ( 3908):  d8  0000000000000000  d9  0000000000000000
I/DEBUG   ( 3908):  d10 0000000000000000  d11 0000000000000000
I/DEBUG   ( 3908):  d12 0000000000000000  d13 0000000000000000
I/DEBUG   ( 3908):  d14 0000000000000000  d15 0000000000000000
I/DEBUG   ( 3908):  d16 3fd43d135cda918c  d17 3ffc63194c570da5
I/DEBUG   ( 3908):  d18 4000000000000000  d19 3fcce7359d4792d9
I/DEBUG   ( 3908):  d20 3f11504c292739d4  d21 bebbb371092382c4
I/DEBUG   ( 3908):  d22 3ff0000000000000  d23 3ff43d135cda918c
I/DEBUG   ( 3908):  d24 3e66376972bea4d0  d25 3fc39a09d078c69f
I/DEBUG   ( 3908):  d26 0000000000000000  d27 0000000000000000
I/DEBUG   ( 3908):  d28 0000000000000000  d29 0000000000000000
I/DEBUG   ( 3908):  d30 0000000000000000  d31 0000000000000000
I/DEBUG   ( 3908):  scr 20000012
I/DEBUG   ( 3908): 
I/DEBUG   ( 3908):          #00  pc 00037506  /system/lib/libmedia.so (_ZN7android10AudioTrackD2Ev)
I/DEBUG   ( 3908):          #01  pc 00045c26  /system/lib/libmedia.so (_ZN7android13ToneGeneratorD1Ev)
I/DEBUG   ( 3908):          #02  pc 0006e1d4  /system/lib/libandroid_runtime.so
I/DEBUG   ( 3908):          #03  pc 0001ecb0  /system/lib/libdvm.so (dvmPlatformInvoke)
I/DEBUG   ( 3908):          #04  pc 0005884a  /system/lib/libdvm.so (_Z16dvmCallJNIMethodPKjP6JValuePK6MethodP6Thread)
I/DEBUG   ( 3908): 
I/DEBUG   ( 3908): code around pc:
I/DEBUG   ( 3908): 4091a4e4 463b9308 f8cd9506 f7ff901c 62e0fe81  ..;F...........b
I/DEBUG   ( 3908): 4091a4f4 f7fe4628 4620fced e8bdb00d bf0083f0  (F.... F........
I/DEBUG   ( 3908): 4091a504 6ac5b570 2d004604 f7ffd134 68a0fc89  p..j.F.-4......h
I/DEBUG   ( 3908): 4091a514 f7fdb160 68a3eafa 681ab143 0108f104  `......hC..h....
I/DEBUG   ( 3908): 4091a524 0c0cf852 f7fd1818 60a5ea5a b1136823  R.......Z..`#h..
I/DEBUG   ( 3908): 
I/DEBUG   ( 3908): code around lr:
I/DEBUG   ( 3908): 40928c08 bd7ceece 0000adf0 0000ae9c 6ac3b570  ..|.........p..j
I/DEBUG   ( 3908): 40928c18 b14b4604 ffc6f7ff b12d6ae5 f7f14628  .FK......j-.(F..
I/DEBUG   ( 3908): 40928c28 4628fc6d eea2f7ee 0048f104 ff10f7ff  m.(F......H.....
I/DEBUG   ( 3908): 40928c38 0038f104 ea42f7ef 0034f104 ee84f7ee  ..8...B...4.....
I/DEBUG   ( 3908): 40928c48 0030f104 ee80f7ee bd704620 b5f72963  ..0..... Fp.c)..
I/DEBUG   ( 3908): 
I/DEBUG   ( 3908): memory map around addr 646e615b:
I/DEBUG   ( 3908): 4aea3000-4afa2000 
I/DEBUG   ( 3908): (no map for address)
I/DEBUG   ( 3908): b0001000-b0009000 /system/bin/linker
I/DEBUG   ( 3908): 
I/DEBUG   ( 3908): stack:
I/DEBUG   ( 3908):     bed18578  00000000  
I/DEBUG   ( 3908):     bed1857c  001ac6b8  [heap]
I/DEBUG   ( 3908):     bed18580  401a14b0  
I/DEBUG   ( 3908):     bed18584  4081a05d  /system/lib/libdvm.so
I/DEBUG   ( 3908):     bed18588  33d00019  
I/DEBUG   ( 3908):     bed1858c  46179c28  
I/DEBUG   ( 3908):     bed18590  001ac6b8  [heap]
I/DEBUG   ( 3908):     bed18594  001ac6e8  [heap]
I/DEBUG   ( 3908):     bed18598  401a14b0  
I/DEBUG   ( 3908):     bed1859c  4081a05d  /system/lib/libdvm.so
I/DEBUG   ( 3908):     bed185a0  33d00019  
I/DEBUG   ( 3908):     bed185a4  46179c28  
I/DEBUG   ( 3908):     bed185a8  00000000  
I/DEBUG   ( 3908):     bed185ac  40928c0b  /system/lib/libmedia.so
I/DEBUG   ( 3908):     bed185b0  df0027ad  
I/DEBUG   ( 3908):     bed185b4  00000000  
I/DEBUG   ( 3908): #00 bed185b8  001ac6b8  [heap]
I/DEBUG   ( 3908):     bed185bc  646e612f  
I/DEBUG   ( 3908):     bed185c0  401a14b0  
I/DEBUG   ( 3908):     bed185c4  40928c2b  /system/lib/libmedia.so
I/DEBUG   ( 3908): #01 bed185c8  001ac6b8  [heap]
I/DEBUG   ( 3908):     bed185cc  0000f2c8  [heap]
I/DEBUG   ( 3908):     bed185d0  401a14b0  
I/DEBUG   ( 3908):     bed185d4  4017a1d7  /system/lib/libandroid_runtime.so
I/BootReceiver(  304): Copying /data/tombstones/tombstone_03 to DropBox (SYSTEM_TOMBSTONE)
I/ActivityManager(  304): Process com.android.phone (pid 4930) has died.
W/ActivityManager(  304): Canceling start item Intent { cmp=com.android.phone/.BluetoothHeadsetService } in service ComponentInfo{com.android.phone/com.android.phone.BluetoothHeadsetService}
W/ActivityManager(  304): Scheduling restart of crashed service com.android.phone/.BluetoothHeadsetService in 4756ms
I/WindowManager(  304): SCREENLAYOUT_SIZE (1:small, 2:normal, 3:large, 4:xlarge) 2
I/ActivityManager(  304): Start proc com.android.phone for restart com.android.phone: pid=4980 uid=1001 gids={3002, 3001, 3003, 1015}
I/ActivityThread( 4980): Pub mms: com.android.providers.telephony.MmsProvider
I/ActivityThread( 4980): Pub sms: com.android.providers.telephony.SmsProvider
I/ActivityThread( 4980): Pub telephony: com.android.providers.telephony.TelephonyProvider
W/TelephonyProvider( 4980): onCreate: confFile=/system/etc/apns-conf.xml oldCheckSum=3358775275
W/TelephonyProvider( 4980): onCreate: newCheckSum=3358775275
I/ActivityThread( 4980): Pub icc: com.android.phone.IccProvider
I/ActivityThread( 4980): Pub mms-sms: com.android.providers.telephony.MmsSmsProvider
D/PhoneApp( 4980): non dsds PhoneApp:
D/CallManager( 4980): registerPhone(CDMA Handler (com.android.internal.telephony.PhoneProxy) {412c7530})
D/PhoneStatusBarPolicy(  472): updateSimState for subscription :0
D/PhoneStatusBarPolicy(  472): updateSimState for subscription :0
D/PhoneInterfaceManager( 4980):  Registering for UNSOL OEM HOOK Responses to deliver external apps
D/Bluetooth HS/HF( 4980): CDMA call state: IDLE prev state:IDLE
E/ToneGenerator( 4980): Unable to marshal AudioFlinger
E/ToneGenerator( 4980): ToneGenerator init failed 
F/libc    ( 4980): Fatal signal 11 (SIGSEGV) at 0x6f542e8d (code=1)
I/DEBUG   ( 3908): *** *** *** *** *** *** *** *** *** *** *** *** *** *** *** ***
I/DEBUG   ( 3908): Build fingerprint: 'qcom/msm8660_surf/msm8660_surf:4.0.3/IML74K/eng.joey.20120210.232528:eng/test-keys'
I/DEBUG   ( 3908): pid: 4980, tid: 4980  >>> com.android.phone <<<
I/DEBUG   ( 3908): signal 11 (SIGSEGV), code 1 (SEGV_MAPERR), fault addr 6f542e8d
I/DEBUG   ( 3908):  r0 6f542e61  r1 00170c30  r2 00170c00  r3 bed18188
I/DEBUG   ( 3908):  r4 00170c00  r5 6f542e61  r6 401a14b0  r7 4081a05d
I/DEBUG   ( 3908):  r8 34600019  r9 46179c28  10 00000000  fp bed18604
I/DEBUG   ( 3908):  ip 4094e048  sp bed185b8  lr 40928c2b  pc 4091a506  cpsr 60000030
I/DEBUG   ( 3908):  d0  662074696e692061  d1  7541206c61687369
I/DEBUG   ( 3908):  d2  000000040000036c  d3  4a52402800000065
I/DEBUG   ( 3908):  d4  006f006900640075  d5  0069006c006f0050
I/DEBUG   ( 3908):  d6  0065005300790063  d7  0063006900760072
I/DEBUG   ( 3908):  d8  0000000000000000  d9  0000000000000000
I/DEBUG   ( 3908):  d10 0000000000000000  d11 0000000000000000
I/DEBUG   ( 3908):  d12 0000000000000000  d13 0000000000000000
I/DEBUG   ( 3908):  d14 0000000000000000  d15 0000000000000000
I/DEBUG   ( 3908):  d16 3fd43d135cda918c  d17 3ffc63194c570da5
I/DEBUG   ( 3908):  d18 4000000000000000  d19 3fcce7359d4792d9
I/DEBUG   ( 3908):  d20 3f11504c292739d4  d21 bebbb371092382c4
I/DEBUG   ( 3908):  d22 3ff0000000000000  d23 3ff43d135cda918c
I/DEBUG   ( 3908):  d24 3e66376972bea4d0  d25 3fc39a09d078c69f
I/DEBUG   ( 3908):  d26 0000000000000000  d27 0000000000000000
I/DEBUG   ( 3908):  d28 0000000000000000  d29 0000000000000000
I/DEBUG   ( 3908):  d30 0000000000000000  d31 0000000000000000
I/DEBUG   ( 3908):  scr 20000012
I/DEBUG   ( 3908): 
I/DEBUG   ( 3908):          #00  pc 00037506  /system/lib/libmedia.so (_ZN7android10AudioTrackD2Ev)
I/DEBUG   ( 3908):          #01  pc 00045c26  /system/lib/libmedia.so (_ZN7android13ToneGeneratorD1Ev)
I/DEBUG   ( 3908):          #02  pc 0006e1d4  /system/lib/libandroid_runtime.so
I/DEBUG   ( 3908):          #03  pc 0001ecb0  /system/lib/libdvm.so (dvmPlatformInvoke)
