I/DEBUG   ( 2321):  d8  0000000000000000  d9  0000000000000000
I/DEBUG   ( 2321):  d10 0000000000000000  d11 0000000000000000
I/DEBUG   ( 2321):  d12 0000000000000000  d13 0000000000000000
I/DEBUG   ( 2321):  d14 0000000000000000  d15 0000000000000000
I/DEBUG   ( 2321):  d16 3fd43d135cda918c  d17 3ffc63194c570da5
I/DEBUG   ( 2321):  d18 4000000000000000  d19 3fcce7359d4792d9
I/DEBUG   ( 2321):  d20 3f11504c292739d4  d21 bebbb371092382c4
I/DEBUG   ( 2321):  d22 3ff0000000000000  d23 3ff43d135cda918c
I/DEBUG   ( 2321):  d24 3e66376972bea4d0  d25 3fc39a09d078c69f
I/DEBUG   ( 2321):  d26 0000000000000000  d27 0000000000000000
I/DEBUG   ( 2321):  d28 0000000000000000  d29 0000000000000000
I/DEBUG   ( 2321):  d30 0000000000000000  d31 0000000000000000
I/DEBUG   ( 2321):  scr 20000012
I/DEBUG   ( 2321): 
I/DEBUG   ( 2321):          #00  pc 00037506  /system/lib/libmedia.so (_ZN7android10AudioTrackD2Ev)
I/DEBUG   ( 2321):          #01  pc 00045c26  /system/lib/libmedia.so (_ZN7android13ToneGeneratorD1Ev)
I/DEBUG   ( 2321):          #02  pc 0006e1d4  /system/lib/libandroid_runtime.so
I/DEBUG   ( 2321):          #03  pc 0001ecb0  /system/lib/libdvm.so (dvmPlatformInvoke)
I/DEBUG   ( 2321):          #04  pc 0005884a  /system/lib/libdvm.so (_Z16dvmCallJNIMethodPKjP6JValuePK6MethodP6Thread)
I/DEBUG   ( 2321): 
I/DEBUG   ( 2321): code around pc:
I/DEBUG   ( 2321): 409194e4 463b9308 f8cd9506 f7ff901c 62e0fe81  ..;F...........b
I/DEBUG   ( 2321): 409194f4 f7fe4628 4620fced e8bdb00d bf0083f0  (F.... F........
I/DEBUG   ( 2321): 40919504 6ac5b570 2d004604 f7ffd134 68a0fc89  p..j.F.-4......h
I/DEBUG   ( 2321): 40919514 f7fdb160 68a3eafa 681ab143 0108f104  `......hC..h....
I/DEBUG   ( 2321): 40919524 0c0cf852 f7fd1818 60a5ea5a b1136823  R.......Z..`#h..
I/DEBUG   ( 2321): 
I/DEBUG   ( 2321): code around lr:
I/DEBUG   ( 2321): 40927c08 bd7ceece 0000adf0 0000ae9c 6ac3b570  ..|.........p..j
I/DEBUG   ( 2321): 40927c18 b14b4604 ffc6f7ff b12d6ae5 f7f14628  .FK......j-.(F..
I/DEBUG   ( 2321): 40927c28 4628fc6d eea2f7ee 0048f104 ff10f7ff  m.(F......H.....
I/DEBUG   ( 2321): 40927c38 0038f104 ea42f7ef 0034f104 ee84f7ee  ..8...B...4.....
I/DEBUG   ( 2321): 40927c48 0030f104 ee80f7ee bd704620 b5f72963  ..0..... Fp.c)..
I/DEBUG   ( 2321): 
I/DEBUG   ( 2321): stack:
I/DEBUG   ( 2321):     bef4f578  00000000  
I/DEBUG   ( 2321):     bef4f57c  001a4e30  [heap]
I/DEBUG   ( 2321):     bef4f580  401a14b0  
I/DEBUG   ( 2321):     bef4f584  4081905d  /system/lib/libdvm.so
I/DEBUG   ( 2321):     bef4f588  26600019  
I/DEBUG   ( 2321):     bef4f58c  46178c28  
I/DEBUG   ( 2321):     bef4f590  001a4e30  [heap]
I/DEBUG   ( 2321):     bef4f594  001a4e60  [heap]
I/DEBUG   ( 2321):     bef4f598  401a14b0  
I/DEBUG   ( 2321):     bef4f59c  4081905d  /system/lib/libdvm.so
I/DEBUG   ( 2321):     bef4f5a0  26600019  
I/DEBUG   ( 2321):     bef4f5a4  46178c28  
I/DEBUG   ( 2321):     bef4f5a8  00000000  
I/DEBUG   ( 2321):     bef4f5ac  40927c0b  /system/lib/libmedia.so
I/DEBUG   ( 2321):     bef4f5b0  df0027ad  
I/DEBUG   ( 2321):     bef4f5b4  00000000  
I/DEBUG   ( 2321): #00 bef4f5b8  001a4e30  [heap]
I/DEBUG   ( 2321):     bef4f5bc  00000031  
I/DEBUG   ( 2321):     bef4f5c0  401a14b0  
I/DEBUG   ( 2321):     bef4f5c4  40927c2b  /system/lib/libmedia.so
I/DEBUG   ( 2321): #01 bef4f5c8  001a4e30  [heap]
I/DEBUG   ( 2321):     bef4f5cc  0000f2c8  [heap]
I/DEBUG   ( 2321):     bef4f5d0  401a14b0  
I/DEBUG   ( 2321):     bef4f5d4  4017a1d7  /system/lib/libandroid_runtime.so
I/BootReceiver(  262): Copying /data/tombstones/tombstone_04 to DropBox (SYSTEM_TOMBSTONE)
I/ActivityManager(  262): Process com.android.phone (pid 3201) has died.
W/ActivityManager(  262): Canceling start item Intent { cmp=com.android.phone/.BluetoothHeadsetService } in service ComponentInfo{com.android.phone/com.android.phone.BluetoothHeadsetService}
W/ActivityManager(  262): Scheduling restart of crashed service com.android.phone/.BluetoothHeadsetService in 4828ms
I/ActivityManager(  262): Start proc com.android.phone for restart com.android.phone: pid=3223 uid=1001 gids={3002, 3001, 3003, 1015}
I/WindowManager(  262): SCREENLAYOUT_SIZE (1:small, 2:normal, 3:large, 4:xlarge) 2
E/libEGL  (  262): called unimplemented OpenGL ES API
E/libEGL  (  262): called unimplemented OpenGL ES API
E/libEGL  (  262): called unimplemented OpenGL ES API
E/libEGL  (  262): called unimplemented OpenGL ES API
E/libEGL  (  262): called unimplemented OpenGL ES API
E/libEGL  (  262): called unimplemented OpenGL ES API
E/libEGL  (  262): called unimplemented OpenGL ES API
E/libEGL  (  262): called unimplemented OpenGL ES API
E/libEGL  (  262): called unimplemented OpenGL ES API
E/libEGL  (  262): called unimplemented OpenGL ES API
W/WindowManager(  262): Failure taking screenshot for (180x300) to layer 21000
I/ActivityThread( 3223): Pub mms: com.android.providers.telephony.MmsProvider
I/ActivityThread( 3223): Pub sms: com.android.providers.telephony.SmsProvider
I/ActivityThread( 3223): Pub telephony: com.android.providers.telephony.TelephonyProvider
W/TelephonyProvider( 3223): onCreate: confFile=/system/etc/apns-conf.xml oldCheckSum=3358775275
W/TelephonyProvider( 3223): onCreate: newCheckSum=3358775275
I/ActivityThread( 3223): Pub icc: com.android.phone.IccProvider
I/ActivityThread( 3223): Pub mms-sms: com.android.providers.telephony.MmsSmsProvider
D/PhoneApp( 3223): non dsds PhoneApp:
D/CallManager( 3223): registerPhone(CDMA Handler (com.android.internal.telephony.PhoneProxy) {412e8d58})
D/PhoneStatusBarPolicy(  369): updateSimState for subscription :0
D/PhoneStatusBarPolicy(  369): updateSimState for subscription :0
D/PhoneInterfaceManager( 3223):  Registering for UNSOL OEM HOOK Responses to deliver external apps
D/Bluetooth HS/HF( 3223): CDMA call state: IDLE prev state:IDLE
E/ToneGenerator( 3223): Unable to marshal AudioFlinger
E/ToneGenerator( 3223): ToneGenerator init failed 
F/libc    ( 3223): Fatal signal 11 (SIGSEGV) at 0x0000005d (code=1)
I/DEBUG   ( 2321): *** *** *** *** *** *** *** *** *** *** *** *** *** *** *** ***
I/DEBUG   ( 2321): Build fingerprint: 'qcom/msm8660_surf/msm8660_surf:4.0.3/IML74K/eng.joey.20120210.232528:eng/test-keys'
I/DEBUG   ( 2321): pid: 3223, tid: 3223  >>> com.android.phone <<<
I/DEBUG   ( 2321): signal 11 (SIGSEGV), code 1 (SEGV_MAPERR), fault addr 0000005d
I/DEBUG   ( 2321):  r0 00000031  r1 001a2d98  r2 001a2d68  r3 bef4f188
I/DEBUG   ( 2321):  r4 001a2d68  r5 00000031  r6 401a14b0  r7 4081905d
I/DEBUG   ( 2321):  r8 27700019  r9 46178c28  10 00000000  fp bef4f604
I/DEBUG   ( 2321):  ip 4094d048  sp bef4f5b8  lr 40927c2b  pc 40919506  cpsr 60000030
I/DEBUG   ( 2321):  d0  662074696e692061  d1  7541206c61687369
I/DEBUG   ( 2321):  d2  000000040000036c  d3  4a54d02800000065
I/DEBUG   ( 2321):  d4  006f006900640075  d5  0069006c006f0050
I/DEBUG   ( 2321):  d6  0065005300790063  d7  0063006900760072
I/DEBUG   ( 2321):  d8  0000000000000000  d9  0000000000000000
I/DEBUG   ( 2321):  d10 0000000000000000  d11 0000000000000000
I/DEBUG   ( 2321):  d12 0000000000000000  d13 0000000000000000
I/DEBUG   ( 2321):  d14 0000000000000000  d15 0000000000000000
I/DEBUG   ( 2321):  d16 3fd43d135cda918c  d17 3ffc63194c570da5
I/DEBUG   ( 2321):  d18 4000000000000000  d19 3fcce7359d4792d9
I/DEBUG   ( 2321):  d20 3f11504c292739d4  d21 bebbb371092382c4
I/DEBUG   ( 2321):  d22 3ff0000000000000  d23 3ff43d135cda918c
I/DEBUG   ( 2321):  d24 3e66376972bea4d0  d25 3fc39a09d078c69f
I/DEBUG   ( 2321):  d26 0000000000000000  d27 0000000000000000
I/DEBUG   ( 2321):  d28 0000000000000000  d29 0000000000000000
I/DEBUG   ( 2321):  d30 0000000000000000  d31 0000000000000000
I/DEBUG   ( 2321):  scr 20000012
I/DEBUG   ( 2321): 
I/DEBUG   ( 2321):          #00  pc 00037506  /system/lib/libmedia.so (_ZN7android10AudioTrackD2Ev)
I/DEBUG   ( 2321):          #01  pc 00045c26  /system/lib/libmedia.so (_ZN7android13ToneGeneratorD1Ev)
I/DEBUG   ( 2321):          #02  pc 0006e1d4  /system/lib/libandroid_runtime.so
I/DEBUG   ( 2321):          #03  pc 0001ecb0  /system/lib/libdvm.so (dvmPlatformInvoke)
I/DEBUG   ( 2321):          #04  pc 0005884a  /system/lib/libdvm.so (_Z16dvmCallJNIMethodPKjP6JValuePK6MethodP6Thread)
I/DEBUG   ( 2321): 
I/DEBUG   ( 2321): code around pc:
I/DEBUG   ( 2321): 409194e4 463b9308 f8cd9506 f7ff901c 62e0fe81  ..;F...........b
I/DEBUG   ( 2321): 409194f4 f7fe4628 4620fced e8bdb00d bf0083f0  (F.... F........
I/DEBUG   ( 2321): 40919504 6ac5b570 2d004604 f7ffd134 68a0fc89  p..j.F.-4......h
I/DEBUG   ( 2321): 40919514 f7fdb160 68a3eafa 681ab143 0108f104  `......hC..h....
I/DEBUG   ( 2321): 40919524 0c0cf852 f7fd1818 60a5ea5a b1136823  R.......Z..`#h..
I/DEBUG   ( 2321): 
I/DEBUG   ( 2321): code around lr:
I/DEBUG   ( 2321): 40927c08 bd7ceece 0000adf0 0000ae9c 6ac3b570  ..|.........p..j
I/DEBUG   ( 2321): 40927c18 b14b4604 ffc6f7ff b12d6ae5 f7f14628  .FK......j-.(F..
I/DEBUG   ( 2321): 40927c28 4628fc6d eea2f7ee 0048f104 ff10f7ff  m.(F......H.....
I/DEBUG   ( 2321): 40927c38 0038f104 ea42f7ef 0034f104 ee84f7ee  ..8...B...4.....
I/DEBUG   ( 2321): 40927c48 0030f104 ee80f7ee bd704620 b5f72963  ..0..... Fp.c)..
I/DEBUG   ( 2321): 
I/DEBUG   ( 2321): stack:
I/DEBUG   ( 2321):     bef4f578  00000000  
I/DEBUG   ( 2321):     bef4f57c  001a2d68  [heap]
I/DEBUG   ( 2321):     bef4f580  401a14b0  
I/DEBUG   ( 2321):     bef4f584  4081905d  /system/lib/libdvm.so
I/DEBUG   ( 2321):     bef4f588  27700019  
I/DEBUG   ( 2321):     bef4f58c  46178c28  
I/DEBUG   ( 2321):     bef4f590  001a2d68  [heap]
I/DEBUG   ( 2321):     bef4f594  001a2d98  [heap]
I/DEBUG   ( 2321):     bef4f598  401a14b0  
I/DEBUG   ( 2321):     bef4f59c  4081905d  /system/lib/libdvm.so
I/DEBUG   ( 2321):     bef4f5a0  27700019  
I/DEBUG   ( 2321):     bef4f5a4  46178c28  
I/DEBUG   ( 2321):     bef4f5a8  00000000  
I/DEBUG   ( 2321):     bef4f5ac  40927c0b  /system/lib/libmedia.so
I/DEBUG   ( 2321):     bef4f5b0  df0027ad  
I/DEBUG   ( 2321):     bef4f5b4  00000000  
I/DEBUG   ( 2321): #00 bef4f5b8  001a2d68  [heap]
I/DEBUG   ( 2321):     bef4f5bc  00000031  
I/DEBUG   ( 2321):     bef4f5c0  401a14b0  
I/DEBUG   ( 2321):     bef4f5c4  40927c2b  /system/lib/libmedia.so
I/DEBUG   ( 2321): #01 bef4f5c8  001a2d68  [heap]
I/DEBUG   ( 2321):     bef4f5cc  0000f2c8  [heap]
I/DEBUG   ( 2321):     bef4f5d0  401a14b0  
I/DEBUG   ( 2321):     bef4f5d4  4017a1d7  /system/lib/libandroid_runtime.so
I/BootReceiver(  262): Copying /data/tombstones/tombstone_05 to DropBox (SYSTEM_TOMBSTONE)
I/ActivityManager(  262): Process com.android.phone (pid 3223) has died.
W/ActivityManager(  262): Canceling start item Intent { cmp=com.android.phone/.BluetoothHeadsetService } in service ComponentInfo{com.android.phone/com.android.phone.BluetoothHeadsetService}
W/ActivityManager(  262): Scheduling restart of crashed service com.android.phone/.BluetoothHeadsetService in 5188ms
I/ActivityManager(  262): Start proc com.android.phone for restart com.android.phone: pid=3250 uid=1001 gids={3002, 3001, 3003, 1015}
I/WindowManager(  262): SCREENLAYOUT_SIZE (1:small, 2:normal, 3:large, 4:xlarge) 2
E/libEGL  (  262): called unimplemented OpenGL ES API
E/libEGL  (  262): called unimplemented OpenGL ES API
E/libEGL  (  262): called unimplemented OpenGL ES API
E/libEGL  (  262): called unimplemented OpenGL ES API
E/libEGL  (  262): called unimplemented OpenGL ES API
E/libEGL  (  262): called unimplemented OpenGL ES API
E/libEGL  (  262): called unimplemented OpenGL ES API
E/libEGL  (  262): called unimplemented OpenGL ES API
E/libEGL  (  262): called unimplemented OpenGL ES API
E/libEGL  (  262): called unimplemented OpenGL ES API
W/WindowManager(  262): Failure taking screenshot for (180x300) to layer 21000
I/ActivityThread( 3250): Pub mms: com.android.providers.telephony.MmsProvider
I/ActivityThread( 3250): Pub sms: com.android.providers.telephony.SmsProvider
I/ActivityThread( 3250): Pub telephony: com.android.providers.telephony.TelephonyProvider
W/TelephonyProvider( 3250): onCreate: confFile=/system/etc/apns-conf.xml oldCheckSum=3358775275
W/TelephonyProvider( 3250): onCreate: newCheckSum=3358775275
I/ActivityThread( 3250): Pub icc: com.android.phone.IccProvider
I/ActivityThread( 3250): Pub mms-sms: com.android.providers.telephony.MmsSmsProvider
D/PhoneApp( 3250): non dsds PhoneApp:
D/CallManager( 3250): registerPhone(CDMA Handler (com.android.internal.telephony.PhoneProxy) {412eb448})
D/PhoneStatusBarPolicy(  369): updateSimState for subscription :0
D/PhoneStatusBarPolicy(  369): updateSimState for subscription :0
D/PhoneInterfaceManager( 3250):  Registering for UNSOL OEM HOOK Responses to deliver external apps
D/Bluetooth HS/HF( 3250): CDMA call state: IDLE prev state:IDLE
E/ToneGenerator( 3250): Unable to marshal AudioFlinger
E/ToneGenerator( 3250): ToneGenerator init failed 
F/libc    ( 3250): Fatal signal 11 (SIGSEGV) at 0x6f542e8d (code=1)
I/DEBUG   ( 2321): *** *** *** *** *** *** *** *** *** *** *** *** *** *** *** ***
I/DEBUG   ( 2321): Build fingerprint: 'qcom/msm8660_surf/msm8660_surf:4.0.3/IML74K/eng.joey.20120210.232528:eng/test-keys'
I/DEBUG   ( 2321): pid: 3250, tid: 3250  >>> com.android.phone <<<
I/DEBUG   ( 2321): signal 11 (SIGSEGV), code 1 (SEGV_MAPERR), fault addr 6f542e8d
I/DEBUG   ( 2321):  r0 6f542e61  r1 001823b8  r2 00182388  r3 bef4f188
I/DEBUG   ( 2321):  r4 00182388  r5 6f542e61  r6 401a14b0  r7 4081905d
I/DEBUG   ( 2321):  r8 28000019  r9 46178c28  10 00000000  fp bef4f604
I/DEBUG   ( 2321):  ip 4094d048  sp bef4f5b8  lr 40927c2b  pc 40919506  cpsr 60000030
I/DEBUG   ( 2321):  d0  662074696e692061  d1  7541206c61687369
I/DEBUG   ( 2321):  d2  000000040000036c  d3  4a54d02800000065
I/DEBUG   ( 2321):  d4  004d006500630069  d5  00670061006e0061
I/DEBUG   ( 2321):  d6  0000000000720065  d7  4851d39000000012
I/DEBUG   ( 2321):  d8  0000000000000000  d9  0000000000000000
I/DEBUG   ( 2321):  d10 0000000000000000  d11 0000000000000000
I/DEBUG   ( 2321):  d12 0000000000000000  d13 0000000000000000
I/DEBUG   ( 2321):  d14 0000000000000000  d15 0000000000000000
I/DEBUG   ( 2321):  d16 3fd43d135cda918c  d17 3ffc63194c570da5
I/DEBUG   ( 2321):  d18 4000000000000000  d19 3fcce7359d4792d9
I/DEBUG   ( 2321):  d20 3f11504c292739d4  d21 bebbb371092382c4
I/DEBUG   ( 2321):  d22 3ff0000000000000  d23 3ff43d135cda918c
I/DEBUG   ( 2321):  d24 3e66376972bea4d0  d25 3fc39a09d078c69f
I/DEBUG   ( 2321):  d26 0000000000000000  d27 0000000000000000
I/DEBUG   ( 2321):  d28 0000000000000000  d29 0000000000000000
I/DEBUG   ( 2321):  d30 0000000000000000  d31 0000000000000000
I/DEBUG   ( 2321):  scr 20000012
I/DEBUG   ( 2321): 
I/DEBUG   ( 2321):          #00  pc 00037506  /system/lib/libmedia.so (_ZN7android10AudioTrackD2Ev)
I/DEBUG   ( 2321):          #01  pc 00045c26  /system/lib/libmedia.so (_ZN7android13ToneGeneratorD1Ev)
I/DEBUG   ( 2321):          #02  pc 0006e1d4  /system/lib/libandroid_runtime.so
I/DEBUG   ( 2321):          #03  pc 0001ecb0  /system/lib/libdvm.so (dvmPlatformInvoke)
I/DEBUG   ( 2321):          #04  pc 0005884a  /system/lib/libdvm.so (_Z16dvmCallJNIMethodPKjP6JValuePK6MethodP6Thread)
I/DEBUG   ( 2321): 
I/DEBUG   ( 2321): code around pc:
I/DEBUG   ( 2321): 409194e4 463b9308 f8cd9506 f7ff901c 62e0fe81  ..;F...........b
I/DEBUG   ( 2321): 409194f4 f7fe4628 4620fced e8bdb00d bf0083f0  (F.... F........
I/DEBUG   ( 2321): 40919504 6ac5b570 2d004604 f7ffd134 68a0fc89  p..j.F.-4......h
I/DEBUG   ( 2321): 40919514 f7fdb160 68a3eafa 681ab143 0108f104  `......hC..h....
I/DEBUG   ( 2321): 40919524 0c0cf852 f7fd1818 60a5ea5a b1136823  R.......Z..`#h..
I/DEBUG   ( 2321): 
I/DEBUG   ( 2321): code around lr:
I/DEBUG   ( 2321): 40927c08 bd7ceece 0000adf0 0000ae9c 6ac3b570  ..|.........p..j
I/DEBUG   ( 2321): 40927c18 b14b4604 ffc6f7ff b12d6ae5 f7f14628  .FK......j-.(F..
I/DEBUG   ( 2321): 40927c28 4628fc6d eea2f7ee 0048f104 ff10f7ff  m.(F......H.....
I/DEBUG   ( 2321): 40927c38 0038f104 ea42f7ef 0034f104 ee84f7ee  ..8...B...4.....
I/DEBUG   ( 2321): 40927c48 0030f104 ee80f7ee bd704620 b5f72963  ..0..... Fp.c)..
I/DEBUG   ( 2321): 
I/DEBUG   ( 2321): memory map around addr 6f542e8d:
I/DEBUG   ( 2321): 4aecc000-4afcb000 
I/DEBUG   ( 2321): (no map for address)
I/DEBUG   ( 2321): b0001000-b0009000 /system/bin/linker
I/DEBUG   ( 2321): 
I/DEBUG   ( 2321): stack:
I/DEBUG   ( 2321):     bef4f578  00000000  
I/DEBUG   ( 2321):     bef4f57c  00182388  [heap]
I/DEBUG   ( 2321):     bef4f580  401a14b0  
I/DEBUG   ( 2321):     bef4f584  4081905d  /system/lib/libdvm.so
I/DEBUG   ( 2321):     bef4f588  28000019  
I/DEBUG   ( 2321):     bef4f58c  46178c28  
I/DEBUG   ( 2321):     bef4f590  00182388  [heap]
I/DEBUG   ( 2321):     bef4f594  001823b8  [heap]
I/DEBUG   ( 2321):     bef4f598  401a14b0  
I/DEBUG   ( 2321):     bef4f59c  4081905d  /system/lib/libdvm.so
I/DEBUG   ( 2321):     bef4f5a0  28000019  
I/DEBUG   ( 2321):     bef4f5a4  46178c28  
I/DEBUG   ( 2321):     bef4f5a8  00000000  
I/DEBUG   ( 2321):     bef4f5ac  40927c0b  /system/lib/libmedia.so
I/DEBUG   ( 2321):     bef4f5b0  df0027ad  
I/DEBUG   ( 2321):     bef4f5b4  00000000  
I/DEBUG   ( 2321): #00 bef4f5b8  00182388  [heap]
I/DEBUG   ( 2321):     bef4f5bc  6f542e61  
I/DEBUG   ( 2321):     bef4f5c0  401a14b0  
I/DEBUG   ( 2321):     bef4f5c4  40927c2b  /system/lib/libmedia.so
I/DEBUG   ( 2321): #01 bef4f5c8  00182388  [heap]
I/DEBUG   ( 2321):     bef4f5cc  0000f2c8  [heap]
I/DEBUG   ( 2321):     bef4f5d0  401a14b0  
I/DEBUG   ( 2321):     bef4f5d4  4017a1d7  /system/lib/libandroid_runtime.so
I/BootReceiver(  262): Copying /data/tombstones/tombstone_06 to DropBox (SYSTEM_TOMBSTONE)
I/ActivityManager(  262): Process com.android.phone (pid 3250) has died.
W/ActivityManager(  262): Canceling start item Intent { cmp=com.android.phone/.BluetoothHeadsetService } in service ComponentInfo{com.android.phone/com.android.phone.BluetoothHeadsetService}
W/ActivityManager(  262): Scheduling restart of crashed service com.android.phone/.BluetoothHeadsetService in 4752ms
I/WindowManager(  262): SCREENLAYOUT_SIZE (1:small, 2:normal, 3:large, 4:xlarge) 2
I/ActivityManager(  262): Start proc com.android.phone for restart com.android.phone: pid=3272 uid=1001 gids={3002, 3001, 3003, 1015}
E/libEGL  (  262): called unimplemented OpenGL ES API
E/libEGL  (  262): called unimplemented OpenGL ES API
E/libEGL  (  262): called unimplemented OpenGL ES API
E/libEGL  (  262): called unimplemented OpenGL ES API
E/libEGL  (  262): called unimplemented OpenGL ES API
E/libEGL  (  262): called unimplemented OpenGL ES API
E/libEGL  (  262): called unimplemented OpenGL ES API
E/libEGL  (  262): called unimplemented OpenGL ES API
E/libEGL  (  262): called unimplemented OpenGL ES API
E/libEGL  (  262): called unimplemented OpenGL ES API
W/WindowManager(  262): Failure taking screenshot for (180x300) to layer 21000
I/ActivityThread( 3272): Pub mms: com.android.providers.telephony.MmsProvider
I/ActivityThread( 3272): Pub sms: com.android.providers.telephony.SmsProvider
I/ActivityThread( 3272): Pub telephony: com.android.providers.telephony.TelephonyProvider
W/TelephonyProvider( 3272): onCreate: confFile=/system/etc/apns-conf.xml oldCheckSum=3358775275
W/TelephonyProvider( 3272): onCreate: newCheckSum=3358775275
I/ActivityThread( 3272): Pub icc: com.android.phone.IccProvider
I/ActivityThread( 3272): Pub mms-sms: com.android.providers.telephony.MmsSmsProvider
D/PhoneApp( 3272): non dsds PhoneApp:
D/CallManager( 3272): registerPhone(CDMA Handler (com.android.internal.telephony.PhoneProxy) {412ec670})
D/PhoneStatusBarPolicy(  369): updateSimState for subscription :0
D/PhoneStatusBarPolicy(  369): updateSimState for subscription :0
D/PhoneInterfaceManager( 3272):  Registering for UNSOL OEM HOOK Responses to deliver external apps
D/Bluetooth HS/HF( 3272): CDMA call state: IDLE prev state:IDLE
E/ToneGenerator( 3272): Unable to marshal AudioFlinger
E/ToneGenerator( 3272): ToneGenerator init failed 
F/libc    ( 3272): Fatal signal 11 (SIGSEGV) at 0x6f542e8d (code=1)
D/memalloc(  262): /dev/pmem: Allocated buffer base:0x4b30a000 size:1413120 offset:1536000 fd:248
I/DEBUG   ( 2321): *** *** *** *** *** *** *** *** *** *** *** *** *** *** *** ***
I/DEBUG   ( 2321): Build fingerprint: 'qcom/msm8660_surf/msm8660_surf:4.0.3/IML74K/eng.joey.20120210.232528:eng/test-keys'
I/DEBUG   ( 2321): pid: 3272, tid: 3272  >>> com.android.phone <<<
I/DEBUG   ( 2321): signal 11 (SIGSEGV), code 1 (SEGV_MAPERR), fault addr 6f542e8d
I/DEBUG   ( 2321):  r0 6f542e61  r1 001823b0  r2 00182380  r3 bef4f188
I/DEBUG   ( 2321):  r4 00182380  r5 6f542e61  r6 401a14b0  r7 4081905d
I/DEBUG   ( 2321):  r8 28e00019  r9 46178c28  10 00000000  fp bef4f604
I/DEBUG   ( 2321):  ip 4094d048  sp bef4f5b8  lr 40927c2b  pc 40919506  cpsr 60000030
I/DEBUG   ( 2321):  d0  662074696e692061  d1  7541206c61687369
I/DEBUG   ( 2321):  d2  000000040000036c  d3  4a54d02800000065
I/DEBUG   ( 2321):  d4  004d006500630069  d5  00670061006e0061
I/DEBUG   ( 2321):  d6  0000000000720065  d7  4851d39000000012
I/DEBUG   ( 2321):  d8  0000000000000000  d9  0000000000000000
I/DEBUG   ( 2321):  d10 0000000000000000  d11 0000000000000000
I/DEBUG   ( 2321):  d12 0000000000000000  d13 0000000000000000
I/DEBUG   ( 2321):  d14 0000000000000000  d15 0000000000000000
I/DEBUG   ( 2321):  d16 3fd43d135cda918c  d17 3ffc63194c570da5
I/DEBUG   ( 2321):  d18 4000000000000000  d19 3fcce7359d4792d9
I/DEBUG   ( 2321):  d20 3f11504c292739d4  d21 bebbb371092382c4
I/DEBUG   ( 2321):  d22 3ff0000000000000  d23 3ff43d135cda918c
I/DEBUG   ( 2321):  d24 3e66376972bea4d0  d25 3fc39a09d078c69f
I/DEBUG   ( 2321):  d26 0000000000000000  d27 0000000000000000
I/DEBUG   ( 2321):  d28 0000000000000000  d29 0000000000000000
I/DEBUG   ( 2321):  d30 0000000000000000  d31 0000000000000000
I/DEBUG   ( 2321):  scr 20000012
I/DEBUG   ( 2321): 
D/memalloc(  262): /dev/pmem: Freeing buffer base:0x4bd4c000 size:1474560 offset:10756096 fd:232
D/memalloc(  369): /dev/pmem: Unmapping buffer base:0x4c09b000 size:12230656 offset:10756096
D/memalloc(  369): /dev/pmem: Mapped buffer base:0x4c09b000 size:2949120 offset:1536000 fd:70
I/DEBUG   ( 2321):          #00  pc 00037506  /system/lib/libmedia.so (_ZN7android10AudioTrackD2Ev)
I/DEBUG   ( 2321):          #01  pc 00045c26  /system/lib/libmedia.so (_ZN7android13ToneGeneratorD1Ev)
I/DEBUG   ( 2321):          #02  pc 0006e1d4  /system/lib/libandroid_runtime.so
I/DEBUG   ( 2321):          #03  pc 0001ecb0  /system/lib/libdvm.so (dvmPlatformInvoke)
I/DEBUG   ( 2321):          #04  pc 0005884a  /system/lib/libdvm.so (_Z16dvmCallJNIMethodPKjP6JValuePK6MethodP6Thread)
I/DEBUG   ( 2321): 
I/DEBUG   ( 2321): code around pc:
I/DEBUG   ( 2321): 409194e4 463b9308 f8cd9506 f7ff901c 62e0fe81  ..;F...........b
I/DEBUG   ( 2321): 409194f4 f7fe4628 4620fced e8bdb00d bf0083f0  (F.... F........
I/DEBUG   ( 2321): 40919504 6ac5b570 2d004604 f7ffd134 68a0fc89  p..j.F.-4......h
I/DEBUG   ( 2321): 40919514 f7fdb160 68a3eafa 681ab143 0108f104  `......hC..h....
I/DEBUG   ( 2321): 40919524 0c0cf852 f7fd1818 60a5ea5a b1136823  R.......Z..`#h..
I/DEBUG   ( 2321): 
I/DEBUG   ( 2321): code around lr:
I/DEBUG   ( 2321): 40927c08 bd7ceece 0000adf0 0000ae9c 6ac3b570  ..|.........p..j
I/DEBUG   ( 2321): 40927c18 b14b4604 ffc6f7ff b12d6ae5 f7f14628  .FK......j-.(F..
I/DEBUG   ( 2321): 40927c28 4628fc6d eea2f7ee 0048f104 ff10f7ff  m.(F......H.....
I/DEBUG   ( 2321): 40927c38 0038f104 ea42f7ef 0034f104 ee84f7ee  ..8...B...4.....
I/DEBUG   ( 2321): 40927c48 0030f104 ee80f7ee bd704620 b5f72963  ..0..... Fp.c)..
I/DEBUG   ( 2321): 
I/DEBUG   ( 2321): memory map around addr 6f542e8d:
I/DEBUG   ( 2321): 4aecc000-4afcb000 
I/DEBUG   ( 2321): (no map for address)
I/DEBUG   ( 2321): b0001000-b0009000 /system/bin/linker
I/DEBUG   ( 2321): 
I/DEBUG   ( 2321): stack:
I/DEBUG   ( 2321):     bef4f578  00000000  
I/DEBUG   ( 2321):     bef4f57c  00182380  [heap]
I/DEBUG   ( 2321):     bef4f580  401a14b0  
I/DEBUG   ( 2321):     bef4f584  4081905d  /system/lib/libdvm.so
I/DEBUG   ( 2321):     bef4f588  28e00019  
I/DEBUG   ( 2321):     bef4f58c  46178c28  
I/DEBUG   ( 2321):     bef4f590  00182380  [heap]
I/DEBUG   ( 2321):     bef4f594  001823b0  [heap]
I/DEBUG   ( 2321):     bef4f598  401a14b0  
I/DEBUG   ( 2321):     bef4f59c  4081905d  /system/lib/libdvm.so
I/DEBUG   ( 2321):     bef4f5a0  28e00019  
I/DEBUG   ( 2321):     bef4f5a4  46178c28  
I/DEBUG   ( 2321):     bef4f5a8  00000000  
I/DEBUG   ( 2321):     bef4f5ac  40927c0b  /system/lib/libmedia.so
I/DEBUG   ( 2321):     bef4f5b0  df0027ad  
I/DEBUG   ( 2321):     bef4f5b4  00000000  
I/DEBUG   ( 2321): #00 bef4f5b8  00182380  [heap]
I/DEBUG   ( 2321):     bef4f5bc  6f542e61  
I/DEBUG   ( 2321):     bef4f5c0  401a14b0  
I/DEBUG   ( 2321):     bef4f5c4  40927c2b  /system/lib/libmedia.so
I/DEBUG   ( 2321): #01 bef4f5c8  00182380  [heap]
I/DEBUG   ( 2321):     bef4f5cc  0000f2c8  [heap]
I/DEBUG   ( 2321):     bef4f5d0  401a14b0  
I/DEBUG   ( 2321):     bef4f5d4  4017a1d7  /system/lib/libandroid_runtime.so
I/BootReceiver(  262): Copying /data/tombstones/tombstone_07 to DropBox (SYSTEM_TOMBSTONE)
I/ActivityManager(  262): Process com.android.phone (pid 3272) has died.
W/ActivityManager(  262): Canceling start item Intent { cmp=com.android.phone/.BluetoothHeadsetService } in service ComponentInfo{com.android.phone/com.android.phone.BluetoothHeadsetService}
W/ActivityManager(  262): Scheduling restart of crashed service com.android.phone/.BluetoothHeadsetService in 5384ms
I/WindowManager(  262): SCREENLAYOUT_SIZE (1:small, 2:normal, 3:large, 4:xlarge) 2
E/libEGL  (  262): called unimplemented OpenGL ES API
E/libEGL  (  262): called unimplemented OpenGL ES API
E/libEGL  (  262): called unimplemented OpenGL ES API
E/libEGL  (  262): called unimplemented OpenGL ES API
E/libEGL  (  262): called unimplemented OpenGL ES API
E/libEGL  (  262): called unimplemented OpenGL ES API
E/libEGL  (  262): called unimplemented OpenGL ES API
E/libEGL  (  262): called unimplemented OpenGL ES API
E/libEGL  (  262): called unimplemented OpenGL ES API
E/libEGL  (  262): called unimplemented OpenGL ES API
I/ActivityManager(  262): Start proc com.android.phone for restart com.android.phone: pid=3299 uid=1001 gids={3002, 3001, 3003, 1015}
W/WindowManager(  262): Failure taking screenshot for (180x300) to layer 21000
I/ActivityThread( 3299): Pub mms: com.android.providers.telephony.MmsProvider
I/ActivityThread( 3299): Pub sms: com.android.providers.telephony.SmsProvider
I/ActivityThread( 3299): Pub telephony: com.android.providers.telephony.TelephonyProvider
W/TelephonyProvider( 3299): onCreate: confFile=/system/etc/apns-conf.xml oldCheckSum=3358775275
W/TelephonyProvider( 3299): onCreate: newCheckSum=3358775275
I/ActivityThread( 3299): Pub icc: com.android.phone.IccProvider
I/ActivityThread( 3299): Pub mms-sms: com.android.providers.telephony.MmsSmsProvider
D/PhoneApp( 3299): non dsds PhoneApp:
D/CallManager( 3299): registerPhone(CDMA Handler (com.android.internal.telephony.PhoneProxy) {412ea090})
D/PhoneStatusBarPolicy(  369): updateSimState for subscription :0
D/PhoneStatusBarPolicy(  369): updateSimState for subscription :0
D/PhoneInterfaceManager( 3299):  Registering for UNSOL OEM HOOK Responses to deliver external apps
D/Bluetooth HS/HF( 3299): CDMA call state: IDLE prev state:IDLE
E/ToneGenerator( 3299): Unable to marshal AudioFlinger
E/ToneGenerator( 3299): ToneGenerator init failed 
F/libc    ( 3299): Fatal signal 11 (SIGSEGV) at 0x6f542e8d (code=1)
I/DEBUG   ( 2321): *** *** *** *** *** *** *** *** *** *** *** *** *** *** *** ***
I/DEBUG   ( 2321): Build fingerprint: 'qcom/msm8660_surf/msm8660_surf:4.0.3/IML74K/eng.joey.20120210.232528:eng/test-keys'
I/DEBUG   ( 2321): pid: 3299, tid: 3299  >>> com.android.phone <<<
I/DEBUG   ( 2321): signal 11 (SIGSEGV), code 1 (SEGV_MAPERR), fault addr 6f542e8d
I/DEBUG   ( 2321):  r0 6f542e61  r1 00137850  r2 00137820  r3 bef4f188
I/DEBUG   ( 2321):  r4 00137820  r5 6f542e61  r6 401a14b0  r7 4081905d
I/DEBUG   ( 2321):  r8 29f00019  r9 46178c28  10 00000000  fp bef4f604
I/DEBUG   ( 2321):  ip 4094d048  sp bef4f5b8  lr 40927c2b  pc 40919506  cpsr 60000030
I/DEBUG   ( 2321):  d0  662074696e692061  d1  7541206c61687369
I/DEBUG   ( 2321):  d2  000000040000036c  d3  4a54d02800000065
I/DEBUG   ( 2321):  d4  004d006500630069  d5  00670061006e0061
I/DEBUG   ( 2321):  d6  0000000000720065  d7  4851f2a000000012
I/DEBUG   ( 2321):  d8  0000000000000000  d9  0000000000000000
I/DEBUG   ( 2321):  d10 0000000000000000  d11 0000000000000000
I/DEBUG   ( 2321):  d12 0000000000000000  d13 0000000000000000
I/DEBUG   ( 2321):  d14 0000000000000000  d15 0000000000000000
I/DEBUG   ( 2321):  d16 3fd43d135cda918c  d17 3ffc63194c570da5
I/DEBUG   ( 2321):  d18 4000000000000000  d19 3fcce7359d4792d9
I/DEBUG   ( 2321):  d20 3f11504c292739d4  d21 bebbb371092382c4
I/DEBUG   ( 2321):  d22 3ff0000000000000  d23 3ff43d135cda918c
I/DEBUG   ( 2321):  d24 3e66376972bea4d0  d25 3fc39a09d078c69f
I/DEBUG   ( 2321):  d26 0000000000000000  d27 0000000000000000
I/DEBUG   ( 2321):  d28 0000000000000000  d29 0000000000000000
I/DEBUG   ( 2321):  d30 0000000000000000  d31 0000000000000000
I/DEBUG   ( 2321):  scr 20000012
I/DEBUG   ( 2321): 
I/DEBUG   ( 2321):          #00  pc 00037506  /system/lib/libmedia.so (_ZN7android10AudioTrackD2Ev)
I/DEBUG   ( 2321):          #01  pc 00045c26  /system/lib/libmedia.so (_ZN7android13ToneGeneratorD1Ev)
I/DEBUG   ( 2321):          #02  pc 0006e1d4  /system/lib/libandroid_runtime.so
I/DEBUG   ( 2321):          #03  pc 0001ecb0  /system/lib/libdvm.so (dvmPlatformInvoke)
I/DEBUG   ( 2321):          #04  pc 0005884a  /system/lib/libdvm.so (_Z16dvmCallJNIMethodPKjP6JValuePK6MethodP6Thread)
I/DEBUG   ( 2321): 
I/DEBUG   ( 2321): code around pc:
I/DEBUG   ( 2321): 409194e4 463b9308 f8cd9506 f7ff901c 62e0fe81  ..;F...........b
I/DEBUG   ( 2321): 409194f4 f7fe4628 4620fced e8bdb00d bf0083f0  (F.... F........
I/DEBUG   ( 2321): 40919504 6ac5b570 2d004604 f7ffd134 68a0fc89  p..j.F.-4......h
I/DEBUG   ( 2321): 40919514 f7fdb160 68a3eafa 681ab143 0108f104  `......hC..h....
I/DEBUG   ( 2321): 40919524 0c0cf852 f7fd1818 60a5ea5a b1136823  R.......Z..`#h..
I/DEBUG   ( 2321): 
I/DEBUG   ( 2321): code around lr:
I/DEBUG   ( 2321): 40927c08 bd7ceece 0000adf0 0000ae9c 6ac3b570  ..|.........p..j
I/DEBUG   ( 2321): 40927c18 b14b4604 ffc6f7ff b12d6ae5 f7f14628  .FK......j-.(F..
I/DEBUG   ( 2321): 40927c28 4628fc6d eea2f7ee 0048f104 ff10f7ff  m.(F......H.....
I/DEBUG   ( 2321): 40927c38 0038f104 ea42f7ef 0034f104 ee84f7ee  ..8...B...4.....
I/DEBUG   ( 2321): 40927c48 0030f104 ee80f7ee bd704620 b5f72963  ..0..... Fp.c)..
I/DEBUG   ( 2321): 
I/DEBUG   ( 2321): memory map around addr 6f542e8d:
I/DEBUG   ( 2321): 4aecc000-4afcb000 
I/DEBUG   ( 2321): (no map for address)
I/DEBUG   ( 2321): b0001000-b0009000 /system/bin/linker
I/DEBUG   ( 2321): 
I/DEBUG   ( 2321): stack:
I/DEBUG   ( 2321):     bef4f578  00000000  
I/DEBUG   ( 2321):     bef4f57c  00137820  [heap]
I/DEBUG   ( 2321):     bef4f580  401a14b0  
I/DEBUG   ( 2321):     bef4f584  4081905d  /system/lib/libdvm.so
I/DEBUG   ( 2321):     bef4f588  29f00019  
I/DEBUG   ( 2321):     bef4f58c  46178c28  
I/DEBUG   ( 2321):     bef4f590  00137820  [heap]
I/DEBUG   ( 2321):     bef4f594  00137850  [heap]
I/DEBUG   ( 2321):     bef4f598  401a14b0  
I/DEBUG   ( 2321):     bef4f59c  4081905d  /system/lib/libdvm.so
I/DEBUG   ( 2321):     bef4f5a0  29f00019  
I/DEBUG   ( 2321):     bef4f5a4  46178c28  
I/DEBUG   ( 2321):     bef4f5a8  00000000  
I/DEBUG   ( 2321):     bef4f5ac  40927c0b  /system/lib/libmedia.so
I/DEBUG   ( 2321):     bef4f5b0  df0027ad  
I/DEBUG   ( 2321):     bef4f5b4  00000000  
I/DEBUG   ( 2321): #00 bef4f5b8  00137820  [heap]
I/DEBUG   ( 2321):     bef4f5bc  6f542e61  
I/DEBUG   ( 2321):     bef4f5c0  401a14b0  
I/DEBUG   ( 2321):     bef4f5c4  40927c2b  /system/lib/libmedia.so
I/DEBUG   ( 2321): #01 bef4f5c8  00137820  [heap]
I/DEBUG   ( 2321):     bef4f5cc  0000f2c8  [heap]
I/DEBUG   ( 2321):     bef4f5d0  401a14b0  
I/DEBUG   ( 2321):     bef4f5d4  4017a1d7  /system/lib/libandroid_runtime.so
I/BootReceiver(  262): Copying /data/tombstones/tombstone_08 to DropBox (SYSTEM_TOMBSTONE)
I/ActivityManager(  262): Process com.android.phone (pid 3299) has died.
W/ActivityManager(  262): Canceling start item Intent { cmp=com.android.phone/.BluetoothHeadsetService } in service ComponentInfo{com.android.phone/com.android.phone.BluetoothHeadsetService}
W/ActivityManager(  262): Scheduling restart of crashed service com.android.phone/.BluetoothHeadsetService in 5242ms
I/WindowManager(  262): SCREENLAYOUT_SIZE (1:small, 2:normal, 3:large, 4:xlarge) 2
E/libEGL  (  262): called unimplemented OpenGL ES API
E/libEGL  (  262): called unimplemented OpenGL ES API
E/libEGL  (  262): called unimplemented OpenGL ES API
E/libEGL  (  262): called unimplemented OpenGL ES API
E/libEGL  (  262): called unimplemented OpenGL ES API
E/libEGL  (  262): called unimplemented OpenGL ES API
E/libEGL  (  262): called unimplemented OpenGL ES API
E/libEGL  (  262): called unimplemented OpenGL ES API
E/libEGL  (  262): called unimplemented OpenGL ES API
E/libEGL  (  262): called unimplemented OpenGL ES API
I/ActivityManager(  262): Start proc com.android.phone for restart com.android.phone: pid=3327 uid=1001 gids={3002, 3001, 3003, 1015}
W/WindowManager(  262): Failure taking screenshot for (180x300) to layer 21000
I/ActivityThread( 3327): Pub mms: com.android.providers.telephony.MmsProvider
I/ActivityThread( 3327): Pub sms: com.android.providers.telephony.SmsProvider
I/ActivityThread( 3327): Pub telephony: com.android.providers.telephony.TelephonyProvider
W/TelephonyProvider( 3327): onCreate: confFile=/system/etc/apns-conf.xml oldCheckSum=3358775275
W/TelephonyProvider( 3327): onCreate: newCheckSum=3358775275
I/ActivityThread( 3327): Pub icc: com.android.phone.IccProvider
I/ActivityThread( 3327): Pub mms-sms: com.android.providers.telephony.MmsSmsProvider
D/PhoneApp( 3327): non dsds PhoneApp:
D/CallManager( 3327): registerPhone(CDMA Handler (com.android.internal.telephony.PhoneProxy) {412f6488})
D/PhoneStatusBarPolicy(  369): updateSimState for subscription :0
D/PhoneStatusBarPolicy(  369): updateSimState for subscription :0
D/PhoneInterfaceManager( 3327):  Registering for UNSOL OEM HOOK Responses to deliver external apps
D/Bluetooth HS/HF( 3327): CDMA call state: IDLE prev state:IDLE
E/ToneGenerator( 3327): Unable to marshal AudioFlinger
E/ToneGenerator( 3327): ToneGenerator init failed 
F/libc    ( 3327): Fatal signal 11 (SIGSEGV) at 0x0076009e (code=1)
I/DEBUG   ( 2321): *** *** *** *** *** *** *** *** *** *** *** *** *** *** *** ***
I/DEBUG   ( 2321): Build fingerprint: 'qcom/msm8660_surf/msm8660_surf:4.0.3/IML74K/eng.joey.20120210.232528:eng/test-keys'
I/DEBUG   ( 2321): pid: 3327, tid: 3327  >>> com.android.phone <<<
I/DEBUG   ( 2321): signal 11 (SIGSEGV), code 1 (SEGV_MAPERR), fault addr 0076009e
I/DEBUG   ( 2321):  r0 00760072  r1 001a4e60  r2 001a4e30  r3 bef4f188
I/DEBUG   ( 2321):  r4 001a4e30  r5 00760072  r6 401a14b0  r7 4081905d
I/DEBUG   ( 2321):  r8 2a800019  r9 46178c28  10 00000000  fp bef4f604
I/DEBUG   ( 2321):  ip 4094d048  sp bef4f5b8  lr 40927c2b  pc 40919506  cpsr 60000030
I/DEBUG   ( 2321):  d0  662074696e692061  d1  7541206c61687369
I/DEBUG   ( 2321):  d2  000000040000036c  d3  4a54d02800000065
I/DEBUG   ( 2321):  d4  0076007200650053  d5  004d006500630069
I/DEBUG   ( 2321):  d6  00670061006e0061  d7  0000000000720065
I/DEBUG   ( 2321):  d8  0000000000000000  d9  0000000000000000
I/DEBUG   ( 2321):  d10 0000000000000000  d11 0000000000000000
I/DEBUG   ( 2321):  d12 0000000000000000  d13 0000000000000000
I/DEBUG   ( 2321):  d14 0000000000000000  d15 0000000000000000
I/DEBUG   ( 2321):  d16 3fd43d135cda918c  d17 3ffc63194c570da5
I/DEBUG   ( 2321):  d18 4000000000000000  d19 3fcce7359d4792d9
I/DEBUG   ( 2321):  d20 3f11504c292739d4  d21 bebbb371092382c4
I/DEBUG   ( 2321):  d22 3ff0000000000000  d23 3ff43d135cda918c
I/DEBUG   ( 2321):  d24 3e66376972bea4d0  d25 3fc39a09d078c69f
I/DEBUG   ( 2321):  d26 0000000000000000  d27 0000000000000000
I/DEBUG   ( 2321):  d28 0000000000000000  d29 0000000000000000
I/DEBUG   ( 2321):  d30 0000000000000000  d31 0000000000000000
I/DEBUG   ( 2321):  scr 20000012
I/DEBUG   ( 2321): 
I/DEBUG   ( 2321):          #00  pc 00037506  /system/lib/libmedia.so (_ZN7android10AudioTrackD2Ev)
I/DEBUG   ( 2321):          #01  pc 00045c26  /system/lib/libmedia.so (_ZN7android13ToneGeneratorD1Ev)
I/DEBUG   ( 2321):          #02  pc 0006e1d4  /system/lib/libandroid_runtime.so
I/DEBUG   ( 2321):          #03  pc 0001ecb0  /system/lib/libdvm.so (dvmPlatformInvoke)
I/DEBUG   ( 2321):          #04  pc 0005884a  /system/lib/libdvm.so (_Z16dvmCallJNIMethodPKjP6JValuePK6MethodP6Thread)
I/DEBUG   ( 2321): 
I/DEBUG   ( 2321): code around pc:
I/DEBUG   ( 2321): 409194e4 463b9308 f8cd9506 f7ff901c 62e0fe81  ..;F...........b
I/DEBUG   ( 2321): 409194f4 f7fe4628 4620fced e8bdb00d bf0083f0  (F.... F........
I/DEBUG   ( 2321): 40919504 6ac5b570 2d004604 f7ffd134 68a0fc89  p..j.F.-4......h
I/DEBUG   ( 2321): 40919514 f7fdb160 68a3eafa 681ab143 0108f104  `......hC..h....
I/DEBUG   ( 2321): 40919524 0c0cf852 f7fd1818 60a5ea5a b1136823  R.......Z..`#h..
I/DEBUG   ( 2321): 
I/DEBUG   ( 2321): code around lr:
I/DEBUG   ( 2321): 40927c08 bd7ceece 0000adf0 0000ae9c 6ac3b570  ..|.........p..j
I/DEBUG   ( 2321): 40927c18 b14b4604 ffc6f7ff b12d6ae5 f7f14628  .FK......j-.(F..
I/DEBUG   ( 2321): 40927c28 4628fc6d eea2f7ee 0048f104 ff10f7ff  m.(F......H.....
I/DEBUG   ( 2321): 40927c38 0038f104 ea42f7ef 0034f104 ee84f7ee  ..8...B...4.....
I/DEBUG   ( 2321): 40927c48 0030f104 ee80f7ee bd704620 b5f72963  ..0..... Fp.c)..
I/DEBUG   ( 2321): 
I/DEBUG   ( 2321): memory map around addr 0076009e:
I/DEBUG   ( 2321): 0000b000-0020f000 [heap]
I/DEBUG   ( 2321): (no map for address)
I/DEBUG   ( 2321): 10000000-10001000 
I/DEBUG   ( 2321): 
I/DEBUG   ( 2321): stack:
I/DEBUG   ( 2321):     bef4f578  00000000  
I/DEBUG   ( 2321):     bef4f57c  001a4e30  [heap]
I/DEBUG   ( 2321):     bef4f580  401a14b0  
I/DEBUG   ( 2321):     bef4f584  4081905d  /system/lib/libdvm.so
I/DEBUG   ( 2321):     bef4f588  2a800019  
I/DEBUG   ( 2321):     bef4f58c  46178c28  
I/DEBUG   ( 2321):     bef4f590  001a4e30  [heap]
I/DEBUG   ( 2321):     bef4f594  001a4e60  [heap]
I/DEBUG   ( 2321):     bef4f598  401a14b0  
I/DEBUG   ( 2321):     bef4f59c  4081905d  /system/lib/libdvm.so
I/DEBUG   ( 2321):     bef4f5a0  2a800019  
I/DEBUG   ( 2321):     bef4f5a4  46178c28  
I/DEBUG   ( 2321):     bef4f5a8  00000000  
I/DEBUG   ( 2321):     bef4f5ac  40927c0b  /system/lib/libmedia.so
I/DEBUG   ( 2321):     bef4f5b0  df0027ad  
I/DEBUG   ( 2321):     bef4f5b4  00000000  
I/DEBUG   ( 2321): #00 bef4f5b8  001a4e30  [heap]
I/DEBUG   ( 2321):     bef4f5bc  00760072  
I/DEBUG   ( 2321):     bef4f5c0  401a14b0  
I/DEBUG   ( 2321):     bef4f5c4  40927c2b  /system/lib/libmedia.so
I/DEBUG   ( 2321): #01 bef4f5c8  001a4e30  [heap]
I/DEBUG   ( 2321):     bef4f5cc  0000f2c8  [heap]
I/DEBUG   ( 2321):     bef4f5d0  401a14b0  
I/DEBUG   ( 2321):     bef4f5d4  4017a1d7  /system/lib/libandroid_runtime.so
I/BootReceiver(  262): Copying /data/tombstones/tombstone_09 to DropBox (SYSTEM_TOMBSTONE)
I/ActivityManager(  262): Process com.android.phone (pid 3327) has died.
W/ActivityManager(  262): Canceling start item Intent { cmp=com.android.phone/.BluetoothHeadsetService } in service ComponentInfo{com.android.phone/com.android.phone.BluetoothHeadsetService}
W/ActivityManager(  262): Scheduling restart of crashed service com.android.phone/.BluetoothHeadsetService in 4800ms
I/WindowManager(  262): SCREENLAYOUT_SIZE (1:small, 2:normal, 3:large, 4:xlarge) 2
E/libEGL  (  262): called unimplemented OpenGL ES API
E/libEGL  (  262): called unimplemented OpenGL ES API
E/libEGL  (  262): called unimplemented OpenGL ES API
E/libEGL  (  262): called unimplemented OpenGL ES API
E/libEGL  (  262): called unimplemented OpenGL ES API
E/libEGL  (  262): called unimplemented OpenGL ES API
E/libEGL  (  262): called unimplemented OpenGL ES API
E/libEGL  (  262): called unimplemented OpenGL ES API
E/libEGL  (  262): called unimplemented OpenGL ES API
E/libEGL  (  262): called unimplemented OpenGL ES API
I/ActivityManager(  262): Start proc com.android.phone for restart com.android.phone: pid=3349 uid=1001 gids={3002, 3001, 3003, 1015}
W/WindowManager(  262): Failure taking screenshot for (180x300) to layer 21000
I/ActivityThread( 3349): Pub mms: com.android.providers.telephony.MmsProvider
I/ActivityThread( 3349): Pub sms: com.android.providers.telephony.SmsProvider
I/ActivityThread( 3349): Pub telephony: com.android.providers.telephony.TelephonyProvider
W/TelephonyProvider( 3349): onCreate: confFile=/system/etc/apns-conf.xml oldCheckSum=3358775275
W/TelephonyProvider( 3349): onCreate: newCheckSum=3358775275
I/ActivityThread( 3349): Pub icc: com.android.phone.IccProvider
I/ActivityThread( 3349): Pub mms-sms: com.android.providers.telephony.MmsSmsProvider
D/PhoneApp( 3349): non dsds PhoneApp:
D/CallManager( 3349): registerPhone(CDMA Handler (com.android.internal.telephony.PhoneProxy) {412e27f8})
D/PhoneStatusBarPolicy(  369): updateSimState for subscription :0
D/PhoneStatusBarPolicy(  369): updateSimState for subscription :0
D/PhoneInterfaceManager( 3349):  Registering for UNSOL OEM HOOK Responses to deliver external apps
D/Bluetooth HS/HF( 3349): CDMA call state: IDLE prev state:IDLE
E/ToneGenerator( 3349): Unable to marshal AudioFlinger
E/ToneGenerator( 3349): ToneGenerator init failed 
F/libc    ( 3349): Fatal signal 11 (SIGSEGV) at 0x542f6195 (code=1)
I/DEBUG   ( 2321): *** *** *** *** *** *** *** *** *** *** *** *** *** *** *** ***
I/DEBUG   ( 2321): Build fingerprint: 'qcom/msm8660_surf/msm8660_surf:4.0.3/IML74K/eng.joey.20120210.232528:eng/test-keys'
I/DEBUG   ( 2321): pid: 3349, tid: 3349  >>> com.android.phone <<<
I/DEBUG   ( 2321): signal 11 (SIGSEGV), code 1 (SEGV_MAPERR), fault addr 542f6195
I/DEBUG   ( 2321):  r0 542f6169  r1 001a4e60  r2 001a4e30  r3 bef4f188
I/DEBUG   ( 2321):  r4 001a4e30  r5 542f6169  r6 401a14b0  r7 4081905d
I/DEBUG   ( 2321):  r8 2b900019  r9 46178c28  10 00000000  fp bef4f604
I/DEBUG   ( 2321):  ip 4094d048  sp bef4f5b8  lr 40927c2b  pc 40919506  cpsr 60000030
I/DEBUG   ( 2321):  d0  662074696e692061  d1  7541206c61687369
I/DEBUG   ( 2321):  d2  000000040000036c  d3  4a54d02800000065
I/DEBUG   ( 2321):  d4  0076007200650053  d5  004d006500630069
I/DEBUG   ( 2321):  d6  00670061006e0061  d7  0000000000720065
I/DEBUG   ( 2321):  d8  0000000000000000  d9  0000000000000000
I/DEBUG   ( 2321):  d10 0000000000000000  d11 0000000000000000
I/DEBUG   ( 2321):  d12 0000000000000000  d13 0000000000000000
I/DEBUG   ( 2321):  d14 0000000000000000  d15 0000000000000000
I/DEBUG   ( 2321):  d16 3fd43d135cda918c  d17 3ffc63194c570da5
I/DEBUG   ( 2321):  d18 4000000000000000  d19 3fcce7359d4792d9
I/DEBUG   ( 2321):  d20 3f11504c292739d4  d21 bebbb371092382c4
I/DEBUG   ( 2321):  d22 3ff0000000000000  d23 3ff43d135cda918c
I/DEBUG   ( 2321):  d24 3e66376972bea4d0  d25 3fc39a09d078c69f
I/DEBUG   ( 2321):  d26 0000000000000000  d27 0000000000000000
I/DEBUG   ( 2321):  d28 0000000000000000  d29 0000000000000000
I/DEBUG   ( 2321):  d30 0000000000000000  d31 0000000000000000
I/DEBUG   ( 2321):  scr 20000012
I/DEBUG   ( 2321): 
I/DEBUG   ( 2321):          #00  pc 00037506  /system/lib/libmedia.so (_ZN7android10AudioTrackD2Ev)
I/DEBUG   ( 2321):          #01  pc 00045c26  /system/lib/libmedia.so (_ZN7android13ToneGeneratorD1Ev)
I/DEBUG   ( 2321):          #02  pc 0006e1d4  /system/lib/libandroid_runtime.so
I/DEBUG   ( 2321):          #03  pc 0001ecb0  /system/lib/libdvm.so (dvmPlatformInvoke)
I/DEBUG   ( 2321):          #04  pc 0005884a  /system/lib/libdvm.so (_Z16dvmCallJNIMethodPKjP6JValuePK6MethodP6Thread)
I/DEBUG   ( 2321): 
I/DEBUG   ( 2321): code around pc:
I/DEBUG   ( 2321): 409194e4 463b9308 f8cd9506 f7ff901c 62e0fe81  ..;F...........b
I/DEBUG   ( 2321): 409194f4 f7fe4628 4620fced e8bdb00d bf0083f0  (F.... F........
I/DEBUG   ( 2321): 40919504 6ac5b570 2d004604 f7ffd134 68a0fc89  p..j.F.-4......h
I/DEBUG   ( 2321): 40919514 f7fdb160 68a3eafa 681ab143 0108f104  `......hC..h....
I/DEBUG   ( 2321): 40919524 0c0cf852 f7fd1818 60a5ea5a b1136823  R.......Z..`#h..
I/DEBUG   ( 2321): 
I/DEBUG   ( 2321): code around lr:
I/DEBUG   ( 2321): 40927c08 bd7ceece 0000adf0 0000ae9c 6ac3b570  ..|.........p..j
I/DEBUG   ( 2321): 40927c18 b14b4604 ffc6f7ff b12d6ae5 f7f14628  .FK......j-.(F..
I/DEBUG   ( 2321): 40927c28 4628fc6d eea2f7ee 0048f104 ff10f7ff  m.(F......H.....
I/DEBUG   ( 2321): 40927c38 0038f104 ea42f7ef 0034f104 ee84f7ee  ..8...B...4.....
I/DEBUG   ( 2321): 40927c48 0030f104 ee80f7ee bd704620 b5f72963  ..0..... Fp.c)..
I/DEBUG   ( 2321): 
I/DEBUG   ( 2321): memory map around addr 542f6195:
I/DEBUG   ( 2321): 4aecc000-4afcb000 
I/DEBUG   ( 2321): (no map for address)
I/DEBUG   ( 2321): b0001000-b0009000 /system/bin/linker
I/DEBUG   ( 2321): 
I/DEBUG   ( 2321): stack:
I/DEBUG   ( 2321):     bef4f578  00000000  
I/DEBUG   ( 2321):     bef4f57c  001a4e30  [heap]
I/DEBUG   ( 2321):     bef4f580  401a14b0  
I/DEBUG   ( 2321):     bef4f584  4081905d  /system/lib/libdvm.so
I/DEBUG   ( 2321):     bef4f588  2b900019  
I/DEBUG   ( 2321):     bef4f58c  46178c28  
I/DEBUG   ( 2321):     bef4f590  001a4e30  [heap]
I/DEBUG   ( 2321):     bef4f594  001a4e60  [heap]
I/DEBUG   ( 2321):     bef4f598  401a14b0  
I/DEBUG   ( 2321):     bef4f59c  4081905d  /system/lib/libdvm.so
I/DEBUG   ( 2321):     bef4f5a0  2b900019  
I/DEBUG   ( 2321):     bef4f5a4  46178c28  
I/DEBUG   ( 2321):     bef4f5a8  00000000  
I/DEBUG   ( 2321):     bef4f5ac  40927c0b  /system/lib/libmedia.so
I/DEBUG   ( 2321):     bef4f5b0  df0027ad  
I/DEBUG   ( 2321):     bef4f5b4  00000000  
I/DEBUG   ( 2321): #00 bef4f5b8  001a4e30  [heap]
I/DEBUG   ( 2321):     bef4f5bc  542f6169  
I/DEBUG   ( 2321):     bef4f5c0  401a14b0  
I/DEBUG   ( 2321):     bef4f5c4  40927c2b  /system/lib/libmedia.so
I/DEBUG   ( 2321): #01 bef4f5c8  001a4e30  [heap]
I/DEBUG   ( 2321):     bef4f5cc  0000f2c8  [heap]
I/DEBUG   ( 2321):     bef4f5d0  401a14b0  
I/DEBUG   ( 2321):     bef4f5d4  4017a1d7  /system/lib/libandroid_runtime.so
I/BootReceiver(  262): Copying /data/tombstones/tombstone_00 to DropBox (SYSTEM_TOMBSTONE)
I/ActivityManager(  262): Process com.android.phone (pid 3349) has died.
W/ActivityManager(  262): Canceling start item Intent { cmp=com.android.phone/.BluetoothHeadsetService } in service ComponentInfo{com.android.phone/com.android.phone.BluetoothHeadsetService}
W/ActivityManager(  262): Scheduling restart of crashed service com.android.phone/.BluetoothHeadsetService in 5042ms
I/WindowManager(  262): SCREENLAYOUT_SIZE (1:small, 2:normal, 3:large, 4:xlarge) 2
E/libEGL  (  262): called unimplemented OpenGL ES API
E/libEGL  (  262): called unimplemented OpenGL ES API
E/libEGL  (  262): called unimplemented OpenGL ES API
E/libEGL  (  262): called unimplemented OpenGL ES API
E/libEGL  (  262): called unimplemented OpenGL ES API
E/libEGL  (  262): called unimplemented OpenGL ES API
E/libEGL  (  262): called unimplemented OpenGL ES API
E/libEGL  (  262): called unimplemented OpenGL ES API
E/libEGL  (  262): called unimplemented OpenGL ES API
E/libEGL  (  262): called unimplemented OpenGL ES API
I/ActivityManager(  262): Start proc com.android.phone for restart com.android.phone: pid=3376 uid=1001 gids={3002, 3001, 3003, 1015}
W/WindowManager(  262): Failure taking screenshot for (180x300) to layer 21000
I/ActivityThread( 3376): Pub mms: com.android.providers.telephony.MmsProvider
I/ActivityThread( 3376): Pub sms: com.android.providers.telephony.SmsProvider
I/ActivityThread( 3376): Pub telephony: com.android.providers.telephony.TelephonyProvider
W/TelephonyProvider( 3376): onCreate: confFile=/system/etc/apns-conf.xml oldCheckSum=3358775275
W/TelephonyProvider( 3376): onCreate: newCheckSum=3358775275
I/ActivityThread( 3376): Pub icc: com.android.phone.IccProvider
I/ActivityThread( 3376): Pub mms-sms: com.android.providers.telephony.MmsSmsProvider
D/PhoneApp( 3376): non dsds PhoneApp:
D/CallManager( 3376): registerPhone(CDMA Handler (com.android.internal.telephony.PhoneProxy) {412c65e8})
D/PhoneStatusBarPolicy(  369): updateSimState for subscription :0
D/PhoneStatusBarPolicy(  369): updateSimState for subscription :0
D/PhoneInterfaceManager( 3376):  Registering for UNSOL OEM HOOK Responses to deliver external apps
D/Bluetooth HS/HF( 3376): CDMA call state: IDLE prev state:IDLE
E/ToneGenerator( 3376): Unable to marshal AudioFlinger
E/ToneGenerator( 3376): ToneGenerator init failed 
F/libc    ( 3376): Fatal signal 11 (SIGSEGV) at 0x0000005d (code=1)
I/DEBUG   ( 2321): *** *** *** *** *** *** *** *** *** *** *** *** *** *** *** ***
I/DEBUG   ( 2321): Build fingerprint: 'qcom/msm8660_surf/msm8660_surf:4.0.3/IML74K/eng.joey.20120210.232528:eng/test-keys'
I/DEBUG   ( 2321): pid: 3376, tid: 3376  >>> com.android.phone <<<
I/DEBUG   ( 2321): signal 11 (SIGSEGV), code 1 (SEGV_MAPERR), fault addr 0000005d
I/DEBUG   ( 2321):  r0 00000031  r1 001426c8  r2 00142698  r3 bef4f188
I/DEBUG   ( 2321):  r4 00142698  r5 00000031  r6 401a14b0  r7 4081905d
I/DEBUG   ( 2321):  r8 2c200019  r9 46178c28  10 00000000  fp bef4f604
I/DEBUG   ( 2321):  ip 4094d048  sp bef4f5b8  lr 40927c2b  pc 40919506  cpsr 60000030
