I/ActivityManager(21098): Process com.android.phone (pid 23901) has died.
W/ActivityManager(21098): Canceling start item Intent { cmp=com.android.phone/.BluetoothHeadsetService } in service ComponentInfo{com.android.phone/com.android.phone.BluetoothHeadsetService}
W/ActivityManager(21098): Scheduling restart of crashed service com.android.phone/.BluetoothHeadsetService in 5148ms
I/ActivityManager(21098): Start proc com.android.phone for restart com.android.phone: pid=23923 uid=1001 gids={3002, 3001, 3003, 1015}
D/PhoneStatusBarPolicy(21194): updateSimState for subscription :0
D/PhoneStatusBarPolicy(21194): updateSimState for subscription :0
I/BootReceiver(21098): Copying /data/tombstones/tombstone_00 to DropBox (SYSTEM_TOMBSTONE)
I/ActivityManager(21098): Process com.android.phone (pid 23923) has died.
W/ActivityManager(21098): Canceling start item Intent { cmp=com.android.phone/.BluetoothHeadsetService } in service ComponentInfo{com.android.phone/com.android.phone.BluetoothHeadsetService}
W/ActivityManager(21098): Scheduling restart of crashed service com.android.phone/.BluetoothHeadsetService in 5438ms
I/ActivityManager(21098): Start proc com.android.phone for restart com.android.phone: pid=23951 uid=1001 gids={3002, 3001, 3003, 1015}
D/PhoneStatusBarPolicy(21194): updateSimState for subscription :0
D/PhoneStatusBarPolicy(21194): updateSimState for subscription :0
I/BootReceiver(21098): Copying /data/tombstones/tombstone_01 to DropBox (SYSTEM_TOMBSTONE)
I/ActivityManager(21098): Process com.android.phone (pid 23951) has died.
W/ActivityManager(21098): Canceling start item Intent { cmp=com.android.phone/.BluetoothHeadsetService } in service ComponentInfo{com.android.phone/com.android.phone.BluetoothHeadsetService}
W/ActivityManager(21098): Scheduling restart of crashed service com.android.phone/.BluetoothHeadsetService in 4858ms
I/ActivityManager(21098): Start proc com.android.phone for restart com.android.phone: pid=23972 uid=1001 gids={3002, 3001, 3003, 1015}
D/PhoneStatusBarPolicy(21194): updateSimState for subscription :0
D/PhoneStatusBarPolicy(21194): updateSimState for subscription :0
I/BootReceiver(21098): Copying /data/tombstones/tombstone_02 to DropBox (SYSTEM_TOMBSTONE)
I/ActivityManager(21098): Process com.android.phone (pid 23972) has died.
W/ActivityManager(21098): Canceling start item Intent { cmp=com.android.phone/.BluetoothHeadsetService } in service ComponentInfo{com.android.phone/com.android.phone.BluetoothHeadsetService}
W/ActivityManager(21098): Scheduling restart of crashed service com.android.phone/.BluetoothHeadsetService in 5078ms
I/ActivityManager(21098): Start proc com.android.phone for restart com.android.phone: pid=24000 uid=1001 gids={3002, 3001, 3003, 1015}
D/PhoneStatusBarPolicy(21194): updateSimState for subscription :0
D/PhoneStatusBarPolicy(21194): updateSimState for subscription :0
I/BootReceiver(21098): Copying /data/tombstones/tombstone_03 to DropBox (SYSTEM_TOMBSTONE)
I/ActivityManager(21098): Process com.android.phone (pid 24000) has died.
W/ActivityManager(21098): Canceling start item Intent { cmp=com.android.phone/.BluetoothHeadsetService } in service ComponentInfo{com.android.phone/com.android.phone.BluetoothHeadsetService}
W/ActivityManager(21098): Scheduling restart of crashed service com.android.phone/.BluetoothHeadsetService in 4794ms
I/ActivityManager(21098): Start proc com.android.phone for restart com.android.phone: pid=24025 uid=1001 gids={3002, 3001, 3003, 1015}
D/PhoneStatusBarPolicy(21194): updateSimState for subscription :0
D/PhoneStatusBarPolicy(21194): updateSimState for subscription :0
I/BootReceiver(21098): Copying /data/tombstones/tombstone_04 to DropBox (SYSTEM_TOMBSTONE)
I/ActivityManager(21098): Process com.android.phone (pid 24025) has died.
W/ActivityManager(21098): Canceling start item Intent { cmp=com.android.phone/.BluetoothHeadsetService } in service ComponentInfo{com.android.phone/com.android.phone.BluetoothHeadsetService}
W/ActivityManager(21098): Scheduling restart of crashed service com.android.phone/.BluetoothHeadsetService in 5148ms
I/ActivityManager(21098): Start proc com.android.phone for restart com.android.phone: pid=24049 uid=1001 gids={3002, 3001, 3003, 1015}
D/PhoneStatusBarPolicy(21194): updateSimState for subscription :0
D/PhoneStatusBarPolicy(21194): updateSimState for subscription :0
I/BootReceiver(21098): Copying /data/tombstones/tombstone_05 to DropBox (SYSTEM_TOMBSTONE)
I/ActivityManager(21098): Process com.android.phone (pid 24049) has died.
W/ActivityManager(21098): Canceling start item Intent { cmp=com.android.phone/.BluetoothHeadsetService } in service ComponentInfo{com.android.phone/com.android.phone.BluetoothHeadsetService}
W/ActivityManager(21098): Scheduling restart of crashed service com.android.phone/.BluetoothHeadsetService in 5546ms
I/ActivityManager(21098): Start proc com.android.phone for restart com.android.phone: pid=24077 uid=1001 gids={3002, 3001, 3003, 1015}
D/PhoneStatusBarPolicy(21194): updateSimState for subscription :0
D/PhoneStatusBarPolicy(21194): updateSimState for subscription :0
I/BootReceiver(21098): Copying /data/tombstones/tombstone_06 to DropBox (SYSTEM_TOMBSTONE)
I/ActivityManager(21098): Process com.android.phone (pid 24077) has died.
W/ActivityManager(21098): Canceling start item Intent { cmp=com.android.phone/.BluetoothHeadsetService } in service ComponentInfo{com.android.phone/com.android.phone.BluetoothHeadsetService}
W/ActivityManager(21098): Scheduling restart of crashed service com.android.phone/.BluetoothHeadsetService in 5242ms
I/ActivityManager(21098): Start proc com.android.phone for restart com.android.phone: pid=24099 uid=1001 gids={3002, 3001, 3003, 1015}
D/PhoneStatusBarPolicy(21194): updateSimState for subscription :0
D/PhoneStatusBarPolicy(21194): updateSimState for subscription :0
I/BootReceiver(21098): Copying /data/tombstones/tombstone_07 to DropBox (SYSTEM_TOMBSTONE)
I/ActivityManager(21098): Process com.android.phone (pid 24099) has died.
W/ActivityManager(21098): Canceling start item Intent { cmp=com.android.phone/.BluetoothHeadsetService } in service ComponentInfo{com.android.phone/com.android.phone.BluetoothHeadsetService}
W/ActivityManager(21098): Scheduling restart of crashed service com.android.phone/.BluetoothHeadsetService in 5484ms
I/ActivityManager(21098): Start proc com.android.phone for restart com.android.phone: pid=24126 uid=1001 gids={3002, 3001, 3003, 1015}
D/PhoneStatusBarPolicy(21194): updateSimState for subscription :0
D/PhoneStatusBarPolicy(21194): updateSimState for subscription :0
I/BootReceiver(21098): Copying /data/tombstones/tombstone_08 to DropBox (SYSTEM_TOMBSTONE)
I/ActivityManager(21098): Process com.android.phone (pid 24126) has died.
W/ActivityManager(21098): Canceling start item Intent { cmp=com.android.phone/.BluetoothHeadsetService } in service ComponentInfo{com.android.phone/com.android.phone.BluetoothHeadsetService}
W/ActivityManager(21098): Scheduling restart of crashed service com.android.phone/.BluetoothHeadsetService in 4794ms
I/ActivityManager(21098): Start proc com.android.phone for restart com.android.phone: pid=24148 uid=1001 gids={3002, 3001, 3003, 1015}
D/PhoneStatusBarPolicy(21194): updateSimState for subscription :0
D/PhoneStatusBarPolicy(21194): updateSimState for subscription :0
I/BootReceiver(21098): Copying /data/tombstones/tombstone_09 to DropBox (SYSTEM_TOMBSTONE)
I/ActivityManager(21098): Process com.android.phone (pid 24148) has died.
W/ActivityManager(21098): Canceling start item Intent { cmp=com.android.phone/.BluetoothHeadsetService } in service ComponentInfo{com.android.phone/com.android.phone.BluetoothHeadsetService}
W/ActivityManager(21098): Scheduling restart of crashed service com.android.phone/.BluetoothHeadsetService in 5234ms
I/ActivityManager(21098): Start proc com.android.phone for restart com.android.phone: pid=24176 uid=1001 gids={3002, 3001, 3003, 1015}
D/PhoneStatusBarPolicy(21194): updateSimState for subscription :0
D/PhoneStatusBarPolicy(21194): updateSimState for subscription :0
I/BootReceiver(21098): Copying /data/tombstones/tombstone_00 to DropBox (SYSTEM_TOMBSTONE)
I/ActivityManager(21098): Process com.android.phone (pid 24176) has died.
W/ActivityManager(21098): Canceling start item Intent { cmp=com.android.phone/.BluetoothHeadsetService } in service ComponentInfo{com.android.phone/com.android.phone.BluetoothHeadsetService}
W/ActivityManager(21098): Scheduling restart of crashed service com.android.phone/.BluetoothHeadsetService in 5664ms
I/ActivityManager(21098): Start proc com.android.phone for restart com.android.phone: pid=24203 uid=1001 gids={3002, 3001, 3003, 1015}
D/PhoneStatusBarPolicy(21194): updateSimState for subscription :0
D/PhoneStatusBarPolicy(21194): updateSimState for subscription :0
I/BootReceiver(21098): Copying /data/tombstones/tombstone_01 to DropBox (SYSTEM_TOMBSTONE)
I/ActivityManager(21098): Process com.android.phone (pid 24203) has died.
W/ActivityManager(21098): Canceling start item Intent { cmp=com.android.phone/.BluetoothHeadsetService } in service ComponentInfo{com.android.phone/com.android.phone.BluetoothHeadsetService}
W/ActivityManager(21098): Scheduling restart of crashed service com.android.phone/.BluetoothHeadsetService in 5320ms
I/ActivityManager(21098): Start proc com.android.phone for restart com.android.phone: pid=24227 uid=1001 gids={3002, 3001, 3003, 1015}
D/PhoneStatusBarPolicy(21194): updateSimState for subscription :0
D/PhoneStatusBarPolicy(21194): updateSimState for subscription :0
I/BootReceiver(21098): Copying /data/tombstones/tombstone_02 to DropBox (SYSTEM_TOMBSTONE)
I/ActivityManager(21098): Process com.android.phone (pid 24227) has died.
W/ActivityManager(21098): Canceling start item Intent { cmp=com.android.phone/.BluetoothHeadsetService } in service ComponentInfo{com.android.phone/com.android.phone.BluetoothHeadsetService}
W/ActivityManager(21098): Scheduling restart of crashed service com.android.phone/.BluetoothHeadsetService in 5432ms
I/ActivityManager(21098): Start proc com.android.phone for restart com.android.phone: pid=24254 uid=1001 gids={3002, 3001, 3003, 1015}
D/PhoneStatusBarPolicy(21194): updateSimState for subscription :0
D/PhoneStatusBarPolicy(21194): updateSimState for subscription :0
I/BootReceiver(21098): Copying /data/tombstones/tombstone_03 to DropBox (SYSTEM_TOMBSTONE)
I/ActivityManager(21098): Process com.android.phone (pid 24254) has died.
W/ActivityManager(21098): Canceling start item Intent { cmp=com.android.phone/.BluetoothHeadsetService } in service ComponentInfo{com.android.phone/com.android.phone.BluetoothHeadsetService}
W/ActivityManager(21098): Scheduling restart of crashed service com.android.phone/.BluetoothHeadsetService in 5250ms
I/ActivityManager(21098): Start proc com.android.phone for restart com.android.phone: pid=24276 uid=1001 gids={3002, 3001, 3003, 1015}
D/PhoneStatusBarPolicy(21194): updateSimState for subscription :0
D/PhoneStatusBarPolicy(21194): updateSimState for subscription :0
I/BootReceiver(21098): Copying /data/tombstones/tombstone_04 to DropBox (SYSTEM_TOMBSTONE)
I/ActivityManager(21098): Process com.android.phone (pid 24276) has died.
W/ActivityManager(21098): Canceling start item Intent { cmp=com.android.phone/.BluetoothHeadsetService } in service ComponentInfo{com.android.phone/com.android.phone.BluetoothHeadsetService}
W/ActivityManager(21098): Scheduling restart of crashed service com.android.phone/.BluetoothHeadsetService in 5344ms
I/ActivityManager(21098): Start proc com.android.phone for restart com.android.phone: pid=24304 uid=1001 gids={3002, 3001, 3003, 1015}
D/PhoneStatusBarPolicy(21194): updateSimState for subscription :0
D/PhoneStatusBarPolicy(21194): updateSimState for subscription :0
I/BootReceiver(21098): Copying /data/tombstones/tombstone_05 to DropBox (SYSTEM_TOMBSTONE)
I/ActivityManager(21098): Process com.android.phone (pid 24304) has died.
W/ActivityManager(21098): Canceling start item Intent { cmp=com.android.phone/.BluetoothHeadsetService } in service ComponentInfo{com.android.phone/com.android.phone.BluetoothHeadsetService}
W/ActivityManager(21098): Scheduling restart of crashed service com.android.phone/.BluetoothHeadsetService in 5456ms
I/ActivityManager(21098): Start proc com.android.phone for restart com.android.phone: pid=24329 uid=1001 gids={3002, 3001, 3003, 1015}
D/PhoneStatusBarPolicy(21194): updateSimState for subscription :0
D/PhoneStatusBarPolicy(21194): updateSimState for subscription :0
I/BootReceiver(21098): Copying /data/tombstones/tombstone_06 to DropBox (SYSTEM_TOMBSTONE)
I/ActivityManager(21098): Process com.android.phone (pid 24329) has died.
W/ActivityManager(21098): Canceling start item Intent { cmp=com.android.phone/.BluetoothHeadsetService } in service ComponentInfo{com.android.phone/com.android.phone.BluetoothHeadsetService}
W/ActivityManager(21098): Scheduling restart of crashed service com.android.phone/.BluetoothHeadsetService in 5416ms
I/ActivityManager(21098): Start proc com.android.phone for restart com.android.phone: pid=24353 uid=1001 gids={3002, 3001, 3003, 1015}
D/PhoneStatusBarPolicy(21194): updateSimState for subscription :0
D/PhoneStatusBarPolicy(21194): updateSimState for subscription :0
I/BootReceiver(21098): Copying /data/tombstones/tombstone_07 to DropBox (SYSTEM_TOMBSTONE)
I/ActivityManager(21098): Process com.android.phone (pid 24353) has died.
W/ActivityManager(21098): Canceling start item Intent { cmp=com.android.phone/.BluetoothHeadsetService } in service ComponentInfo{com.android.phone/com.android.phone.BluetoothHeadsetService}
W/ActivityManager(21098): Scheduling restart of crashed service com.android.phone/.BluetoothHeadsetService in 5278ms
I/ActivityManager(21098): Start proc com.android.phone for restart com.android.phone: pid=24380 uid=1001 gids={3002, 3001, 3003, 1015}
D/PhoneStatusBarPolicy(21194): updateSimState for subscription :0
D/PhoneStatusBarPolicy(21194): updateSimState for subscription :0
I/BootReceiver(21098): Copying /data/tombstones/tombstone_08 to DropBox (SYSTEM_TOMBSTONE)
I/ActivityManager(21098): Process com.android.phone (pid 24380) has died.
W/ActivityManager(21098): Canceling start item Intent { cmp=com.android.phone/.BluetoothHeadsetService } in service ComponentInfo{com.android.phone/com.android.phone.BluetoothHeadsetService}
W/ActivityManager(21098): Scheduling restart of crashed service com.android.phone/.BluetoothHeadsetService in 5322ms
I/ActivityManager(21098): Start proc com.android.phone for restart com.android.phone: pid=24402 uid=1001 gids={3002, 3001, 3003, 1015}
D/PhoneStatusBarPolicy(21194): updateSimState for subscription :0
D/PhoneStatusBarPolicy(21194): updateSimState for subscription :0
I/BootReceiver(21098): Copying /data/tombstones/tombstone_09 to DropBox (SYSTEM_TOMBSTONE)
I/ActivityManager(21098): Process com.android.phone (pid 24402) has died.
W/ActivityManager(21098): Canceling start item Intent { cmp=com.android.phone/.BluetoothHeadsetService } in service ComponentInfo{com.android.phone/com.android.phone.BluetoothHeadsetService}
W/ActivityManager(21098): Scheduling restart of crashed service com.android.phone/.BluetoothHeadsetService in 5486ms
I/ActivityManager(21098): Start proc com.android.phone for restart com.android.phone: pid=24430 uid=1001 gids={3002, 3001, 3003, 1015}
D/PhoneStatusBarPolicy(21194): updateSimState for subscription :0
D/PhoneStatusBarPolicy(21194): updateSimState for subscription :0
I/BootReceiver(21098): Copying /data/tombstones/tombstone_00 to DropBox (SYSTEM_TOMBSTONE)
I/ActivityManager(21098): Process com.android.phone (pid 24430) has died.
W/ActivityManager(21098): Canceling start item Intent { cmp=com.android.phone/.BluetoothHeadsetService } in service ComponentInfo{com.android.phone/com.android.phone.BluetoothHeadsetService}
W/ActivityManager(21098): Scheduling restart of crashed service com.android.phone/.BluetoothHeadsetService in 5336ms
I/ActivityManager(21098): Start proc com.android.phone for restart com.android.phone: pid=24455 uid=1001 gids={3002, 3001, 3003, 1015}
D/PhoneStatusBarPolicy(21194): updateSimState for subscription :0
D/PhoneStatusBarPolicy(21194): updateSimState for subscription :0
I/BootReceiver(21098): Copying /data/tombstones/tombstone_01 to DropBox (SYSTEM_TOMBSTONE)
I/ActivityManager(21098): Process com.android.phone (pid 24455) has died.
W/ActivityManager(21098): Canceling start item Intent { cmp=com.android.phone/.BluetoothHeadsetService } in service ComponentInfo{com.android.phone/com.android.phone.BluetoothHeadsetService}
W/ActivityManager(21098): Scheduling restart of crashed service com.android.phone/.BluetoothHeadsetService in 5680ms
I/ActivityManager(21098): Start proc com.android.phone for restart com.android.phone: pid=24480 uid=1001 gids={3002, 3001, 3003, 1015}
D/PhoneStatusBarPolicy(21194): updateSimState for subscription :0
D/PhoneStatusBarPolicy(21194): updateSimState for subscription :0
I/BootReceiver(21098): Copying /data/tombstones/tombstone_02 to DropBox (SYSTEM_TOMBSTONE)
I/ActivityManager(21098): Process com.android.phone (pid 24480) has died.
W/ActivityManager(21098): Canceling start item Intent { cmp=com.android.phone/.BluetoothHeadsetService } in service ComponentInfo{com.android.phone/com.android.phone.BluetoothHeadsetService}
W/ActivityManager(21098): Scheduling restart of crashed service com.android.phone/.BluetoothHeadsetService in 4900ms
I/ActivityManager(21098): Start proc com.android.phone for restart com.android.phone: pid=24507 uid=1001 gids={3002, 3001, 3003, 1015}
D/PhoneStatusBarPolicy(21194): updateSimState for subscription :0
D/PhoneStatusBarPolicy(21194): updateSimState for subscription :0
I/BootReceiver(21098): Copying /data/tombstones/tombstone_03 to DropBox (SYSTEM_TOMBSTONE)
I/ActivityManager(21098): Process com.android.phone (pid 24507) has died.
W/ActivityManager(21098): Canceling start item Intent { cmp=com.android.phone/.BluetoothHeadsetService } in service ComponentInfo{com.android.phone/com.android.phone.BluetoothHeadsetService}
W/ActivityManager(21098): Scheduling restart of crashed service com.android.phone/.BluetoothHeadsetService in 4796ms
I/ActivityManager(21098): Start proc com.android.phone for restart com.android.phone: pid=24529 uid=1001 gids={3002, 3001, 3003, 1015}
D/PhoneStatusBarPolicy(21194): updateSimState for subscription :0
D/PhoneStatusBarPolicy(21194): updateSimState for subscription :0
I/BootReceiver(21098): Copying /data/tombstones/tombstone_04 to DropBox (SYSTEM_TOMBSTONE)
I/ActivityManager(21098): Process com.android.phone (pid 24529) has died.
W/ActivityManager(21098): Canceling start item Intent { cmp=com.android.phone/.BluetoothHeadsetService } in service ComponentInfo{com.android.phone/com.android.phone.BluetoothHeadsetService}
W/ActivityManager(21098): Scheduling restart of crashed service com.android.phone/.BluetoothHeadsetService in 5120ms
I/ActivityManager(21098): Start proc com.android.phone for restart com.android.phone: pid=24557 uid=1001 gids={3002, 3001, 3003, 1015}
D/PhoneStatusBarPolicy(21194): updateSimState for subscription :0
D/PhoneStatusBarPolicy(21194): updateSimState for subscription :0
I/BootReceiver(21098): Copying /data/tombstones/tombstone_05 to DropBox (SYSTEM_TOMBSTONE)
I/ActivityManager(21098): Process com.android.phone (pid 24557) has died.
W/ActivityManager(21098): Canceling start item Intent { cmp=com.android.phone/.BluetoothHeadsetService } in service ComponentInfo{com.android.phone/com.android.phone.BluetoothHeadsetService}
W/ActivityManager(21098): Scheduling restart of crashed service com.android.phone/.BluetoothHeadsetService in 5422ms
I/ActivityManager(21098): Start proc com.android.phone for restart com.android.phone: pid=24578 uid=1001 gids={3002, 3001, 3003, 1015}
D/PhoneStatusBarPolicy(21194): updateSimState for subscription :0
D/PhoneStatusBarPolicy(21194): updateSimState for subscription :0
I/BootReceiver(21098): Copying /data/tombstones/tombstone_06 to DropBox (SYSTEM_TOMBSTONE)
I/ActivityManager(21098): Process com.android.phone (pid 24578) has died.
W/ActivityManager(21098): Canceling start item Intent { cmp=com.android.phone/.BluetoothHeadsetService } in service ComponentInfo{com.android.phone/com.android.phone.BluetoothHeadsetService}
W/ActivityManager(21098): Scheduling restart of crashed service com.android.phone/.BluetoothHeadsetService in 5270ms
I/ActivityManager(21098): Start proc com.android.phone for restart com.android.phone: pid=24607 uid=1001 gids={3002, 3001, 3003, 1015}
D/PhoneStatusBarPolicy(21194): updateSimState for subscription :0
D/PhoneStatusBarPolicy(21194): updateSimState for subscription :0
I/BootReceiver(21098): Copying /data/tombstones/tombstone_07 to DropBox (SYSTEM_TOMBSTONE)
I/ActivityManager(21098): Process com.android.phone (pid 24607) has died.
W/ActivityManager(21098): Canceling start item Intent { cmp=com.android.phone/.BluetoothHeadsetService } in service ComponentInfo{com.android.phone/com.android.phone.BluetoothHeadsetService}
W/ActivityManager(21098): Scheduling restart of crashed service com.android.phone/.BluetoothHeadsetService in 4788ms
I/ActivityManager(21098): Start proc com.android.phone for restart com.android.phone: pid=24632 uid=1001 gids={3002, 3001, 3003, 1015}
D/PhoneStatusBarPolicy(21194): updateSimState for subscription :0
D/PhoneStatusBarPolicy(21194): updateSimState for subscription :0
I/BootReceiver(21098): Copying /data/tombstones/tombstone_08 to DropBox (SYSTEM_TOMBSTONE)
I/ActivityManager(21098): Process com.android.phone (pid 24632) has died.
W/ActivityManager(21098): Canceling start item Intent { cmp=com.android.phone/.BluetoothHeadsetService } in service ComponentInfo{com.android.phone/com.android.phone.BluetoothHeadsetService}
W/ActivityManager(21098): Scheduling restart of crashed service com.android.phone/.BluetoothHeadsetService in 5472ms
I/ActivityManager(21098): Start proc com.android.phone for restart com.android.phone: pid=24656 uid=1001 gids={3002, 3001, 3003, 1015}
D/PhoneStatusBarPolicy(21194): updateSimState for subscription :0
D/PhoneStatusBarPolicy(21194): updateSimState for subscription :0
I/BootReceiver(21098): Copying /data/tombstones/tombstone_09 to DropBox (SYSTEM_TOMBSTONE)
I/ActivityManager(21098): Process com.android.phone (pid 24656) has died.
W/ActivityManager(21098): Canceling start item Intent { cmp=com.android.phone/.BluetoothHeadsetService } in service ComponentInfo{com.android.phone/com.android.phone.BluetoothHeadsetService}
W/ActivityManager(21098): Scheduling restart of crashed service com.android.phone/.BluetoothHeadsetService in 5398ms
I/ActivityManager(21098): Start proc com.android.phone for restart com.android.phone: pid=24683 uid=1001 gids={3002, 3001, 3003, 1015}
D/PhoneStatusBarPolicy(21194): updateSimState for subscription :0
D/PhoneStatusBarPolicy(21194): updateSimState for subscription :0
I/BootReceiver(21098): Copying /data/tombstones/tombstone_00 to DropBox (SYSTEM_TOMBSTONE)
I/ActivityManager(21098): Process com.android.phone (pid 24683) has died.
W/ActivityManager(21098): Canceling start item Intent { cmp=com.android.phone/.BluetoothHeadsetService } in service ComponentInfo{com.android.phone/com.android.phone.BluetoothHeadsetService}
W/ActivityManager(21098): Scheduling restart of crashed service com.android.phone/.BluetoothHeadsetService in 5480ms
I/ActivityManager(21098): Start proc com.android.phone for restart com.android.phone: pid=24705 uid=1001 gids={3002, 3001, 3003, 1015}
D/PhoneStatusBarPolicy(21194): updateSimState for subscription :0
D/PhoneStatusBarPolicy(21194): updateSimState for subscription :0
I/BootReceiver(21098): Copying /data/tombstones/tombstone_01 to DropBox (SYSTEM_TOMBSTONE)
I/ActivityManager(21098): Process com.android.phone (pid 24705) has died.
W/ActivityManager(21098): Canceling start item Intent { cmp=com.android.phone/.BluetoothHeadsetService } in service ComponentInfo{com.android.phone/com.android.phone.BluetoothHeadsetService}
W/ActivityManager(21098): Scheduling restart of crashed service com.android.phone/.BluetoothHeadsetService in 4864ms
I/ActivityManager(21098): Start proc com.android.phone for restart com.android.phone: pid=24733 uid=1001 gids={3002, 3001, 3003, 1015}
D/PhoneStatusBarPolicy(21194): updateSimState for subscription :0
D/PhoneStatusBarPolicy(21194): updateSimState for subscription :0
I/BootReceiver(21098): Copying /data/tombstones/tombstone_02 to DropBox (SYSTEM_TOMBSTONE)
I/ActivityManager(21098): Process com.android.phone (pid 24733) has died.
W/ActivityManager(21098): Canceling start item Intent { cmp=com.android.phone/.BluetoothHeadsetService } in service ComponentInfo{com.android.phone/com.android.phone.BluetoothHeadsetService}
W/ActivityManager(21098): Scheduling restart of crashed service com.android.phone/.BluetoothHeadsetService in 5194ms
I/ActivityManager(21098): Start proc com.android.phone for restart com.android.phone: pid=24758 uid=1001 gids={3002, 3001, 3003, 1015}
D/PhoneStatusBarPolicy(21194): updateSimState for subscription :0
D/PhoneStatusBarPolicy(21194): updateSimState for subscription :0
--------- beginning of /dev/log/main
I/DEBUG   (23401): 
I/DEBUG   (23401): code around pc:
I/DEBUG   (23401): 409194e4 463b9308 f8cd9506 f7ff901c 62e0fe81  ..;F...........b
I/DEBUG   (23401): 409194f4 f7fe4628 4620fced e8bdb00d bf0083f0  (F.... F........
I/DEBUG   (23401): 40919504 6ac5b570 2d004604 f7ffd134 68a0fc89  p..j.F.-4......h
I/DEBUG   (23401): 40919514 f7fdb160 68a3eafa 681ab143 0108f104  `......hC..h....
I/DEBUG   (23401): 40919524 0c0cf852 f7fd1818 60a5ea5a b1136823  R.......Z..`#h..
I/DEBUG   (23401): 
I/DEBUG   (23401): code around lr:
I/DEBUG   (23401): 40927c08 bd7ceece 0000adf0 0000ae9c 6ac3b570  ..|.........p..j
I/DEBUG   (23401): 40927c18 b14b4604 ffc6f7ff b12d6ae5 f7f14628  .FK......j-.(F..
I/DEBUG   (23401): 40927c28 4628fc6d eea2f7ee 0048f104 ff10f7ff  m.(F......H.....
I/DEBUG   (23401): 40927c38 0038f104 ea42f7ef 0034f104 ee84f7ee  ..8...B...4.....
I/DEBUG   (23401): 40927c48 0030f104 ee80f7ee bd704620 b5f72963  ..0..... Fp.c)..
I/DEBUG   (23401): 
I/DEBUG   (23401): memory map around addr 0076009e:
I/DEBUG   (23401): 0000b000-00210000 [heap]
I/DEBUG   (23401): (no map for address)
I/DEBUG   (23401): 10000000-10001000 
I/DEBUG   (23401): 
I/DEBUG   (23401): stack:
I/DEBUG   (23401):     beb88578  00000000  
I/DEBUG   (23401):     beb8857c  001449e0  [heap]
I/DEBUG   (23401):     beb88580  401a14b0  
I/DEBUG   (23401):     beb88584  4081905d  /system/lib/libdvm.so
I/DEBUG   (23401):     beb88588  3e000019  
I/DEBUG   (23401):     beb8858c  46178c28  
I/DEBUG   (23401):     beb88590  001449e0  [heap]
I/DEBUG   (23401):     beb88594  00144a10  [heap]
I/DEBUG   (23401):     beb88598  401a14b0  
I/DEBUG   (23401):     beb8859c  4081905d  /system/lib/libdvm.so
I/DEBUG   (23401):     beb885a0  3e000019  
I/DEBUG   (23401):     beb885a4  46178c28  
I/DEBUG   (23401):     beb885a8  00000000  
I/DEBUG   (23401):     beb885ac  40927c0b  /system/lib/libmedia.so
I/DEBUG   (23401):     beb885b0  df0027ad  
I/DEBUG   (23401):     beb885b4  00000000  
I/DEBUG   (23401): #00 beb885b8  001449e0  [heap]
I/DEBUG   (23401):     beb885bc  00760072  
I/DEBUG   (23401):     beb885c0  401a14b0  
I/DEBUG   (23401):     beb885c4  40927c2b  /system/lib/libmedia.so
I/DEBUG   (23401): #01 beb885c8  001449e0  [heap]
I/DEBUG   (23401):     beb885cc  0000f2c8  [heap]
I/DEBUG   (23401):     beb885d0  401a14b0  
I/DEBUG   (23401):     beb885d4  4017a1d7  /system/lib/libandroid_runtime.so
I/BootReceiver(21098): Copying /data/tombstones/tombstone_03 to DropBox (SYSTEM_TOMBSTONE)
I/ActivityManager(21098): Process com.android.phone (pid 24758) has died.
W/ActivityManager(21098): Canceling start item Intent { cmp=com.android.phone/.BluetoothHeadsetService } in service ComponentInfo{com.android.phone/com.android.phone.BluetoothHeadsetService}
W/ActivityManager(21098): Scheduling restart of crashed service com.android.phone/.BluetoothHeadsetService in 5300ms
I/WindowManager(21098): SCREENLAYOUT_SIZE (1:small, 2:normal, 3:large, 4:xlarge) 2
I/ActivityManager(21098): Start proc com.android.phone for restart com.android.phone: pid=24782 uid=1001 gids={3002, 3001, 3003, 1015}
I/ActivityThread(24782): Pub mms: com.android.providers.telephony.MmsProvider
I/ActivityThread(24782): Pub sms: com.android.providers.telephony.SmsProvider
I/ActivityThread(24782): Pub telephony: com.android.providers.telephony.TelephonyProvider
W/TelephonyProvider(24782): onCreate: confFile=/system/etc/apns-conf.xml oldCheckSum=3358775275
W/TelephonyProvider(24782): onCreate: newCheckSum=3358775275
I/ActivityThread(24782): Pub icc: com.android.phone.IccProvider
I/ActivityThread(24782): Pub mms-sms: com.android.providers.telephony.MmsSmsProvider
D/PhoneApp(24782): non dsds PhoneApp:
D/CallManager(24782): registerPhone(CDMA Handler (com.android.internal.telephony.PhoneProxy) {412e4e08})
D/PhoneStatusBarPolicy(21194): updateSimState for subscription :0
D/PhoneInterfaceManager(24782):  Registering for UNSOL OEM HOOK Responses to deliver external apps
D/PhoneStatusBarPolicy(21194): updateSimState for subscription :0
D/Bluetooth HS/HF(24782): CDMA call state: IDLE prev state:IDLE
E/ToneGenerator(24782): Unable to marshal AudioFlinger
E/ToneGenerator(24782): ToneGenerator init failed 
F/libc    (24782): Fatal signal 11 (SIGSEGV) at 0x0000000c (code=1)
I/DEBUG   (23401): *** *** *** *** *** *** *** *** *** *** *** *** *** *** *** ***
I/DEBUG   (23401): Build fingerprint: 'qcom/msm8660_surf/msm8660_surf:4.0.3/IML74K/eng.joey.20120210.232528:eng/test-keys'
I/DEBUG   (23401): pid: 24782, tid: 24782  >>> com.android.phone <<<
I/DEBUG   (23401): signal 11 (SIGSEGV), code 1 (SEGV_MAPERR), fault addr 0000000c
I/DEBUG   (23401):  r0 4004c518  r1 4004c518  r2 00000018  r3 001aa7e0
I/DEBUG   (23401):  r4 4004c518  r5 0013ee10  r6 401a14b0  r7 4081905d
I/DEBUG   (23401):  r8 3e900019  r9 46178c28  10 00000000  fp beb88604
I/DEBUG   (23401):  ip 00000002  sp beb885b0  lr 40919589  pc 40917ee0  cpsr 20000030
I/DEBUG   (23401):  d0  662074696e692061  d1  7541206c61687369
I/DEBUG   (23401):  d2  000000040000036c  d3  4a54d02800000065
I/DEBUG   (23401):  d4  006f006900640075  d5  0069006c006f0050
I/DEBUG   (23401):  d6  0065005300790063  d7  0063006900760072
I/DEBUG   (23401):  d8  0000000000000000  d9  0000000000000000
I/DEBUG   (23401):  d10 0000000000000000  d11 0000000000000000
I/DEBUG   (23401):  d12 0000000000000000  d13 0000000000000000
I/DEBUG   (23401):  d14 0000000000000000  d15 0000000000000000
I/DEBUG   (23401):  d16 3fd43d135cda918c  d17 3ffc63194c570da5
I/DEBUG   (23401):  d18 4000000000000000  d19 3fcce7359d4792d9
I/DEBUG   (23401):  d20 3f11504c292739d4  d21 bebbb371092382c4
I/DEBUG   (23401):  d22 3ff0000000000000  d23 3ff43d135cda918c
I/DEBUG   (23401):  d24 3e66376972bea4d0  d25 3fc39a09d078c69f
I/DEBUG   (23401):  d26 0000000000000000  d27 0000000000000000
I/DEBUG   (23401):  d28 0000000000000000  d29 0000000000000000
I/DEBUG   (23401):  d30 0000000000000000  d31 0000000000000000
I/DEBUG   (23401):  scr 20000012
I/DEBUG   (23401): 
I/DEBUG   (23401):          #00  pc 00035ee0  /system/lib/libmedia.so (_ZN7android2spINS_11IAudioTrackEED1Ev)
I/DEBUG   (23401):          #01  pc 00037584  /system/lib/libmedia.so (_ZN7android10AudioTrackD2Ev)
I/DEBUG   (23401):          #02  pc 00045c26  /system/lib/libmedia.so (_ZN7android13ToneGeneratorD1Ev)
I/DEBUG   (23401):          #03  pc 0006e1d4  /system/lib/libandroid_runtime.so
I/DEBUG   (23401):          #04  pc 0001ecb0  /system/lib/libdvm.so (dvmPlatformInvoke)
I/DEBUG   (23401):          #05  pc 0005884a  /system/lib/libdvm.so (_Z16dvmCallJNIMethodPKjP6JValuePK6MethodP6Thread)
I/DEBUG   (23401): 
I/DEBUG   (23401): code around pc:
I/DEBUG   (23401): 40917ec0 60810312 648162c3 0078f100 ed82f7fe  ...`.b.d..x.....
I/DEBUG   (23401): 40917ed0 bd104620 6803b510 b1334604 4621681a   F.....h.F3..h!F
I/DEBUG   (23401): 40917ee0 0c0cf852 f7fe1818 4620ed7c bf00bd10  R.......|. F....
I/DEBUG   (23401): 40917ef0 6803b510 b1434604 4621681a 0c0cf852  ...h.FC..h!FR...
I/DEBUG   (23401): 40917f00 f7fe1818 2300ed6e bd106023 680db570  ....n..##`..p..h
I/DEBUG   (23401): 
I/DEBUG   (23401): code around lr:
I/DEBUG   (23401): 40919568 f7fd66e0 f7fdeadc 6f20eae0 fe8ef005  .f........ o....
I/DEBUG   (23401): 40919578 0078f104 e9e8f7fd 0048f104 fca6f7fe  ..x.......H.....
I/DEBUG   (23401): 40919588 0008f104 fca2f7fe f7fe1d20 4620fc9f  ........ ..... F
I/DEBUG   (23401): 40919598 fc9cf7fe bd704620 00017cf2 00017eeb  .... Fp..|...~..
I/DEBUG   (23401): 409195a8 ac01b537 46204605 eac4f7fd 46202101  7....F F.....! F
I/DEBUG   (23401): 
I/DEBUG   (23401): stack:
I/DEBUG   (23401):     beb88570  40826491  /system/lib/libdvm.so
I/DEBUG   (23401):     beb88574  3e900019  
I/DEBUG   (23401):     beb88578  00000000  
I/DEBUG   (23401):     beb8857c  001448d8  [heap]
I/DEBUG   (23401):     beb88580  401a14b0  
I/DEBUG   (23401):     beb88584  4081905d  /system/lib/libdvm.so
I/DEBUG   (23401):     beb88588  3e900019  
I/DEBUG   (23401):     beb8858c  46178c28  
I/DEBUG   (23401):     beb88590  001448d8  [heap]
I/DEBUG   (23401):     beb88594  00144908  [heap]
I/DEBUG   (23401):     beb88598  401a14b0  
I/DEBUG   (23401):     beb8859c  4004c548  
I/DEBUG   (23401):     beb885a0  0013ee10  [heap]
I/DEBUG   (23401):     beb885a4  401a14b0  
I/DEBUG   (23401):     beb885a8  df0027ad  
I/DEBUG   (23401):     beb885ac  00000000  
I/DEBUG   (23401): #00 beb885b0  4004c4d0  
I/DEBUG   (23401):     beb885b4  40919589  /system/lib/libmedia.so
I/DEBUG   (23401): #01 beb885b8  001448d8  [heap]
I/DEBUG   (23401):     beb885bc  4004c4d0  
I/DEBUG   (23401):     beb885c0  401a14b0  
I/DEBUG   (23401):     beb885c4  40927c2b  /system/lib/libmedia.so
I/DEBUG   (23401): debuggerd committing suicide to free the zombie!
I/DEBUG   (24809): debuggerd: Feb  8 2012 22:22:03
I/BootReceiver(21098): Copying /data/tombstones/tombstone_04 to DropBox (SYSTEM_TOMBSTONE)
I/ActivityManager(21098): Process com.android.phone (pid 24782) has died.
W/ActivityManager(21098): Canceling start item Intent { cmp=com.android.phone/.BluetoothHeadsetService } in service ComponentInfo{com.android.phone/com.android.phone.BluetoothHeadsetService}
W/ActivityManager(21098): Scheduling restart of crashed service com.android.phone/.BluetoothHeadsetService in 5188ms
I/WindowManager(21098): SCREENLAYOUT_SIZE (1:small, 2:normal, 3:large, 4:xlarge) 2
I/ActivityManager(21098): Start proc com.android.phone for restart com.android.phone: pid=24811 uid=1001 gids={3002, 3001, 3003, 1015}
I/ActivityThread(24811): Pub mms: com.android.providers.telephony.MmsProvider
I/ActivityThread(24811): Pub sms: com.android.providers.telephony.SmsProvider
I/ActivityThread(24811): Pub telephony: com.android.providers.telephony.TelephonyProvider
W/TelephonyProvider(24811): onCreate: confFile=/system/etc/apns-conf.xml oldCheckSum=3358775275
W/TelephonyProvider(24811): onCreate: newCheckSum=3358775275
I/ActivityThread(24811): Pub icc: com.android.phone.IccProvider
I/ActivityThread(24811): Pub mms-sms: com.android.providers.telephony.MmsSmsProvider
D/PhoneApp(24811): non dsds PhoneApp:
D/PhoneStatusBarPolicy(21194): updateSimState for subscription :0
D/CallManager(24811): registerPhone(CDMA Handler (com.android.internal.telephony.PhoneProxy) {412c7350})
D/PhoneStatusBarPolicy(21194): updateSimState for subscription :0
D/PhoneInterfaceManager(24811):  Registering for UNSOL OEM HOOK Responses to deliver external apps
D/Bluetooth HS/HF(24811): CDMA call state: IDLE prev state:IDLE
E/ToneGenerator(24811): Unable to marshal AudioFlinger
E/ToneGenerator(24811): ToneGenerator init failed 
F/libc    (24811): Fatal signal 11 (SIGSEGV) at 0x004d0091 (code=1)
I/DEBUG   (24809): *** *** *** *** *** *** *** *** *** *** *** *** *** *** *** ***
I/DEBUG   (24809): Build fingerprint: 'qcom/msm8660_surf/msm8660_surf:4.0.3/IML74K/eng.joey.20120210.232528:eng/test-keys'
I/DEBUG   (24809): pid: 24811, tid: 24811  >>> com.android.phone <<<
I/DEBUG   (24809): signal 11 (SIGSEGV), code 1 (SEGV_MAPERR), fault addr 004d0091
I/DEBUG   (24809):  r0 004d0065  r1 001aa778  r2 001aa748  r3 beb88188
I/DEBUG   (24809):  r4 001aa748  r5 004d0065  r6 401a14b0  r7 4081905d
I/DEBUG   (24809):  r8 3fc00019  r9 46178c28  10 00000000  fp beb88604
I/DEBUG   (24809):  ip 4094d048  sp beb885b8  lr 40927c2b  pc 40919506  cpsr 60000030
I/DEBUG   (24809):  d0  662074696e692061  d1  7541206c61687369
I/DEBUG   (24809):  d2  000000040000036c  d3  4a54d02800000065
I/DEBUG   (24809):  d4  0076007200650053  d5  004d006500630069
I/DEBUG   (24809):  d6  00670061006e0061  d7  0000000000720065
I/DEBUG   (24809):  d8  0000000000000000  d9  0000000000000000
I/DEBUG   (24809):  d10 0000000000000000  d11 0000000000000000
I/DEBUG   (24809):  d12 0000000000000000  d13 0000000000000000
I/DEBUG   (24809):  d14 0000000000000000  d15 0000000000000000
I/DEBUG   (24809):  d16 3fd43d135cda918c  d17 3ffc63194c570da5
I/DEBUG   (24809):  d18 4000000000000000  d19 3fcce7359d4792d9
I/DEBUG   (24809):  d20 3f11504c292739d4  d21 bebbb371092382c4
I/DEBUG   (24809):  d22 3ff0000000000000  d23 3ff43d135cda918c
I/DEBUG   (24809):  d24 3e66376972bea4d0  d25 3fc39a09d078c69f
I/DEBUG   (24809):  d26 0000000000000000  d27 0000000000000000
I/DEBUG   (24809):  d28 0000000000000000  d29 0000000000000000
I/DEBUG   (24809):  d30 0000000000000000  d31 0000000000000000
I/DEBUG   (24809):  scr 20000012
I/DEBUG   (24809): 
I/DEBUG   (24809):          #00  pc 00037506  /system/lib/libmedia.so (_ZN7android10AudioTrackD2Ev)
I/DEBUG   (24809):          #01  pc 00045c26  /system/lib/libmedia.so (_ZN7android13ToneGeneratorD1Ev)
I/DEBUG   (24809):          #02  pc 0006e1d4  /system/lib/libandroid_runtime.so
I/DEBUG   (24809):          #03  pc 0001ecb0  /system/lib/libdvm.so (dvmPlatformInvoke)
I/DEBUG   (24809):          #04  pc 0005884a  /system/lib/libdvm.so (_Z16dvmCallJNIMethodPKjP6JValuePK6MethodP6Thread)
I/DEBUG   (24809): 
I/DEBUG   (24809): code around pc:
I/DEBUG   (24809): 409194e4 463b9308 f8cd9506 f7ff901c 62e0fe81  ..;F...........b
I/DEBUG   (24809): 409194f4 f7fe4628 4620fced e8bdb00d bf0083f0  (F.... F........
I/DEBUG   (24809): 40919504 6ac5b570 2d004604 f7ffd134 68a0fc89  p..j.F.-4......h
I/DEBUG   (24809): 40919514 f7fdb160 68a3eafa 681ab143 0108f104  `......hC..h....
I/DEBUG   (24809): 40919524 0c0cf852 f7fd1818 60a5ea5a b1136823  R.......Z..`#h..
I/DEBUG   (24809): 
I/DEBUG   (24809): code around lr:
I/DEBUG   (24809): 40927c08 bd7ceece 0000adf0 0000ae9c 6ac3b570  ..|.........p..j
I/DEBUG   (24809): 40927c18 b14b4604 ffc6f7ff b12d6ae5 f7f14628  .FK......j-.(F..
I/DEBUG   (24809): 40927c28 4628fc6d eea2f7ee 0048f104 ff10f7ff  m.(F......H.....
I/DEBUG   (24809): 40927c38 0038f104 ea42f7ef 0034f104 ee84f7ee  ..8...B...4.....
I/DEBUG   (24809): 40927c48 0030f104 ee80f7ee bd704620 b5f72963  ..0..... Fp.c)..
I/DEBUG   (24809): 
I/DEBUG   (24809): memory map around addr 004d0091:
I/DEBUG   (24809): 0000b000-00210000 [heap]
I/DEBUG   (24809): (no map for address)
I/DEBUG   (24809): 10000000-10001000 
I/DEBUG   (24809): 
I/DEBUG   (24809): stack:
I/DEBUG   (24809):     beb88578  00000000  
I/DEBUG   (24809):     beb8857c  001aa748  [heap]
I/DEBUG   (24809):     beb88580  401a14b0  
I/DEBUG   (24809):     beb88584  4081905d  /system/lib/libdvm.so
I/DEBUG   (24809):     beb88588  3fc00019  
I/DEBUG   (24809):     beb8858c  46178c28  
I/DEBUG   (24809):     beb88590  001aa748  [heap]
I/DEBUG   (24809):     beb88594  001aa778  [heap]
I/DEBUG   (24809):     beb88598  401a14b0  
I/DEBUG   (24809):     beb8859c  4081905d  /system/lib/libdvm.so
I/DEBUG   (24809):     beb885a0  3fc00019  
I/DEBUG   (24809):     beb885a4  46178c28  
I/DEBUG   (24809):     beb885a8  00000000  
I/DEBUG   (24809):     beb885ac  40927c0b  /system/lib/libmedia.so
I/DEBUG   (24809):     beb885b0  df0027ad  
I/DEBUG   (24809):     beb885b4  00000000  
I/DEBUG   (24809): #00 beb885b8  001aa748  [heap]
I/DEBUG   (24809):     beb885bc  004d0065  
I/DEBUG   (24809):     beb885c0  401a14b0  
I/DEBUG   (24809):     beb885c4  40927c2b  /system/lib/libmedia.so
I/DEBUG   (24809): #01 beb885c8  001aa748  [heap]
I/DEBUG   (24809):     beb885cc  0000f2c8  [heap]
I/DEBUG   (24809):     beb885d0  401a14b0  
I/DEBUG   (24809):     beb885d4  4017a1d7  /system/lib/libandroid_runtime.so
I/BootReceiver(21098): Copying /data/tombstones/tombstone_05 to DropBox (SYSTEM_TOMBSTONE)
I/ActivityManager(21098): Process com.android.phone (pid 24811) has died.
W/ActivityManager(21098): Canceling start item Intent { cmp=com.android.phone/.BluetoothHeadsetService } in service ComponentInfo{com.android.phone/com.android.phone.BluetoothHeadsetService}
W/ActivityManager(21098): Scheduling restart of crashed service com.android.phone/.BluetoothHeadsetService in 4918ms
I/WindowManager(21098): SCREENLAYOUT_SIZE (1:small, 2:normal, 3:large, 4:xlarge) 2
I/ActivityManager(21098): Start proc com.android.phone for restart com.android.phone: pid=24833 uid=1001 gids={3002, 3001, 3003, 1015}
I/ActivityThread(24833): Pub mms: com.android.providers.telephony.MmsProvider
I/ActivityThread(24833): Pub sms: com.android.providers.telephony.SmsProvider
I/ActivityThread(24833): Pub telephony: com.android.providers.telephony.TelephonyProvider
W/TelephonyProvider(24833): onCreate: confFile=/system/etc/apns-conf.xml oldCheckSum=3358775275
W/TelephonyProvider(24833): onCreate: newCheckSum=3358775275
I/ActivityThread(24833): Pub icc: com.android.phone.IccProvider
I/ActivityThread(24833): Pub mms-sms: com.android.providers.telephony.MmsSmsProvider
D/PhoneApp(24833): non dsds PhoneApp:
D/PhoneStatusBarPolicy(21194): updateSimState for subscription :0
D/CallManager(24833): registerPhone(CDMA Handler (com.android.internal.telephony.PhoneProxy) {412c97e8})
D/PhoneInterfaceManager(24833):  Registering for UNSOL OEM HOOK Responses to deliver external apps
D/PhoneStatusBarPolicy(21194): updateSimState for subscription :0
D/Bluetooth HS/HF(24833): CDMA call state: IDLE prev state:IDLE
E/ToneGenerator(24833): Unable to marshal AudioFlinger
E/ToneGenerator(24833): ToneGenerator init failed 
F/libc    (24833): Fatal signal 11 (SIGSEGV) at 0x0000005d (code=1)
I/DEBUG   (24809): *** *** *** *** *** *** *** *** *** *** *** *** *** *** *** ***
I/DEBUG   (24809): Build fingerprint: 'qcom/msm8660_surf/msm8660_surf:4.0.3/IML74K/eng.joey.20120210.232528:eng/test-keys'
I/DEBUG   (24809): pid: 24833, tid: 24833  >>> com.android.phone <<<
I/DEBUG   (24809): signal 11 (SIGSEGV), code 1 (SEGV_MAPERR), fault addr 0000005d
I/DEBUG   (24809):  r0 00000031  r1 00158dc8  r2 00158d98  r3 beb88188
I/DEBUG   (24809):  r4 00158d98  r5 00000031  r6 401a14b0  r7 4081905d
I/DEBUG   (24809):  r8 40300019  r9 46178c28  10 00000000  fp beb88604
I/DEBUG   (24809):  ip 4094d048  sp beb885b8  lr 40927c2b  pc 40919506  cpsr 60000030
I/DEBUG   (24809):  d0  662074696e692061  d1  7541206c61687369
I/DEBUG   (24809):  d2  000000040000036c  d3  4a54d02800000065
I/DEBUG   (24809):  d4  004d006500630069  d5  00670061006e0061
I/DEBUG   (24809):  d6  0000000000720065  d7  0067006100000012
I/DEBUG   (24809):  d8  0000000000000000  d9  0000000000000000
I/DEBUG   (24809):  d10 0000000000000000  d11 0000000000000000
I/DEBUG   (24809):  d12 0000000000000000  d13 0000000000000000
I/DEBUG   (24809):  d14 0000000000000000  d15 0000000000000000
I/DEBUG   (24809):  d16 3fd43d135cda918c  d17 3ffc63194c570da5
I/DEBUG   (24809):  d18 4000000000000000  d19 3fcce7359d4792d9
I/DEBUG   (24809):  d20 3f11504c292739d4  d21 bebbb371092382c4
I/DEBUG   (24809):  d22 3ff0000000000000  d23 3ff43d135cda918c
I/DEBUG   (24809):  d24 3e66376972bea4d0  d25 3fc39a09d078c69f
I/DEBUG   (24809):  d26 0000000000000000  d27 0000000000000000
I/DEBUG   (24809):  d28 0000000000000000  d29 0000000000000000
I/DEBUG   (24809):  d30 0000000000000000  d31 0000000000000000
I/DEBUG   (24809):  scr 20000012
I/DEBUG   (24809): 
I/DEBUG   (24809):          #00  pc 00037506  /system/lib/libmedia.so (_ZN7android10AudioTrackD2Ev)
I/DEBUG   (24809):          #01  pc 00045c26  /system/lib/libmedia.so (_ZN7android13ToneGeneratorD1Ev)
I/DEBUG   (24809):          #02  pc 0006e1d4  /system/lib/libandroid_runtime.so
I/DEBUG   (24809):          #03  pc 0001ecb0  /system/lib/libdvm.so (dvmPlatformInvoke)
I/DEBUG   (24809):          #04  pc 0005884a  /system/lib/libdvm.so (_Z16dvmCallJNIMethodPKjP6JValuePK6MethodP6Thread)
I/DEBUG   (24809): 
I/DEBUG   (24809): code around pc:
I/DEBUG   (24809): 409194e4 463b9308 f8cd9506 f7ff901c 62e0fe81  ..;F...........b
I/DEBUG   (24809): 409194f4 f7fe4628 4620fced e8bdb00d bf0083f0  (F.... F........
I/DEBUG   (24809): 40919504 6ac5b570 2d004604 f7ffd134 68a0fc89  p..j.F.-4......h
I/DEBUG   (24809): 40919514 f7fdb160 68a3eafa 681ab143 0108f104  `......hC..h....
I/DEBUG   (24809): 40919524 0c0cf852 f7fd1818 60a5ea5a b1136823  R.......Z..`#h..
I/DEBUG   (24809): 
I/DEBUG   (24809): code around lr:
I/DEBUG   (24809): 40927c08 bd7ceece 0000adf0 0000ae9c 6ac3b570  ..|.........p..j
I/DEBUG   (24809): 40927c18 b14b4604 ffc6f7ff b12d6ae5 f7f14628  .FK......j-.(F..
I/DEBUG   (24809): 40927c28 4628fc6d eea2f7ee 0048f104 ff10f7ff  m.(F......H.....
I/DEBUG   (24809): 40927c38 0038f104 ea42f7ef 0034f104 ee84f7ee  ..8...B...4.....
I/DEBUG   (24809): 40927c48 0030f104 ee80f7ee bd704620 b5f72963  ..0..... Fp.c)..
I/DEBUG   (24809): 
I/DEBUG   (24809): stack:
I/DEBUG   (24809):     beb88578  00000000  
I/DEBUG   (24809):     beb8857c  00158d98  [heap]
I/DEBUG   (24809):     beb88580  401a14b0  
I/DEBUG   (24809):     beb88584  4081905d  /system/lib/libdvm.so
I/DEBUG   (24809):     beb88588  40300019  /system/lib/libicui18n.so
I/DEBUG   (24809):     beb8858c  46178c28  
I/DEBUG   (24809):     beb88590  00158d98  [heap]
I/DEBUG   (24809):     beb88594  00158dc8  [heap]
I/DEBUG   (24809):     beb88598  401a14b0  
I/DEBUG   (24809):     beb8859c  4081905d  /system/lib/libdvm.so
I/DEBUG   (24809):     beb885a0  40300019  /system/lib/libicui18n.so
I/DEBUG   (24809):     beb885a4  46178c28  
I/DEBUG   (24809):     beb885a8  00000000  
I/DEBUG   (24809):     beb885ac  40927c0b  /system/lib/libmedia.so
I/DEBUG   (24809):     beb885b0  df0027ad  
I/DEBUG   (24809):     beb885b4  00000000  
I/DEBUG   (24809): #00 beb885b8  00158d98  [heap]
I/DEBUG   (24809):     beb885bc  00000031  
I/DEBUG   (24809):     beb885c0  401a14b0  
I/DEBUG   (24809):     beb885c4  40927c2b  /system/lib/libmedia.so
I/DEBUG   (24809): #01 beb885c8  00158d98  [heap]
I/DEBUG   (24809):     beb885cc  0000f2c8  [heap]
I/DEBUG   (24809):     beb885d0  401a14b0  
I/DEBUG   (24809):     beb885d4  4017a1d7  /system/lib/libandroid_runtime.so
I/BootReceiver(21098): Copying /data/tombstones/tombstone_06 to DropBox (SYSTEM_TOMBSTONE)
I/ActivityManager(21098): Process com.android.phone (pid 24833) has died.
W/ActivityManager(21098): Canceling start item Intent { cmp=com.android.phone/.BluetoothHeadsetService } in service ComponentInfo{com.android.phone/com.android.phone.BluetoothHeadsetService}
W/ActivityManager(21098): Scheduling restart of crashed service com.android.phone/.BluetoothHeadsetService in 4588ms
I/WindowManager(21098): SCREENLAYOUT_SIZE (1:small, 2:normal, 3:large, 4:xlarge) 2
I/ActivityManager(21098): Start proc com.android.phone for restart com.android.phone: pid=24860 uid=1001 gids={3002, 3001, 3003, 1015}
I/ActivityThread(24860): Pub mms: com.android.providers.telephony.MmsProvider
I/ActivityThread(24860): Pub sms: com.android.providers.telephony.SmsProvider
I/ActivityThread(24860): Pub telephony: com.android.providers.telephony.TelephonyProvider
W/TelephonyProvider(24860): onCreate: confFile=/system/etc/apns-conf.xml oldCheckSum=3358775275
W/TelephonyProvider(24860): onCreate: newCheckSum=3358775275
I/ActivityThread(24860): Pub icc: com.android.phone.IccProvider
I/ActivityThread(24860): Pub mms-sms: com.android.providers.telephony.MmsSmsProvider
D/PhoneApp(24860): non dsds PhoneApp:
D/PhoneStatusBarPolicy(21194): updateSimState for subscription :0
D/CallManager(24860): registerPhone(CDMA Handler (com.android.internal.telephony.PhoneProxy) {41285318})
D/PhoneInterfaceManager(24860):  Registering for UNSOL OEM HOOK Responses to deliver external apps
D/PhoneStatusBarPolicy(21194): updateSimState for subscription :0
D/Bluetooth HS/HF(24860): CDMA call state: IDLE prev state:IDLE
E/ToneGenerator(24860): Unable to marshal AudioFlinger
E/ToneGenerator(24860): ToneGenerator init failed 
F/libc    (24860): Fatal signal 11 (SIGSEGV) at 0x6f542e8d (code=1)
I/DEBUG   (24809): *** *** *** *** *** *** *** *** *** *** *** *** *** *** *** ***
I/DEBUG   (24809): Build fingerprint: 'qcom/msm8660_surf/msm8660_surf:4.0.3/IML74K/eng.joey.20120210.232528:eng/test-keys'
I/DEBUG   (24809): pid: 24860, tid: 24860  >>> com.android.phone <<<
I/DEBUG   (24809): signal 11 (SIGSEGV), code 1 (SEGV_MAPERR), fault addr 6f542e8d
I/DEBUG   (24809):  r0 6f542e61  r1 0013ece0  r2 0013ecb0  r3 beb88188
I/DEBUG   (24809):  r4 0013ecb0  r5 6f542e61  r6 401a14b0  r7 4081905d
I/DEBUG   (24809):  r8 41400019  r9 46178c28  10 00000000  fp beb88604
I/DEBUG   (24809):  ip 4094d048  sp beb885b8  lr 40927c2b  pc 40919506  cpsr 60000030
I/DEBUG   (24809):  d0  662074696e692061  d1  7541206c61687369
I/DEBUG   (24809):  d2  000000040000036c  d3  4a54d02800000065
I/DEBUG   (24809):  d4  004d006500630069  d5  00670061006e0061
I/DEBUG   (24809):  d6  0000000000720065  d7  4851759400000012
