W/TelephonyProvider(  405): onCreate: confFile=/system/etc/apns-conf.xml oldCheckSum=3358775275
I/ActivityThread(  421): Pub com.android.launcher2.settings: com.android.launcher2.LauncherProvider
D/SystemUIService(  373): loading: class com.android.systemui.power.PowerUI
D/SystemUIService(  373): running: com.android.systemui.power.PowerUI@4131a100
D/memalloc(  258): /dev/pmem: Allocated buffer base:0x4b786000 size:4096 offset:6144000 fd:211
D/WifiService(  258): New client listening to asynchronous messages
W/TelephonyProvider(  405): onCreate: newCheckSum=3358775275
I/ActivityThread(  405): Pub icc: com.android.phone.IccProvider
I/ActivityThread(  405): Pub mms-sms: com.android.providers.telephony.MmsSmsProvider
D/PhoneApp(  405): non dsds PhoneApp:
E/BinaryDictionaryGetter(  388): Could not find a dictionary pack
E/ActivityThread(  388): Failed to find provider info for com.android.inputmethod.latin.dictionarypack
D/memalloc(  258): /dev/pmem: Allocated buffer base:0x4b786000 size:1474560 offset:6148096 fd:214
I/ActivityManager(  258): Start proc android.process.acore for content provider com.android.providers.userdictionary/.UserDictionaryProvider: pid=449 uid=10000 gids={3003, 1015}
D/memalloc(  258): /dev/pmem: Allocated buffer base:0x4b786000 size:1536000 offset:7622656 fd:217
I/ActivityThread(  449): Pub com.android.voicemail: com.android.providers.contacts.VoicemailContentProvider
I/ActivityManager(  258): Start proc com.android.smspush for service com.android.smspush/.WapPushManager: pid=473 uid=10043 gids={}
D/CallManager(  405): registerPhone(CDMA Handler (com.android.internal.telephony.PhoneProxy) {412b7c98})
D/PhoneInterfaceManager(  405):  Registering for UNSOL OEM HOOK Responses to deliver external apps
I/ActivityThread(  449): Pub com.android.social: com.android.providers.contacts.SocialProvider
I/ActivityThread(  449): Pub applications: com.android.providers.applications.ApplicationsProvider
E/AudioService(  258): Media server died.
D/Bluetooth HS/HF(  405): CDMA call state: IDLE prev state:IDLE
W/AudioFlinger(  365): openDuplicateOutput() wrong output mixer type for output 1091886216 or 2
F/libc    (  365): Fatal signal 11 (SIGSEGV) at 0x3c41f0dd (code=1)
E/ToneGenerator(  405): Unable to marshal AudioFlinger
E/ToneGenerator(  405): ToneGenerator init failed 
F/libc    (  405): Fatal signal 11 (SIGSEGV) at 0x6f542e8d (code=1)
I/ActivityThread(  449): Pub contacts;com.android.contacts: com.android.providers.contacts.ContactsProvider2
I/ActivityThread(  449): Pub call_log: com.android.providers.contacts.CallLogProvider
I/ActivityThread(  449): Pub user_dictionary: com.android.providers.userdictionary.UserDictionaryProvider
D/libEGL  (  373): loaded /system/lib/egl/libGLES_android.so
D/libEGL  (  373): loaded /system/lib/egl/libEGL_adreno200.so
D/libEGL  (  373): loaded /system/lib/egl/libGLESv1_CM_adreno200.so
D/libEGL  (  373): loaded /system/lib/egl/libGLESv2_adreno200.so
D/memalloc(  258): /dev/pmem: Allocated buffer base:0x4b786000 size:3072000 offset:9158656 fd:221
D/memalloc(  373): /dev/pmem: Mapped buffer base:0x4b088000 size:12230656 offset:9158656 fd:62
D/memalloc(  258): /dev/pmem: Allocated buffer base:0x4b786000 size:3072000 offset:12230656 fd:222
D/memalloc(  373): /dev/pmem: Mapped buffer base:0x4c0a0000 size:15302656 offset:12230656 fd:64
D/memalloc(  373): /dev/pmem: Unmapping buffer base:0x4b088000 size:12230656 offset:9158656
D/memalloc(  373): /dev/pmem: Unmapping buffer base:0x4c0a0000 size:15302656 offset:12230656
D/memalloc(  258): /dev/pmem: Freeing buffer base:0x4c330000 size:3072000 offset:12230656 fd:222
I/DEBUG   (  149): *** *** *** *** *** *** *** *** *** *** *** *** *** *** *** ***
I/DEBUG   (  149): Build fingerprint: 'qcom/msm8660_surf/msm8660_surf:4.0.3/IML74K/eng.joey.20120210.232528:eng/test-keys'
I/DEBUG   (  149): pid: 365, tid: 365  >>> /system/bin/mediaserver <<<
I/DEBUG   (  149): signal 11 (SIGSEGV), code 1 (SEGV_MAPERR), fault addr 3c41f0dd
I/DEBUG   (  149):  r0 3c41f0e9  r1 0000fb20  r2 00000004  r3 40030c89
I/DEBUG   (  149):  r4 0000fe18  r5 4003e828  r6 4003d6f4  r7 bed57908
I/DEBUG   (  149):  r8 00000102  r9 0000f9e0  10 bed57908  fp 00000000
I/DEBUG   (  149):  ip 4010807c  sp bed578d8  lr 400c10e8  pc 400278fa  cpsr 80000030
I/DEBUG   (  149):  d0  006f006900640067  d1  006e0069006c0000
I/DEBUG   (  149):  d2  0069006400650065  d3  00410049002e0000
I/DEBUG   (  149):  d4  006f006900640075  d5  0069006c006f0050
I/DEBUG   (  149):  d6  0065005300790063  d7  0063006900760072
I/DEBUG   (  149):  d8  0000000000000000  d9  0000000000000000
I/DEBUG   (  149):  d10 0000000000000000  d11 0000000000000000
I/DEBUG   (  149):  d12 0000000000000000  d13 0000000000000000
I/DEBUG   (  149):  d14 0000000000000000  d15 0000000000000000
I/DEBUG   (  149):  d16 7079745f6d616572  d17 0a2e2e2e27745f65
I/DEBUG   (  149):  d18 2e7972616d697270  d19 2e303636386d736d
I/DEBUG   (  149):  d20 616f6c2820276f73  d21 72617262696c5f64
I/DEBUG   (  149):  d22 3a5d313930315b79  d23 7972617262694c20
I/DEBUG   (  149):  d24 0000000000000000  d25 0000000000000000
I/DEBUG   (  149):  d26 0000000000000000  d27 0000000000000000
I/DEBUG   (  149):  d28 0000000000000000  d29 0000000000000000
I/DEBUG   (  149):  d30 0000000000000000  d31 0000000000000000
I/DEBUG   (  149):  scr 00000010
I/DEBUG   (  149): 
I/SearchManagerService(  258): Building list of searchable activities
D/memalloc(  258): /dev/pmem: Allocated buffer base:0x4b786000 size:61440 offset:12230656 fd:231
D/memalloc(  373): /dev/pmem: Mapped buffer base:0x4b088000 size:12292096 offset:12230656 fd:62
D/PhoneStatusBarPolicy(  373): updateSimState for subscription :0
D/PhoneStatusBarPolicy(  373): updateSimState for subscription :0
I/WindowManager(  258): SCREENLAYOUT_SIZE (1:small, 2:normal, 3:large, 4:xlarge) 2
I/DEBUG   (  149):          #00  pc 000278fa  /system/lib/libaudioflinger.so (_ZN7android12AudioFlinger18NotificationClientC1ERKNS_2spIS0_EERKNS2_INS_19IAudioFlingerClientEEEi)
I/DEBUG   (  149):          #01  pc 00030ede  /system/lib/libaudioflinger.so (_ZN7android12AudioFlinger14registerClientERKNS_2spINS_19IAudioFlingerClientEEE)
D/memalloc(  258): /dev/pmem: Allocated buffer base:0x4b786000 size:1474560 offset:12292096 fd:236
D/memalloc(  373): /dev/pmem: Mapped buffer base:0x4bc41000 size:13766656 offset:12292096 fd:67
I/DEBUG   (  149):          #02  pc 00037b8e  /system/lib/libmedia.so (_ZN7android14BnAudioFlinger10onTransactEjRKNS_6ParcelEPS1_j)
I/DEBUG   (  149):          #03  pc 00026058  /system/lib/libaudioflinger.so (_ZN7android12AudioFlinger10onTransactEjRKNS_6ParcelEPS1_j)
I/DEBUG   (  149):          #04  pc 00017d84  /system/lib/libbinder.so (_ZN7android7BBinder8transactEjRKNS_6ParcelEPS1_j)
I/DEBUG   (  149):          #05  pc 0001b082  /system/lib/libbinder.so (_ZN7android14IPCThreadState14executeCommandEi)
I/DEBUG   (  149):          #06  pc 0001b25e  /system/lib/libbinder.so (_ZN7android14IPCThreadState14joinThreadPoolEb)
I/DEBUG   (  149):          #07  pc 00008c24  /system/bin/mediaserver
I/DEBUG   (  149):          #08  pc 0001652c  /system/lib/libc.so (__libc_init)
I/DEBUG   (  149): 
I/DEBUG   (  149): code around pc:
I/DEBUG   (  149): 400278d8 46395063 1d20582b 020cf103 60223334  cP9F+X .....43"`
I/DEBUG   (  149): 400278e8 f7fe6123 f8c4fde1 68338008 b13b60e3  #a........3h.`;.
I/DEBUG   (  149): 400278f8 f8506818 18581c0c 010cf104 e94af7f9  .hP...X.......J.
I/DEBUG   (  149): 40027908 e8bd4620 bf0081f0 00016f5e fffffeb0   F......^o......
I/DEBUG   (  149): 40027918 fffffeac 4604b537 6810680b 90019300  ....7..F.h.h....
I/DEBUG   (  149): 
I/DEBUG   (  149): code around lr:
I/DEBUG   (  149): 400c10c8 e1853f92 e3530000 1afffffa e8bd8070  .?....S.....p...
I/DEBUG   (  149): 400c10d8 e92d4070 e1a04000 e1a05001 ebffffd1  p@-..@...P......
I/DEBUG   (  149): 400c10e8 e1950f9f e0802004 e1853f92 e3530000  ..... ...?....S.
I/DEBUG   (  149): 400c10f8 1afffffa e8bd8070 e1a01000 e3e00000  ....p...........
I/DEBUG   (  149): 400c1108 eafffff2 e1a01000 e3a00001 eaffffef  ................
I/DEBUG   (  149): 
I/DEBUG   (  149): memory map around addr 3c41f0dd:
I/DEBUG   (  149): 10001000-10100000 
I/DEBUG   (  149): (no map for address)
I/DEBUG   (  149): 40000000-4003a000 /system/lib/libaudioflinger.so
I/DEBUG   (  149): 
I/DEBUG   (  149): stack:
I/DEBUG   (  149):     bed57898  bed57908  [stack]
I/DEBUG   (  149):     bed5789c  0000fe28  [heap]
I/DEBUG   (  149):     bed578a0  00016f5e  
I/DEBUG   (  149):     bed578a4  4003d6f4  /system/lib/libaudioflinger.so
I/DEBUG   (  149):     bed578a8  bed57908  [stack]
I/DEBUG   (  149):     bed578ac  00000102  
I/DEBUG   (  149):     bed578b0  0000fb20  [heap]
I/DEBUG   (  149):     bed578b4  4003e828  /system/lib/libaudioflinger.so
I/DEBUG   (  149):     bed578b8  0000fb20  [heap]
I/DEBUG   (  149):     bed578bc  4003e828  /system/lib/libaudioflinger.so
I/DEBUG   (  149):     bed578c0  4003d6f4  /system/lib/libaudioflinger.so
I/DEBUG   (  149):     bed578c4  400f3f3d  /system/lib/libutils.so
I/DEBUG   (  149):     bed578c8  0000fe1c  [heap]
I/DEBUG   (  149):     bed578cc  400264c9  /system/lib/libaudioflinger.so
I/DEBUG   (  149):     bed578d0  df0027ad  
I/DEBUG   (  149):     bed578d4  00000000  
I/DEBUG   (  149): #00 bed578d8  0000f9d0  [heap]
I/DEBUG   (  149):     bed578dc  0000fe18  [heap]
I/DEBUG   (  149):     bed578e0  00000102  
I/DEBUG   (  149):     bed578e4  0000faa8  [heap]
I/DEBUG   (  149):     bed578e8  4003d6f4  /system/lib/libaudioflinger.so
I/DEBUG   (  149):     bed578ec  40030ee3  /system/lib/libaudioflinger.so
I/DEBUG   (  149): #01 bed578f0  00000001  
I/DEBUG   (  149):     bed578f4  40140a4d  /system/lib/libbinder.so
I/DEBUG   (  149):     bed578f8  00000102  
I/DEBUG   (  149):     bed578fc  00000000  
I/DEBUG   (  149):     bed57900  000102a8  [heap]
I/DEBUG   (  149):     bed57904  bed57ac8  [stack]
I/DEBUG   (  149):     bed57908  0000f9d0  [heap]
I/DEBUG   (  149):     bed5790c  000102c0  [heap]
I/DEBUG   (  149):     bed57910  0000f9d0  [heap]
I/DEBUG   (  149):     bed57914  bed57ac8  [stack]
I/DEBUG   (  149):     bed57918  bed57af8  [stack]
I/DEBUG   (  149):     bed5791c  00000012  
I/DEBUG   (  149):     bed57920  bed57af8  [stack]
I/DEBUG   (  149):     bed57924  0000016d  
I/DEBUG   (  149):     bed57928  000003f5  
I/DEBUG   (  149):     bed5792c  40182b91  /system/lib/libmedia.so
D/memalloc(  258): /dev/pmem: Allocated buffer base:0x4b786000 size:1536000 offset:13766656 fd:237
D/memalloc(  421): /dev/pmem: Mapped buffer base:0x4aeed000 size:15302656 offset:13766656 fd:49
D/memalloc(  258): /dev/pmem: Allocated buffer base:0x4b786000 size:1536000 offset:15302656 fd:240
D/memalloc(  421): /dev/pmem: Mapped buffer base:0x4bd85000 size:16838656 offset:15302656 fd:53
D/memalloc(  258): /dev/pmem: Freeing buffer base:0x4b786000 size:1536000 offset:0 fd:51
D/memalloc(  258): /dev/pmem: Freeing buffer base:0x4b8fd000 size:1536000 offset:1536000 fd:54
D/memalloc(  258): /dev/pmem: Freeing buffer base:0x4ba74000 size:1536000 offset:3072000 fd:55
D/PowerManagerService(  258): bootCompleted
V/DevicePolicyManagerService(  258): Sending password expiration notifications for action android.intent.action.BOOT_COMPLETED
D/VoldCmdListener(  146): volume mount /mnt/sdcard
I/Vold    (  146): /dev/block/vold/179:33 being considered for volume sdcard
D/Vold    (  146): Volume sdcard state changing 1 (Idle-Unmounted) -> 3 (Checking)
D/MountService(  258): volume state changed for /mnt/sdcard (unmounted -> checking)
D/MountService(  258): sendStorageIntent Intent { act=android.intent.action.MEDIA_CHECKING dat=file:///mnt/sdcard (has extras) }
I/StorageNotification(  373): Media {/mnt/sdcard} state changed from {unmounted} -> {checking}
E/HDMIDaemon(  181): bool android::HDMIDaemon::checkHDCPPresent(): hdcp_present file '/sys/class/graphics/fb1/hdcp_present' not found
E/HDMIListener(  258): writeCommand: 'hdmi_listner_started'
E/HDMIDaemon(  181): threadLoop: driver not online; use state-file
E/HDMIListener(  258): handleEvent 'hdmi_disconnected'
E/HDMIService(  258): Broadcasting ... HDMI_CABLE_DISCONNECTED
I/SurfaceFlinger(  258): Boot is finished (8630 ms)
I/WindowManager(  258): SCREENLAYOUT_SIZE (1:small, 2:normal, 3:large, 4:xlarge) 2
I/ActivityManager(  258): Start proc com.android.contacts for broadcast com.android.contacts/.calllog.CallLogReceiver: pid=503 uid=10000 gids={3003, 1015}
V/WiredAccessoryObserver(  258): init()
W/WiredAccessoryObserver(  258): This kernel does not have wired headset support
W/WiredAccessoryObserver(  258): This kernel does not have wired headset support
D/memalloc(  258): /dev/pmem: Allocated buffer base:0x4b786000 size:61440 offset:0 fd:54
D/memalloc(  373): /dev/pmem: Mapped buffer base:0x4ae97000 size:61440 offset:0 fd:70
D/memalloc(  258): /dev/pmem: Allocated buffer base:0x4b786000 size:1474560 offset:61440 fd:55
D/memalloc(  373): /dev/pmem: Mapped buffer base:0x4aea6000 size:1536000 offset:61440 fd:72
I/DEBUG   (  149): *** *** *** *** *** *** *** *** *** *** *** *** *** *** *** ***
I/DEBUG   (  149): Build fingerprint: 'qcom/msm8660_surf/msm8660_surf:4.0.3/IML74K/eng.joey.20120210.232528:eng/test-keys'
I/DEBUG   (  149): pid: 405, tid: 405  >>> com.android.phone <<<
I/DEBUG   (  149): signal 11 (SIGSEGV), code 1 (SEGV_MAPERR), fault addr 6f542e8d
I/DEBUG   (  149):  r0 6f542e61  r1 001ac668  r2 001ac638  r3 bea28188
I/DEBUG   (  149):  r4 001ac638  r5 6f542e61  r6 401a14b0  r7 4081905d
I/DEBUG   (  149):  r8 cc300019  r9 46178c28  10 00000000  fp bea28604
I/DEBUG   (  149):  ip 4094d048  sp bea285b8  lr 40927c2b  pc 40919506  cpsr 60000030
I/DEBUG   (  149):  d0  662074696e692061  d1  7541206c61687369
I/DEBUG   (  149):  d2  000000040000036c  d3  4a54d02800000065
I/DEBUG   (  149):  d4  006f006900640075  d5  0069006c006f0050
I/DEBUG   (  149):  d6  0065005300790063  d7  0063006900760072
I/DEBUG   (  149):  d8  0000000000000000  d9  0000000000000000
I/DEBUG   (  149):  d10 0000000000000000  d11 0000000000000000
I/DEBUG   (  149):  d12 0000000000000000  d13 0000000000000000
I/DEBUG   (  149):  d14 0000000000000000  d15 0000000000000000
I/DEBUG   (  149):  d16 3fd43d135cda918c  d17 3ffc63194c570da5
I/DEBUG   (  149):  d18 4000000000000000  d19 3fcce7359d4792d9
I/DEBUG   (  149):  d20 3f11504c292739d4  d21 bebbb371092382c4
I/DEBUG   (  149):  d22 3ff0000000000000  d23 3ff43d135cda918c
I/DEBUG   (  149):  d24 3e66376972bea4d0  d25 3fc39a09d078c69f
I/DEBUG   (  149):  d26 0000000000000000  d27 0000000000000000
I/DEBUG   (  149):  d28 0000000000000000  d29 0000000000000000
I/DEBUG   (  149):  d30 0000000000000000  d31 0000000000000000
I/DEBUG   (  149):  scr 20000012
I/DEBUG   (  149): 
E/AudioService(  258): Media server started.
W/AudioSystem(  405): AudioPolicyService server died!
W/AudioSystem(  258): AudioFlinger server died!
W/AudioSystem(  258): AudioPolicyService server died!
I/ServiceManager(  258): Waiting for service media.player...
E/dalvikvm(  258): GREF has increased to 301, max is 300 and min is 100
I/DEBUG   (  149):          #00  pc 00037506  /system/lib/libmedia.so (_ZN7android10AudioTrackD2Ev)
I/DEBUG   (  149):          #01  pc 00045c26  /system/lib/libmedia.so (_ZN7android13ToneGeneratorD1Ev)
I/DEBUG   (  149):          #02  pc 0006e1d4  /system/lib/libandroid_runtime.so
I/DEBUG   (  149):          #03  pc 0001ecb0  /system/lib/libdvm.so (dvmPlatformInvoke)
I/DEBUG   (  149):          #04  pc 0005884a  /system/lib/libdvm.so (_Z16dvmCallJNIMethodPKjP6JValuePK6MethodP6Thread)
I/DEBUG   (  149): 
I/DEBUG   (  149): code around pc:
I/DEBUG   (  149): 409194e4 463b9308 f8cd9506 f7ff901c 62e0fe81  ..;F...........b
I/DEBUG   (  149): 409194f4 f7fe4628 4620fced e8bdb00d bf0083f0  (F.... F........
I/DEBUG   (  149): 40919504 6ac5b570 2d004604 f7ffd134 68a0fc89  p..j.F.-4......h
I/DEBUG   (  149): 40919514 f7fdb160 68a3eafa 681ab143 0108f104  `......hC..h....
I/DEBUG   (  149): 40919524 0c0cf852 f7fd1818 60a5ea5a b1136823  R.......Z..`#h..
I/DEBUG   (  149): 
I/DEBUG   (  149): code around lr:
I/DEBUG   (  149): 40927c08 bd7ceece 0000adf0 0000ae9c 6ac3b570  ..|.........p..j
I/DEBUG   (  149): 40927c18 b14b4604 ffc6f7ff b12d6ae5 f7f14628  .FK......j-.(F..
I/DEBUG   (  149): 40927c28 4628fc6d eea2f7ee 0048f104 ff10f7ff  m.(F......H.....
I/DEBUG   (  149): 40927c38 0038f104 ea42f7ef 0034f104 ee84f7ee  ..8...B...4.....
I/DEBUG   (  149): 40927c48 0030f104 ee80f7ee bd704620 b5f72963  ..0..... Fp.c)..
I/DEBUG   (  149): 
I/DEBUG   (  149): memory map around addr 6f542e8d:
I/DEBUG   (  149): 4aecc000-4afcb000 
I/DEBUG   (  149): (no map for address)
I/DEBUG   (  149): b0001000-b0009000 /system/bin/linker
I/DEBUG   (  149): 
I/DEBUG   (  149): stack:
I/DEBUG   (  149):     bea28578  00000000  
I/DEBUG   (  149):     bea2857c  001ac638  [heap]
I/DEBUG   (  149):     bea28580  401a14b0  
I/DEBUG   (  149):     bea28584  4081905d  /system/lib/libdvm.so
I/DEBUG   (  149):     bea28588  cc300019  
I/DEBUG   (  149):     bea2858c  46178c28  
I/DEBUG   (  149):     bea28590  001ac638  [heap]
I/DEBUG   (  149):     bea28594  001ac668  [heap]
I/DEBUG   (  149):     bea28598  401a14b0  
I/DEBUG   (  149):     bea2859c  4081905d  /system/lib/libdvm.so
I/DEBUG   (  149):     bea285a0  cc300019  
I/DEBUG   (  149):     bea285a4  46178c28  
I/DEBUG   (  149):     bea285a8  00000000  
I/DEBUG   (  149):     bea285ac  40927c0b  /system/lib/libmedia.so
I/DEBUG   (  149):     bea285b0  df0027ad  
I/DEBUG   (  149):     bea285b4  00000000  
I/DEBUG   (  149): #00 bea285b8  001ac638  [heap]
I/DEBUG   (  149):     bea285bc  6f542e61  
I/DEBUG   (  149):     bea285c0  401a14b0  
I/DEBUG   (  149):     bea285c4  40927c2b  /system/lib/libmedia.so
I/DEBUG   (  149): #01 bea285c8  001ac638  [heap]
I/DEBUG   (  149):     bea285cc  0000f2c8  [heap]
I/DEBUG   (  149):     bea285d0  401a14b0  
I/DEBUG   (  149):     bea285d4  4017a1d7  /system/lib/libandroid_runtime.so
I/AccountTypeManager(  503): Loaded meta-data for 1 account types, 0 accounts in 117ms(wall) 11ms(cpu)
E/DataRouter(  163): [*] Connect_RILD() returns 4 retrycount 8
E/DefaultVoicemailNotifier(  503): No voicemails to notify about: clear the notification.
I/ServiceManager(  258): Waiting for service media.player...
I/Vold    (  146): Filesystem check completed OK
I/Vold    (  146): Device /dev/block/vold/179:33, target /mnt/sdcard mounted @ /mnt/secure/staging
D/Vold    (  146): Volume sdcard state changing 3 (Checking) -> 4 (Mounted)
I/PackageManager(  258): Updating external media status from unmounted to mounted
D/MountService(  258): volume state changed for /mnt/sdcard (checking -> mounted)
D/MountService(  258): sendStorageIntent Intent { act=android.intent.action.MEDIA_MOUNTED dat=file:///mnt/sdcard (has extras) }
I/StorageNotification(  373): Media {/mnt/sdcard} state changed from {checking} -> {mounted}
I/PackageManager(  258): No secure containers on sdcard
D/VoldCmdListener(  146): asec list
W/PackageManager(  258): Unknown permission com.google.android.googleapps.permission.GOOGLE_AUTH.mail in package com.android.contacts
W/PackageManager(  258): Unknown permission android.permission.ADD_SYSTEM_SERVICE in package com.android.phone
W/PackageManager(  258): Unknown permission com.google.android.googleapps.permission.GOOGLE_AUTH in package com.android.providers.calendar
W/PackageManager(  258): Unknown permission com.google.android.googleapps.permission.GOOGLE_AUTH.cl in package com.android.providers.calendar
W/PackageManager(  258): Unknown permission android.permission.MMS_PUSH in package com.android.bluetooth
W/PackageManager(  258): Unknown permission com.google.android.googleapps.permission.GOOGLE_AUTH.mail in package com.android.calendar
W/PackageManager(  258): Not granting permission android.permission.SEND_DOWNLOAD_COMPLETED_INTENTS to package com.android.browser (protectionLevel=2 flags=0x9be45)
D/memalloc(  258): /dev/pmem: Allocated buffer base:0x4b786000 size:1474560 offset:1536000 fd:230
D/memalloc(  258): /dev/pmem: Freeing buffer base:0x4bbeb000 size:1536000 offset:4608000 fd:207
W/PackageManager(  258): Unknown permission android.permission.READ_EXTERNAL_STORAGE in package com.android.videoeditor
W/PackageManager(  258): Unknown permission com.google.android.googleapps.permission.GOOGLE_AUTH in package com.android.settings
W/PackageManager(  258): Unknown permission com.google.android.googleapps.permission.GOOGLE_AUTH in package com.android.providers.contacts
W/PackageManager(  258): Unknown permission com.google.android.googleapps.permission.GOOGLE_AUTH.cp in package com.android.providers.contacts
I/ServiceManager(  258): Waiting for service media.audio_policy...
W/PackageManager(  258): Unknown permission com.google.android.googleapps.permission.ACCESS_GOOGLE_PASSWORD in package com.android.development
W/PackageManager(  258): Unknown permission com.google.android.googleapps.permission.GOOGLE_AUTH in package com.android.development
W/PackageManager(  258): Unknown permission com.google.android.googleapps.permission.GOOGLE_AUTH.ALL_SERVICES in package com.android.development
W/PackageManager(  258): Unknown permission com.google.android.googleapps.permission.GOOGLE_AUTH.YouTubeUser in package com.android.development
W/PackageManager(  258): Not granting permission android.permission.DEVICE_POWER to package com.android.deskclock (protectionLevel=2 flags=0x8be45)
I/ActivityManager(  258): Process com.android.phone (pid 405) has died.
W/ActivityManager(  258): Scheduling restart of crashed service com.android.phone/.BluetoothHeadsetService in 6376ms
I/ActivityManager(  258): Start proc com.android.phone for restart com.android.phone: pid=550 uid=1001 gids={3002, 3001, 3003, 1015}
I/ActivityManager(  258): Start proc com.android.providers.calendar for broadcast com.android.providers.calendar/.CalendarReceiver: pid=564 uid=10006 gids={3003, 1015}
I/ServiceManager(  258): Waiting for service media.player...
I/RecoverySystem(  258): Deleted: /cache/recovery/log
I/ActivityThread(  550): Pub mms: com.android.providers.telephony.MmsProvider
I/ActivityThread(  550): Pub sms: com.android.providers.telephony.SmsProvider
I/ActivityThread(  550): Pub telephony: com.android.providers.telephony.TelephonyProvider
W/TelephonyProvider(  550): onCreate: confFile=/system/etc/apns-conf.xml oldCheckSum=3358775275
E/DataRouter(  163): [*] Connect_RILD() returns 4 retrycount 9
I/ActivityThread(  564): Pub com.android.calendar: com.android.providers.calendar.CalendarProvider2
W/TelephonyProvider(  550): onCreate: newCheckSum=3358775275
I/ActivityThread(  550): Pub icc: com.android.phone.IccProvider
I/ActivityThread(  550): Pub mms-sms: com.android.providers.telephony.MmsSmsProvider
E/HAL     (  579): load: module=/system/lib/hw/audio.primary.msm8660.so
E/HAL     (  579): Cannot load library: link_image[1936]:   579 could not load needed library 'libasound.so' for 'audio.primary.msm8660.so' (load_library[1091]: Library 'libasound.so' not found)
I/AudioFlinger(  579): Loaded a2dp audio interface from A2DP Audio HW HAL (audio)
I/AudioFlinger(  579): Using 'A2DP Audio HW HAL' (audio.a2dp) as the primary audio interface
E/CameraService(  579): Could not load camera HAL module
E/HAL     (  579): load: module=/system/lib/hw/audio_policy.msm8660.so
E/HAL     (  579): Cannot load library: reloc_library[1285]:   579 cannot locate '_ZN7android11AudioSystem17isSeparatedStreamE19audio_stream_type_t'...
D/PhoneApp(  550): non dsds PhoneApp:
I/ActivityManager(  258): Start proc com.android.deskclock for broadcast com.android.deskclock/.AlarmInitReceiver: pid=588 uid=10010 gids={}
I/BootReceiver(  258): Copying /proc/last_kmsg to DropBox (SYSTEM_LAST_KMSG)
I/BootReceiver(  258): Copying /data/tombstones/tombstone_00 to DropBox (SYSTEM_TOMBSTONE)
I/ActivityThread(  588): Pub com.android.deskclock: com.android.deskclock.AlarmProvider
D/CallManager(  550): registerPhone(CDMA Handler (com.android.internal.telephony.PhoneProxy) {412bf0a0})
D/PhoneStatusBarPolicy(  373): updateSimState for subscription :0
D/PhoneInterfaceManager(  550):  Registering for UNSOL OEM HOOK Responses to deliver external apps
D/PhoneStatusBarPolicy(  373): updateSimState for subscription :0
D/Bluetooth HS/HF(  550): CDMA call state: IDLE prev state:IDLE
E/ToneGenerator(  550): Unable to marshal AudioFlinger
E/ToneGenerator(  550): ToneGenerator init failed 
F/libc    (  550): Fatal signal 11 (SIGSEGV) at 0x6f542e8d (code=1)
I/BootReceiver(  258): Copying /data/tombstones/tombstone_01 to DropBox (SYSTEM_TOMBSTONE)
V/AlarmClock(  588): AlarmInitReceiver finished
I/ActivityManager(  258): Start proc android.process.media for broadcast com.android.providers.downloads/.DownloadReceiver: pid=610 uid=10012 gids={1015, 1023, 1024, 2001, 3003, 3007}
I/BootReceiver(  258): Copying /data/tombstones/tombstone_02 to DropBox (SYSTEM_TOMBSTONE)
E/SoundPool(  258): Error creating AudioTrack
I/ActivityThread(  610): Pub media: com.android.providers.media.MediaProvider
D/PhoneStatusBar(  373): disable: < expand icons alerts ticker system_info BACK HOME recent* CLOCK >
I/ActivityManager(  258): Displayed com.android.launcher/com.android.launcher2.Launcher: +4s826ms
D/PhoneStatusBar(  373): disable: < expand icons alerts ticker system_info back* home* recent clock* >
I/BootReceiver(  258): Copying /data/tombstones/tombstone_08 to DropBox (SYSTEM_TOMBSTONE)
I/DEBUG   (  149): *** *** *** *** *** *** *** *** *** *** *** *** *** *** *** ***
I/DEBUG   (  149): Build fingerprint: 'qcom/msm8660_surf/msm8660_surf:4.0.3/IML74K/eng.joey.20120210.232528:eng/test-keys'
I/DEBUG   (  149): pid: 550, tid: 550  >>> com.android.phone <<<
I/DEBUG   (  149): signal 11 (SIGSEGV), code 1 (SEGV_MAPERR), fault addr 6f542e8d
I/DEBUG   (  149):  r0 6f542e61  r1 001d5df0  r2 001d5dc0  r3 bea28188
I/DEBUG   (  149):  r4 001d5dc0  r5 6f542e61  r6 401a14b0  r7 4081905d
I/DEBUG   (  149):  r8 d0000019  r9 46178c28  10 00000000  fp bea28604
I/DEBUG   (  149):  ip 4094d048  sp bea285b8  lr 40927c2b  pc 40919506  cpsr 60000030
I/DEBUG   (  149):  d0  662074696e692061  d1  7541206c61687369
I/DEBUG   (  149):  d2  000000040000036c  d3  4a54d02800000065
I/DEBUG   (  149):  d4  006f006900640075  d5  0069006c006f0050
I/DEBUG   (  149):  d6  0065005300790063  d7  0063006900760072
I/DEBUG   (  149):  d8  0000000000000000  d9  0000000000000000
I/DEBUG   (  149):  d10 0000000000000000  d11 0000000000000000
I/DEBUG   (  149):  d12 0000000000000000  d13 0000000000000000
I/DEBUG   (  149):  d14 0000000000000000  d15 0000000000000000
I/DEBUG   (  149):  d16 3fd43d135cda918c  d17 3ffc63194c570da5
I/DEBUG   (  149):  d18 4000000000000000  d19 3fcce7359d4792d9
I/DEBUG   (  149):  d20 3f11504c292739d4  d21 bebbb371092382c4
I/DEBUG   (  149):  d22 3ff0000000000000  d23 3ff43d135cda918c
I/DEBUG   (  149):  d24 3e66376972bea4d0  d25 3fc39a09d078c69f
I/DEBUG   (  149):  d26 0000000000000000  d27 0000000000000000
I/DEBUG   (  149):  d28 0000000000000000  d29 0000000000000000
I/DEBUG   (  149):  d30 0000000000000000  d31 0000000000000000
I/DEBUG   (  149):  scr 20000012
I/DEBUG   (  149): 
E/ExtendedExtractor(  579): Failed to open MM_PARSER_LIB, dlerror = Cannot load library: load_library[1091]: Library 'libmmparser.so' not found 
E/ExtendedExtractor(  579): Failed to open MM_PARSER_LITE_LIB, dlerror = Cannot load library: load_library[1091]: Library 'libmmparser_lite.so' not found 
E/OMXCodec(  579): Attempting to allocate OMX node 'OMX.google.vorbis.decoder'
E/OMXCodec(  579): Successfully allocated OMX node 'OMX.google.vorbis.decoder'
E/AwesomePlayer(  579): AudioPlayer created, Non-LPA mode mime audio/vorbis duration 31632
D/memalloc(  258): /dev/pmem: Freeing buffer base:0x4b8fd000 size:1474560 offset:1536000 fd:230
D/memalloc(  258): /dev/pmem: Freeing buffer base:0x4bd63000 size:1474560 offset:6148096 fd:214
E/OMXCodec(  579): Attempting to allocate OMX node 'OMX.google.vorbis.decoder'
E/OMXCodec(  579): Successfully allocated OMX node 'OMX.google.vorbis.decoder'
E/AwesomePlayer(  579): AudioPlayer created, Non-LPA mode mime audio/vorbis duration 101360
I/BootReceiver(  258): Copying /data/tombstones/tombstone_09 to DropBox (SYSTEM_TOMBSTONE)
I/DEBUG   (  149):          #00  pc 00037506  /system/lib/libmedia.so (_ZN7android10AudioTrackD2Ev)
I/DEBUG   (  149):          #01  pc 00045c26  /system/lib/libmedia.so (_ZN7android13ToneGeneratorD1Ev)
I/DEBUG   (  149):          #02  pc 0006e1d4  /system/lib/libandroid_runtime.so
I/DEBUG   (  149):          #03  pc 0001ecb0  /system/lib/libdvm.so (dvmPlatformInvoke)
I/DEBUG   (  149):          #04  pc 0005884a  /system/lib/libdvm.so (_Z16dvmCallJNIMethodPKjP6JValuePK6MethodP6Thread)
I/DEBUG   (  149): 
I/DEBUG   (  149): code around pc:
I/DEBUG   (  149): 409194e4 463b9308 f8cd9506 f7ff901c 62e0fe81  ..;F...........b
I/DEBUG   (  149): 409194f4 f7fe4628 4620fced e8bdb00d bf0083f0  (F.... F........
I/DEBUG   (  149): 40919504 6ac5b570 2d004604 f7ffd134 68a0fc89  p..j.F.-4......h
I/DEBUG   (  149): 40919514 f7fdb160 68a3eafa 681ab143 0108f104  `......hC..h....
I/DEBUG   (  149): 40919524 0c0cf852 f7fd1818 60a5ea5a b1136823  R.......Z..`#h..
I/DEBUG   (  149): 
I/DEBUG   (  149): code around lr:
I/DEBUG   (  149): 40927c08 bd7ceece 0000adf0 0000ae9c 6ac3b570  ..|.........p..j
I/DEBUG   (  149): 40927c18 b14b4604 ffc6f7ff b12d6ae5 f7f14628  .FK......j-.(F..
I/DEBUG   (  149): 40927c28 4628fc6d eea2f7ee 0048f104 ff10f7ff  m.(F......H.....
I/DEBUG   (  149): 40927c38 0038f104 ea42f7ef 0034f104 ee84f7ee  ..8...B...4.....
I/DEBUG   (  149): 40927c48 0030f104 ee80f7ee bd704620 b5f72963  ..0..... Fp.c)..
I/DEBUG   (  149): 
I/DEBUG   (  149): memory map around addr 6f542e8d:
I/DEBUG   (  149): 4aecc000-4afcb000 
I/DEBUG   (  149): (no map for address)
I/DEBUG   (  149): b0001000-b0009000 /system/bin/linker
I/DEBUG   (  149): 
I/DEBUG   (  149): stack:
I/DEBUG   (  149):     bea28578  00000000  
I/DEBUG   (  149):     bea2857c  001d5dc0  [heap]
I/DEBUG   (  149):     bea28580  401a14b0  
I/DEBUG   (  149):     bea28584  4081905d  /system/lib/libdvm.so
I/DEBUG   (  149):     bea28588  d0000019  
I/DEBUG   (  149):     bea2858c  46178c28  
I/DEBUG   (  149):     bea28590  001d5dc0  [heap]
I/DEBUG   (  149):     bea28594  001d5df0  [heap]
I/DEBUG   (  149):     bea28598  401a14b0  
I/DEBUG   (  149):     bea2859c  4081905d  /system/lib/libdvm.so
I/DEBUG   (  149):     bea285a0  d0000019  
I/DEBUG   (  149):     bea285a4  46178c28  
I/DEBUG   (  149):     bea285a8  00000000  
I/DEBUG   (  149):     bea285ac  40927c0b  /system/lib/libmedia.so
I/DEBUG   (  149):     bea285b0  df0027ad  
I/DEBUG   (  149):     bea285b4  00000000  
I/DEBUG   (  149): #00 bea285b8  001d5dc0  [heap]
I/DEBUG   (  149):     bea285bc  6f542e61  
I/DEBUG   (  149):     bea285c0  401a14b0  
I/DEBUG   (  149):     bea285c4  40927c2b  /system/lib/libmedia.so
I/DEBUG   (  149): #01 bea285c8  001d5dc0  [heap]
I/DEBUG   (  149):     bea285cc  0000f2c8  [heap]
I/DEBUG   (  149):     bea285d0  401a14b0  
I/DEBUG   (  149):     bea285d4  4017a1d7  /system/lib/libandroid_runtime.so
E/OMXCodec(  579): Attempting to allocate OMX node 'OMX.google.vorbis.decoder'
E/OMXCodec(  579): Successfully allocated OMX node 'OMX.google.vorbis.decoder'
E/AwesomePlayer(  579): AudioPlayer created, Non-LPA mode mime audio/vorbis duration 279410
I/ActivityThread(  610): Pub downloads: com.android.providers.downloads.DownloadProvider
E/OMXCodec(  579): Attempting to allocate OMX node 'OMX.google.vorbis.decoder'
E/OMXCodec(  579): Successfully allocated OMX node 'OMX.google.vorbis.decoder'
E/AwesomePlayer(  579): AudioPlayer created, Non-LPA mode mime audio/vorbis duration 168820
I/ActivityThread(  610): Pub drm: com.android.providers.drm.DrmProvider
I/CalendarProvider2(  564): Sending notification intent: Intent { act=android.intent.action.PROVIDER_CHANGED dat=content://com.android.calendar }
W/ContentResolver(  564): Failed to get type for: content://com.android.calendar (Unknown URL content://com.android.calendar)
I/DownloadManager(  610): in removeSpuriousFiles
E/OMXCodec(  579): Attempting to allocate OMX node 'OMX.google.vorbis.decoder'
E/OMXCodec(  579): Successfully allocated OMX node 'OMX.google.vorbis.decoder'
E/AwesomePlayer(  579): AudioPlayer created, Non-LPA mode mime audio/vorbis duration 363990
I/ActivityManager(  258): Start proc com.android.email for broadcast com.android.email/.service.EmailBroadcastReceiver: pid=643 uid=10013 gids={3003, 1015}
E/AudioService(  258): Media server died.
W/AudioFlinger(  579): openDuplicateOutput() wrong output mixer type for output 1091886216 or 2
F/libc    (  579): Fatal signal 11 (SIGSEGV) at 0x3c41f0dd (code=1)
I/ActivityThread(  643): Pub com.android.email.provider;com.android.email.notifier: com.android.email.provider.EmailProvider
I/ActivityThread(  643): Pub com.android.email.attachmentprovider: com.android.email.provider.AttachmentProvider
I/ActivityManager(  258): Start proc com.android.exchange for service com.android.exchange/.ExchangeService: pid=665 uid=10014 gids={3003, 1015}
I/ActivityThread(  665): Pub com.android.exchange.directory.provider: com.android.exchange.provider.ExchangeDirectoryProvider
D/ExchangeService(  665): !!! EAS ExchangeService, onCreate
D/ExchangeService(  665): !!! EAS ExchangeService, onStartCommand, startingUp = false, running = false
D/ExchangeService(  665): !!! EAS ExchangeService, onStartCommand, startingUp = true, running = false
D/Eas Debug(  665): Logging: 
I/ActivityManager(  258): Start proc com.android.mms for broadcast com.android.mms/.transaction.MmsSystemEventReceiver: pid=686 uid=10024 gids={3003, 1015}
D/ExchangeService(  665): Received deviceId from Email app: android1331775720949
D/ExchangeService(  665): Reconciling accounts...
D/ExchangeService(  665): !!! EAS ExchangeService, onStartCommand, startingUp = true, running = false
D/Eas Debug(  665): Logging: 
E/DataRouter(  163): [*] Connect_RILD() returns 4 retrycount 10
I/ActivityThread(  686): Pub mms_temp_file: com.android.mms.TempFileProvider
I/ActivityThread(  686): Pub com.android.mms.SuggestionsProvider: com.android.mms.SuggestionsProvider
V/MmsConfig(  686): mnc/mcc: 
V/MmsConfig(  686): tag: bool value: enabledMMS - true
V/MmsConfig(  686): tag: int value: maxMessageSize - 307200
V/MmsConfig(  686): tag: int value: maxImageHeight - 480
V/MmsConfig(  686): tag: int value: maxImageWidth - 640
V/MmsConfig(  686): tag: int value: defaultSMSMessagesPerThread - 500
V/MmsConfig(  686): tag: int value: defaultMMSMessagesPerThread - 50
V/MmsConfig(  686): tag: int value: minMessageCountPerThread - 10
V/MmsConfig(  686): tag: int value: maxMessageCountPerThread - 5000
V/MmsConfig(  686): tag: string value: uaProfUrl - http://www.google.com/oha/rdf/ua-profile-kila.xml
V/MmsConfig(  686): tag: int value: recipientLimit - -1
V/MmsConfig(  686): tag: int value: smsToMmsTextThreshold - 4
V/MmsConfig(  686): tag: bool value: enableMultipartSMS - true
V/MmsConfig(  686): tag: bool value: enableSlideDuration - true
V/MmsConfig(  686): tag: int value: maxMessageTextSize - -1
D/MmsSmsDatabaseHelper(  550): [MmsSmsDb] tableName: threads hasAutoIncrement: CREATE TABLE threads (_id INTEGER PRIMARY KEY AUTOINCREMENT,date INTEGER DEFAULT 0,message_count INTEGER DEFAULT 0,recipient_ids TEXT,snippet TEXT,snippet_cs INTEGER DEFAULT 0,read INTEGER DEFAULT 1,type INTEGER DEFAULT 0,error INTEGER DEFAULT 0,has_attachment INTEGER DEFAULT 0) result: true
D/MmsSmsDatabaseHelper(  550): [MmsSmsDb] tableName: canonical_addresses hasAutoIncrement: CREATE TABLE canonical_addresses (_id INTEGER PRIMARY KEY AUTOINCREMENT,address TEXT) result: true
D/MmsSmsDatabaseHelper(  550): [getWritableDatabase] hasAutoIncrementThreads: true hasAutoIncrementAddresses: true
D/CountryDetectorService(  258): The first listener is added
D/BroadcastConfigInstantiator(  686): Received Intent { act=android.intent.action.BOOT_COMPLETED flg=0x10 cmp=com.android.mms/.transaction.BroadcastConfigInstantiator }
D/BroadcastConfigInstantiator(  686): Registering for ServiceState updates
D/BroadcastConfigInstantiator(  686): Sub: 0, registering for ServiceState updates.
D/BroadcastConfigInstantiator(  686): Sub: 0, service state changed! 1 Full:  1 home null null null  Unknown:0 CSS not supported 0 0 RoamInd=0 DefRoamInd=0 EmergOnly=false
W/ActivityManager(  258): Permission Denial: receiving Intent { act=android.intent.action.BOOT_COMPLETED flg=0x10 } to com.android.musicfx requires android.permission.RECEIVE_BOOT_COMPLETED due to sender null (uid 1000)
D/ExchangeService(  665): !!! EAS ExchangeService, onStartCommand, startingUp = true, running = false
D/memalloc(  258): /dev/pmem: Allocated buffer base:0x4b786000 size:425984 offset:6148096 fd:246
D/memalloc(  421): /dev/pmem: Mapped buffer base:0x4cd94000 size:6574080 offset:6148096 fd:52
D/memalloc(  258): /dev/pmem: Allocated buffer base:0x4b786000 size:425984 offset:6574080 fd:247
D/memalloc(  421): /dev/pmem: Mapped buffer base:0x4d3d9000 size:7000064 offset:6574080 fd:62
I/ActivityManager(  258): START {act=android.settings.SETTINGS flg=0x10200000 cmp=com.android.settings/.Settings} from pid 421
I/ActivityManager(  258): Start proc com.android.settings for activity com.android.settings/.Settings: pid=729 uid=1000 gids={1015, 3002, 3001, 3003}
D/memalloc(  258): /dev/pmem: Allocated buffer base:0x4b786000 size:1536000 offset:1536000 fd:257
D/memalloc(  421): /dev/pmem: Unmapping buffer base:0x4d3d9000 size:7000064 offset:6574080
D/memalloc(  258): /dev/pmem: Freeing buffer base:0x4bdcb000 size:425984 offset:6574080 fd:247
D/memalloc(  421): /dev/pmem: Unmapping buffer base:0x4cd94000 size:6574080 offset:6148096
I/WindowManager(  258): SCREENLAYOUT_SIZE (1:small, 2:normal, 3:large, 4:xlarge) 2
W/NetworkManagementSocketTagger(  258): setKernelCountSet(1000, 1) failed with errno -2
W/InputManagerService(  258): Window already focused, ignoring focus gain of: com.android.internal.view.IInputMethodClient$Stub$Proxy@415ae930
D/memalloc(  421): /dev/pmem: Unmapping buffer base:0x4bd85000 size:16838656 offset:15302656
D/memalloc(  258): /dev/pmem: Freeing buffer base:0x4c61e000 size:1536000 offset:15302656 fd:240
D/memalloc(  421): /dev/pmem: Unmapping buffer base:0x4aeed000 size:15302656 offset:13766656
E/DataRouter(  163): [*] Connect_RILD() returns 4 retrycount 11
W/System.err(  729): Removed 2131231173
W/System.err(  729): Removed 2131231181
D/memalloc(  258): /dev/pmem: Freeing buffer base:0x4bd63000 size:425984 offset:6148096 fd:246
I/DEBUG   (  149): *** *** *** *** *** *** *** *** *** *** *** *** *** *** *** ***
I/DEBUG   (  149): Build fingerprint: 'qcom/msm8660_surf/msm8660_surf:4.0.3/IML74K/eng.joey.20120210.232528:eng/test-keys'
I/DEBUG   (  149): pid: 579, tid: 579  >>> /system/bin/mediaserver <<<
I/DEBUG   (  149): signal 11 (SIGSEGV), code 1 (SEGV_MAPERR), fault addr 3c41f0dd
I/DEBUG   (  149):  r0 3c41f0e9  r1 0000fb20  r2 00000004  r3 40030c89
I/DEBUG   (  149):  r4 00016428  r5 4003e828  r6 4003d6f4  r7 bee7a908
I/DEBUG   (  149):  r8 00000102  r9 0000f9e0  10 bee7a908  fp 00000000
I/DEBUG   (  149):  ip 4010807c  sp bee7a8d8  lr 400c10e8  pc 400278fa  cpsr 80000030
I/DEBUG   (  149):  d0  006e0069006c0067  d1  0069006400650000
I/DEBUG   (  149):  d2  00410049002e0065  d3  006f006900640000
I/DEBUG   (  149):  d4  252400007c001800  d5  1a19187334444440
I/DEBUG   (  149):  d6  2221201f1e1d1c1b  d7  3cb9c278447a0000
I/DEBUG   (  149):  d8  0000000000000000  d9  0000000000000000
I/DEBUG   (  149):  d10 0000000000000000  d11 0000000000000000
I/DEBUG   (  149):  d12 0000000000000000  d13 0000000000000000
I/DEBUG   (  149):  d14 0000000000000000  d15 0000000000000000
I/DEBUG   (  149):  d16 0000000000000000  d17 6f732e6574696c5f
I/DEBUG   (  149):  d18 2e7972616d697270  d19 2e303636386d736d
I/DEBUG   (  149):  d20 616f6c2820276f73  d21 72617262696c5f64
I/DEBUG   (  149):  d22 3a5d313930315b79  d23 7972617262694c20
I/DEBUG   (  149):  d24 0000000000000000  d25 0000000000000000
I/DEBUG   (  149):  d26 0000000000000000  d27 0000000000000000
I/BootReceiver(  258): Copying /data/tombstones/tombstone_03 to DropBox (SYSTEM_TOMBSTONE)
I/DEBUG   (  149):  d28 0000000000000000  d29 0000000000000000
I/DEBUG   (  149):  d30 0000000000000000  d31 0000000000000000
I/DEBUG   (  149):  scr 20000010
I/DEBUG   (  149): 
I/ActivityManager(  258): Process com.android.phone (pid 550) has died.
W/ActivityManager(  258): Scheduling restart of crashed service com.android.phone/.BluetoothHeadsetService in 7852ms
I/ActivityManager(  258): Start proc com.android.phone for restart com.android.phone: pid=743 uid=1001 gids={3002, 3001, 3003, 1015}
D/LocalBluetoothProfileManager(  729): Added handler for SAP state changed Notifications
D/LocalBluetoothProfileManager(  729): LocalBluetoothProfileManager construction complete
I/ActivityManager(  258): Start proc com.android.voicedialer for broadcast com.android.voicedialer/.VoiceDialerReceiver: pid=757 uid=10042 gids={3002}
I/DEBUG   (  149):          #00  pc 000278fa  /system/lib/libaudioflinger.so (_ZN7android12AudioFlinger18NotificationClientC1ERKNS_2spIS0_EERKNS2_INS_19IAudioFlingerClientEEEi)
I/DEBUG   (  149):          #01  pc 00030ede  /system/lib/libaudioflinger.so (_ZN7android12AudioFlinger14registerClientERKNS_2spINS_19IAudioFlingerClientEEE)
I/DEBUG   (  149):          #02  pc 00037b8e  /system/lib/libmedia.so (_ZN7android14BnAudioFlinger10onTransactEjRKNS_6ParcelEPS1_j)
I/DEBUG   (  149):          #03  pc 00026058  /system/lib/libaudioflinger.so (_ZN7android12AudioFlinger10onTransactEjRKNS_6ParcelEPS1_j)
I/DEBUG   (  149):          #04  pc 00017d84  /system/lib/libbinder.so (_ZN7android7BBinder8transactEjRKNS_6ParcelEPS1_j)
I/DEBUG   (  149):          #05  pc 0001b082  /system/lib/libbinder.so (_ZN7android14IPCThreadState14executeCommandEi)
I/DEBUG   (  149):          #06  pc 0001b25e  /system/lib/libbinder.so (_ZN7android14IPCThreadState14joinThreadPoolEb)
I/ActivityThread(  743): Pub mms: com.android.providers.telephony.MmsProvider
I/DEBUG   (  149):          #07  pc 00008c24  /system/bin/mediaserver
I/DEBUG   (  149):          #08  pc 0001652c  /system/lib/libc.so (__libc_init)
I/DEBUG   (  149): 
I/DEBUG   (  149): code around pc:
I/DEBUG   (  149): 400278d8 46395063 1d20582b 020cf103 60223334  cP9F+X .....43"`
I/DEBUG   (  149): 400278e8 f7fe6123 f8c4fde1 68338008 b13b60e3  #a........3h.`;.
I/DEBUG   (  149): 400278f8 f8506818 18581c0c 010cf104 e94af7f9  .hP...X.......J.
I/DEBUG   (  149): 40027908 e8bd4620 bf0081f0 00016f5e fffffeb0   F......^o......
I/DEBUG   (  149): 40027918 fffffeac 4604b537 6810680b 90019300  ....7..F.h.h....
I/DEBUG   (  149): 
I/DEBUG   (  149): code around lr:
I/DEBUG   (  149): 400c10c8 e1853f92 e3530000 1afffffa e8bd8070  .?....S.....p...
I/DEBUG   (  149): 400c10d8 e92d4070 e1a04000 e1a05001 ebffffd1  p@-..@...P......
I/DEBUG   (  149): 400c10e8 e1950f9f e0802004 e1853f92 e3530000  ..... ...?....S.
I/DEBUG   (  149): 400c10f8 1afffffa e8bd8070 e1a01000 e3e00000  ....p...........
I/DEBUG   (  149): 400c1108 eafffff2 e1a01000 e3a00001 eaffffef  ................
I/DEBUG   (  149): 
I/DEBUG   (  149): memory map around addr 3c41f0dd:
I/DEBUG   (  149): 10001000-10100000 
I/DEBUG   (  149): (no map for address)
I/DEBUG   (  149): 40000000-4003a000 /system/lib/libaudioflinger.so
I/DEBUG   (  149): 
I/DEBUG   (  149): stack:
I/DEBUG   (  149):     bee7a898  bee7a908  [stack]
I/DEBUG   (  149):     bee7a89c  00016438  [heap]
I/DEBUG   (  149):     bee7a8a0  00016f5e  [heap]
I/DEBUG   (  149):     bee7a8a4  4003d6f4  /system/lib/libaudioflinger.so
I/DEBUG   (  149):     bee7a8a8  bee7a908  [stack]
I/DEBUG   (  149):     bee7a8ac  00000102  
I/DEBUG   (  149):     bee7a8b0  0000fb20  [heap]
I/DEBUG   (  149):     bee7a8b4  4003e828  /system/lib/libaudioflinger.so
I/DEBUG   (  149):     bee7a8b8  0000fb20  [heap]
I/DEBUG   (  149):     bee7a8bc  4003e828  /system/lib/libaudioflinger.so
I/DEBUG   (  149):     bee7a8c0  4003d6f4  /system/lib/libaudioflinger.so
I/DEBUG   (  149):     bee7a8c4  400f3f3d  /system/lib/libutils.so
I/DEBUG   (  149):     bee7a8c8  0001642c  [heap]
I/DEBUG   (  149):     bee7a8cc  400264c9  /system/lib/libaudioflinger.so
I/DEBUG   (  149):     bee7a8d0  df0027ad  
I/DEBUG   (  149):     bee7a8d4  00000000  
I/DEBUG   (  149): #00 bee7a8d8  0000f9d0  [heap]
I/DEBUG   (  149):     bee7a8dc  00016428  [heap]
I/DEBUG   (  149):     bee7a8e0  00000102  
I/DEBUG   (  149):     bee7a8e4  0000faa8  [heap]
I/DEBUG   (  149):     bee7a8e8  4003d6f4  /system/lib/libaudioflinger.so
I/DEBUG   (  149):     bee7a8ec  40030ee3  /system/lib/libaudioflinger.so
I/DEBUG   (  149): #01 bee7a8f0  00000001  
I/DEBUG   (  149):     bee7a8f4  40140a4d  /system/lib/libbinder.so
I/DEBUG   (  149):     bee7a8f8  00000102  
I/DEBUG   (  149):     bee7a8fc  00000000  
I/DEBUG   (  149):     bee7a900  bee7aaf8  [stack]
I/DEBUG   (  149):     bee7a904  4008b498  
I/DEBUG   (  149):     bee7a908  0000f9d0  [heap]
I/DEBUG   (  149):     bee7a90c  00016438  [heap]
I/DEBUG   (  149):     bee7a910  0000f9d0  [heap]
I/DEBUG   (  149):     bee7a914  bee7aac8  [stack]
I/DEBUG   (  149):     bee7a918  bee7aaf8  [stack]
I/DEBUG   (  149):     bee7a91c  00000012  
I/DEBUG   (  149):     bee7a920  bee7aaf8  [stack]
I/DEBUG   (  149):     bee7a924  00000243  
I/DEBUG   (  149):     bee7a928  000003f5  
I/DEBUG   (  149):     bee7a92c  40182b91  /system/lib/libmedia.so
I/ActivityThread(  743): Pub sms: com.android.providers.telephony.SmsProvider
I/ActivityThread(  743): Pub telephony: com.android.providers.telephony.TelephonyProvider
W/TelephonyProvider(  743): onCreate: confFile=/system/etc/apns-conf.xml oldCheckSum=3358775275
W/TelephonyProvider(  743): onCreate: newCheckSum=3358775275
I/ActivityThread(  743): Pub icc: com.android.phone.IccProvider
I/ActivityThread(  743): Pub mms-sms: com.android.providers.telephony.MmsSmsProvider
D/PhoneApp(  743): non dsds PhoneApp:
D/memalloc(  258): /dev/pmem: Freeing buffer base:0x4c4a7000 size:1536000 offset:13766656 fd:237
D/memalloc(  258): /dev/pmem: Allocated buffer base:0x4b786000 size:1536000 offset:3072000 fd:237
D/memalloc(  729): /dev/pmem: Mapped buffer base:0x4ab27000 size:4608000 offset:3072000 fd:48
I/ActivityManager(  258): Displayed com.android.settings/.Settings: +757ms
E/dalvikvm(  421): GREF has increased to 201, max is 200 and min is 0
D/MediaScannerReceiver(  610): action: android.intent.action.MEDIA_MOUNTED path: /mnt/sdcard
I/ActivityManager(  258): Start proc com.android.calendar for broadcast com.android.calendar/.widget.CalendarAppWidgetService$CalendarFactory: pid=778 uid=10005 gids={3003}
D/CallManager(  743): registerPhone(CDMA Handler (com.android.internal.telephony.PhoneProxy) {412f97f8})
D/PhoneStatusBarPolicy(  373): updateSimState for subscription :0
D/PhoneStatusBarPolicy(  373): updateSimState for subscription :0
D/PhoneInterfaceManager(  743):  Registering for UNSOL OEM HOOK Responses to deliver external apps
D/memalloc(  258): /dev/pmem: Freeing buffer base:0x4b8fd000 size:1536000 offset:1536000 fd:257
D/Bluetooth HS/HF(  743): CDMA call state: IDLE prev state:IDLE
W/NetworkManagementSocketTagger(  258): setKernelCountSet(10020, 0) failed with errno -2
I/ActivityThread(  778): Pub com.android.calendar.CalendarRecentSuggestionsProvider: com.android.calendar.CalendarRecentSuggestionsProvider
E/ToneGenerator(  743): Unable to marshal AudioFlinger
E/ToneGenerator(  743): ToneGenerator init failed 
F/libc    (  743): Fatal signal 11 (SIGSEGV) at 0x6f542e8d (code=1)
W/AudioSystem(  258): AudioFlinger server died!
E/AudioService(  258): Media server started.
W/IMediaDeathNotifier(  258): media server died
W/AudioSystem(  743): AudioPolicyService server died!
I/ServiceManager(  258): Waiting for service media.audio_flinger...
I/DEBUG   (  149): debuggerd committing suicide to free the zombie!
I/BootReceiver(  258): Copying /data/tombstones/tombstone_04 to DropBox (SYSTEM_TOMBSTONE)
I/ActivityManager(  258): Process com.android.phone (pid 743) has died.
W/ActivityManager(  258): Canceling start item Intent { cmp=com.android.phone/.BluetoothHeadsetService } in service ComponentInfo{com.android.phone/com.android.phone.BluetoothHeadsetService}
W/ActivityManager(  258): Scheduling restart of crashed service com.android.phone/.BluetoothHeadsetService in 1250ms
I/DEBUG   (  797): debuggerd: Feb  8 2012 22:22:03
I/ActivityManager(  258): Start proc com.android.phone for restart com.android.phone: pid=799 uid=1001 gids={3002, 3001, 3003, 1015}
E/HAL     (  798): load: module=/system/lib/hw/audio.primary.msm8660.so
E/HAL     (  798): Cannot load library: link_image[1936]:   798 could not load needed library 'libasound.so' for 'audio.primary.msm8660.so' (load_library[1091]: Library 'libasound.so' not found)
I/AudioFlinger(  798): Loaded a2dp audio interface from A2DP Audio HW HAL (audio)
I/AudioFlinger(  798): Using 'A2DP Audio HW HAL' (audio.a2dp) as the primary audio interface
E/CameraService(  798): Could not load camera HAL module
E/HAL     (  798): load: module=/system/lib/hw/audio_policy.msm8660.so
E/HAL     (  798): Cannot load library: reloc_library[1285]:   798 cannot locate '_ZN7android11AudioSystem17isSeparatedStreamE19audio_stream_type_t'...
I/ActivityThread(  799): Pub mms: com.android.providers.telephony.MmsProvider
I/ActivityThread(  799): Pub sms: com.android.providers.telephony.SmsProvider
