I/DEBUG   (24809):  d8  0000000000000000  d9  0000000000000000
I/DEBUG   (24809):  d10 0000000000000000  d11 0000000000000000
I/DEBUG   (24809):  d12 0000000000000000  d13 0000000000000000
I/DEBUG   (24809):  d14 0000000000000000  d15 0000000000000000
I/DEBUG   (24809):  d16 3fd43d135cda918c  d17 3ffc63194c570da5
I/DEBUG   (24809):  d18 4000000000000000  d19 3fcce7359d4792d9
I/DEBUG   (24809):  d20 3f11504c292739d4  d21 bebbb371092382c4
I/DEBUG   (24809):  d22 3ff0000000000000  d23 3ff43d135cda918c
I/DEBUG   (24809):  d24 3e66376972bea4d0  d25 3fc39a09d078c69f
I/DEBUG   (24809):  d26 0000000000000000  d27 0000000000000000
I/DEBUG   (24809):  d28 0000000000000000  d29 0000000000000000
I/DEBUG   (24809):  d30 0000000000000000  d31 0000000000000000
I/DEBUG   (24809):  scr 20000012
I/DEBUG   (24809): 
I/DEBUG   (24809):          #00  pc 00037506  /system/lib/libmedia.so (_ZN7android10AudioTrackD2Ev)
I/DEBUG   (24809):          #01  pc 00045c26  /system/lib/libmedia.so (_ZN7android13ToneGeneratorD1Ev)
I/DEBUG   (24809):          #02  pc 0006e1d4  /system/lib/libandroid_runtime.so
I/DEBUG   (24809):          #03  pc 0001ecb0  /system/lib/libdvm.so (dvmPlatformInvoke)
I/DEBUG   (24809):          #04  pc 0005884a  /system/lib/libdvm.so (_Z16dvmCallJNIMethodPKjP6JValuePK6MethodP6Thread)
I/DEBUG   (24809): 
I/DEBUG   (24809): code around pc:
I/DEBUG   (24809): 409194e4 463b9308 f8cd9506 f7ff901c 62e0fe81  ..;F...........b
I/DEBUG   (24809): 409194f4 f7fe4628 4620fced e8bdb00d bf0083f0  (F.... F........
I/DEBUG   (24809): 40919504 6ac5b570 2d004604 f7ffd134 68a0fc89  p..j.F.-4......h
I/DEBUG   (24809): 40919514 f7fdb160 68a3eafa 681ab143 0108f104  `......hC..h....
I/DEBUG   (24809): 40919524 0c0cf852 f7fd1818 60a5ea5a b1136823  R.......Z..`#h..
I/DEBUG   (24809): 
I/DEBUG   (24809): code around lr:
I/DEBUG   (24809): 40927c08 bd7ceece 0000adf0 0000ae9c 6ac3b570  ..|.........p..j
I/DEBUG   (24809): 40927c18 b14b4604 ffc6f7ff b12d6ae5 f7f14628  .FK......j-.(F..
I/DEBUG   (24809): 40927c28 4628fc6d eea2f7ee 0048f104 ff10f7ff  m.(F......H.....
I/DEBUG   (24809): 40927c38 0038f104 ea42f7ef 0034f104 ee84f7ee  ..8...B...4.....
I/DEBUG   (24809): 40927c48 0030f104 ee80f7ee bd704620 b5f72963  ..0..... Fp.c)..
I/DEBUG   (24809): 
I/DEBUG   (24809): memory map around addr 6f542e8d:
I/DEBUG   (24809): 4aecc000-4afcb000 
I/DEBUG   (24809): (no map for address)
I/DEBUG   (24809): b0001000-b0009000 /system/bin/linker
I/DEBUG   (24809): 
I/DEBUG   (24809): stack:
I/DEBUG   (24809):     beb88578  00000000  
I/DEBUG   (24809):     beb8857c  0013ecb0  [heap]
I/DEBUG   (24809):     beb88580  401a14b0  
I/DEBUG   (24809):     beb88584  4081905d  /system/lib/libdvm.so
I/DEBUG   (24809):     beb88588  41400019  /dev/ashmem/dalvik-heap (deleted)
I/DEBUG   (24809):     beb8858c  46178c28  
I/DEBUG   (24809):     beb88590  0013ecb0  [heap]
I/DEBUG   (24809):     beb88594  0013ece0  [heap]
I/DEBUG   (24809):     beb88598  401a14b0  
I/DEBUG   (24809):     beb8859c  4081905d  /system/lib/libdvm.so
I/DEBUG   (24809):     beb885a0  41400019  /dev/ashmem/dalvik-heap (deleted)
I/DEBUG   (24809):     beb885a4  46178c28  
I/DEBUG   (24809):     beb885a8  00000000  
I/DEBUG   (24809):     beb885ac  40927c0b  /system/lib/libmedia.so
I/DEBUG   (24809):     beb885b0  df0027ad  
I/DEBUG   (24809):     beb885b4  00000000  
I/DEBUG   (24809): #00 beb885b8  0013ecb0  [heap]
I/DEBUG   (24809):     beb885bc  6f542e61  
I/DEBUG   (24809):     beb885c0  401a14b0  
I/DEBUG   (24809):     beb885c4  40927c2b  /system/lib/libmedia.so
I/DEBUG   (24809): #01 beb885c8  0013ecb0  [heap]
I/DEBUG   (24809):     beb885cc  0000f2c8  [heap]
I/DEBUG   (24809):     beb885d0  401a14b0  
I/DEBUG   (24809):     beb885d4  4017a1d7  /system/lib/libandroid_runtime.so
I/BootReceiver(21098): Copying /data/tombstones/tombstone_07 to DropBox (SYSTEM_TOMBSTONE)
I/ActivityManager(21098): Process com.android.phone (pid 24860) has died.
W/ActivityManager(21098): Canceling start item Intent { cmp=com.android.phone/.BluetoothHeadsetService } in service ComponentInfo{com.android.phone/com.android.phone.BluetoothHeadsetService}
W/ActivityManager(21098): Scheduling restart of crashed service com.android.phone/.BluetoothHeadsetService in 4674ms
I/WindowManager(21098): SCREENLAYOUT_SIZE (1:small, 2:normal, 3:large, 4:xlarge) 2
I/ActivityManager(21098): Start proc com.android.phone for restart com.android.phone: pid=24882 uid=1001 gids={3002, 3001, 3003, 1015}
I/ActivityThread(24882): Pub mms: com.android.providers.telephony.MmsProvider
I/ActivityThread(24882): Pub sms: com.android.providers.telephony.SmsProvider
I/ActivityThread(24882): Pub telephony: com.android.providers.telephony.TelephonyProvider
W/TelephonyProvider(24882): onCreate: confFile=/system/etc/apns-conf.xml oldCheckSum=3358775275
W/TelephonyProvider(24882): onCreate: newCheckSum=3358775275
I/ActivityThread(24882): Pub icc: com.android.phone.IccProvider
I/ActivityThread(24882): Pub mms-sms: com.android.providers.telephony.MmsSmsProvider
D/PhoneApp(24882): non dsds PhoneApp:
D/CallManager(24882): registerPhone(CDMA Handler (com.android.internal.telephony.PhoneProxy) {41282908})
D/PhoneStatusBarPolicy(21194): updateSimState for subscription :0
D/PhoneStatusBarPolicy(21194): updateSimState for subscription :0
D/PhoneInterfaceManager(24882):  Registering for UNSOL OEM HOOK Responses to deliver external apps
D/Bluetooth HS/HF(24882): CDMA call state: IDLE prev state:IDLE
E/ToneGenerator(24882): Unable to marshal AudioFlinger
E/ToneGenerator(24882): ToneGenerator init failed 
F/libc    (24882): Fatal signal 11 (SIGSEGV) at 0x0000005e (code=1)
I/DEBUG   (24809): *** *** *** *** *** *** *** *** *** *** *** *** *** *** *** ***
I/DEBUG   (24809): Build fingerprint: 'qcom/msm8660_surf/msm8660_surf:4.0.3/IML74K/eng.joey.20120210.232528:eng/test-keys'
I/DEBUG   (24809): pid: 24882, tid: 24882  >>> com.android.phone <<<
I/DEBUG   (24809): signal 11 (SIGSEGV), code 1 (SEGV_MAPERR), fault addr 0000005e
I/DEBUG   (24809):  r0 00000032  r1 001448b0  r2 00144880  r3 beb88188
I/DEBUG   (24809):  r4 00144880  r5 00000032  r6 401a14b0  r7 4081905d
I/DEBUG   (24809):  r8 41d00019  r9 46178c28  10 00000000  fp beb88604
I/DEBUG   (24809):  ip 4094d048  sp beb885b8  lr 40927c2b  pc 40919506  cpsr 60000030
I/DEBUG   (24809):  d0  662074696e692061  d1  7541206c61687369
I/DEBUG   (24809):  d2  000000040000036c  d3  4a54d02800000065
I/DEBUG   (24809):  d4  006f006900640075  d5  0069006c006f0050
I/DEBUG   (24809):  d6  0065005300790063  d7  0063006900760072
I/DEBUG   (24809):  d8  0000000000000000  d9  0000000000000000
I/DEBUG   (24809):  d10 0000000000000000  d11 0000000000000000
I/DEBUG   (24809):  d12 0000000000000000  d13 0000000000000000
I/DEBUG   (24809):  d14 0000000000000000  d15 0000000000000000
I/DEBUG   (24809):  d16 3fd43d135cda918c  d17 3ffc63194c570da5
I/DEBUG   (24809):  d18 4000000000000000  d19 3fcce7359d4792d9
I/DEBUG   (24809):  d20 3f11504c292739d4  d21 bebbb371092382c4
I/DEBUG   (24809):  d22 3ff0000000000000  d23 3ff43d135cda918c
I/DEBUG   (24809):  d24 3e66376972bea4d0  d25 3fc39a09d078c69f
I/DEBUG   (24809):  d26 0000000000000000  d27 0000000000000000
I/DEBUG   (24809):  d28 0000000000000000  d29 0000000000000000
I/DEBUG   (24809):  d30 0000000000000000  d31 0000000000000000
I/DEBUG   (24809):  scr 20000012
I/DEBUG   (24809): 
I/DEBUG   (24809):          #00  pc 00037506  /system/lib/libmedia.so (_ZN7android10AudioTrackD2Ev)
I/DEBUG   (24809):          #01  pc 00045c26  /system/lib/libmedia.so (_ZN7android13ToneGeneratorD1Ev)
I/DEBUG   (24809):          #02  pc 0006e1d4  /system/lib/libandroid_runtime.so
I/DEBUG   (24809):          #03  pc 0001ecb0  /system/lib/libdvm.so (dvmPlatformInvoke)
I/DEBUG   (24809):          #04  pc 0005884a  /system/lib/libdvm.so (_Z16dvmCallJNIMethodPKjP6JValuePK6MethodP6Thread)
I/DEBUG   (24809): 
I/DEBUG   (24809): code around pc:
I/DEBUG   (24809): 409194e4 463b9308 f8cd9506 f7ff901c 62e0fe81  ..;F...........b
I/DEBUG   (24809): 409194f4 f7fe4628 4620fced e8bdb00d bf0083f0  (F.... F........
I/DEBUG   (24809): 40919504 6ac5b570 2d004604 f7ffd134 68a0fc89  p..j.F.-4......h
I/DEBUG   (24809): 40919514 f7fdb160 68a3eafa 681ab143 0108f104  `......hC..h....
I/DEBUG   (24809): 40919524 0c0cf852 f7fd1818 60a5ea5a b1136823  R.......Z..`#h..
I/DEBUG   (24809): 
I/DEBUG   (24809): code around lr:
I/DEBUG   (24809): 40927c08 bd7ceece 0000adf0 0000ae9c 6ac3b570  ..|.........p..j
I/DEBUG   (24809): 40927c18 b14b4604 ffc6f7ff b12d6ae5 f7f14628  .FK......j-.(F..
I/DEBUG   (24809): 40927c28 4628fc6d eea2f7ee 0048f104 ff10f7ff  m.(F......H.....
I/DEBUG   (24809): 40927c38 0038f104 ea42f7ef 0034f104 ee84f7ee  ..8...B...4.....
I/DEBUG   (24809): 40927c48 0030f104 ee80f7ee bd704620 b5f72963  ..0..... Fp.c)..
I/DEBUG   (24809): 
I/DEBUG   (24809): stack:
I/DEBUG   (24809):     beb88578  00000000  
I/DEBUG   (24809):     beb8857c  00144880  [heap]
I/DEBUG   (24809):     beb88580  401a14b0  
I/DEBUG   (24809):     beb88584  4081905d  /system/lib/libdvm.so
I/DEBUG   (24809):     beb88588  41d00019  /dev/ashmem/dalvik-heap (deleted)
I/DEBUG   (24809):     beb8858c  46178c28  
I/DEBUG   (24809):     beb88590  00144880  [heap]
I/DEBUG   (24809):     beb88594  001448b0  [heap]
I/DEBUG   (24809):     beb88598  401a14b0  
I/DEBUG   (24809):     beb8859c  4081905d  /system/lib/libdvm.so
I/DEBUG   (24809):     beb885a0  41d00019  /dev/ashmem/dalvik-heap (deleted)
I/DEBUG   (24809):     beb885a4  46178c28  
I/DEBUG   (24809):     beb885a8  00000000  
I/DEBUG   (24809):     beb885ac  40927c0b  /system/lib/libmedia.so
I/DEBUG   (24809):     beb885b0  df0027ad  
I/DEBUG   (24809):     beb885b4  00000000  
I/DEBUG   (24809): #00 beb885b8  00144880  [heap]
I/DEBUG   (24809):     beb885bc  00000032  
I/DEBUG   (24809):     beb885c0  401a14b0  
I/DEBUG   (24809):     beb885c4  40927c2b  /system/lib/libmedia.so
I/DEBUG   (24809): #01 beb885c8  00144880  [heap]
I/DEBUG   (24809):     beb885cc  0000f2c8  [heap]
I/DEBUG   (24809):     beb885d0  401a14b0  
I/DEBUG   (24809):     beb885d4  4017a1d7  /system/lib/libandroid_runtime.so
I/BootReceiver(21098): Copying /data/tombstones/tombstone_08 to DropBox (SYSTEM_TOMBSTONE)
I/ActivityManager(21098): Process com.android.phone (pid 24882) has died.
W/ActivityManager(21098): Canceling start item Intent { cmp=com.android.phone/.BluetoothHeadsetService } in service ComponentInfo{com.android.phone/com.android.phone.BluetoothHeadsetService}
W/ActivityManager(21098): Scheduling restart of crashed service com.android.phone/.BluetoothHeadsetService in 5178ms
I/WindowManager(21098): SCREENLAYOUT_SIZE (1:small, 2:normal, 3:large, 4:xlarge) 2
I/ActivityManager(21098): Start proc com.android.phone for restart com.android.phone: pid=24910 uid=1001 gids={3002, 3001, 3003, 1015}
I/ActivityThread(24910): Pub mms: com.android.providers.telephony.MmsProvider
I/ActivityThread(24910): Pub sms: com.android.providers.telephony.SmsProvider
I/ActivityThread(24910): Pub telephony: com.android.providers.telephony.TelephonyProvider
W/TelephonyProvider(24910): onCreate: confFile=/system/etc/apns-conf.xml oldCheckSum=3358775275
W/TelephonyProvider(24910): onCreate: newCheckSum=3358775275
I/ActivityThread(24910): Pub icc: com.android.phone.IccProvider
I/ActivityThread(24910): Pub mms-sms: com.android.providers.telephony.MmsSmsProvider
D/PhoneApp(24910): non dsds PhoneApp:
D/CallManager(24910): registerPhone(CDMA Handler (com.android.internal.telephony.PhoneProxy) {412f22f8})
D/PhoneStatusBarPolicy(21194): updateSimState for subscription :0
D/PhoneStatusBarPolicy(21194): updateSimState for subscription :0
D/PhoneInterfaceManager(24910):  Registering for UNSOL OEM HOOK Responses to deliver external apps
D/Bluetooth HS/HF(24910): CDMA call state: IDLE prev state:IDLE
E/ToneGenerator(24910): Unable to marshal AudioFlinger
E/ToneGenerator(24910): ToneGenerator init failed 
F/libc    (24910): Fatal signal 11 (SIGSEGV) at 0x6f542e8d (code=1)
I/DEBUG   (24809): *** *** *** *** *** *** *** *** *** *** *** *** *** *** *** ***
I/DEBUG   (24809): Build fingerprint: 'qcom/msm8660_surf/msm8660_surf:4.0.3/IML74K/eng.joey.20120210.232528:eng/test-keys'
I/DEBUG   (24809): pid: 24910, tid: 24910  >>> com.android.phone <<<
I/DEBUG   (24809): signal 11 (SIGSEGV), code 1 (SEGV_MAPERR), fault addr 6f542e8d
I/DEBUG   (24809):  r0 6f542e61  r1 00138f00  r2 00138ed0  r3 beb88188
I/DEBUG   (24809):  r4 00138ed0  r5 6f542e61  r6 401a14b0  r7 4081905d
I/DEBUG   (24809):  r8 43100019  r9 46178c28  10 00000000  fp beb88604
I/DEBUG   (24809):  ip 4094d048  sp beb885b8  lr 40927c2b  pc 40919506  cpsr 60000030
I/DEBUG   (24809):  d0  662074696e692061  d1  7541206c61687369
I/DEBUG   (24809):  d2  000000040000036c  d3  4a54d02800000065
I/DEBUG   (24809):  d4  004d006500630069  d5  00670061006e0061
I/DEBUG   (24809):  d6  0000000000720065  d7  48524b6000000012
I/DEBUG   (24809):  d8  0000000000000000  d9  0000000000000000
I/DEBUG   (24809):  d10 0000000000000000  d11 0000000000000000
I/DEBUG   (24809):  d12 0000000000000000  d13 0000000000000000
I/DEBUG   (24809):  d14 0000000000000000  d15 0000000000000000
I/DEBUG   (24809):  d16 3fd43d135cda918c  d17 3ffc63194c570da5
I/DEBUG   (24809):  d18 4000000000000000  d19 3fcce7359d4792d9
I/DEBUG   (24809):  d20 3f11504c292739d4  d21 bebbb371092382c4
I/DEBUG   (24809):  d22 3ff0000000000000  d23 3ff43d135cda918c
I/DEBUG   (24809):  d24 3e66376972bea4d0  d25 3fc39a09d078c69f
I/DEBUG   (24809):  d26 0000000000000000  d27 0000000000000000
I/DEBUG   (24809):  d28 0000000000000000  d29 0000000000000000
I/DEBUG   (24809):  d30 0000000000000000  d31 0000000000000000
I/DEBUG   (24809):  scr 20000012
I/DEBUG   (24809): 
I/DEBUG   (24809):          #00  pc 00037506  /system/lib/libmedia.so (_ZN7android10AudioTrackD2Ev)
I/DEBUG   (24809):          #01  pc 00045c26  /system/lib/libmedia.so (_ZN7android13ToneGeneratorD1Ev)
I/DEBUG   (24809):          #02  pc 0006e1d4  /system/lib/libandroid_runtime.so
I/DEBUG   (24809):          #03  pc 0001ecb0  /system/lib/libdvm.so (dvmPlatformInvoke)
I/DEBUG   (24809):          #04  pc 0005884a  /system/lib/libdvm.so (_Z16dvmCallJNIMethodPKjP6JValuePK6MethodP6Thread)
I/DEBUG   (24809): 
I/DEBUG   (24809): code around pc:
I/DEBUG   (24809): 409194e4 463b9308 f8cd9506 f7ff901c 62e0fe81  ..;F...........b
I/DEBUG   (24809): 409194f4 f7fe4628 4620fced e8bdb00d bf0083f0  (F.... F........
I/DEBUG   (24809): 40919504 6ac5b570 2d004604 f7ffd134 68a0fc89  p..j.F.-4......h
I/DEBUG   (24809): 40919514 f7fdb160 68a3eafa 681ab143 0108f104  `......hC..h....
I/DEBUG   (24809): 40919524 0c0cf852 f7fd1818 60a5ea5a b1136823  R.......Z..`#h..
I/DEBUG   (24809): 
I/DEBUG   (24809): code around lr:
I/DEBUG   (24809): 40927c08 bd7ceece 0000adf0 0000ae9c 6ac3b570  ..|.........p..j
I/DEBUG   (24809): 40927c18 b14b4604 ffc6f7ff b12d6ae5 f7f14628  .FK......j-.(F..
I/DEBUG   (24809): 40927c28 4628fc6d eea2f7ee 0048f104 ff10f7ff  m.(F......H.....
I/DEBUG   (24809): 40927c38 0038f104 ea42f7ef 0034f104 ee84f7ee  ..8...B...4.....
I/DEBUG   (24809): 40927c48 0030f104 ee80f7ee bd704620 b5f72963  ..0..... Fp.c)..
I/DEBUG   (24809): 
I/DEBUG   (24809): memory map around addr 6f542e8d:
I/DEBUG   (24809): 4aecc000-4afcb000 
I/DEBUG   (24809): (no map for address)
I/DEBUG   (24809): b0001000-b0009000 /system/bin/linker
I/DEBUG   (24809): 
I/DEBUG   (24809): stack:
I/DEBUG   (24809):     beb88578  00000000  
I/DEBUG   (24809):     beb8857c  00138ed0  [heap]
I/DEBUG   (24809):     beb88580  401a14b0  
I/DEBUG   (24809):     beb88584  4081905d  /system/lib/libdvm.so
I/DEBUG   (24809):     beb88588  43100019  /dev/ashmem/dalvik-heap (deleted)
I/DEBUG   (24809):     beb8858c  46178c28  
I/DEBUG   (24809):     beb88590  00138ed0  [heap]
I/DEBUG   (24809):     beb88594  00138f00  [heap]
I/DEBUG   (24809):     beb88598  401a14b0  
I/DEBUG   (24809):     beb8859c  4081905d  /system/lib/libdvm.so
I/DEBUG   (24809):     beb885a0  43100019  /dev/ashmem/dalvik-heap (deleted)
I/DEBUG   (24809):     beb885a4  46178c28  
I/DEBUG   (24809):     beb885a8  00000000  
I/DEBUG   (24809):     beb885ac  40927c0b  /system/lib/libmedia.so
I/DEBUG   (24809):     beb885b0  df0027ad  
I/DEBUG   (24809):     beb885b4  00000000  
I/DEBUG   (24809): #00 beb885b8  00138ed0  [heap]
I/DEBUG   (24809):     beb885bc  6f542e61  
I/DEBUG   (24809):     beb885c0  401a14b0  
I/DEBUG   (24809):     beb885c4  40927c2b  /system/lib/libmedia.so
I/DEBUG   (24809): #01 beb885c8  00138ed0  [heap]
I/DEBUG   (24809):     beb885cc  0000f2c8  [heap]
I/DEBUG   (24809):     beb885d0  401a14b0  
I/DEBUG   (24809):     beb885d4  4017a1d7  /system/lib/libandroid_runtime.so
I/BootReceiver(21098): Copying /data/tombstones/tombstone_09 to DropBox (SYSTEM_TOMBSTONE)
I/ActivityManager(21098): Process com.android.phone (pid 24910) has died.
W/ActivityManager(21098): Canceling start item Intent { cmp=com.android.phone/.BluetoothHeadsetService } in service ComponentInfo{com.android.phone/com.android.phone.BluetoothHeadsetService}
W/ActivityManager(21098): Scheduling restart of crashed service com.android.phone/.BluetoothHeadsetService in 4648ms
I/WindowManager(21098): SCREENLAYOUT_SIZE (1:small, 2:normal, 3:large, 4:xlarge) 2
I/ActivityManager(21098): Start proc com.android.phone for restart com.android.phone: pid=24931 uid=1001 gids={3002, 3001, 3003, 1015}
I/ActivityThread(24931): Pub mms: com.android.providers.telephony.MmsProvider
I/ActivityThread(24931): Pub sms: com.android.providers.telephony.SmsProvider
I/ActivityThread(24931): Pub telephony: com.android.providers.telephony.TelephonyProvider
W/TelephonyProvider(24931): onCreate: confFile=/system/etc/apns-conf.xml oldCheckSum=3358775275
W/TelephonyProvider(24931): onCreate: newCheckSum=3358775275
I/ActivityThread(24931): Pub icc: com.android.phone.IccProvider
I/ActivityThread(24931): Pub mms-sms: com.android.providers.telephony.MmsSmsProvider
D/PhoneApp(24931): non dsds PhoneApp:
D/CallManager(24931): registerPhone(CDMA Handler (com.android.internal.telephony.PhoneProxy) {412ea560})
D/PhoneInterfaceManager(24931):  Registering for UNSOL OEM HOOK Responses to deliver external apps
D/PhoneStatusBarPolicy(21194): updateSimState for subscription :0
D/PhoneStatusBarPolicy(21194): updateSimState for subscription :0
D/Bluetooth HS/HF(24931): CDMA call state: IDLE prev state:IDLE
E/ToneGenerator(24931): Unable to marshal AudioFlinger
E/ToneGenerator(24931): ToneGenerator init failed 
F/libc    (24931): Fatal signal 11 (SIGSEGV) at 0x0065007f (code=1)
I/DEBUG   (24809): *** *** *** *** *** *** *** *** *** *** *** *** *** *** *** ***
I/DEBUG   (24809): Build fingerprint: 'qcom/msm8660_surf/msm8660_surf:4.0.3/IML74K/eng.joey.20120210.232528:eng/test-keys'
I/DEBUG   (24809): pid: 24931, tid: 24931  >>> com.android.phone <<<
I/DEBUG   (24809): signal 11 (SIGSEGV), code 1 (SEGV_MAPERR), fault addr 0065007f
I/DEBUG   (24809):  r0 00650053  r1 00158dc8  r2 00158d98  r3 beb88188
I/DEBUG   (24809):  r4 00158d98  r5 00650053  r6 401a14b0  r7 4081905d
I/DEBUG   (24809):  r8 43b00019  r9 46178c28  10 00000000  fp beb88604
I/DEBUG   (24809):  ip 4094d048  sp beb885b8  lr 40927c2b  pc 40919506  cpsr 60000030
I/DEBUG   (24809):  d0  662074696e692061  d1  7541206c61687369
I/DEBUG   (24809):  d2  000000040000036c  d3  4a54d02800000065
I/DEBUG   (24809):  d4  004d006500630069  d5  00670061006e0061
I/DEBUG   (24809):  d6  0000000000720065  d7  3124726500000012
I/DEBUG   (24809):  d8  0000000000000000  d9  0000000000000000
I/DEBUG   (24809):  d10 0000000000000000  d11 0000000000000000
I/DEBUG   (24809):  d12 0000000000000000  d13 0000000000000000
I/DEBUG   (24809):  d14 0000000000000000  d15 0000000000000000
I/DEBUG   (24809):  d16 3fd43d135cda918c  d17 3ffc63194c570da5
I/DEBUG   (24809):  d18 4000000000000000  d19 3fcce7359d4792d9
I/DEBUG   (24809):  d20 3f11504c292739d4  d21 bebbb371092382c4
I/DEBUG   (24809):  d22 3ff0000000000000  d23 3ff43d135cda918c
I/DEBUG   (24809):  d24 3e66376972bea4d0  d25 3fc39a09d078c69f
I/DEBUG   (24809):  d26 0000000000000000  d27 0000000000000000
I/DEBUG   (24809):  d28 0000000000000000  d29 0000000000000000
I/DEBUG   (24809):  d30 0000000000000000  d31 0000000000000000
I/DEBUG   (24809):  scr 20000012
I/DEBUG   (24809): 
I/DEBUG   (24809):          #00  pc 00037506  /system/lib/libmedia.so (_ZN7android10AudioTrackD2Ev)
I/DEBUG   (24809):          #01  pc 00045c26  /system/lib/libmedia.so (_ZN7android13ToneGeneratorD1Ev)
I/DEBUG   (24809):          #02  pc 0006e1d4  /system/lib/libandroid_runtime.so
I/DEBUG   (24809):          #03  pc 0001ecb0  /system/lib/libdvm.so (dvmPlatformInvoke)
I/DEBUG   (24809):          #04  pc 0005884a  /system/lib/libdvm.so (_Z16dvmCallJNIMethodPKjP6JValuePK6MethodP6Thread)
I/DEBUG   (24809): 
I/DEBUG   (24809): code around pc:
I/DEBUG   (24809): 409194e4 463b9308 f8cd9506 f7ff901c 62e0fe81  ..;F...........b
I/DEBUG   (24809): 409194f4 f7fe4628 4620fced e8bdb00d bf0083f0  (F.... F........
I/DEBUG   (24809): 40919504 6ac5b570 2d004604 f7ffd134 68a0fc89  p..j.F.-4......h
I/DEBUG   (24809): 40919514 f7fdb160 68a3eafa 681ab143 0108f104  `......hC..h....
I/DEBUG   (24809): 40919524 0c0cf852 f7fd1818 60a5ea5a b1136823  R.......Z..`#h..
I/DEBUG   (24809): 
I/DEBUG   (24809): code around lr:
I/DEBUG   (24809): 40927c08 bd7ceece 0000adf0 0000ae9c 6ac3b570  ..|.........p..j
I/DEBUG   (24809): 40927c18 b14b4604 ffc6f7ff b12d6ae5 f7f14628  .FK......j-.(F..
I/DEBUG   (24809): 40927c28 4628fc6d eea2f7ee 0048f104 ff10f7ff  m.(F......H.....
I/DEBUG   (24809): 40927c38 0038f104 ea42f7ef 0034f104 ee84f7ee  ..8...B...4.....
I/DEBUG   (24809): 40927c48 0030f104 ee80f7ee bd704620 b5f72963  ..0..... Fp.c)..
I/DEBUG   (24809): 
I/DEBUG   (24809): memory map around addr 0065007f:
I/DEBUG   (24809): 0000b000-00210000 [heap]
I/DEBUG   (24809): (no map for address)
I/DEBUG   (24809): 10000000-10001000 
I/DEBUG   (24809): 
I/DEBUG   (24809): stack:
I/DEBUG   (24809):     beb88578  00000000  
I/DEBUG   (24809):     beb8857c  00158d98  [heap]
I/DEBUG   (24809):     beb88580  401a14b0  
I/DEBUG   (24809):     beb88584  4081905d  /system/lib/libdvm.so
I/DEBUG   (24809):     beb88588  43b00019  /dev/ashmem/dalvik-heap (deleted)
I/DEBUG   (24809):     beb8858c  46178c28  
I/DEBUG   (24809):     beb88590  00158d98  [heap]
I/DEBUG   (24809):     beb88594  00158dc8  [heap]
I/DEBUG   (24809):     beb88598  401a14b0  
I/DEBUG   (24809):     beb8859c  4081905d  /system/lib/libdvm.so
I/DEBUG   (24809):     beb885a0  43b00019  /dev/ashmem/dalvik-heap (deleted)
I/DEBUG   (24809):     beb885a4  46178c28  
I/DEBUG   (24809):     beb885a8  00000000  
I/DEBUG   (24809):     beb885ac  40927c0b  /system/lib/libmedia.so
I/DEBUG   (24809):     beb885b0  df0027ad  
I/DEBUG   (24809):     beb885b4  00000000  
I/DEBUG   (24809): #00 beb885b8  00158d98  [heap]
I/DEBUG   (24809):     beb885bc  00650053  
I/DEBUG   (24809):     beb885c0  401a14b0  
I/DEBUG   (24809):     beb885c4  40927c2b  /system/lib/libmedia.so
I/DEBUG   (24809): #01 beb885c8  00158d98  [heap]
I/DEBUG   (24809):     beb885cc  0000f2c8  [heap]
I/DEBUG   (24809):     beb885d0  401a14b0  
I/DEBUG   (24809):     beb885d4  4017a1d7  /system/lib/libandroid_runtime.so
I/BootReceiver(21098): Copying /data/tombstones/tombstone_00 to DropBox (SYSTEM_TOMBSTONE)
I/ActivityManager(21098): Process com.android.phone (pid 24931) has died.
W/ActivityManager(21098): Canceling start item Intent { cmp=com.android.phone/.BluetoothHeadsetService } in service ComponentInfo{com.android.phone/com.android.phone.BluetoothHeadsetService}
W/ActivityManager(21098): Scheduling restart of crashed service com.android.phone/.BluetoothHeadsetService in 4836ms
I/WindowManager(21098): SCREENLAYOUT_SIZE (1:small, 2:normal, 3:large, 4:xlarge) 2
I/ActivityManager(21098): Start proc com.android.phone for restart com.android.phone: pid=24959 uid=1001 gids={3002, 3001, 3003, 1015}
I/ActivityThread(24959): Pub mms: com.android.providers.telephony.MmsProvider
I/ActivityThread(24959): Pub sms: com.android.providers.telephony.SmsProvider
I/ActivityThread(24959): Pub telephony: com.android.providers.telephony.TelephonyProvider
W/TelephonyProvider(24959): onCreate: confFile=/system/etc/apns-conf.xml oldCheckSum=3358775275
W/TelephonyProvider(24959): onCreate: newCheckSum=3358775275
I/ActivityThread(24959): Pub icc: com.android.phone.IccProvider
I/ActivityThread(24959): Pub mms-sms: com.android.providers.telephony.MmsSmsProvider
D/PhoneApp(24959): non dsds PhoneApp:
D/CallManager(24959): registerPhone(CDMA Handler (com.android.internal.telephony.PhoneProxy) {412ebf78})
D/PhoneInterfaceManager(24959):  Registering for UNSOL OEM HOOK Responses to deliver external apps
D/PhoneStatusBarPolicy(21194): updateSimState for subscription :0
D/PhoneStatusBarPolicy(21194): updateSimState for subscription :0
D/Bluetooth HS/HF(24959): CDMA call state: IDLE prev state:IDLE
E/ToneGenerator(24959): Unable to marshal AudioFlinger
E/ToneGenerator(24959): ToneGenerator init failed 
F/libc    (24959): Fatal signal 11 (SIGSEGV) at 0x6974618f (code=1)
I/DEBUG   (24809): *** *** *** *** *** *** *** *** *** *** *** *** *** *** *** ***
I/DEBUG   (24809): Build fingerprint: 'qcom/msm8660_surf/msm8660_surf:4.0.3/IML74K/eng.joey.20120210.232528:eng/test-keys'
I/DEBUG   (24809): pid: 24959, tid: 24959  >>> com.android.phone <<<
I/DEBUG   (24809): signal 11 (SIGSEGV), code 1 (SEGV_MAPERR), fault addr 6974618f
I/DEBUG   (24809):  r0 69746163  r1 001449e0  r2 001449b0  r3 beb88188
I/DEBUG   (24809):  r4 001449b0  r5 69746163  r6 401a14b0  r7 4081905d
I/DEBUG   (24809):  r8 44b00019  r9 46178c28  10 00000000  fp beb88604
I/DEBUG   (24809):  ip 4094d048  sp beb885b8  lr 40927c2b  pc 40919506  cpsr 60000030
I/DEBUG   (24809):  d0  662074696e692061  d1  7541206c61687369
I/DEBUG   (24809):  d2  000000040000036c  d3  4a54d02800000065
I/DEBUG   (24809):  d4  0076007200650053  d5  004d006500630069
I/DEBUG   (24809):  d6  00670061006e0061  d7  0000000000720065
I/DEBUG   (24809):  d8  0000000000000000  d9  0000000000000000
I/DEBUG   (24809):  d10 0000000000000000  d11 0000000000000000
I/DEBUG   (24809):  d12 0000000000000000  d13 0000000000000000
I/DEBUG   (24809):  d14 0000000000000000  d15 0000000000000000
I/DEBUG   (24809):  d16 3fd43d135cda918c  d17 3ffc63194c570da5
I/DEBUG   (24809):  d18 4000000000000000  d19 3fcce7359d4792d9
I/DEBUG   (24809):  d20 3f11504c292739d4  d21 bebbb371092382c4
I/DEBUG   (24809):  d22 3ff0000000000000  d23 3ff43d135cda918c
I/DEBUG   (24809):  d24 3e66376972bea4d0  d25 3fc39a09d078c69f
I/DEBUG   (24809):  d26 0000000000000000  d27 0000000000000000
I/DEBUG   (24809):  d28 0000000000000000  d29 0000000000000000
I/DEBUG   (24809):  d30 0000000000000000  d31 0000000000000000
I/DEBUG   (24809):  scr 20000012
I/DEBUG   (24809): 
I/DEBUG   (24809):          #00  pc 00037506  /system/lib/libmedia.so (_ZN7android10AudioTrackD2Ev)
I/DEBUG   (24809):          #01  pc 00045c26  /system/lib/libmedia.so (_ZN7android13ToneGeneratorD1Ev)
I/DEBUG   (24809):          #02  pc 0006e1d4  /system/lib/libandroid_runtime.so
I/DEBUG   (24809):          #03  pc 0001ecb0  /system/lib/libdvm.so (dvmPlatformInvoke)
I/DEBUG   (24809):          #04  pc 0005884a  /system/lib/libdvm.so (_Z16dvmCallJNIMethodPKjP6JValuePK6MethodP6Thread)
I/DEBUG   (24809): 
I/DEBUG   (24809): code around pc:
I/DEBUG   (24809): 409194e4 463b9308 f8cd9506 f7ff901c 62e0fe81  ..;F...........b
I/DEBUG   (24809): 409194f4 f7fe4628 4620fced e8bdb00d bf0083f0  (F.... F........
I/DEBUG   (24809): 40919504 6ac5b570 2d004604 f7ffd134 68a0fc89  p..j.F.-4......h
I/DEBUG   (24809): 40919514 f7fdb160 68a3eafa 681ab143 0108f104  `......hC..h....
I/DEBUG   (24809): 40919524 0c0cf852 f7fd1818 60a5ea5a b1136823  R.......Z..`#h..
I/DEBUG   (24809): 
I/DEBUG   (24809): code around lr:
I/DEBUG   (24809): 40927c08 bd7ceece 0000adf0 0000ae9c 6ac3b570  ..|.........p..j
I/DEBUG   (24809): 40927c18 b14b4604 ffc6f7ff b12d6ae5 f7f14628  .FK......j-.(F..
I/DEBUG   (24809): 40927c28 4628fc6d eea2f7ee 0048f104 ff10f7ff  m.(F......H.....
I/DEBUG   (24809): 40927c38 0038f104 ea42f7ef 0034f104 ee84f7ee  ..8...B...4.....
I/DEBUG   (24809): 40927c48 0030f104 ee80f7ee bd704620 b5f72963  ..0..... Fp.c)..
I/DEBUG   (24809): 
I/DEBUG   (24809): memory map around addr 6974618f:
I/DEBUG   (24809): 4aecc000-4afcb000 
I/DEBUG   (24809): (no map for address)
I/DEBUG   (24809): b0001000-b0009000 /system/bin/linker
I/DEBUG   (24809): 
I/DEBUG   (24809): stack:
I/DEBUG   (24809):     beb88578  00000000  
I/DEBUG   (24809):     beb8857c  001449b0  [heap]
I/DEBUG   (24809):     beb88580  401a14b0  
I/DEBUG   (24809):     beb88584  4081905d  /system/lib/libdvm.so
I/DEBUG   (24809):     beb88588  44b00019  /dev/ashmem/dalvik-bitmap-2 (deleted)
I/DEBUG   (24809):     beb8858c  46178c28  
I/DEBUG   (24809):     beb88590  001449b0  [heap]
I/DEBUG   (24809):     beb88594  001449e0  [heap]
I/DEBUG   (24809):     beb88598  401a14b0  
I/DEBUG   (24809):     beb8859c  4081905d  /system/lib/libdvm.so
I/DEBUG   (24809):     beb885a0  44b00019  /dev/ashmem/dalvik-bitmap-2 (deleted)
I/DEBUG   (24809):     beb885a4  46178c28  
I/DEBUG   (24809):     beb885a8  00000000  
I/DEBUG   (24809):     beb885ac  40927c0b  /system/lib/libmedia.so
I/DEBUG   (24809):     beb885b0  df0027ad  
I/DEBUG   (24809):     beb885b4  00000000  
I/DEBUG   (24809): #00 beb885b8  001449b0  [heap]
I/DEBUG   (24809):     beb885bc  69746163  
I/DEBUG   (24809):     beb885c0  401a14b0  
I/DEBUG   (24809):     beb885c4  40927c2b  /system/lib/libmedia.so
I/DEBUG   (24809): #01 beb885c8  001449b0  [heap]
I/DEBUG   (24809):     beb885cc  0000f2c8  [heap]
I/DEBUG   (24809):     beb885d0  401a14b0  
I/DEBUG   (24809):     beb885d4  4017a1d7  /system/lib/libandroid_runtime.so
I/BootReceiver(21098): Copying /data/tombstones/tombstone_01 to DropBox (SYSTEM_TOMBSTONE)
I/ActivityManager(21098): Process com.android.phone (pid 24959) has died.
W/ActivityManager(21098): Canceling start item Intent { cmp=com.android.phone/.BluetoothHeadsetService } in service ComponentInfo{com.android.phone/com.android.phone.BluetoothHeadsetService}
W/ActivityManager(21098): Scheduling restart of crashed service com.android.phone/.BluetoothHeadsetService in 5112ms
I/WindowManager(21098): SCREENLAYOUT_SIZE (1:small, 2:normal, 3:large, 4:xlarge) 2
I/ActivityManager(21098): Start proc com.android.phone for restart com.android.phone: pid=24984 uid=1001 gids={3002, 3001, 3003, 1015}
I/ActivityThread(24984): Pub mms: com.android.providers.telephony.MmsProvider
I/ActivityThread(24984): Pub sms: com.android.providers.telephony.SmsProvider
I/ActivityThread(24984): Pub telephony: com.android.providers.telephony.TelephonyProvider
W/TelephonyProvider(24984): onCreate: confFile=/system/etc/apns-conf.xml oldCheckSum=3358775275
W/TelephonyProvider(24984): onCreate: newCheckSum=3358775275
I/ActivityThread(24984): Pub icc: com.android.phone.IccProvider
I/ActivityThread(24984): Pub mms-sms: com.android.providers.telephony.MmsSmsProvider
D/PhoneApp(24984): non dsds PhoneApp:
D/CallManager(24984): registerPhone(CDMA Handler (com.android.internal.telephony.PhoneProxy) {412de738})
D/PhoneStatusBarPolicy(21194): updateSimState for subscription :0
D/PhoneStatusBarPolicy(21194): updateSimState for subscription :0
D/PhoneInterfaceManager(24984):  Registering for UNSOL OEM HOOK Responses to deliver external apps
D/Bluetooth HS/HF(24984): CDMA call state: IDLE prev state:IDLE
E/ToneGenerator(24984): Unable to marshal AudioFlinger
E/ToneGenerator(24984): ToneGenerator init failed 
F/libc    (24984): Fatal signal 11 (SIGSEGV) at 0x0000005d (code=1)
I/DEBUG   (24809): *** *** *** *** *** *** *** *** *** *** *** *** *** *** *** ***
I/DEBUG   (24809): Build fingerprint: 'qcom/msm8660_surf/msm8660_surf:4.0.3/IML74K/eng.joey.20120210.232528:eng/test-keys'
I/DEBUG   (24809): pid: 24984, tid: 24984  >>> com.android.phone <<<
I/DEBUG   (24809): signal 11 (SIGSEGV), code 1 (SEGV_MAPERR), fault addr 0000005d
I/DEBUG   (24809):  r0 00000031  r1 00136828  r2 001367f8  r3 beb88188
I/DEBUG   (24809):  r4 001367f8  r5 00000031  r6 401a14b0  r7 4081905d
I/DEBUG   (24809):  r8 45000019  r9 46178c28  10 00000000  fp beb88604
I/DEBUG   (24809):  ip 4094d048  sp beb885b8  lr 40927c2b  pc 40919506  cpsr 60000030
I/DEBUG   (24809):  d0  662074696e692061  d1  7541206c61687369
I/DEBUG   (24809):  d2  000000040000036c  d3  4a54d02800000065
I/DEBUG   (24809):  d4  004d006500630069  d5  00670061006e0061
I/DEBUG   (24809):  d6  0000000000720065  d7  0067006100000012
I/DEBUG   (24809):  d8  0000000000000000  d9  0000000000000000
I/DEBUG   (24809):  d10 0000000000000000  d11 0000000000000000
I/DEBUG   (24809):  d12 0000000000000000  d13 0000000000000000
I/DEBUG   (24809):  d14 0000000000000000  d15 0000000000000000
I/DEBUG   (24809):  d16 3fd43d135cda918c  d17 3ffc63194c570da5
I/DEBUG   (24809):  d18 4000000000000000  d19 3fcce7359d4792d9
I/DEBUG   (24809):  d20 3f11504c292739d4  d21 bebbb371092382c4
I/DEBUG   (24809):  d22 3ff0000000000000  d23 3ff43d135cda918c
I/DEBUG   (24809):  d24 3e66376972bea4d0  d25 3fc39a09d078c69f
I/DEBUG   (24809):  d26 0000000000000000  d27 0000000000000000
I/DEBUG   (24809):  d28 0000000000000000  d29 0000000000000000
I/DEBUG   (24809):  d30 0000000000000000  d31 0000000000000000
I/DEBUG   (24809):  scr 20000012
I/DEBUG   (24809): 
I/DEBUG   (24809):          #00  pc 00037506  /system/lib/libmedia.so (_ZN7android10AudioTrackD2Ev)
I/DEBUG   (24809):          #01  pc 00045c26  /system/lib/libmedia.so (_ZN7android13ToneGeneratorD1Ev)
I/DEBUG   (24809):          #02  pc 0006e1d4  /system/lib/libandroid_runtime.so
I/DEBUG   (24809):          #03  pc 0001ecb0  /system/lib/libdvm.so (dvmPlatformInvoke)
I/DEBUG   (24809):          #04  pc 0005884a  /system/lib/libdvm.so (_Z16dvmCallJNIMethodPKjP6JValuePK6MethodP6Thread)
I/DEBUG   (24809): 
I/DEBUG   (24809): code around pc:
I/DEBUG   (24809): 409194e4 463b9308 f8cd9506 f7ff901c 62e0fe81  ..;F...........b
I/DEBUG   (24809): 409194f4 f7fe4628 4620fced e8bdb00d bf0083f0  (F.... F........
I/DEBUG   (24809): 40919504 6ac5b570 2d004604 f7ffd134 68a0fc89  p..j.F.-4......h
I/DEBUG   (24809): 40919514 f7fdb160 68a3eafa 681ab143 0108f104  `......hC..h....
I/DEBUG   (24809): 40919524 0c0cf852 f7fd1818 60a5ea5a b1136823  R.......Z..`#h..
I/DEBUG   (24809): 
I/DEBUG   (24809): code around lr:
I/DEBUG   (24809): 40927c08 bd7ceece 0000adf0 0000ae9c 6ac3b570  ..|.........p..j
I/DEBUG   (24809): 40927c18 b14b4604 ffc6f7ff b12d6ae5 f7f14628  .FK......j-.(F..
I/DEBUG   (24809): 40927c28 4628fc6d eea2f7ee 0048f104 ff10f7ff  m.(F......H.....
I/DEBUG   (24809): 40927c38 0038f104 ea42f7ef 0034f104 ee84f7ee  ..8...B...4.....
I/DEBUG   (24809): 40927c48 0030f104 ee80f7ee bd704620 b5f72963  ..0..... Fp.c)..
I/DEBUG   (24809): 
I/DEBUG   (24809): stack:
I/DEBUG   (24809):     beb88578  00000000  
I/DEBUG   (24809):     beb8857c  001367f8  [heap]
I/DEBUG   (24809):     beb88580  401a14b0  
I/DEBUG   (24809):     beb88584  4081905d  /system/lib/libdvm.so
I/DEBUG   (24809):     beb88588  45000019  /dev/ashmem/dalvik-mark-stack (deleted)
I/DEBUG   (24809):     beb8858c  46178c28  
I/DEBUG   (24809):     beb88590  001367f8  [heap]
I/DEBUG   (24809):     beb88594  00136828  [heap]
I/DEBUG   (24809):     beb88598  401a14b0  
I/DEBUG   (24809):     beb8859c  4081905d  /system/lib/libdvm.so
I/DEBUG   (24809):     beb885a0  45000019  /dev/ashmem/dalvik-mark-stack (deleted)
I/DEBUG   (24809):     beb885a4  46178c28  
I/DEBUG   (24809):     beb885a8  00000000  
I/DEBUG   (24809):     beb885ac  40927c0b  /system/lib/libmedia.so
I/DEBUG   (24809):     beb885b0  df0027ad  
I/DEBUG   (24809):     beb885b4  00000000  
I/DEBUG   (24809): #00 beb885b8  001367f8  [heap]
I/DEBUG   (24809):     beb885bc  00000031  
I/DEBUG   (24809):     beb885c0  401a14b0  
I/DEBUG   (24809):     beb885c4  40927c2b  /system/lib/libmedia.so
I/DEBUG   (24809): #01 beb885c8  001367f8  [heap]
I/DEBUG   (24809):     beb885cc  0000f2c8  [heap]
I/DEBUG   (24809):     beb885d0  401a14b0  
I/DEBUG   (24809):     beb885d4  4017a1d7  /system/lib/libandroid_runtime.so
I/BootReceiver(21098): Copying /data/tombstones/tombstone_02 to DropBox (SYSTEM_TOMBSTONE)
I/ActivityManager(21098): Process com.android.phone (pid 24984) has died.
W/ActivityManager(21098): Canceling start item Intent { cmp=com.android.phone/.BluetoothHeadsetService } in service ComponentInfo{com.android.phone/com.android.phone.BluetoothHeadsetService}
W/ActivityManager(21098): Scheduling restart of crashed service com.android.phone/.BluetoothHeadsetService in 5166ms
I/ActivityManager(21098): Start proc com.android.phone for restart com.android.phone: pid=25008 uid=1001 gids={3002, 3001, 3003, 1015}
I/WindowManager(21098): SCREENLAYOUT_SIZE (1:small, 2:normal, 3:large, 4:xlarge) 2
I/ActivityThread(25008): Pub mms: com.android.providers.telephony.MmsProvider
I/ActivityThread(25008): Pub sms: com.android.providers.telephony.SmsProvider
I/ActivityThread(25008): Pub telephony: com.android.providers.telephony.TelephonyProvider
W/TelephonyProvider(25008): onCreate: confFile=/system/etc/apns-conf.xml oldCheckSum=3358775275
W/TelephonyProvider(25008): onCreate: newCheckSum=3358775275
I/ActivityThread(25008): Pub icc: com.android.phone.IccProvider
I/ActivityThread(25008): Pub mms-sms: com.android.providers.telephony.MmsSmsProvider
D/PhoneApp(25008): non dsds PhoneApp:
D/PhoneStatusBarPolicy(21194): updateSimState for subscription :0
D/PhoneStatusBarPolicy(21194): updateSimState for subscription :0
D/CallManager(25008): registerPhone(CDMA Handler (com.android.internal.telephony.PhoneProxy) {412e3050})
D/PhoneInterfaceManager(25008):  Registering for UNSOL OEM HOOK Responses to deliver external apps
D/Bluetooth HS/HF(25008): CDMA call state: IDLE prev state:IDLE
E/ToneGenerator(25008): Unable to marshal AudioFlinger
E/ToneGenerator(25008): ToneGenerator init failed 
F/libc    (25008): Fatal signal 11 (SIGSEGV) at 0x6f542e8d (code=1)
I/DEBUG   (24809): *** *** *** *** *** *** *** *** *** *** *** *** *** *** *** ***
I/DEBUG   (24809): Build fingerprint: 'qcom/msm8660_surf/msm8660_surf:4.0.3/IML74K/eng.joey.20120210.232528:eng/test-keys'
I/DEBUG   (24809): pid: 25008, tid: 25008  >>> com.android.phone <<<
I/DEBUG   (24809): signal 11 (SIGSEGV), code 1 (SEGV_MAPERR), fault addr 6f542e8d
I/DEBUG   (24809):  r0 6f542e61  r1 00138eb8  r2 00138e88  r3 beb88188
I/DEBUG   (24809):  r4 00138e88  r5 6f542e61  r6 401a14b0  r7 4081905d
I/DEBUG   (24809):  r8 46300019  r9 46178c28  10 00000000  fp beb88604
I/DEBUG   (24809):  ip 4094d048  sp beb885b8  lr 40927c2b  pc 40919506  cpsr 60000030
I/DEBUG   (24809):  d0  662074696e692061  d1  7541206c61687369
I/DEBUG   (24809):  d2  000000040000036c  d3  4a54d02800000065
I/DEBUG   (24809):  d4  006f006900640075  d5  0069006c006f0050
I/DEBUG   (24809):  d6  0065005300790063  d7  0063006900760072
I/DEBUG   (24809):  d8  0000000000000000  d9  0000000000000000
I/DEBUG   (24809):  d10 0000000000000000  d11 0000000000000000
I/DEBUG   (24809):  d12 0000000000000000  d13 0000000000000000
I/DEBUG   (24809):  d14 0000000000000000  d15 0000000000000000
I/DEBUG   (24809):  d16 3fd43d135cda918c  d17 3ffc63194c570da5
I/DEBUG   (24809):  d18 4000000000000000  d19 3fcce7359d4792d9
I/DEBUG   (24809):  d20 3f11504c292739d4  d21 bebbb371092382c4
I/DEBUG   (24809):  d22 3ff0000000000000  d23 3ff43d135cda918c
I/DEBUG   (24809):  d24 3e66376972bea4d0  d25 3fc39a09d078c69f
I/DEBUG   (24809):  d26 0000000000000000  d27 0000000000000000
I/DEBUG   (24809):  d28 0000000000000000  d29 0000000000000000
I/DEBUG   (24809):  d30 0000000000000000  d31 0000000000000000
I/DEBUG   (24809):  scr 20000012
I/DEBUG   (24809): 
I/DEBUG   (24809):          #00  pc 00037506  /system/lib/libmedia.so (_ZN7android10AudioTrackD2Ev)
I/DEBUG   (24809):          #01  pc 00045c26  /system/lib/libmedia.so (_ZN7android13ToneGeneratorD1Ev)
I/DEBUG   (24809):          #02  pc 0006e1d4  /system/lib/libandroid_runtime.so
I/DEBUG   (24809):          #03  pc 0001ecb0  /system/lib/libdvm.so (dvmPlatformInvoke)
I/DEBUG   (24809):          #04  pc 0005884a  /system/lib/libdvm.so (_Z16dvmCallJNIMethodPKjP6JValuePK6MethodP6Thread)
I/DEBUG   (24809): 
I/DEBUG   (24809): code around pc:
I/DEBUG   (24809): 409194e4 463b9308 f8cd9506 f7ff901c 62e0fe81  ..;F...........b
I/DEBUG   (24809): 409194f4 f7fe4628 4620fced e8bdb00d bf0083f0  (F.... F........
I/DEBUG   (24809): 40919504 6ac5b570 2d004604 f7ffd134 68a0fc89  p..j.F.-4......h
I/DEBUG   (24809): 40919514 f7fdb160 68a3eafa 681ab143 0108f104  `......hC..h....
I/DEBUG   (24809): 40919524 0c0cf852 f7fd1818 60a5ea5a b1136823  R.......Z..`#h..
I/DEBUG   (24809): 
I/DEBUG   (24809): code around lr:
I/DEBUG   (24809): 40927c08 bd7ceece 0000adf0 0000ae9c 6ac3b570  ..|.........p..j
I/DEBUG   (24809): 40927c18 b14b4604 ffc6f7ff b12d6ae5 f7f14628  .FK......j-.(F..
I/DEBUG   (24809): 40927c28 4628fc6d eea2f7ee 0048f104 ff10f7ff  m.(F......H.....
I/DEBUG   (24809): 40927c38 0038f104 ea42f7ef 0034f104 ee84f7ee  ..8...B...4.....
I/DEBUG   (24809): 40927c48 0030f104 ee80f7ee bd704620 b5f72963  ..0..... Fp.c)..
I/DEBUG   (24809): 
I/DEBUG   (24809): memory map around addr 6f542e8d:
I/DEBUG   (24809): 4aecc000-4afcb000 
I/DEBUG   (24809): (no map for address)
I/DEBUG   (24809): b0001000-b0009000 /system/bin/linker
I/DEBUG   (24809): 
I/DEBUG   (24809): stack:
I/DEBUG   (24809):     beb88578  00000000  
I/DEBUG   (24809):     beb8857c  00138e88  [heap]
I/DEBUG   (24809):     beb88580  401a14b0  
I/DEBUG   (24809):     beb88584  4081905d  /system/lib/libdvm.so
I/DEBUG   (24809):     beb88588  46300019  /dev/ashmem/dalvik-LinearAlloc (deleted)
I/DEBUG   (24809):     beb8858c  46178c28  
I/DEBUG   (24809):     beb88590  00138e88  [heap]
I/DEBUG   (24809):     beb88594  00138eb8  [heap]
I/DEBUG   (24809):     beb88598  401a14b0  
I/DEBUG   (24809):     beb8859c  4081905d  /system/lib/libdvm.so
I/DEBUG   (24809):     beb885a0  46300019  /dev/ashmem/dalvik-LinearAlloc (deleted)
I/DEBUG   (24809):     beb885a4  46178c28  
I/DEBUG   (24809):     beb885a8  00000000  
I/DEBUG   (24809):     beb885ac  40927c0b  /system/lib/libmedia.so
I/DEBUG   (24809):     beb885b0  df0027ad  
I/DEBUG   (24809):     beb885b4  00000000  
I/DEBUG   (24809): #00 beb885b8  00138e88  [heap]
I/DEBUG   (24809):     beb885bc  6f542e61  
I/DEBUG   (24809):     beb885c0  401a14b0  
I/DEBUG   (24809):     beb885c4  40927c2b  /system/lib/libmedia.so
I/DEBUG   (24809): #01 beb885c8  00138e88  [heap]
I/DEBUG   (24809):     beb885cc  0000f2c8  [heap]
I/DEBUG   (24809):     beb885d0  401a14b0  
I/DEBUG   (24809):     beb885d4  4017a1d7  /system/lib/libandroid_runtime.so
I/BootReceiver(21098): Copying /data/tombstones/tombstone_03 to DropBox (SYSTEM_TOMBSTONE)
I/ActivityManager(21098): Process com.android.phone (pid 25008) has died.
W/ActivityManager(21098): Canceling start item Intent { cmp=com.android.phone/.BluetoothHeadsetService } in service ComponentInfo{com.android.phone/com.android.phone.BluetoothHeadsetService}
W/ActivityManager(21098): Scheduling restart of crashed service com.android.phone/.BluetoothHeadsetService in 5142ms
I/WindowManager(21098): SCREENLAYOUT_SIZE (1:small, 2:normal, 3:large, 4:xlarge) 2
I/ActivityManager(21098): Start proc com.android.phone for restart com.android.phone: pid=25034 uid=1001 gids={3002, 3001, 3003, 1015}
I/ActivityThread(25034): Pub mms: com.android.providers.telephony.MmsProvider
I/ActivityThread(25034): Pub sms: com.android.providers.telephony.SmsProvider
I/ActivityThread(25034): Pub telephony: com.android.providers.telephony.TelephonyProvider
W/TelephonyProvider(25034): onCreate: confFile=/system/etc/apns-conf.xml oldCheckSum=3358775275
W/TelephonyProvider(25034): onCreate: newCheckSum=3358775275
I/ActivityThread(25034): Pub icc: com.android.phone.IccProvider
I/ActivityThread(25034): Pub mms-sms: com.android.providers.telephony.MmsSmsProvider
D/PhoneApp(25034): non dsds PhoneApp:
D/PhoneStatusBarPolicy(21194): updateSimState for subscription :0
D/CallManager(25034): registerPhone(CDMA Handler (com.android.internal.telephony.PhoneProxy) {412b8a50})
D/PhoneInterfaceManager(25034):  Registering for UNSOL OEM HOOK Responses to deliver external apps
D/PhoneStatusBarPolicy(21194): updateSimState for subscription :0
D/Bluetooth HS/HF(25034): CDMA call state: IDLE prev state:IDLE
E/ToneGenerator(25034): Unable to marshal AudioFlinger
E/ToneGenerator(25034): ToneGenerator init failed 
F/libc    (25034): Fatal signal 11 (SIGSEGV) at 0x6f542e8d (code=1)
I/DEBUG   (24809): *** *** *** *** *** *** *** *** *** *** *** *** *** *** *** ***
I/DEBUG   (24809): Build fingerprint: 'qcom/msm8660_surf/msm8660_surf:4.0.3/IML74K/eng.joey.20120210.232528:eng/test-keys'
I/DEBUG   (24809): pid: 25034, tid: 25034  >>> com.android.phone <<<
I/DEBUG   (24809): signal 11 (SIGSEGV), code 1 (SEGV_MAPERR), fault addr 6f542e8d
I/DEBUG   (24809):  r0 6f542e61  r1 00145d10  r2 00145ce0  r3 beb88188
I/DEBUG   (24809):  r4 00145ce0  r5 6f542e61  r6 401a14b0  r7 4081905d
I/DEBUG   (24809):  r8 46f00019  r9 46178c28  10 00000000  fp beb88604
I/DEBUG   (24809):  ip 4094d048  sp beb885b8  lr 40927c2b  pc 40919506  cpsr 60000030
I/DEBUG   (24809):  d0  662074696e692061  d1  7541206c61687369
I/DEBUG   (24809):  d2  000000040000036c  d3  4a54d02800000065
I/DEBUG   (24809):  d4  004d006500630069  d5  00670061006e0061
I/DEBUG   (24809):  d6  0000000000720065  d7  0075006100000012
I/DEBUG   (24809):  d8  0000000000000000  d9  0000000000000000
I/DEBUG   (24809):  d10 0000000000000000  d11 0000000000000000
I/DEBUG   (24809):  d12 0000000000000000  d13 0000000000000000
I/DEBUG   (24809):  d14 0000000000000000  d15 0000000000000000
I/DEBUG   (24809):  d16 3fd43d135cda918c  d17 3ffc63194c570da5
I/DEBUG   (24809):  d18 4000000000000000  d19 3fcce7359d4792d9
I/DEBUG   (24809):  d20 3f11504c292739d4  d21 bebbb371092382c4
I/DEBUG   (24809):  d22 3ff0000000000000  d23 3ff43d135cda918c
I/DEBUG   (24809):  d24 3e66376972bea4d0  d25 3fc39a09d078c69f
I/DEBUG   (24809):  d26 0000000000000000  d27 0000000000000000
I/DEBUG   (24809):  d28 0000000000000000  d29 0000000000000000
I/DEBUG   (24809):  d30 0000000000000000  d31 0000000000000000
I/DEBUG   (24809):  scr 20000012
I/DEBUG   (24809): 
I/DEBUG   (24809):          #00  pc 00037506  /system/lib/libmedia.so (_ZN7android10AudioTrackD2Ev)
I/DEBUG   (24809):          #01  pc 00045c26  /system/lib/libmedia.so (_ZN7android13ToneGeneratorD1Ev)
I/DEBUG   (24809):          #02  pc 0006e1d4  /system/lib/libandroid_runtime.so
I/DEBUG   (24809):          #03  pc 0001ecb0  /system/lib/libdvm.so (dvmPlatformInvoke)
I/DEBUG   (24809):          #04  pc 0005884a  /system/lib/libdvm.so (_Z16dvmCallJNIMethodPKjP6JValuePK6MethodP6Thread)
I/DEBUG   (24809): 
I/DEBUG   (24809): code around pc:
I/DEBUG   (24809): 409194e4 463b9308 f8cd9506 f7ff901c 62e0fe81  ..;F...........b
I/DEBUG   (24809): 409194f4 f7fe4628 4620fced e8bdb00d bf0083f0  (F.... F........
I/DEBUG   (24809): 40919504 6ac5b570 2d004604 f7ffd134 68a0fc89  p..j.F.-4......h
I/DEBUG   (24809): 40919514 f7fdb160 68a3eafa 681ab143 0108f104  `......hC..h....
I/DEBUG   (24809): 40919524 0c0cf852 f7fd1818 60a5ea5a b1136823  R.......Z..`#h..
I/DEBUG   (24809): 
I/DEBUG   (24809): code around lr:
I/DEBUG   (24809): 40927c08 bd7ceece 0000adf0 0000ae9c 6ac3b570  ..|.........p..j
I/DEBUG   (24809): 40927c18 b14b4604 ffc6f7ff b12d6ae5 f7f14628  .FK......j-.(F..
I/DEBUG   (24809): 40927c28 4628fc6d eea2f7ee 0048f104 ff10f7ff  m.(F......H.....
I/DEBUG   (24809): 40927c38 0038f104 ea42f7ef 0034f104 ee84f7ee  ..8...B...4.....
I/DEBUG   (24809): 40927c48 0030f104 ee80f7ee bd704620 b5f72963  ..0..... Fp.c)..
I/DEBUG   (24809): 
I/DEBUG   (24809): memory map around addr 6f542e8d:
I/DEBUG   (24809): 4aecc000-4afcb000 
I/DEBUG   (24809): (no map for address)
I/DEBUG   (24809): b0001000-b0009000 /system/bin/linker
I/DEBUG   (24809): 
I/DEBUG   (24809): stack:
I/DEBUG   (24809):     beb88578  00000000  
I/DEBUG   (24809):     beb8857c  00145ce0  [heap]
I/DEBUG   (24809):     beb88580  401a14b0  
I/DEBUG   (24809):     beb88584  4081905d  /system/lib/libdvm.so
I/DEBUG   (24809):     beb88588  46f00019  /data/dalvik-cache/system@framework@ext.jar@classes.dex
I/DEBUG   (24809):     beb8858c  46178c28  
I/DEBUG   (24809):     beb88590  00145ce0  [heap]
I/DEBUG   (24809):     beb88594  00145d10  [heap]
I/DEBUG   (24809):     beb88598  401a14b0  
I/DEBUG   (24809):     beb8859c  4081905d  /system/lib/libdvm.so
I/DEBUG   (24809):     beb885a0  46f00019  /data/dalvik-cache/system@framework@ext.jar@classes.dex
I/DEBUG   (24809):     beb885a4  46178c28  
I/DEBUG   (24809):     beb885a8  00000000  
I/DEBUG   (24809):     beb885ac  40927c0b  /system/lib/libmedia.so
I/DEBUG   (24809):     beb885b0  df0027ad  
I/DEBUG   (24809):     beb885b4  00000000  
I/DEBUG   (24809): #00 beb885b8  00145ce0  [heap]
I/DEBUG   (24809):     beb885bc  6f542e61  
I/DEBUG   (24809):     beb885c0  401a14b0  
I/DEBUG   (24809):     beb885c4  40927c2b  /system/lib/libmedia.so
I/DEBUG   (24809): #01 beb885c8  00145ce0  [heap]
I/DEBUG   (24809):     beb885cc  0000f2c8  [heap]
I/DEBUG   (24809):     beb885d0  401a14b0  
I/DEBUG   (24809):     beb885d4  4017a1d7  /system/lib/libandroid_runtime.so
I/BootReceiver(21098): Copying /data/tombstones/tombstone_04 to DropBox (SYSTEM_TOMBSTONE)
I/ActivityManager(21098): Process com.android.phone (pid 25034) has died.
