W/ActivityManager(21098): 	at com.android.server.am.ActivityManagerService.access$100(ActivityManagerService.java:153)
W/ActivityManager(21098): 	at com.android.server.am.ActivityManagerService$2.handleMessage(ActivityManagerService.java:996)
W/ActivityManager(21098): 	at android.os.Handler.dispatchMessage(Handler.java:99)
W/ActivityManager(21098): 	at android.os.Looper.loop(Looper.java:137)
W/ActivityManager(21098): 	at com.android.server.am.ActivityManagerService$AThread.run(ActivityManagerService.java:1417)
E/JavaBinder(25427): *** Uncaught remote exception!  (Exceptions are not yet supported across processes.)
E/JavaBinder(25427): java.lang.RuntimeException: android.os.DeadObjectException
E/JavaBinder(25427): 	at android.os.Parcel.writeException(Parcel.java:1228)
E/JavaBinder(25427): 	at android.os.Binder.execTransact(Binder.java:340)
E/JavaBinder(25427): 	at dalvik.system.NativeStart.run(Native Method)
E/JavaBinder(25427): Caused by: android.os.DeadObjectException
E/JavaBinder(25427): 	at android.os.BinderProxy.transact(Native Method)
E/JavaBinder(25427): 	at android.content.IIntentReceiver$Stub$Proxy.performReceive(IIntentReceiver.java:121)
E/JavaBinder(25427): 	at android.app.ActivityThread$ApplicationThread.scheduleRegisteredReceiver(ActivityThread.java:752)
E/JavaBinder(25427): 	at android.app.ApplicationThreadNative.onTransact(ApplicationThreadNative.java:365)
E/JavaBinder(25427): 	at android.os.Binder.execTransact(Binder.java:338)
E/JavaBinder(25427): 	... 1 more
E/WifiStateMachine(21098): Failed to load driver!
E/WifiStateMachine(21098): DriverFailedState
I/ActivityThread(25427): Pub mms: com.android.providers.telephony.MmsProvider
I/ActivityThread(25427): Pub sms: com.android.providers.telephony.SmsProvider
I/ActivityThread(25427): Pub telephony: com.android.providers.telephony.TelephonyProvider
W/TelephonyProvider(25427): onCreate: confFile=/system/etc/apns-conf.xml oldCheckSum=3358775275
W/TelephonyProvider(25427): onCreate: newCheckSum=3358775275
I/ActivityThread(25427): Pub icc: com.android.phone.IccProvider
I/ActivityThread(25427): Pub mms-sms: com.android.providers.telephony.MmsSmsProvider
D/PhoneApp(25427): non dsds PhoneApp:
D/CallManager(25427): registerPhone(CDMA Handler (com.android.internal.telephony.PhoneProxy) {412f3118})
D/PhoneInterfaceManager(25427):  Registering for UNSOL OEM HOOK Responses to deliver external apps
D/PhoneStatusBarPolicy(21194): updateSimState for subscription :0
D/PhoneStatusBarPolicy(21194): updateSimState for subscription :0
D/Bluetooth HS/HF(25427): CDMA call state: IDLE prev state:IDLE
E/ToneGenerator(25427): Unable to marshal AudioFlinger
E/ToneGenerator(25427): ToneGenerator init failed 
F/libc    (25427): Fatal signal 11 (SIGSEGV) at 0x6974618f (code=1)
I/DEBUG   (24809): *** *** *** *** *** *** *** *** *** *** *** *** *** *** *** ***
I/DEBUG   (24809): Build fingerprint: 'qcom/msm8660_surf/msm8660_surf:4.0.3/IML74K/eng.joey.20120210.232528:eng/test-keys'
I/DEBUG   (24809): pid: 25427, tid: 25427  >>> com.android.phone <<<
I/DEBUG   (24809): signal 11 (SIGSEGV), code 1 (SEGV_MAPERR), fault addr 6974618f
I/DEBUG   (24809):  r0 69746163  r1 00138ee0  r2 00138eb0  r3 beb88188
I/DEBUG   (24809):  r4 00138eb0  r5 69746163  r6 401a14b0  r7 4081905d
I/DEBUG   (24809):  r8 53700019  r9 46178c28  10 00000000  fp beb88604
I/DEBUG   (24809):  ip 4094d048  sp beb885b8  lr 40927c2b  pc 40919506  cpsr 60000030
I/DEBUG   (24809):  d0  662074696e692061  d1  7541206c61687369
I/DEBUG   (24809):  d2  000000040000036c  d3  4a54d02800000065
I/DEBUG   (24809):  d4  004d006500630069  d5  00670061006e0061
I/DEBUG   (24809):  d6  0000000000720065  d7  0067006100000012
I/DEBUG   (24809):  d8  0000000000000000  d9  0000000000000000
I/DEBUG   (24809):  d10 0000000000000000  d11 0000000000000000
I/DEBUG   (24809):  d12 0000000000000000  d13 0000000000000000
I/DEBUG   (24809):  d14 0000000000000000  d15 0000000000000000
I/DEBUG   (24809):  d16 3fd43d135cda918c  d17 3ffc63194c570da5
I/DEBUG   (24809):  d18 4000000000000000  d19 3fcce7359d4792d9
I/DEBUG   (24809):  d20 3f11504c292739d4  d21 bebbb371092382c4
I/DEBUG   (24809):  d22 3ff0000000000000  d23 3ff43d135cda918c
I/DEBUG   (24809):  d24 3e66376972bea4d0  d25 3fc39a09d078c69f
I/DEBUG   (24809):  d26 0000000000000000  d27 0000000000000000
I/DEBUG   (24809):  d28 0000000000000000  d29 0000000000000000
I/DEBUG   (24809):  d30 0000000000000000  d31 0000000000000000
I/DEBUG   (24809):  scr 20000012
I/DEBUG   (24809): 
I/DEBUG   (24809):          #00  pc 00037506  /system/lib/libmedia.so (_ZN7android10AudioTrackD2Ev)
I/DEBUG   (24809):          #01  pc 00045c26  /system/lib/libmedia.so (_ZN7android13ToneGeneratorD1Ev)
I/DEBUG   (24809):          #02  pc 0006e1d4  /system/lib/libandroid_runtime.so
I/DEBUG   (24809):          #03  pc 0001ecb0  /system/lib/libdvm.so (dvmPlatformInvoke)
I/DEBUG   (24809):          #04  pc 0005884a  /system/lib/libdvm.so (_Z16dvmCallJNIMethodPKjP6JValuePK6MethodP6Thread)
I/DEBUG   (24809): 
I/DEBUG   (24809): code around pc:
I/DEBUG   (24809): 409194e4 463b9308 f8cd9506 f7ff901c 62e0fe81  ..;F...........b
I/DEBUG   (24809): 409194f4 f7fe4628 4620fced e8bdb00d bf0083f0  (F.... F........
I/DEBUG   (24809): 40919504 6ac5b570 2d004604 f7ffd134 68a0fc89  p..j.F.-4......h
I/DEBUG   (24809): 40919514 f7fdb160 68a3eafa 681ab143 0108f104  `......hC..h....
I/DEBUG   (24809): 40919524 0c0cf852 f7fd1818 60a5ea5a b1136823  R.......Z..`#h..
I/DEBUG   (24809): 
I/DEBUG   (24809): code around lr:
I/DEBUG   (24809): 40927c08 bd7ceece 0000adf0 0000ae9c 6ac3b570  ..|.........p..j
I/DEBUG   (24809): 40927c18 b14b4604 ffc6f7ff b12d6ae5 f7f14628  .FK......j-.(F..
I/DEBUG   (24809): 40927c28 4628fc6d eea2f7ee 0048f104 ff10f7ff  m.(F......H.....
I/DEBUG   (24809): 40927c38 0038f104 ea42f7ef 0034f104 ee84f7ee  ..8...B...4.....
I/DEBUG   (24809): 40927c48 0030f104 ee80f7ee bd704620 b5f72963  ..0..... Fp.c)..
I/DEBUG   (24809): 
I/DEBUG   (24809): memory map around addr 6974618f:
I/DEBUG   (24809): 4aecc000-4afcb000 
I/DEBUG   (24809): (no map for address)
I/DEBUG   (24809): b0001000-b0009000 /system/bin/linker
I/DEBUG   (24809): 
I/DEBUG   (24809): stack:
I/DEBUG   (24809):     beb88578  00000000  
I/DEBUG   (24809):     beb8857c  00138eb0  [heap]
I/DEBUG   (24809):     beb88580  401a14b0  
I/DEBUG   (24809):     beb88584  4081905d  /system/lib/libdvm.so
I/DEBUG   (24809):     beb88588  53700019  
I/DEBUG   (24809):     beb8858c  46178c28  
I/DEBUG   (24809):     beb88590  00138eb0  [heap]
I/DEBUG   (24809):     beb88594  00138ee0  [heap]
I/DEBUG   (24809):     beb88598  401a14b0  
I/DEBUG   (24809):     beb8859c  4081905d  /system/lib/libdvm.so
I/DEBUG   (24809):     beb885a0  53700019  
I/DEBUG   (24809):     beb885a4  46178c28  
I/DEBUG   (24809):     beb885a8  00000000  
I/DEBUG   (24809):     beb885ac  40927c0b  /system/lib/libmedia.so
I/DEBUG   (24809):     beb885b0  df0027ad  
I/DEBUG   (24809):     beb885b4  00000000  
I/DEBUG   (24809): #00 beb885b8  00138eb0  [heap]
I/DEBUG   (24809):     beb885bc  69746163  
I/DEBUG   (24809):     beb885c0  401a14b0  
I/DEBUG   (24809):     beb885c4  40927c2b  /system/lib/libmedia.so
I/DEBUG   (24809): #01 beb885c8  00138eb0  [heap]
I/DEBUG   (24809):     beb885cc  0000f2c8  [heap]
I/DEBUG   (24809):     beb885d0  401a14b0  
I/DEBUG   (24809):     beb885d4  4017a1d7  /system/lib/libandroid_runtime.so
I/BootReceiver(21098): Copying /data/tombstones/tombstone_09 to DropBox (SYSTEM_TOMBSTONE)
I/ActivityManager(21098): Process com.android.phone (pid 25427) has died.
W/ActivityManager(21098): Canceling start item Intent { cmp=com.android.phone/.BluetoothHeadsetService } in service ComponentInfo{com.android.phone/com.android.phone.BluetoothHeadsetService}
W/ActivityManager(21098): Scheduling restart of crashed service com.android.phone/.BluetoothHeadsetService in 5292ms
I/ActivityManager(21098): Start proc com.android.phone for restart com.android.phone: pid=25463 uid=1001 gids={3002, 3001, 3003, 1015}
W/ActivityManager(21098): Failure sending broadcast Intent { act=android.intent.action.SCREEN_ON flg=0x40000010 }
W/ActivityManager(21098): android.os.DeadObjectException
W/ActivityManager(21098): 	at android.os.BinderProxy.transact(Native Method)
W/ActivityManager(21098): 	at android.content.IIntentReceiver$Stub$Proxy.performReceive(IIntentReceiver.java:121)
W/ActivityManager(21098): 	at com.android.server.am.ActivityManagerService.performReceiveLocked(ActivityManagerService.java:12816)
W/ActivityManager(21098): 	at com.android.server.am.ActivityManagerService.deliverToRegisteredReceiverLocked(ActivityManagerService.java:12878)
W/ActivityManager(21098): 	at com.android.server.am.ActivityManagerService.processNextBroadcast(ActivityManagerService.java:13085)
W/ActivityManager(21098): 	at com.android.server.am.ActivityManagerService.access$100(ActivityManagerService.java:153)
W/ActivityManager(21098): 	at com.android.server.am.ActivityManagerService$2.handleMessage(ActivityManagerService.java:996)
W/ActivityManager(21098): 	at android.os.Handler.dispatchMessage(Handler.java:99)
W/ActivityManager(21098): 	at android.os.Looper.loop(Looper.java:137)
W/ActivityManager(21098): 	at com.android.server.am.ActivityManagerService$AThread.run(ActivityManagerService.java:1417)
I/ActivityThread(25463): Pub mms: com.android.providers.telephony.MmsProvider
I/ActivityThread(25463): Pub sms: com.android.providers.telephony.SmsProvider
I/ActivityThread(25463): Pub telephony: com.android.providers.telephony.TelephonyProvider
W/TelephonyProvider(25463): onCreate: confFile=/system/etc/apns-conf.xml oldCheckSum=3358775275
W/TelephonyProvider(25463): onCreate: newCheckSum=3358775275
I/ActivityThread(25463): Pub icc: com.android.phone.IccProvider
I/ActivityThread(25463): Pub mms-sms: com.android.providers.telephony.MmsSmsProvider
D/PhoneApp(25463): non dsds PhoneApp:
D/PhoneStatusBarPolicy(21194): updateSimState for subscription :0
D/CallManager(25463): registerPhone(CDMA Handler (com.android.internal.telephony.PhoneProxy) {41282d40})
D/PhoneInterfaceManager(25463):  Registering for UNSOL OEM HOOK Responses to deliver external apps
D/PhoneStatusBarPolicy(21194): updateSimState for subscription :0
D/Bluetooth HS/HF(25463): CDMA call state: IDLE prev state:IDLE
E/ToneGenerator(25463): Unable to marshal AudioFlinger
E/ToneGenerator(25463): ToneGenerator init failed 
F/libc    (25463): Fatal signal 11 (SIGSEGV) at 0x0000005d (code=1)
I/DEBUG   (24809): *** *** *** *** *** *** *** *** *** *** *** *** *** *** *** ***
I/DEBUG   (24809): Build fingerprint: 'qcom/msm8660_surf/msm8660_surf:4.0.3/IML74K/eng.joey.20120210.232528:eng/test-keys'
I/DEBUG   (24809): pid: 25463, tid: 25463  >>> com.android.phone <<<
I/DEBUG   (24809): signal 11 (SIGSEGV), code 1 (SEGV_MAPERR), fault addr 0000005d
I/DEBUG   (24809):  r0 00000031  r1 00146678  r2 00146648  r3 beb88188
I/DEBUG   (24809):  r4 00146648  r5 00000031  r6 401a14b0  r7 4081905d
I/DEBUG   (24809):  r8 54000019  r9 46178c28  10 00000000  fp beb88604
I/DEBUG   (24809):  ip 4094d048  sp beb885b8  lr 40927c2b  pc 40919506  cpsr 60000030
I/DEBUG   (24809):  d0  662074696e692061  d1  7541206c61687369
I/DEBUG   (24809):  d2  000000040000036c  d3  4a54d02800000065
I/DEBUG   (24809):  d4  0076007200650053  d5  004d006500630069
I/DEBUG   (24809):  d6  00670061006e0061  d7  0000000000720065
I/DEBUG   (24809):  d8  0000000000000000  d9  0000000000000000
I/DEBUG   (24809):  d10 0000000000000000  d11 0000000000000000
I/DEBUG   (24809):  d12 0000000000000000  d13 0000000000000000
I/DEBUG   (24809):  d14 0000000000000000  d15 0000000000000000
I/DEBUG   (24809):  d16 3fd43d135cda918c  d17 3ffc63194c570da5
I/DEBUG   (24809):  d18 4000000000000000  d19 3fcce7359d4792d9
I/DEBUG   (24809):  d20 3f11504c292739d4  d21 bebbb371092382c4
I/DEBUG   (24809):  d22 3ff0000000000000  d23 3ff43d135cda918c
I/DEBUG   (24809):  d24 3e66376972bea4d0  d25 3fc39a09d078c69f
I/DEBUG   (24809):  d26 0000000000000000  d27 0000000000000000
I/DEBUG   (24809):  d28 0000000000000000  d29 0000000000000000
I/DEBUG   (24809):  d30 0000000000000000  d31 0000000000000000
I/DEBUG   (24809):  scr 20000012
I/DEBUG   (24809): 
I/DEBUG   (24809):          #00  pc 00037506  /system/lib/libmedia.so (_ZN7android10AudioTrackD2Ev)
I/DEBUG   (24809):          #01  pc 00045c26  /system/lib/libmedia.so (_ZN7android13ToneGeneratorD1Ev)
I/DEBUG   (24809):          #02  pc 0006e1d4  /system/lib/libandroid_runtime.so
I/DEBUG   (24809):          #03  pc 0001ecb0  /system/lib/libdvm.so (dvmPlatformInvoke)
I/DEBUG   (24809):          #04  pc 0005884a  /system/lib/libdvm.so (_Z16dvmCallJNIMethodPKjP6JValuePK6MethodP6Thread)
I/DEBUG   (24809): 
I/DEBUG   (24809): code around pc:
I/DEBUG   (24809): 409194e4 463b9308 f8cd9506 f7ff901c 62e0fe81  ..;F...........b
I/DEBUG   (24809): 409194f4 f7fe4628 4620fced e8bdb00d bf0083f0  (F.... F........
I/DEBUG   (24809): 40919504 6ac5b570 2d004604 f7ffd134 68a0fc89  p..j.F.-4......h
I/DEBUG   (24809): 40919514 f7fdb160 68a3eafa 681ab143 0108f104  `......hC..h....
I/DEBUG   (24809): 40919524 0c0cf852 f7fd1818 60a5ea5a b1136823  R.......Z..`#h..
I/DEBUG   (24809): 
I/DEBUG   (24809): code around lr:
I/DEBUG   (24809): 40927c08 bd7ceece 0000adf0 0000ae9c 6ac3b570  ..|.........p..j
I/DEBUG   (24809): 40927c18 b14b4604 ffc6f7ff b12d6ae5 f7f14628  .FK......j-.(F..
I/DEBUG   (24809): 40927c28 4628fc6d eea2f7ee 0048f104 ff10f7ff  m.(F......H.....
I/DEBUG   (24809): 40927c38 0038f104 ea42f7ef 0034f104 ee84f7ee  ..8...B...4.....
I/DEBUG   (24809): 40927c48 0030f104 ee80f7ee bd704620 b5f72963  ..0..... Fp.c)..
I/DEBUG   (24809): 
I/DEBUG   (24809): stack:
I/DEBUG   (24809):     beb88578  00000000  
I/DEBUG   (24809):     beb8857c  00146648  [heap]
I/DEBUG   (24809):     beb88580  401a14b0  
I/DEBUG   (24809):     beb88584  4081905d  /system/lib/libdvm.so
I/DEBUG   (24809):     beb88588  54000019  
I/DEBUG   (24809):     beb8858c  46178c28  
I/DEBUG   (24809):     beb88590  00146648  [heap]
I/DEBUG   (24809):     beb88594  00146678  [heap]
I/DEBUG   (24809):     beb88598  401a14b0  
I/DEBUG   (24809):     beb8859c  4081905d  /system/lib/libdvm.so
I/DEBUG   (24809):     beb885a0  54000019  
I/DEBUG   (24809):     beb885a4  46178c28  
I/DEBUG   (24809):     beb885a8  00000000  
I/DEBUG   (24809):     beb885ac  40927c0b  /system/lib/libmedia.so
I/DEBUG   (24809):     beb885b0  df0027ad  
I/DEBUG   (24809):     beb885b4  00000000  
I/DEBUG   (24809): #00 beb885b8  00146648  [heap]
I/DEBUG   (24809):     beb885bc  00000031  
I/DEBUG   (24809):     beb885c0  401a14b0  
I/DEBUG   (24809):     beb885c4  40927c2b  /system/lib/libmedia.so
I/DEBUG   (24809): #01 beb885c8  00146648  [heap]
I/DEBUG   (24809):     beb885cc  0000f2c8  [heap]
I/DEBUG   (24809):     beb885d0  401a14b0  
I/DEBUG   (24809):     beb885d4  4017a1d7  /system/lib/libandroid_runtime.so
W/NetworkManagementSocketTagger(21098): setKernelCountSet(10020, 0) failed with errno -2
V/TransportControlView(21098): Create TCV com.android.internal.widget.TransportControlView@4146d318
D/SurfaceFlinger(21098): About to give-up screen, flinger = 0x1de488
E/msm8660.hwcomposer(21098): hwc_set invalid list or module
I/BootReceiver(21098): Copying /data/tombstones/tombstone_00 to DropBox (SYSTEM_TOMBSTONE)
I/ActivityManager(21098): Process com.android.phone (pid 25463) has died.
W/ActivityManager(21098): Canceling start item Intent { cmp=com.android.phone/.BluetoothHeadsetService } in service ComponentInfo{com.android.phone/com.android.phone.BluetoothHeadsetService}
W/ActivityManager(21098): Scheduling restart of crashed service com.android.phone/.BluetoothHeadsetService in 5222ms
I/WindowManager(21098): SCREENLAYOUT_SIZE (1:small, 2:normal, 3:large, 4:xlarge) 2
I/ActivityManager(21098): Start proc com.android.phone for restart com.android.phone: pid=25488 uid=1001 gids={3002, 3001, 3003, 1015}
W/ActivityManager(21098): Failure sending broadcast Intent { act=android.intent.action.SCREEN_OFF flg=0x40000010 }
W/ActivityManager(21098): android.os.DeadObjectException
W/ActivityManager(21098): 	at android.os.BinderProxy.transact(Native Method)
W/ActivityManager(21098): 	at android.content.IIntentReceiver$Stub$Proxy.performReceive(IIntentReceiver.java:121)
W/ActivityManager(21098): 	at com.android.server.am.ActivityManagerService.performReceiveLocked(ActivityManagerService.java:12816)
W/ActivityManager(21098): 	at com.android.server.am.ActivityManagerService.deliverToRegisteredReceiverLocked(ActivityManagerService.java:12878)
W/ActivityManager(21098): 	at com.android.server.am.ActivityManagerService.processNextBroadcast(ActivityManagerService.java:13085)
W/ActivityManager(21098): 	at com.android.server.am.ActivityManagerService.access$100(ActivityManagerService.java:153)
W/ActivityManager(21098): 	at com.android.server.am.ActivityManagerService$2.handleMessage(ActivityManagerService.java:996)
W/ActivityManager(21098): 	at android.os.Handler.dispatchMessage(Handler.java:99)
W/ActivityManager(21098): 	at android.os.Looper.loop(Looper.java:137)
W/ActivityManager(21098): 	at com.android.server.am.ActivityManagerService$AThread.run(ActivityManagerService.java:1417)
I/ActivityThread(25488): Pub mms: com.android.providers.telephony.MmsProvider
I/ActivityThread(25488): Pub sms: com.android.providers.telephony.SmsProvider
I/ActivityThread(25488): Pub telephony: com.android.providers.telephony.TelephonyProvider
W/TelephonyProvider(25488): onCreate: confFile=/system/etc/apns-conf.xml oldCheckSum=3358775275
W/TelephonyProvider(25488): onCreate: newCheckSum=3358775275
I/ActivityThread(25488): Pub icc: com.android.phone.IccProvider
I/ActivityThread(25488): Pub mms-sms: com.android.providers.telephony.MmsSmsProvider
D/PhoneApp(25488): non dsds PhoneApp:
D/CallManager(25488): registerPhone(CDMA Handler (com.android.internal.telephony.PhoneProxy) {412be5d0})
D/PhoneStatusBarPolicy(21194): updateSimState for subscription :0
D/PhoneStatusBarPolicy(21194): updateSimState for subscription :0
D/PhoneInterfaceManager(25488):  Registering for UNSOL OEM HOOK Responses to deliver external apps
D/Bluetooth HS/HF(25488): CDMA call state: IDLE prev state:IDLE
E/ToneGenerator(25488): Unable to marshal AudioFlinger
E/ToneGenerator(25488): ToneGenerator init failed 
F/libc    (25488): Fatal signal 11 (SIGSEGV) at 0x0000005d (code=1)
I/DEBUG   (24809): *** *** *** *** *** *** *** *** *** *** *** *** *** *** *** ***
I/DEBUG   (24809): Build fingerprint: 'qcom/msm8660_surf/msm8660_surf:4.0.3/IML74K/eng.joey.20120210.232528:eng/test-keys'
I/DEBUG   (24809): pid: 25488, tid: 25488  >>> com.android.phone <<<
I/DEBUG   (24809): signal 11 (SIGSEGV), code 1 (SEGV_MAPERR), fault addr 0000005d
I/DEBUG   (24809):  r0 00000031  r1 00158dc8  r2 00158d98  r3 beb88188
I/DEBUG   (24809):  r4 00158d98  r5 00000031  r6 401a14b0  r7 4081905d
I/DEBUG   (24809):  r8 54c00019  r9 46178c28  10 00000000  fp beb88604
I/DEBUG   (24809):  ip 4094d048  sp beb885b8  lr 40927c2b  pc 40919506  cpsr 60000030
I/DEBUG   (24809):  d0  662074696e692061  d1  7541206c61687369
I/DEBUG   (24809):  d2  000000040000036c  d3  4a54d02800000065
I/DEBUG   (24809):  d4  004d006500630069  d5  00670061006e0061
I/DEBUG   (24809):  d6  0000000000720065  d7  0067006100000012
I/DEBUG   (24809):  d8  0000000000000000  d9  0000000000000000
I/DEBUG   (24809):  d10 0000000000000000  d11 0000000000000000
I/DEBUG   (24809):  d12 0000000000000000  d13 0000000000000000
I/DEBUG   (24809):  d14 0000000000000000  d15 0000000000000000
I/DEBUG   (24809):  d16 3fd43d135cda918c  d17 3ffc63194c570da5
I/DEBUG   (24809):  d18 4000000000000000  d19 3fcce7359d4792d9
I/DEBUG   (24809):  d20 3f11504c292739d4  d21 bebbb371092382c4
I/DEBUG   (24809):  d22 3ff0000000000000  d23 3ff43d135cda918c
I/DEBUG   (24809):  d24 3e66376972bea4d0  d25 3fc39a09d078c69f
I/DEBUG   (24809):  d26 0000000000000000  d27 0000000000000000
I/DEBUG   (24809):  d28 0000000000000000  d29 0000000000000000
I/DEBUG   (24809):  d30 0000000000000000  d31 0000000000000000
I/DEBUG   (24809):  scr 20000012
I/DEBUG   (24809): 
I/DEBUG   (24809):          #00  pc 00037506  /system/lib/libmedia.so (_ZN7android10AudioTrackD2Ev)
I/DEBUG   (24809):          #01  pc 00045c26  /system/lib/libmedia.so (_ZN7android13ToneGeneratorD1Ev)
I/DEBUG   (24809):          #02  pc 0006e1d4  /system/lib/libandroid_runtime.so
I/DEBUG   (24809):          #03  pc 0001ecb0  /system/lib/libdvm.so (dvmPlatformInvoke)
I/DEBUG   (24809):          #04  pc 0005884a  /system/lib/libdvm.so (_Z16dvmCallJNIMethodPKjP6JValuePK6MethodP6Thread)
I/DEBUG   (24809): 
I/DEBUG   (24809): code around pc:
I/DEBUG   (24809): 409194e4 463b9308 f8cd9506 f7ff901c 62e0fe81  ..;F...........b
I/DEBUG   (24809): 409194f4 f7fe4628 4620fced e8bdb00d bf0083f0  (F.... F........
I/DEBUG   (24809): 40919504 6ac5b570 2d004604 f7ffd134 68a0fc89  p..j.F.-4......h
I/DEBUG   (24809): 40919514 f7fdb160 68a3eafa 681ab143 0108f104  `......hC..h....
I/DEBUG   (24809): 40919524 0c0cf852 f7fd1818 60a5ea5a b1136823  R.......Z..`#h..
I/DEBUG   (24809): 
I/DEBUG   (24809): code around lr:
I/DEBUG   (24809): 40927c08 bd7ceece 0000adf0 0000ae9c 6ac3b570  ..|.........p..j
I/DEBUG   (24809): 40927c18 b14b4604 ffc6f7ff b12d6ae5 f7f14628  .FK......j-.(F..
I/DEBUG   (24809): 40927c28 4628fc6d eea2f7ee 0048f104 ff10f7ff  m.(F......H.....
I/DEBUG   (24809): 40927c38 0038f104 ea42f7ef 0034f104 ee84f7ee  ..8...B...4.....
I/DEBUG   (24809): 40927c48 0030f104 ee80f7ee bd704620 b5f72963  ..0..... Fp.c)..
I/DEBUG   (24809): 
I/DEBUG   (24809): stack:
I/DEBUG   (24809):     beb88578  00000000  
I/DEBUG   (24809):     beb8857c  00158d98  [heap]
I/DEBUG   (24809):     beb88580  401a14b0  
I/DEBUG   (24809):     beb88584  4081905d  /system/lib/libdvm.so
I/DEBUG   (24809):     beb88588  54c00019  
I/DEBUG   (24809):     beb8858c  46178c28  
I/DEBUG   (24809):     beb88590  00158d98  [heap]
I/DEBUG   (24809):     beb88594  00158dc8  [heap]
I/DEBUG   (24809):     beb88598  401a14b0  
I/DEBUG   (24809):     beb8859c  4081905d  /system/lib/libdvm.so
I/DEBUG   (24809):     beb885a0  54c00019  
I/DEBUG   (24809):     beb885a4  46178c28  
I/DEBUG   (24809):     beb885a8  00000000  
I/DEBUG   (24809):     beb885ac  40927c0b  /system/lib/libmedia.so
I/DEBUG   (24809):     beb885b0  df0027ad  
I/DEBUG   (24809):     beb885b4  00000000  
I/DEBUG   (24809): #00 beb885b8  00158d98  [heap]
I/DEBUG   (24809):     beb885bc  00000031  
I/DEBUG   (24809):     beb885c0  401a14b0  
I/DEBUG   (24809):     beb885c4  40927c2b  /system/lib/libmedia.so
I/DEBUG   (24809): #01 beb885c8  00158d98  [heap]
I/DEBUG   (24809):     beb885cc  0000f2c8  [heap]
I/DEBUG   (24809):     beb885d0  401a14b0  
I/DEBUG   (24809):     beb885d4  4017a1d7  /system/lib/libandroid_runtime.so
I/BootReceiver(21098): Copying /data/tombstones/tombstone_01 to DropBox (SYSTEM_TOMBSTONE)
I/ActivityManager(21098): Process com.android.phone (pid 25488) has died.
W/ActivityManager(21098): Canceling start item Intent { cmp=com.android.phone/.BluetoothHeadsetService } in service ComponentInfo{com.android.phone/com.android.phone.BluetoothHeadsetService}
W/ActivityManager(21098): Scheduling restart of crashed service com.android.phone/.BluetoothHeadsetService in 5328ms
I/WindowManager(21098): SCREENLAYOUT_SIZE (1:small, 2:normal, 3:large, 4:xlarge) 2
I/ActivityManager(21098): Start proc com.android.phone for restart com.android.phone: pid=25512 uid=1001 gids={3002, 3001, 3003, 1015}
I/ActivityThread(25512): Pub mms: com.android.providers.telephony.MmsProvider
I/ActivityThread(25512): Pub sms: com.android.providers.telephony.SmsProvider
I/ActivityThread(25512): Pub telephony: com.android.providers.telephony.TelephonyProvider
W/TelephonyProvider(25512): onCreate: confFile=/system/etc/apns-conf.xml oldCheckSum=3358775275
W/TelephonyProvider(25512): onCreate: newCheckSum=3358775275
I/ActivityThread(25512): Pub icc: com.android.phone.IccProvider
I/ActivityThread(25512): Pub mms-sms: com.android.providers.telephony.MmsSmsProvider
D/PhoneApp(25512): non dsds PhoneApp:
D/CallManager(25512): registerPhone(CDMA Handler (com.android.internal.telephony.PhoneProxy) {412eaa58})
D/PhoneInterfaceManager(25512):  Registering for UNSOL OEM HOOK Responses to deliver external apps
D/PhoneStatusBarPolicy(21194): updateSimState for subscription :0
D/PhoneStatusBarPolicy(21194): updateSimState for subscription :0
D/Bluetooth HS/HF(25512): CDMA call state: IDLE prev state:IDLE
E/ToneGenerator(25512): Unable to marshal AudioFlinger
E/ToneGenerator(25512): ToneGenerator init failed 
F/libc    (25512): Fatal signal 11 (SIGSEGV) at 0x6974618f (code=1)
I/DEBUG   (24809): *** *** *** *** *** *** *** *** *** *** *** *** *** *** *** ***
I/DEBUG   (24809): Build fingerprint: 'qcom/msm8660_surf/msm8660_surf:4.0.3/IML74K/eng.joey.20120210.232528:eng/test-keys'
I/DEBUG   (24809): pid: 25512, tid: 25512  >>> com.android.phone <<<
I/DEBUG   (24809): signal 11 (SIGSEGV), code 1 (SEGV_MAPERR), fault addr 6974618f
I/DEBUG   (24809):  r0 69746163  r1 00144908  r2 001448d8  r3 beb88188
I/DEBUG   (24809):  r4 001448d8  r5 69746163  r6 401a14b0  r7 4081905d
I/DEBUG   (24809):  r8 56100019  r9 46178c28  10 00000000  fp beb88604
I/DEBUG   (24809):  ip 4094d048  sp beb885b8  lr 40927c2b  pc 40919506  cpsr 60000030
I/DEBUG   (24809):  d0  662074696e692061  d1  7541206c61687369
I/DEBUG   (24809):  d2  000000040000036c  d3  4a54d02800000065
I/DEBUG   (24809):  d4  006f006900640075  d5  0069006c006f0050
I/DEBUG   (24809):  d6  0065005300790063  d7  0063006900760072
I/DEBUG   (24809):  d8  0000000000000000  d9  0000000000000000
I/DEBUG   (24809):  d10 0000000000000000  d11 0000000000000000
I/DEBUG   (24809):  d12 0000000000000000  d13 0000000000000000
I/DEBUG   (24809):  d14 0000000000000000  d15 0000000000000000
I/DEBUG   (24809):  d16 3fd43d135cda918c  d17 3ffc63194c570da5
I/DEBUG   (24809):  d18 4000000000000000  d19 3fcce7359d4792d9
I/DEBUG   (24809):  d20 3f11504c292739d4  d21 bebbb371092382c4
I/DEBUG   (24809):  d22 3ff0000000000000  d23 3ff43d135cda918c
I/DEBUG   (24809):  d24 3e66376972bea4d0  d25 3fc39a09d078c69f
I/DEBUG   (24809):  d26 0000000000000000  d27 0000000000000000
I/DEBUG   (24809):  d28 0000000000000000  d29 0000000000000000
I/DEBUG   (24809):  d30 0000000000000000  d31 0000000000000000
I/DEBUG   (24809):  scr 20000012
I/DEBUG   (24809): 
I/DEBUG   (24809):          #00  pc 00037506  /system/lib/libmedia.so (_ZN7android10AudioTrackD2Ev)
I/DEBUG   (24809):          #01  pc 00045c26  /system/lib/libmedia.so (_ZN7android13ToneGeneratorD1Ev)
I/DEBUG   (24809):          #02  pc 0006e1d4  /system/lib/libandroid_runtime.so
I/DEBUG   (24809):          #03  pc 0001ecb0  /system/lib/libdvm.so (dvmPlatformInvoke)
I/DEBUG   (24809):          #04  pc 0005884a  /system/lib/libdvm.so (_Z16dvmCallJNIMethodPKjP6JValuePK6MethodP6Thread)
I/DEBUG   (24809): 
I/DEBUG   (24809): code around pc:
I/DEBUG   (24809): 409194e4 463b9308 f8cd9506 f7ff901c 62e0fe81  ..;F...........b
I/DEBUG   (24809): 409194f4 f7fe4628 4620fced e8bdb00d bf0083f0  (F.... F........
I/DEBUG   (24809): 40919504 6ac5b570 2d004604 f7ffd134 68a0fc89  p..j.F.-4......h
I/DEBUG   (24809): 40919514 f7fdb160 68a3eafa 681ab143 0108f104  `......hC..h....
I/DEBUG   (24809): 40919524 0c0cf852 f7fd1818 60a5ea5a b1136823  R.......Z..`#h..
I/DEBUG   (24809): 
I/DEBUG   (24809): code around lr:
I/DEBUG   (24809): 40927c08 bd7ceece 0000adf0 0000ae9c 6ac3b570  ..|.........p..j
I/DEBUG   (24809): 40927c18 b14b4604 ffc6f7ff b12d6ae5 f7f14628  .FK......j-.(F..
I/DEBUG   (24809): 40927c28 4628fc6d eea2f7ee 0048f104 ff10f7ff  m.(F......H.....
I/DEBUG   (24809): 40927c38 0038f104 ea42f7ef 0034f104 ee84f7ee  ..8...B...4.....
I/DEBUG   (24809): 40927c48 0030f104 ee80f7ee bd704620 b5f72963  ..0..... Fp.c)..
I/DEBUG   (24809): 
I/DEBUG   (24809): memory map around addr 6974618f:
I/DEBUG   (24809): 4aecc000-4afcb000 
I/DEBUG   (24809): (no map for address)
I/DEBUG   (24809): b0001000-b0009000 /system/bin/linker
I/DEBUG   (24809): 
I/DEBUG   (24809): stack:
I/DEBUG   (24809):     beb88578  00000000  
I/DEBUG   (24809):     beb8857c  001448d8  [heap]
I/DEBUG   (24809):     beb88580  401a14b0  
I/DEBUG   (24809):     beb88584  4081905d  /system/lib/libdvm.so
I/DEBUG   (24809):     beb88588  56100019  
I/DEBUG   (24809):     beb8858c  46178c28  
I/DEBUG   (24809):     beb88590  001448d8  [heap]
I/DEBUG   (24809):     beb88594  00144908  [heap]
I/DEBUG   (24809):     beb88598  401a14b0  
I/DEBUG   (24809):     beb8859c  4081905d  /system/lib/libdvm.so
I/DEBUG   (24809):     beb885a0  56100019  
I/DEBUG   (24809):     beb885a4  46178c28  
I/DEBUG   (24809):     beb885a8  00000000  
I/DEBUG   (24809):     beb885ac  40927c0b  /system/lib/libmedia.so
I/DEBUG   (24809):     beb885b0  df0027ad  
I/DEBUG   (24809):     beb885b4  00000000  
I/DEBUG   (24809): #00 beb885b8  001448d8  [heap]
I/DEBUG   (24809):     beb885bc  69746163  
I/DEBUG   (24809):     beb885c0  401a14b0  
I/DEBUG   (24809):     beb885c4  40927c2b  /system/lib/libmedia.so
I/DEBUG   (24809): #01 beb885c8  001448d8  [heap]
I/DEBUG   (24809):     beb885cc  0000f2c8  [heap]
I/DEBUG   (24809):     beb885d0  401a14b0  
I/DEBUG   (24809):     beb885d4  4017a1d7  /system/lib/libandroid_runtime.so
I/BootReceiver(21098): Copying /data/tombstones/tombstone_02 to DropBox (SYSTEM_TOMBSTONE)
I/ActivityManager(21098): Process com.android.phone (pid 25512) has died.
W/ActivityManager(21098): Canceling start item Intent { cmp=com.android.phone/.BluetoothHeadsetService } in service ComponentInfo{com.android.phone/com.android.phone.BluetoothHeadsetService}
W/ActivityManager(21098): Scheduling restart of crashed service com.android.phone/.BluetoothHeadsetService in 4830ms
I/WindowManager(21098): SCREENLAYOUT_SIZE (1:small, 2:normal, 3:large, 4:xlarge) 2
I/ActivityManager(21098): Start proc com.android.phone for restart com.android.phone: pid=25537 uid=1001 gids={3002, 3001, 3003, 1015}
I/ActivityThread(25537): Pub mms: com.android.providers.telephony.MmsProvider
I/ActivityThread(25537): Pub sms: com.android.providers.telephony.SmsProvider
I/ActivityThread(25537): Pub telephony: com.android.providers.telephony.TelephonyProvider
W/TelephonyProvider(25537): onCreate: confFile=/system/etc/apns-conf.xml oldCheckSum=3358775275
W/TelephonyProvider(25537): onCreate: newCheckSum=3358775275
I/ActivityThread(25537): Pub icc: com.android.phone.IccProvider
I/ActivityThread(25537): Pub mms-sms: com.android.providers.telephony.MmsSmsProvider
D/PhoneApp(25537): non dsds PhoneApp:
D/PhoneStatusBarPolicy(21194): updateSimState for subscription :0
D/PhoneStatusBarPolicy(21194): updateSimState for subscription :0
D/CallManager(25537): registerPhone(CDMA Handler (com.android.internal.telephony.PhoneProxy) {412ec5d0})
D/PhoneInterfaceManager(25537):  Registering for UNSOL OEM HOOK Responses to deliver external apps
D/Bluetooth HS/HF(25537): CDMA call state: IDLE prev state:IDLE
E/ToneGenerator(25537): Unable to marshal AudioFlinger
E/ToneGenerator(25537): ToneGenerator init failed 
F/libc    (25537): Fatal signal 11 (SIGSEGV) at 0x004d0091 (code=1)
I/DEBUG   (24809): *** *** *** *** *** *** *** *** *** *** *** *** *** *** *** ***
I/DEBUG   (24809): Build fingerprint: 'qcom/msm8660_surf/msm8660_surf:4.0.3/IML74K/eng.joey.20120210.232528:eng/test-keys'
I/DEBUG   (24809): pid: 25537, tid: 25537  >>> com.android.phone <<<
I/DEBUG   (24809): signal 11 (SIGSEGV), code 1 (SEGV_MAPERR), fault addr 004d0091
I/DEBUG   (24809):  r0 004d0065  r1 001b3368  r2 001b3338  r3 beb88188
I/DEBUG   (24809):  r4 001b3338  r5 004d0065  r6 401a14b0  r7 4081905d
I/DEBUG   (24809):  r8 56a00019  r9 46178c28  10 00000000  fp beb88604
I/DEBUG   (24809):  ip 4094d048  sp beb885b8  lr 40927c2b  pc 40919506  cpsr 60000030
I/DEBUG   (24809):  d0  662074696e692061  d1  7541206c61687369
I/DEBUG   (24809):  d2  000000040000036c  d3  4a54d02800000065
I/DEBUG   (24809):  d4  004d006500630069  d5  00670061006e0061
I/DEBUG   (24809):  d6  0000000000720065  d7  0000000000000012
I/DEBUG   (24809):  d8  0000000000000000  d9  0000000000000000
I/DEBUG   (24809):  d10 0000000000000000  d11 0000000000000000
I/DEBUG   (24809):  d12 0000000000000000  d13 0000000000000000
I/DEBUG   (24809):  d14 0000000000000000  d15 0000000000000000
I/DEBUG   (24809):  d16 3fd43d135cda918c  d17 3ffc63194c570da5
I/DEBUG   (24809):  d18 4000000000000000  d19 3fcce7359d4792d9
I/DEBUG   (24809):  d20 3f11504c292739d4  d21 bebbb371092382c4
I/DEBUG   (24809):  d22 3ff0000000000000  d23 3ff43d135cda918c
I/DEBUG   (24809):  d24 3e66376972bea4d0  d25 3fc39a09d078c69f
I/DEBUG   (24809):  d26 0000000000000000  d27 0000000000000000
I/DEBUG   (24809):  d28 0000000000000000  d29 0000000000000000
I/DEBUG   (24809):  d30 0000000000000000  d31 0000000000000000
I/DEBUG   (24809):  scr 20000012
I/DEBUG   (24809): 
I/DEBUG   (24809):          #00  pc 00037506  /system/lib/libmedia.so (_ZN7android10AudioTrackD2Ev)
I/DEBUG   (24809):          #01  pc 00045c26  /system/lib/libmedia.so (_ZN7android13ToneGeneratorD1Ev)
I/DEBUG   (24809):          #02  pc 0006e1d4  /system/lib/libandroid_runtime.so
I/DEBUG   (24809):          #03  pc 0001ecb0  /system/lib/libdvm.so (dvmPlatformInvoke)
I/DEBUG   (24809):          #04  pc 0005884a  /system/lib/libdvm.so (_Z16dvmCallJNIMethodPKjP6JValuePK6MethodP6Thread)
I/DEBUG   (24809): 
I/DEBUG   (24809): code around pc:
I/DEBUG   (24809): 409194e4 463b9308 f8cd9506 f7ff901c 62e0fe81  ..;F...........b
I/DEBUG   (24809): 409194f4 f7fe4628 4620fced e8bdb00d bf0083f0  (F.... F........
I/DEBUG   (24809): 40919504 6ac5b570 2d004604 f7ffd134 68a0fc89  p..j.F.-4......h
I/DEBUG   (24809): 40919514 f7fdb160 68a3eafa 681ab143 0108f104  `......hC..h....
I/DEBUG   (24809): 40919524 0c0cf852 f7fd1818 60a5ea5a b1136823  R.......Z..`#h..
I/DEBUG   (24809): 
I/DEBUG   (24809): code around lr:
I/DEBUG   (24809): 40927c08 bd7ceece 0000adf0 0000ae9c 6ac3b570  ..|.........p..j
I/DEBUG   (24809): 40927c18 b14b4604 ffc6f7ff b12d6ae5 f7f14628  .FK......j-.(F..
I/DEBUG   (24809): 40927c28 4628fc6d eea2f7ee 0048f104 ff10f7ff  m.(F......H.....
I/DEBUG   (24809): 40927c38 0038f104 ea42f7ef 0034f104 ee84f7ee  ..8...B...4.....
I/DEBUG   (24809): 40927c48 0030f104 ee80f7ee bd704620 b5f72963  ..0..... Fp.c)..
I/DEBUG   (24809): 
I/DEBUG   (24809): memory map around addr 004d0091:
I/DEBUG   (24809): 0000b000-00210000 [heap]
I/DEBUG   (24809): (no map for address)
I/DEBUG   (24809): 10000000-10001000 
I/DEBUG   (24809): 
I/DEBUG   (24809): stack:
I/DEBUG   (24809):     beb88578  00000000  
I/DEBUG   (24809):     beb8857c  001b3338  [heap]
I/DEBUG   (24809):     beb88580  401a14b0  
I/DEBUG   (24809):     beb88584  4081905d  /system/lib/libdvm.so
I/DEBUG   (24809):     beb88588  56a00019  
I/DEBUG   (24809):     beb8858c  46178c28  
I/DEBUG   (24809):     beb88590  001b3338  [heap]
I/DEBUG   (24809):     beb88594  001b3368  [heap]
I/DEBUG   (24809):     beb88598  401a14b0  
I/DEBUG   (24809):     beb8859c  4081905d  /system/lib/libdvm.so
I/DEBUG   (24809):     beb885a0  56a00019  
I/DEBUG   (24809):     beb885a4  46178c28  
I/DEBUG   (24809):     beb885a8  00000000  
I/DEBUG   (24809):     beb885ac  40927c0b  /system/lib/libmedia.so
I/DEBUG   (24809):     beb885b0  df0027ad  
I/DEBUG   (24809):     beb885b4  00000000  
I/DEBUG   (24809): #00 beb885b8  001b3338  [heap]
I/DEBUG   (24809):     beb885bc  004d0065  
I/DEBUG   (24809):     beb885c0  401a14b0  
I/DEBUG   (24809):     beb885c4  40927c2b  /system/lib/libmedia.so
I/DEBUG   (24809): #01 beb885c8  001b3338  [heap]
I/DEBUG   (24809):     beb885cc  0000f2c8  [heap]
I/DEBUG   (24809):     beb885d0  401a14b0  
I/DEBUG   (24809):     beb885d4  4017a1d7  /system/lib/libandroid_runtime.so
I/BootReceiver(21098): Copying /data/tombstones/tombstone_03 to DropBox (SYSTEM_TOMBSTONE)
I/ActivityManager(21098): Process com.android.phone (pid 25537) has died.
W/ActivityManager(21098): Canceling start item Intent { cmp=com.android.phone/.BluetoothHeadsetService } in service ComponentInfo{com.android.phone/com.android.phone.BluetoothHeadsetService}
W/ActivityManager(21098): Scheduling restart of crashed service com.android.phone/.BluetoothHeadsetService in 5060ms
I/ActivityManager(21098): Start proc com.android.phone for restart com.android.phone: pid=25561 uid=1001 gids={3002, 3001, 3003, 1015}
I/WindowManager(21098): SCREENLAYOUT_SIZE (1:small, 2:normal, 3:large, 4:xlarge) 2
I/ActivityThread(25561): Pub mms: com.android.providers.telephony.MmsProvider
I/ActivityThread(25561): Pub sms: com.android.providers.telephony.SmsProvider
I/ActivityThread(25561): Pub telephony: com.android.providers.telephony.TelephonyProvider
W/TelephonyProvider(25561): onCreate: confFile=/system/etc/apns-conf.xml oldCheckSum=3358775275
W/TelephonyProvider(25561): onCreate: newCheckSum=3358775275
I/ActivityThread(25561): Pub icc: com.android.phone.IccProvider
I/ActivityThread(25561): Pub mms-sms: com.android.providers.telephony.MmsSmsProvider
D/PhoneApp(25561): non dsds PhoneApp:
D/PhoneStatusBarPolicy(21194): updateSimState for subscription :0
D/CallManager(25561): registerPhone(CDMA Handler (com.android.internal.telephony.PhoneProxy) {412e9f80})
D/PhoneInterfaceManager(25561):  Registering for UNSOL OEM HOOK Responses to deliver external apps
D/PhoneStatusBarPolicy(21194): updateSimState for subscription :0
D/Bluetooth HS/HF(25561): CDMA call state: IDLE prev state:IDLE
E/ToneGenerator(25561): Unable to marshal AudioFlinger
E/ToneGenerator(25561): ToneGenerator init failed 
F/libc    (25561): Fatal signal 11 (SIGSEGV) at 0x0000005d (code=1)
I/DEBUG   (24809): *** *** *** *** *** *** *** *** *** *** *** *** *** *** *** ***
I/DEBUG   (24809): Build fingerprint: 'qcom/msm8660_surf/msm8660_surf:4.0.3/IML74K/eng.joey.20120210.232528:eng/test-keys'
I/DEBUG   (24809): pid: 25561, tid: 25561  >>> com.android.phone <<<
I/DEBUG   (24809): signal 11 (SIGSEGV), code 1 (SEGV_MAPERR), fault addr 0000005d
I/DEBUG   (24809):  r0 00000031  r1 0013ece0  r2 0013ecb0  r3 beb88188
I/DEBUG   (24809):  r4 0013ecb0  r5 00000031  r6 401a14b0  r7 4081905d
I/DEBUG   (24809):  r8 57400019  r9 46178c28  10 00000000  fp beb88604
I/DEBUG   (24809):  ip 4094d048  sp beb885b8  lr 40927c2b  pc 40919506  cpsr 60000030
I/DEBUG   (24809):  d0  662074696e692061  d1  7541206c61687369
I/DEBUG   (24809):  d2  000000040000036c  d3  4a54d02800000065
I/DEBUG   (24809):  d4  006f006900640075  d5  0069006c006f0050
I/DEBUG   (24809):  d6  0065005300790063  d7  0063006900760072
I/DEBUG   (24809):  d8  0000000000000000  d9  0000000000000000
I/DEBUG   (24809):  d10 0000000000000000  d11 0000000000000000
I/DEBUG   (24809):  d12 0000000000000000  d13 0000000000000000
I/DEBUG   (24809):  d14 0000000000000000  d15 0000000000000000
I/DEBUG   (24809):  d16 3fd43d135cda918c  d17 3ffc63194c570da5
I/DEBUG   (24809):  d18 4000000000000000  d19 3fcce7359d4792d9
I/DEBUG   (24809):  d20 3f11504c292739d4  d21 bebbb371092382c4
I/DEBUG   (24809):  d22 3ff0000000000000  d23 3ff43d135cda918c
I/DEBUG   (24809):  d24 3e66376972bea4d0  d25 3fc39a09d078c69f
I/DEBUG   (24809):  d26 0000000000000000  d27 0000000000000000
I/DEBUG   (24809):  d28 0000000000000000  d29 0000000000000000
I/DEBUG   (24809):  d30 0000000000000000  d31 0000000000000000
I/DEBUG   (24809):  scr 20000012
I/DEBUG   (24809): 
I/DEBUG   (24809):          #00  pc 00037506  /system/lib/libmedia.so (_ZN7android10AudioTrackD2Ev)
I/DEBUG   (24809):          #01  pc 00045c26  /system/lib/libmedia.so (_ZN7android13ToneGeneratorD1Ev)
I/DEBUG   (24809):          #02  pc 0006e1d4  /system/lib/libandroid_runtime.so
I/DEBUG   (24809):          #03  pc 0001ecb0  /system/lib/libdvm.so (dvmPlatformInvoke)
I/DEBUG   (24809):          #04  pc 0005884a  /system/lib/libdvm.so (_Z16dvmCallJNIMethodPKjP6JValuePK6MethodP6Thread)
I/DEBUG   (24809): 
I/DEBUG   (24809): code around pc:
I/DEBUG   (24809): 409194e4 463b9308 f8cd9506 f7ff901c 62e0fe81  ..;F...........b
I/DEBUG   (24809): 409194f4 f7fe4628 4620fced e8bdb00d bf0083f0  (F.... F........
I/DEBUG   (24809): 40919504 6ac5b570 2d004604 f7ffd134 68a0fc89  p..j.F.-4......h
I/DEBUG   (24809): 40919514 f7fdb160 68a3eafa 681ab143 0108f104  `......hC..h....
I/DEBUG   (24809): 40919524 0c0cf852 f7fd1818 60a5ea5a b1136823  R.......Z..`#h..
I/DEBUG   (24809): 
I/DEBUG   (24809): code around lr:
I/DEBUG   (24809): 40927c08 bd7ceece 0000adf0 0000ae9c 6ac3b570  ..|.........p..j
I/DEBUG   (24809): 40927c18 b14b4604 ffc6f7ff b12d6ae5 f7f14628  .FK......j-.(F..
I/DEBUG   (24809): 40927c28 4628fc6d eea2f7ee 0048f104 ff10f7ff  m.(F......H.....
I/DEBUG   (24809): 40927c38 0038f104 ea42f7ef 0034f104 ee84f7ee  ..8...B...4.....
I/DEBUG   (24809): 40927c48 0030f104 ee80f7ee bd704620 b5f72963  ..0..... Fp.c)..
I/DEBUG   (24809): 
I/DEBUG   (24809): stack:
I/DEBUG   (24809):     beb88578  00000000  
I/DEBUG   (24809):     beb8857c  0013ecb0  [heap]
I/DEBUG   (24809):     beb88580  401a14b0  
I/DEBUG   (24809):     beb88584  4081905d  /system/lib/libdvm.so
I/DEBUG   (24809):     beb88588  57400019  
I/DEBUG   (24809):     beb8858c  46178c28  
I/DEBUG   (24809):     beb88590  0013ecb0  [heap]
I/DEBUG   (24809):     beb88594  0013ece0  [heap]
I/DEBUG   (24809):     beb88598  401a14b0  
I/DEBUG   (24809):     beb8859c  4081905d  /system/lib/libdvm.so
I/DEBUG   (24809):     beb885a0  57400019  
I/DEBUG   (24809):     beb885a4  46178c28  
I/DEBUG   (24809):     beb885a8  00000000  
I/DEBUG   (24809):     beb885ac  40927c0b  /system/lib/libmedia.so
I/DEBUG   (24809):     beb885b0  df0027ad  
I/DEBUG   (24809):     beb885b4  00000000  
I/DEBUG   (24809): #00 beb885b8  0013ecb0  [heap]
I/DEBUG   (24809):     beb885bc  00000031  
I/DEBUG   (24809):     beb885c0  401a14b0  
I/DEBUG   (24809):     beb885c4  40927c2b  /system/lib/libmedia.so
I/DEBUG   (24809): #01 beb885c8  0013ecb0  [heap]
I/DEBUG   (24809):     beb885cc  0000f2c8  [heap]
I/DEBUG   (24809):     beb885d0  401a14b0  
I/DEBUG   (24809):     beb885d4  4017a1d7  /system/lib/libandroid_runtime.so
I/BootReceiver(21098): Copying /data/tombstones/tombstone_04 to DropBox (SYSTEM_TOMBSTONE)
I/ActivityManager(21098): Process com.android.phone (pid 25561) has died.
W/ActivityManager(21098): Canceling start item Intent { cmp=com.android.phone/.BluetoothHeadsetService } in service ComponentInfo{com.android.phone/com.android.phone.BluetoothHeadsetService}
W/ActivityManager(21098): Scheduling restart of crashed service com.android.phone/.BluetoothHeadsetService in 4862ms
I/WindowManager(21098): SCREENLAYOUT_SIZE (1:small, 2:normal, 3:large, 4:xlarge) 2
I/ActivityManager(21098): Start proc com.android.phone for restart com.android.phone: pid=25589 uid=1001 gids={3002, 3001, 3003, 1015}
I/ActivityThread(25589): Pub mms: com.android.providers.telephony.MmsProvider
I/ActivityThread(25589): Pub sms: com.android.providers.telephony.SmsProvider
I/ActivityThread(25589): Pub telephony: com.android.providers.telephony.TelephonyProvider
W/TelephonyProvider(25589): onCreate: confFile=/system/etc/apns-conf.xml oldCheckSum=3358775275
W/TelephonyProvider(25589): onCreate: newCheckSum=3358775275
I/ActivityThread(25589): Pub icc: com.android.phone.IccProvider
I/ActivityThread(25589): Pub mms-sms: com.android.providers.telephony.MmsSmsProvider
D/PhoneApp(25589): non dsds PhoneApp:
D/CallManager(25589): registerPhone(CDMA Handler (com.android.internal.telephony.PhoneProxy) {412e3420})
D/PhoneInterfaceManager(25589):  Registering for UNSOL OEM HOOK Responses to deliver external apps
D/PhoneStatusBarPolicy(21194): updateSimState for subscription :0
D/PhoneStatusBarPolicy(21194): updateSimState for subscription :0
D/Bluetooth HS/HF(25589): CDMA call state: IDLE prev state:IDLE
E/ToneGenerator(25589): Unable to marshal AudioFlinger
E/ToneGenerator(25589): ToneGenerator init failed 
F/libc    (25589): Fatal signal 11 (SIGSEGV) at 0x0000005d (code=1)
I/DEBUG   (24809): *** *** *** *** *** *** *** *** *** *** *** *** *** *** *** ***
I/DEBUG   (24809): Build fingerprint: 'qcom/msm8660_surf/msm8660_surf:4.0.3/IML74K/eng.joey.20120210.232528:eng/test-keys'
I/DEBUG   (24809): pid: 25589, tid: 25589  >>> com.android.phone <<<
I/DEBUG   (24809): signal 11 (SIGSEGV), code 1 (SEGV_MAPERR), fault addr 0000005d
I/DEBUG   (24809):  r0 00000031  r1 00136828  r2 001367f8  r3 beb88188
I/DEBUG   (24809):  r4 001367f8  r5 00000031  r6 401a14b0  r7 4081905d
I/DEBUG   (24809):  r8 58500019  r9 46178c28  10 00000000  fp beb88604
I/DEBUG   (24809):  ip 4094d048  sp beb885b8  lr 40927c2b  pc 40919506  cpsr 60000030
I/DEBUG   (24809):  d0  662074696e692061  d1  7541206c61687369
I/DEBUG   (24809):  d2  000000040000036c  d3  4a54d02800000065
I/DEBUG   (24809):  d4  006f006900640075  d5  0069006c006f0050
I/DEBUG   (24809):  d6  0065005300790063  d7  0063006900760072
I/DEBUG   (24809):  d8  0000000000000000  d9  0000000000000000
I/DEBUG   (24809):  d10 0000000000000000  d11 0000000000000000
I/DEBUG   (24809):  d12 0000000000000000  d13 0000000000000000
I/DEBUG   (24809):  d14 0000000000000000  d15 0000000000000000
I/DEBUG   (24809):  d16 3fd43d135cda918c  d17 3ffc63194c570da5
I/DEBUG   (24809):  d18 4000000000000000  d19 3fcce7359d4792d9
I/DEBUG   (24809):  d20 3f11504c292739d4  d21 bebbb371092382c4
I/DEBUG   (24809):  d22 3ff0000000000000  d23 3ff43d135cda918c
I/DEBUG   (24809):  d24 3e66376972bea4d0  d25 3fc39a09d078c69f
I/DEBUG   (24809):  d26 0000000000000000  d27 0000000000000000
I/DEBUG   (24809):  d28 0000000000000000  d29 0000000000000000
I/DEBUG   (24809):  d30 0000000000000000  d31 0000000000000000
I/DEBUG   (24809):  scr 20000012
I/DEBUG   (24809): 
I/DEBUG   (24809):          #00  pc 00037506  /system/lib/libmedia.so (_ZN7android10AudioTrackD2Ev)
I/DEBUG   (24809):          #01  pc 00045c26  /system/lib/libmedia.so (_ZN7android13ToneGeneratorD1Ev)
I/DEBUG   (24809):          #02  pc 0006e1d4  /system/lib/libandroid_runtime.so
I/DEBUG   (24809):          #03  pc 0001ecb0  /system/lib/libdvm.so (dvmPlatformInvoke)
I/DEBUG   (24809):          #04  pc 0005884a  /system/lib/libdvm.so (_Z16dvmCallJNIMethodPKjP6JValuePK6MethodP6Thread)
I/DEBUG   (24809): 
I/DEBUG   (24809): code around pc:
I/DEBUG   (24809): 409194e4 463b9308 f8cd9506 f7ff901c 62e0fe81  ..;F...........b
I/DEBUG   (24809): 409194f4 f7fe4628 4620fced e8bdb00d bf0083f0  (F.... F........
I/DEBUG   (24809): 40919504 6ac5b570 2d004604 f7ffd134 68a0fc89  p..j.F.-4......h
I/DEBUG   (24809): 40919514 f7fdb160 68a3eafa 681ab143 0108f104  `......hC..h....
I/DEBUG   (24809): 40919524 0c0cf852 f7fd1818 60a5ea5a b1136823  R.......Z..`#h..
I/DEBUG   (24809): 
I/DEBUG   (24809): code around lr:
I/DEBUG   (24809): 40927c08 bd7ceece 0000adf0 0000ae9c 6ac3b570  ..|.........p..j
I/DEBUG   (24809): 40927c18 b14b4604 ffc6f7ff b12d6ae5 f7f14628  .FK......j-.(F..
I/DEBUG   (24809): 40927c28 4628fc6d eea2f7ee 0048f104 ff10f7ff  m.(F......H.....
I/DEBUG   (24809): 40927c38 0038f104 ea42f7ef 0034f104 ee84f7ee  ..8...B...4.....
I/DEBUG   (24809): 40927c48 0030f104 ee80f7ee bd704620 b5f72963  ..0..... Fp.c)..
I/DEBUG   (24809): 
I/DEBUG   (24809): stack:
I/DEBUG   (24809):     beb88578  00000000  
I/DEBUG   (24809):     beb8857c  001367f8  [heap]
I/DEBUG   (24809):     beb88580  401a14b0  
I/DEBUG   (24809):     beb88584  4081905d  /system/lib/libdvm.so
I/DEBUG   (24809):     beb88588  58500019  
I/DEBUG   (24809):     beb8858c  46178c28  
I/DEBUG   (24809):     beb88590  001367f8  [heap]
I/DEBUG   (24809):     beb88594  00136828  [heap]
I/DEBUG   (24809):     beb88598  401a14b0  
I/DEBUG   (24809):     beb8859c  4081905d  /system/lib/libdvm.so
I/DEBUG   (24809):     beb885a0  58500019  
I/DEBUG   (24809):     beb885a4  46178c28  
I/DEBUG   (24809):     beb885a8  00000000  
I/DEBUG   (24809):     beb885ac  40927c0b  /system/lib/libmedia.so
I/DEBUG   (24809):     beb885b0  df0027ad  
I/DEBUG   (24809):     beb885b4  00000000  
I/DEBUG   (24809): #00 beb885b8  001367f8  [heap]
I/DEBUG   (24809):     beb885bc  00000031  
I/DEBUG   (24809):     beb885c0  401a14b0  
I/DEBUG   (24809):     beb885c4  40927c2b  /system/lib/libmedia.so
I/DEBUG   (24809): #01 beb885c8  001367f8  [heap]
I/DEBUG   (24809):     beb885cc  0000f2c8  [heap]
I/DEBUG   (24809):     beb885d0  401a14b0  
I/DEBUG   (24809):     beb885d4  4017a1d7  /system/lib/libandroid_runtime.so
I/BootReceiver(21098): Copying /data/tombstones/tombstone_05 to DropBox (SYSTEM_TOMBSTONE)
I/ActivityManager(21098): Process com.android.phone (pid 25589) has died.
W/ActivityManager(21098): Canceling start item Intent { cmp=com.android.phone/.BluetoothHeadsetService } in service ComponentInfo{com.android.phone/com.android.phone.BluetoothHeadsetService}
W/ActivityManager(21098): Scheduling restart of crashed service com.android.phone/.BluetoothHeadsetService in 5140ms
I/WindowManager(21098): SCREENLAYOUT_SIZE (1:small, 2:normal, 3:large, 4:xlarge) 2
I/ActivityManager(21098): Start proc com.android.phone for restart com.android.phone: pid=25612 uid=1001 gids={3002, 3001, 3003, 1015}
I/ActivityThread(25612): Pub mms: com.android.providers.telephony.MmsProvider
I/ActivityThread(25612): Pub sms: com.android.providers.telephony.SmsProvider
I/ActivityThread(25612): Pub telephony: com.android.providers.telephony.TelephonyProvider
W/TelephonyProvider(25612): onCreate: confFile=/system/etc/apns-conf.xml oldCheckSum=3358775275
W/TelephonyProvider(25612): onCreate: newCheckSum=3358775275
I/ActivityThread(25612): Pub icc: com.android.phone.IccProvider
