--------- beginning of /dev/log/main
D/DEVENC  (  133): essiv=1
D/DEVENC  (  133): get_batchcrypt_status [cache][cache][5/-1][]
D/DEVENC  (  133): check_disk_partition [-1][0][0]
I//system/bin/e2fsck(  133): e2fsck 1.41.11 (14-Mar-2010)
I//system/bin/e2fsck(  133): /system/bin/e2fsck: Device or resource busy while trying to open /dev/block/mmcblk0p26
I//system/bin/e2fsck(  133): Filesystem mounted or opened exclusively by another program?
I/logwrapper(  133): /system/bin/e2fsck terminated by exit(8)
D/DEVENC  (  133): get_batchcrypt_status [efs][efs][3/-1][]
D/DEVENC  (  133): check_disk_partition [-1][0][0]
I//system/bin/e2fsck(  133): e2fsck 1.41.11 (14-Mar-2010)
I//system/bin/e2fsck(  133): /system/bin/e2fsck: Device or resource busy while trying to open /dev/block/mmcblk0p21
I//system/bin/e2fsck(  133): Filesystem mounted or opened exclusively by another program?
I/logwrapper(  133): /system/bin/e2fsck terminated by exit(8)
D/DEVENC  (  133): get_batchcrypt_status [data][data][4/-1][]
D/DEVENC  (  133): get_batchcrypt_status [dbdata][dbdata][6/-1][]
D/DEVENC  (  133): get_batchcrypt_status [data][data][4/-1][]
D/DEVENC  (  133): needRamBoot (0)
D/DEVENC  (  133): get_batchcrypt_status [data][data][4/-1][]
D/DEVENC  (  133): check_disk_partition [-1][1][0]
I//system/bin/e2fsck(  133): e2fsck 1.41.11 (14-Mar-2010)
I//system/bin/e2fsck(  133): /system/bin/e2fsck: Device or resource busy while trying to open /dev/block/mmcblk0p25
I//system/bin/e2fsck(  133): Filesystem mounted or opened exclusively by another program?
I/logwrapper(  133): /system/bin/e2fsck terminated by exit(8)
D/DEVENC  (  133): run_cs_with_devPath [/dev/block/mmcblk0p25]
D/DEVENC  (  133): ** cs [0][0] 
D/DEVENC  (  133): ** cs [data] 
D/DEVENC  (  133): get_batchcrypt_status [sdcard][sdcard][6/5][NULL]
I/DEBUG   (  149): debuggerd: Feb  8 2012 22:22:03
I/qrngd   (  168): qrngd has started:
I/qrngd   (  168): Reading device:'/dev/hw_random' updating entropy for device:'/dev/random'
E/macloader(  156): wifi.mac_addr: check_wifi_address()
E/macloader(  156): wifi.mac_addr: .mac.info already exist!
E/macloader(  156): wifi.cid_info: .cid.info already exist!
--------- beginning of /dev/log/system
D/notified_event(  147): handleUsbCompositeEvent -> 'usb_mass_storage' -> 'connected' 
D/notified_event(  147): handleUsbCompositeEvent -> 'acm1' -> 'disconnected' 
D/notified_event(  147): handleUsbCompositeEvent -> 'acm2' -> 'connected' 
D/notified_event(  147): handleUsbCompositeEvent -> 'adb' -> 'connected' 
D/notified_event(  147): handleUsbCompositeEvent -> 'rndis' -> 'disconnected' 
D/notified_event(  147): handleUsbCompositeEvent -> 'diag' -> 'disconnected' 
D/notified_event(  147): handleUsbCompositeEvent -> 'diag_mdm' -> 'disconnected' 
D/notified_event(  147): handleUsbCompositeEvent -> 'rmnet_sdio' -> 'disconnected' 
I/kickstart(  167): -- COMMAND LINE ARGS in order --
I/kickstart(  167): COMPORT1=/dev/ttyHSL1
I/kickstart(  167): COMPORT2=/dev/tty_sdio_00
I/kickstart(  167): PATHTOIMAGES=/system/etc/firmware/
I/kickstart(  167): PATHFORRAMDUMP=/tombstones/mdm/
I/kickstart(  167): EFSRAW1=/dev/block/mmcblk0p18
I/kickstart(  167): EFSRAW2=/dev/block/mmcblk0p19
I/kickstart(  167): EFSRAW3=/dev/block/mmcblk0p20
I/kickstart(  167): Header1=efs1.mbn
I/kickstart(  167): Header2=efs2.mbn
I/kickstart(  167): Header3=efs3.mbn
I/kickstart(  167): Option=l
I/kickstart(  167): Testing if port "/dev/mdm" exists
I/kickstart(  167): Trying to bring MDM9K out of reset
I/kickstart(  167): Loading Dload
I/kickstart(  167): Testing if port "/dev/ttyHSL1" exists
E/kickstart(  167): RUNNING:	/system/bin/ks -v -p /dev/ttyHSL1 -d 10:/system/etc/firmware/dbl.mbn
I/rmt_storage(  180): rmt_storage user app start.. ignoring cmd line parameters
I/rmt_storage(  180): rmt_storage open success
I/kickstart(  193): INFO: function: main:115 
I/kickstart(  193): port_name=/dev/ttyHSL1
I/kickstart(  193): INFO: function: main:187 dload_filename: /system/etc/firmware/dbl.mbn
I/kickstart(  193): INFO: function: connect:155 
I/kickstart(  193): USING UART DETECTED pPort='/dev/ttyHSL1'
I/kickstart(  193): INFO: function: connect:156 
I/kickstart(  193): Configuring 115200, 8n1
I/kickstart(  193): 
I/kickstart(  193): INFO: function: main:197 Upload the input image "/system/etc/firmware/dbl.mbn" in DLOAD mode
I/kickstart(  193): EVENT: Sending DLOAD PARAM_REQ to get the Maximum Write Size
I/kickstart(  193): INFO: function: tx_data:355 Transmitting 5 bytes
I/kickstart(  193): INFO: function: tx_data:376 Total bytes sent so far: 5
I/kickstart(  193): INFO: function: dload_max_write_bytes:187 
I/kickstart(  193): Recieved 'PARAMRESPONSE' (0x08) from PARAM_REQ
I/kickstart(  193): EVENT: Max Write Size returned by PBL: 128
I/kickstart(  193): INFO: function: dload_image:95 Setting max_write_size to WRITE_SIZE_THRESHOLD:1536 for better upload rate 
E/kickstart(  193): ERROR: function: open_file:79 Unable to open input file /system/etc/firmware/dbl.mbn.  Error 2: No such file or directory
E/kickstart(  193): ERROR: function: upload_dbl_image:226 input file not opened successfully
E/kickstart(  193): ERROR: function: dload_image:101 Uploading the Dbl Image failed
I/kickstart(  193): INFO: function: disconnect:195 Disconnecting from com port
I/kickstart(  193): INFO: function: disconnect:203 closed successfully
I/kickstart(  193): INFO: function: deinit_com_port:93 free the buffer used for storing rxpayload
I/kickstart(  193): INFO: function: deinit_com_port:100 free tx buffer
I/kickstart(  193): INFO: function: deinit_com_port:107 destroy the input file list <id, file_name>
I/kickstart(  193): INFO: function: destroy_input_file_list:189 destroy the input file list <id, file_name>
E/kickstart(  193): ERROR: function: main:199 Uploading the image in DLOAD mode failed
E/kickstart(  167): ERROR: Dload return code was 256, something failed
I/Vold    (  146): Vold 2.1 (the revenge) firing up
E/kickstart(  167): RUNNING:	/system/bin/ks -v -p /dev/ttyHSL1 -d 10:/system/etc/firmware/dbl.mbn
I/kickstart(  198): INFO: function: main:115 
I/kickstart(  198): port_name=/dev/ttyHSL1
I/kickstart(  198): INFO: function: main:187 dload_filename: /system/etc/firmware/dbl.mbn
I/kickstart(  198): INFO: function: connect:155 
I/kickstart(  198): USING UART DETECTED pPort='/dev/ttyHSL1'
I/kickstart(  198): INFO: function: connect:156 
I/kickstart(  198): Configuring 115200, 8n1
I/kickstart(  198): 
I/kickstart(  198): INFO: function: main:197 Upload the input image "/system/etc/firmware/dbl.mbn" in DLOAD mode
I/kickstart(  198): EVENT: Sending DLOAD PARAM_REQ to get the Maximum Write Size
I/kickstart(  198): INFO: function: tx_data:355 Transmitting 5 bytes
I/kickstart(  198): INFO: function: tx_data:376 Total bytes sent so far: 5
I/rmt_storage(  180): 7 supported partitions found
I/kickstart(  198): INFO: function: dload_max_write_bytes:187 
I/kickstart(  198): Recieved 'PARAMRESPONSE' (0x08) from PARAM_REQ
I/kickstart(  198): EVENT: Max Write Size returned by PBL: 128
I/kickstart(  198): INFO: function: dload_image:95 Setting max_write_size to WRITE_SIZE_THRESHOLD:1536 for better upload rate 
E/kickstart(  198): ERROR: function: open_file:79 Unable to open input file /system/etc/firmware/dbl.mbn.  Error 2: No such file or directory
E/kickstart(  198): ERROR: function: upload_dbl_image:226 input file not opened successfully
E/kickstart(  198): ERROR: function: dload_image:101 Uploading the Dbl Image failed
I/kickstart(  198): INFO: function: disconnect:195 Disconnecting from com port
I/kickstart(  198): INFO: function: disconnect:203 closed successfully
I/kickstart(  198): INFO: function: deinit_com_port:93 free the buffer used for storing rxpayload
I/kickstart(  198): INFO: function: deinit_com_port:100 free tx buffer
I/kickstart(  198): INFO: function: deinit_com_port:107 destroy the input file list <id, file_name>
I/kickstart(  198): INFO: function: destroy_input_file_list:189 destroy the input file list <id, file_name>
E/kickstart(  198): ERROR: function: main:199 Uploading the image in DLOAD mode failed
E/kickstart(  167): ERROR: Dload return code was 256, something failed
D/Vold    (  146): Volume sdcard state changing -1 (Initializing) -> 0 (No-Media)
D/Vold    (  146): Volume sdcard state changing 0 (No-Media) -> 2 (Pending)
E/DirectVolume(  146): Dv:partAdd: ignoring part_num = 4 (max: 3)
E/kickstart(  167): RUNNING:	/system/bin/ks -v -p /dev/ttyHSL1 -d 10:/system/etc/firmware/dbl.mbn
E/DirectVolume(  146): Invalid 'PARTN' value
E/DirectVolume(  146): Invalid 'PARTN' value
E/DirectVolume(  146): Invalid 'PARTN' value
E/DirectVolume(  146): Invalid 'PARTN' value
E/DataRouter(  163): Main entered
E/DataRouter(  163): Data Router: INIT+
E/DataRouter(  163): dr_pcsync_init
E/DataRouter(  163): dr_init_pcsync_ipc
E/DirectVolume(  146): Invalid 'PARTN' value
E/DirectVolume(  146): Invalid 'PARTN' value
E/DirectVolume(  146): Invalid 'PARTN' value
E/DirectVolume(  146): Invalid 'PARTN' value
E/DirectVolume(  146): Invalid 'PARTN' value
E/DirectVolume(  146): Invalid 'PARTN' value
E/DirectVolume(  146): Invalid 'PARTN' value
E/DirectVolume(  146): Invalid 'PARTN' value
E/DirectVolume(  146): Invalid 'PARTN' value
E/DirectVolume(  146): Invalid 'PARTN' value
E/DirectVolume(  146): Invalid 'PARTN' value
E/DirectVolume(  146): Invalid 'PARTN' value
E/DirectVolume(  146): Invalid 'PARTN' value
E/DirectVolume(  146): Invalid 'PARTN' value
E/DirectVolume(  146): Invalid 'PARTN' value
E/DataRouter(  163): dr_pcsync_launch
E/DataRouter(  163): [*] dr_smd_ril_open_client sucess 36300
E/DataRouter(  163): [dr_smd_ril_init] dr_smd_ril_open_client successful 
E/DataRouter(  163): [*] RegisterUnsolicitedHandler() successfully done 
E/DataRouter(  163): [dr_smd_ril_init] dr_smd_ril_register_UnSol_Hdlr successful 
E/DataRouter(  163): [*] RegisterRequestCompleteHandler() successfully done 
E/DataRouter(  163): [dr_smd_ril_init] dr_smd_ril_register_Complete_Hdlr successful 
E/DataRouter(  163): dr_pcsync_monitor
E/DataRouter(  163): Waiting for connection request
E/DataRouter(  163):  Value of server socket is 11
E/DataRouter(  163): [*] Connect_RILD() returns 4 retrycount 0
E/DirectVolume(  146): Invalid 'PARTN' value
E/DirectVolume(  146): Invalid 'PARTN' value
E/DirectVolume(  146): Invalid 'PARTN' value
E/DirectVolume(  146): Invalid 'PARTN' value
E/DirectVolume(  146): Invalid 'PARTN' value
W/Vold    (  146): Duplicate state (2)
D/Vold    (  146): Volume sdcard state changing 2 (Pending) -> 1 (Idle-Unmounted)
I/kickstart(  202): INFO: function: main:115 
I/kickstart(  202): port_name=/dev/ttyHSL1
I/kickstart(  202): INFO: function: main:187 dload_filename: /system/etc/firmware/dbl.mbn
I/kickstart(  202): INFO: function: connect:155 
I/kickstart(  202): USING UART DETECTED pPort='/dev/ttyHSL1'
I/kickstart(  202): INFO: function: connect:156 
I/kickstart(  202): Configuring 115200, 8n1
I/kickstart(  202): 
I/kickstart(  202): INFO: function: main:197 Upload the input image "/system/etc/firmware/dbl.mbn" in DLOAD mode
I/kickstart(  202): EVENT: Sending DLOAD PARAM_REQ to get the Maximum Write Size
I/kickstart(  202): INFO: function: tx_data:355 Transmitting 5 bytes
I/kickstart(  202): INFO: function: tx_data:376 Total bytes sent so far: 5
I/kickstart(  202): INFO: function: dload_max_write_bytes:187 
I/kickstart(  202): Recieved 'PARAMRESPONSE' (0x08) from PARAM_REQ
I/kickstart(  202): EVENT: Max Write Size returned by PBL: 128
I/kickstart(  202): INFO: function: dload_image:95 Setting max_write_size to WRITE_SIZE_THRESHOLD:1536 for better upload rate 
E/kickstart(  202): ERROR: function: open_file:79 Unable to open input file /system/etc/firmware/dbl.mbn.  Error 2: No such file or directory
E/kickstart(  202): ERROR: function: upload_dbl_image:226 input file not opened successfully
E/kickstart(  202): ERROR: function: dload_image:101 Uploading the Dbl Image failed
I/kickstart(  202): INFO: function: disconnect:195 Disconnecting from com port
I/kickstart(  202): INFO: function: disconnect:203 closed successfully
I/kickstart(  202): INFO: function: deinit_com_port:93 free the buffer used for storing rxpayload
I/kickstart(  202): INFO: function: deinit_com_port:100 free tx buffer
I/kickstart(  202): INFO: function: deinit_com_port:107 destroy the input file list <id, file_name>
I/kickstart(  202): INFO: function: destroy_input_file_list:189 destroy the input file list <id, file_name>
E/kickstart(  202): ERROR: function: main:199 Uploading the image in DLOAD mode failed
E/kickstart(  167): ERROR: Dload return code was 256, something failed
E/kickstart(  167): RUNNING:	/system/bin/ks -v -p /dev/ttyHSL1 -d 10:/system/etc/firmware/dbl.mbn
I/kickstart(  210): INFO: function: main:115 
I/kickstart(  210): port_name=/dev/ttyHSL1
I/kickstart(  210): INFO: function: main:187 dload_filename: /system/etc/firmware/dbl.mbn
I/kickstart(  210): INFO: function: connect:155 
I/kickstart(  210): USING UART DETECTED pPort='/dev/ttyHSL1'
I/kickstart(  210): INFO: function: connect:156 
I/kickstart(  210): Configuring 115200, 8n1
I/kickstart(  210): 
I/kickstart(  210): INFO: function: main:197 Upload the input image "/system/etc/firmware/dbl.mbn" in DLOAD mode
I/kickstart(  210): EVENT: Sending DLOAD PARAM_REQ to get the Maximum Write Size
I/kickstart(  210): INFO: function: tx_data:355 Transmitting 5 bytes
I/kickstart(  210): INFO: function: tx_data:376 Total bytes sent so far: 5
I/kickstart(  210): INFO: function: dload_max_write_bytes:187 
I/kickstart(  210): Recieved 'PARAMRESPONSE' (0x08) from PARAM_REQ
I/kickstart(  210): EVENT: Max Write Size returned by PBL: 128
I/kickstart(  210): INFO: function: dload_image:95 Setting max_write_size to WRITE_SIZE_THRESHOLD:1536 for better upload rate 
E/kickstart(  210): ERROR: function: open_file:79 Unable to open input file /system/etc/firmware/dbl.mbn.  Error 2: No such file or directory
E/kickstart(  210): ERROR: function: upload_dbl_image:226 input file not opened successfully
E/kickstart(  210): ERROR: function: dload_image:101 Uploading the Dbl Image failed
I/kickstart(  210): INFO: function: disconnect:195 Disconnecting from com port
I/kickstart(  210): INFO: function: disconnect:203 closed successfully
I/kickstart(  210): INFO: function: deinit_com_port:93 free the buffer used for storing rxpayload
I/kickstart(  210): INFO: function: deinit_com_port:100 free tx buffer
I/kickstart(  210): INFO: function: deinit_com_port:107 destroy the input file list <id, file_name>
I/kickstart(  210): INFO: function: destroy_input_file_list:189 destroy the input file list <id, file_name>
E/kickstart(  210): ERROR: function: main:199 Uploading the image in DLOAD mode failed
E/kickstart(  167): ERROR: Dload return code was 256, something failed
E/kickstart(  167): RUNNING:	/system/bin/ks -v -p /dev/ttyHSL1 -d 10:/system/etc/firmware/dbl.mbn
I/kickstart(  212): INFO: function: main:115 
I/kickstart(  212): port_name=/dev/ttyHSL1
I/kickstart(  212): INFO: function: main:187 dload_filename: /system/etc/firmware/dbl.mbn
I/kickstart(  212): INFO: function: connect:155 
I/kickstart(  212): USING UART DETECTED pPort='/dev/ttyHSL1'
I/kickstart(  212): INFO: function: connect:156 
I/kickstart(  212): Configuring 115200, 8n1
I/kickstart(  212): 
I/kickstart(  212): INFO: function: main:197 Upload the input image "/system/etc/firmware/dbl.mbn" in DLOAD mode
I/kickstart(  212): EVENT: Sending DLOAD PARAM_REQ to get the Maximum Write Size
I/kickstart(  212): INFO: function: tx_data:355 Transmitting 5 bytes
I/kickstart(  212): INFO: function: tx_data:376 Total bytes sent so far: 5
I/kickstart(  212): INFO: function: dload_max_write_bytes:187 
I/kickstart(  212): Recieved 'PARAMRESPONSE' (0x08) from PARAM_REQ
I/kickstart(  212): EVENT: Max Write Size returned by PBL: 128
I/kickstart(  212): INFO: function: dload_image:95 Setting max_write_size to WRITE_SIZE_THRESHOLD:1536 for better upload rate 
E/kickstart(  212): ERROR: function: open_file:79 Unable to open input file /system/etc/firmware/dbl.mbn.  Error 2: No such file or directory
E/kickstart(  212): ERROR: function: upload_dbl_image:226 input file not opened successfully
E/kickstart(  212): ERROR: function: dload_image:101 Uploading the Dbl Image failed
I/kickstart(  212): INFO: function: disconnect:195 Disconnecting from com port
I/kickstart(  212): INFO: function: disconnect:203 closed successfully
I/kickstart(  212): INFO: function: deinit_com_port:93 free the buffer used for storing rxpayload
I/kickstart(  212): INFO: function: deinit_com_port:100 free tx buffer
I/kickstart(  212): INFO: function: deinit_com_port:107 destroy the input file list <id, file_name>
I/kickstart(  212): INFO: function: destroy_input_file_list:189 destroy the input file list <id, file_name>
E/kickstart(  212): ERROR: function: main:199 Uploading the image in DLOAD mode failed
E/kickstart(  167): ERROR: Dload return code was 256, something failed
E/kickstart(  167): RUNNING:	/system/bin/ks -v -p /dev/ttyHSL1 -d 10:/system/etc/firmware/dbl.mbn
I/kickstart(  214): INFO: function: main:115 
I/kickstart(  214): port_name=/dev/ttyHSL1
I/kickstart(  214): INFO: function: main:187 dload_filename: /system/etc/firmware/dbl.mbn
I/kickstart(  214): INFO: function: connect:155 
I/kickstart(  214): USING UART DETECTED pPort='/dev/ttyHSL1'
I/kickstart(  214): INFO: function: connect:156 
I/kickstart(  214): Configuring 115200, 8n1
I/kickstart(  214): 
I/kickstart(  214): INFO: function: main:197 Upload the input image "/system/etc/firmware/dbl.mbn" in DLOAD mode
I/kickstart(  214): EVENT: Sending DLOAD PARAM_REQ to get the Maximum Write Size
I/kickstart(  214): INFO: function: tx_data:355 Transmitting 5 bytes
I/kickstart(  214): INFO: function: tx_data:376 Total bytes sent so far: 5
I/kickstart(  214): INFO: function: dload_max_write_bytes:187 
I/kickstart(  214): Recieved 'PARAMRESPONSE' (0x08) from PARAM_REQ
I/kickstart(  214): EVENT: Max Write Size returned by PBL: 128
I/kickstart(  214): INFO: function: dload_image:95 Setting max_write_size to WRITE_SIZE_THRESHOLD:1536 for better upload rate 
E/kickstart(  214): ERROR: function: open_file:79 Unable to open input file /system/etc/firmware/dbl.mbn.  Error 2: No such file or directory
E/kickstart(  214): ERROR: function: upload_dbl_image:226 input file not opened successfully
E/kickstart(  214): ERROR: function: dload_image:101 Uploading the Dbl Image failed
I/kickstart(  214): INFO: function: disconnect:195 Disconnecting from com port
I/kickstart(  214): INFO: function: disconnect:203 closed successfully
I/kickstart(  214): INFO: function: deinit_com_port:93 free the buffer used for storing rxpayload
I/kickstart(  214): INFO: function: deinit_com_port:100 free tx buffer
I/kickstart(  214): INFO: function: deinit_com_port:107 destroy the input file list <id, file_name>
I/kickstart(  214): INFO: function: destroy_input_file_list:189 destroy the input file list <id, file_name>
E/kickstart(  214): ERROR: function: main:199 Uploading the image in DLOAD mode failed
E/kickstart(  167): ERROR: Dload return code was 256, something failed
E/Netd    (  148): Unable to create netlink socket: Protocol not supported
E/Netd    (  148): Unable to open quota2 logging socket
E/kickstart(  167): RUNNING:	/system/bin/ks -v -p /dev/ttyHSL1 -d 10:/system/etc/firmware/dbl.mbn
I/kickstart(  228): INFO: function: main:115 
I/kickstart(  228): port_name=/dev/ttyHSL1
I/kickstart(  228): INFO: function: main:187 dload_filename: /system/etc/firmware/dbl.mbn
I/kickstart(  228): INFO: function: connect:155 
I/kickstart(  228): USING UART DETECTED pPort='/dev/ttyHSL1'
I/kickstart(  228): INFO: function: connect:156 
I/kickstart(  228): Configuring 115200, 8n1
I/kickstart(  228): 
I/kickstart(  228): INFO: function: main:197 Upload the input image "/system/etc/firmware/dbl.mbn" in DLOAD mode
I/kickstart(  228): EVENT: Sending DLOAD PARAM_REQ to get the Maximum Write Size
I/kickstart(  228): INFO: function: tx_data:355 Transmitting 5 bytes
I/kickstart(  228): INFO: function: tx_data:376 Total bytes sent so far: 5
I/kickstart(  228): INFO: function: dload_max_write_bytes:187 
I/kickstart(  228): Recieved 'PARAMRESPONSE' (0x08) from PARAM_REQ
I/kickstart(  228): EVENT: Max Write Size returned by PBL: 128
I/kickstart(  228): INFO: function: dload_image:95 Setting max_write_size to WRITE_SIZE_THRESHOLD:1536 for better upload rate 
E/kickstart(  228): ERROR: function: open_file:79 Unable to open input file /system/etc/firmware/dbl.mbn.  Error 2: No such file or directory
E/kickstart(  228): ERROR: function: upload_dbl_image:226 input file not opened successfully
E/kickstart(  228): ERROR: function: dload_image:101 Uploading the Dbl Image failed
I/kickstart(  228): INFO: function: disconnect:195 Disconnecting from com port
I/kickstart(  228): INFO: function: disconnect:203 closed successfully
I/kickstart(  228): INFO: function: deinit_com_port:93 free the buffer used for storing rxpayload
I/kickstart(  228): INFO: function: deinit_com_port:100 free tx buffer
I/kickstart(  228): INFO: function: deinit_com_port:107 destroy the input file list <id, file_name>
I/kickstart(  228): INFO: function: destroy_input_file_list:189 destroy the input file list <id, file_name>
E/kickstart(  228): ERROR: function: main:199 Uploading the image in DLOAD mode failed
E/kickstart(  167): ERROR: Dload return code was 256, something failed
E/kickstart(  167): RUNNING:	/system/bin/ks -v -p /dev/ttyHSL1 -d 10:/system/etc/firmware/dbl.mbn
I/ServiceManager(  155): Waiting for service SurfaceFlinger...
I/kickstart(  235): INFO: function: main:115 
I/kickstart(  235): port_name=/dev/ttyHSL1
I/kickstart(  235): INFO: function: main:187 dload_filename: /system/etc/firmware/dbl.mbn
I/kickstart(  235): INFO: function: connect:155 
I/kickstart(  235): USING UART DETECTED pPort='/dev/ttyHSL1'
I/kickstart(  235): INFO: function: connect:156 
I/kickstart(  235): Configuring 115200, 8n1
I/kickstart(  235): 
I/kickstart(  235): INFO: function: main:197 Upload the input image "/system/etc/firmware/dbl.mbn" in DLOAD mode
I/kickstart(  235): EVENT: Sending DLOAD PARAM_REQ to get the Maximum Write Size
I/kickstart(  235): INFO: function: tx_data:355 Transmitting 5 bytes
I/kickstart(  235): INFO: function: tx_data:376 Total bytes sent so far: 5
I/kickstart(  235): INFO: function: dload_max_write_bytes:187 
I/kickstart(  235): Recieved 'PARAMRESPONSE' (0x08) from PARAM_REQ
I/kickstart(  235): EVENT: Max Write Size returned by PBL: 128
I/kickstart(  235): INFO: function: dload_image:95 Setting max_write_size to WRITE_SIZE_THRESHOLD:1536 for better upload rate 
E/kickstart(  235): ERROR: function: open_file:79 Unable to open input file /system/etc/firmware/dbl.mbn.  Error 2: No such file or directory
E/kickstart(  235): ERROR: function: upload_dbl_image:226 input file not opened successfully
E/kickstart(  235): ERROR: function: dload_image:101 Uploading the Dbl Image failed
I/kickstart(  235): INFO: function: disconnect:195 Disconnecting from com port
I/kickstart(  235): INFO: function: disconnect:203 closed successfully
I/kickstart(  235): INFO: function: deinit_com_port:93 free the buffer used for storing rxpayload
I/kickstart(  235): INFO: function: deinit_com_port:100 free tx buffer
I/kickstart(  235): INFO: function: deinit_com_port:107 destroy the input file list <id, file_name>
I/kickstart(  235): INFO: function: destroy_input_file_list:189 destroy the input file list <id, file_name>
E/kickstart(  235): ERROR: function: main:199 Uploading the image in DLOAD mode failed
E/kickstart(  167): ERROR: Dload return code was 256, something failed
D/PowerOnSound(  157): Playsound: boot mode set to normal
D/PowerOnSound(  157): Playsound has detected normal or remount mode
E/PowerOnSound(  157): vgsm_pb_sqlite_get: sqlite3_exec: unable to open database file
E/PowerOnSound(  157): # int PlaySound()
I/recovery(  238): Installing new recovery image 
E/kickstart(  167): RUNNING:	/system/bin/ks -v -p /dev/ttyHSL1 -d 10:/system/etc/firmware/dbl.mbn
I/kickstart(  241): INFO: function: main:115 
I/kickstart(  241): port_name=/dev/ttyHSL1
I/kickstart(  241): INFO: function: main:187 dload_filename: /system/etc/firmware/dbl.mbn
I/kickstart(  241): INFO: function: connect:155 
I/kickstart(  241): USING UART DETECTED pPort='/dev/ttyHSL1'
I/kickstart(  241): INFO: function: connect:156 
I/kickstart(  241): Configuring 115200, 8n1
I/kickstart(  241): 
I/kickstart(  241): INFO: function: main:197 Upload the input image "/system/etc/firmware/dbl.mbn" in DLOAD mode
I/kickstart(  241): EVENT: Sending DLOAD PARAM_REQ to get the Maximum Write Size
I/kickstart(  241): INFO: function: tx_data:355 Transmitting 5 bytes
I/kickstart(  241): INFO: function: tx_data:376 Total bytes sent so far: 5
I/kickstart(  241): INFO: function: dload_max_write_bytes:187 
I/kickstart(  241): Recieved 'PARAMRESPONSE' (0x08) from PARAM_REQ
I/kickstart(  241): EVENT: Max Write Size returned by PBL: 128
I/kickstart(  241): INFO: function: dload_image:95 Setting max_write_size to WRITE_SIZE_THRESHOLD:1536 for better upload rate 
E/kickstart(  241): ERROR: function: open_file:79 Unable to open input file /system/etc/firmware/dbl.mbn.  Error 2: No such file or directory
E/kickstart(  241): ERROR: function: upload_dbl_image:226 input file not opened successfully
E/kickstart(  241): ERROR: function: dload_image:101 Uploading the Dbl Image failed
I/kickstart(  241): INFO: function: disconnect:195 Disconnecting from com port
I/kickstart(  241): INFO: function: disconnect:203 closed successfully
I/kickstart(  241): INFO: function: deinit_com_port:93 free the buffer used for storing rxpayload
I/kickstart(  241): INFO: function: deinit_com_port:100 free tx buffer
I/kickstart(  241): INFO: function: deinit_com_port:107 destroy the input file list <id, file_name>
I/kickstart(  241): INFO: function: destroy_input_file_list:189 destroy the input file list <id, file_name>
E/kickstart(  241): ERROR: function: main:199 Uploading the image in DLOAD mode failed
E/kickstart(  167): ERROR: Dload return code was 256, something failed
E/ServiceManager(  145): add_service('drm.drmManager',0x1) uid=1026 - PERMISSION DENIED
E/kickstart(  167): RUNNING:	/system/bin/ks -v -p /dev/ttyHSL1 -d 10:/system/etc/firmware/dbl.mbn
I/kickstart(  244): INFO: function: main:115 
I/kickstart(  244): port_name=/dev/ttyHSL1
I/kickstart(  244): INFO: function: main:187 dload_filename: /system/etc/firmware/dbl.mbn
I/kickstart(  244): INFO: function: connect:155 
I/kickstart(  244): USING UART DETECTED pPort='/dev/ttyHSL1'
I/kickstart(  244): INFO: function: connect:156 
I/kickstart(  244): Configuring 115200, 8n1
I/kickstart(  244): 
I/kickstart(  244): INFO: function: main:197 Upload the input image "/system/etc/firmware/dbl.mbn" in DLOAD mode
I/kickstart(  244): EVENT: Sending DLOAD PARAM_REQ to get the Maximum Write Size
I/kickstart(  244): INFO: function: tx_data:355 Transmitting 5 bytes
I/kickstart(  244): INFO: function: tx_data:376 Total bytes sent so far: 5
I/kickstart(  244): INFO: function: dload_max_write_bytes:187 
I/kickstart(  244): Recieved 'PARAMRESPONSE' (0x08) from PARAM_REQ
I/kickstart(  244): EVENT: Max Write Size returned by PBL: 128
I/kickstart(  244): INFO: function: dload_image:95 Setting max_write_size to WRITE_SIZE_THRESHOLD:1536 for better upload rate 
E/kickstart(  244): ERROR: function: open_file:79 Unable to open input file /system/etc/firmware/dbl.mbn.  Error 2: No such file or directory
E/kickstart(  244): ERROR: function: upload_dbl_image:226 input file not opened successfully
E/kickstart(  244): ERROR: function: dload_image:101 Uploading the Dbl Image failed
I/kickstart(  244): INFO: function: disconnect:195 Disconnecting from com port
I/kickstart(  244): INFO: function: disconnect:203 closed successfully
I/kickstart(  244): INFO: function: deinit_com_port:93 free the buffer used for storing rxpayload
I/kickstart(  244): INFO: function: deinit_com_port:100 free tx buffer
I/kickstart(  244): INFO: function: deinit_com_port:107 destroy the input file list <id, file_name>
I/kickstart(  244): INFO: function: destroy_input_file_list:189 destroy the input file list <id, file_name>
E/kickstart(  244): ERROR: function: main:199 Uploading the image in DLOAD mode failed
E/kickstart(  167): ERROR: Dload return code was 256, something failed
E/kickstart(  167): Could not load dbl. Trying to reset MDM9k again
I/kickstart(  167): Trying to RESET MDM9K
E/HAL     (  154): load: module=/system/lib/hw/audio.primary.msm8660.so
E/HAL     (  154): Cannot load library: link_image[1936]:   154 could not load needed library 'libasound.so' for 'audio.primary.msm8660.so' (load_library[1091]: Library 'libasound.so' not found)
I/AudioFlinger(  154): Loaded a2dp audio interface from A2DP Audio HW HAL (audio)
I/AudioFlinger(  154): Using 'A2DP Audio HW HAL' (audio.a2dp) as the primary audio interface
E/CameraService(  154): Could not load camera HAL module
E/HAL     (  154): load: module=/system/lib/hw/audio_policy.msm8660.so
E/HAL     (  154): Cannot load library: reloc_library[1285]:   154 cannot locate '_ZN7android11AudioSystem17isSeparatedStreamE19audio_stream_type_t'...
I/PowerOnSound(  157): PoweronSoundFunc earphone state info = 0
F/libc    (  157): Fatal signal 11 (SIGSEGV) at 0x00000004 (code=1)
I/DEBUG   (  149): *** *** *** *** *** *** *** *** *** *** *** *** *** *** *** ***
I/DEBUG   (  149): Build fingerprint: 'qcom/msm8660_surf/msm8660_surf:4.0.3/IML74K/eng.joey.20120210.232528:eng/test-keys'
I/DEBUG   (  149): pid: 157, tid: 157  >>> /system/bin/playsound <<<
I/DEBUG   (  149): signal 11 (SIGSEGV), code 1 (SEGV_MAPERR), fault addr 00000004
I/DEBUG   (  149):  r0 00000000  r1 406d5028  r2 00000004  r3 00000000
I/DEBUG   (  149):  r4 bebb46a0  r5 00000004  r6 400fb375  r7 00000001
I/DEBUG   (  149):  r8 bebb46d0  r9 000000ff  10 ffffffff  fp fffffffc
I/DEBUG   (  149):  ip 403e812c  sp bebb4698  lr 40101477  pc 403c5fa2  cpsr 80000030
I/DEBUG   (  149):  d0  406d502800000030  d1  0000000800000350
I/DEBUG   (  149):  d2  006900640065006d  d3  00410049002e0040
I/DEBUG   (  149):  d4  006f006900640075  d5  0069006c006f0050
I/DEBUG   (  149):  d6  0065005300790063  d7  0063006900760072
I/DEBUG   (  149):  d8  0000000000000000  d9  0000000000000000
I/DEBUG   (  149):  d10 0000000000000000  d11 0000000000000000
I/DEBUG   (  149):  d12 0000000000000000  d13 0000000000000000
I/DEBUG   (  149):  d14 0000000000000000  d15 0000000000000000
I/DEBUG   (  149):  d16 656761747362696c  d17 665f746867697266
I/DEBUG   (  149):  d18 41ba93d17f000000  d19 0000000000000000
I/DEBUG   (  149):  d20 0000000000000000  d21 0000000000000000
I/DEBUG   (  149):  d22 0000000000000000  d23 0000000000000000
I/DEBUG   (  149):  d24 0000000000000000  d25 0000000000000000
I/DEBUG   (  149):  d26 0000000000000000  d27 0000000000000000
I/DEBUG   (  149):  d28 0000000000000000  d29 0000000000000000
I/DEBUG   (  149):  d30 0000000000000000  d31 0000000000000000
I/DEBUG   (  149):  scr 00000010
I/DEBUG   (  149): 
I/DEBUG   (  149):          #00  pc 00048fa2  /system/lib/libmedia.so
I/DEBUG   (  149):          #01  pc 00009946  /system/bin/playsound
I/DEBUG   (  149): 
I/DEBUG   (  149): code around pc:
I/DEBUG   (  149): 403c5f80 46404639 ee76f7eb 220068b0 68032115  9F@F..v..h.".!.h
I/DEBUG   (  149): 403c5f90 46429200 4623695e 462047b0 ee58f7eb  ..BF^i#F.G F..X.
I/DEBUG   (  149): 403c5fa0 6028b105 4620ac02 ee52f7eb 46204605  ..(`.. F..R..F F
I/DEBUG   (  149): 403c5fb0 eec0f7eb f7eba80e 4628eebe e8bdb01a  ..........(F....
I/DEBUG   (  149): 403c5fc0 bf0081f0 41f0e92d ac0eb09a 4606ad02  ....-..A.......F
I/DEBUG   (  149): 
I/DEBUG   (  149): code around lr:
I/DEBUG   (  149): 40101454 4620d10b ff94f7ff 46204605 fd46f7fe  .. F.....F F..F.
I/DEBUG   (  149): 40101464 46201829 ff14f7ff bd702000 f7ffb510  ). F..... p.....
I/DEBUG   (  149): 40101474 bd10ff87 4605b570 f7ff460c f06ffff7  ....p..F.F....o.
I/DEBUG   (  149): 40101484 ea6f4200 ea4f0300 429073d3 2300bf0c  .Bo...O..s.B...#
I/DEBUG   (  149): 40101494 0301f003 6020b133 00413001 f7ff4628  ....3. `.0A.(F..
I/DEBUG   (  149): 
I/DEBUG   (  149): stack:
I/DEBUG   (  149):     bebb4658  000116d8  [heap]
I/DEBUG   (  149):     bebb465c  bebb46d0  [stack]
I/DEBUG   (  149):     bebb4660  00000015  
I/DEBUG   (  149):     bebb4664  bebb46a0  [stack]
I/DEBUG   (  149):     bebb4668  bebb46d0  [stack]
I/DEBUG   (  149):     bebb466c  000000ff  
I/DEBUG   (  149):     bebb4670  ffffffff  
I/DEBUG   (  149):     bebb4674  400fb39b  /system/lib/libbinder.so
I/DEBUG   (  149):     bebb4678  bebb46a0  [stack]
I/DEBUG   (  149):     bebb467c  00000000  
I/DEBUG   (  149):     bebb4680  bebb46d0  [stack]
I/DEBUG   (  149):     bebb4684  bebb46a0  [stack]
I/DEBUG   (  149):     bebb4688  00000004  
I/DEBUG   (  149):     bebb468c  400fb375  /system/lib/libbinder.so
I/DEBUG   (  149):     bebb4690  df0027ad  
I/DEBUG   (  149):     bebb4694  00000000  
I/DEBUG   (  149): #00 bebb4698  00000000  
I/DEBUG   (  149):     bebb469c  bebb46e8  [stack]
I/DEBUG   (  149):     bebb46a0  00000000  
I/DEBUG   (  149):     bebb46a4  406d5028  /dev/binder
I/DEBUG   (  149):     bebb46a8  00000008  
I/DEBUG   (  149):     bebb46ac  00000008  
I/DEBUG   (  149):     bebb46b0  00000004  
I/DEBUG   (  149):     bebb46b4  406d5030  /dev/binder
I/DEBUG   (  149):     bebb46b8  00000000  
I/DEBUG   (  149):     bebb46bc  00000000  
I/DEBUG   (  149):     bebb46c0  00000000  
I/DEBUG   (  149):     bebb46c4  00010001  [heap]
I/DEBUG   (  149):     bebb46c8  400fdca1  /system/lib/libbinder.so
I/DEBUG   (  149):     bebb46cc  00011cf8  [heap]
I/DEBUG   (  149):     bebb46d0  00000000  
I/DEBUG   (  149):     bebb46d4  000117e8  [heap]
I/DEBUG   (  149):     bebb46d8  00000050  
I/DEBUG   (  149):     bebb46dc  00000072  
I/DEBUG   (  149):     bebb46e0  00000050  
I/DEBUG   (  149):     bebb46e4  00000000  
I/DEBUG   (  149):     bebb46e8  00000000  
I/DEBUG   (  149):     bebb46ec  00000000  
I/DEBUG   (  149):     bebb46f0  00000000  
I/DEBUG   (  149):     bebb46f4  40010001  /system/lib/libc.so
I/DEBUG   (  149):     bebb46f8  00000000  
I/DEBUG   (  149):     bebb46fc  bebb4780  [stack]
I/DEBUG   (  149):     bebb4700  400487b4  
I/DEBUG   (  149):     bebb4704  0000b228  /system/bin/playsound
I/DEBUG   (  149):     bebb4708  403e84bc  /system/lib/libmedia.so
I/DEBUG   (  149):     bebb470c  403c5f55  /system/lib/libmedia.so
I/DEBUG   (  149):     bebb4710  00000030  
I/DEBUG   (  149):     bebb4714  00009949  /system/bin/playsound
I/DEBUG   (  149): #01 bebb4718  00000000  
I/DEBUG   (  149):     bebb471c  bebb47b9  [stack]
I/DEBUG   (  149):     bebb4720  00000003  
I/DEBUG   (  149):     bebb4724  bebb4770  [stack]
I/DEBUG   (  149):     bebb4728  ffff0208  
I/DEBUG   (  149):     bebb472c  bebb478c  [stack]
I/DEBUG   (  149):     bebb4730  000003ff  
I/DEBUG   (  149):     bebb4734  400c3198  /system/lib/liblog.so
I/DEBUG   (  149):     bebb4738  00000003  
I/DEBUG   (  149):     bebb473c  00000000  
I/DEBUG   (  149):     bebb4740  0bebc200  
I/DEBUG   (  149):     bebb4744  bebb478c  [stack]
I/DEBUG   (  149):     bebb4748  00000000  
I/DEBUG   (  149):     bebb474c  00000003  
I/DEBUG   (  149):     bebb4750  00000000  
I/DEBUG   (  149):     bebb4754  400c13c1  /system/lib/liblog.so
I/DEBUG   (  149):     bebb4758  00000000  
I/DEBUG   (  149):     bebb475c  00000003  
I/ServiceManager(  155): Waiting for service SurfaceFlinger...
I/SamplingProfilerIntegration(  152): Profiling disabled.
I/Zygote  (  152): Preloading classes...
E/DataRouter(  163): [*] Connect_RILD() returns 4 retrycount 1
W/Zygote  (  152): Class not found for preloading: android.media.AudioManager$2
V/MediaProfilesJNI(  152): native_init
V/MediaProfilesJNI(  152): native_init
W/Zygote  (  152): Class not found for preloading: android.media.IRemoteControlClientDispatcher
W/Zygote  (  152): Class not found for preloading: android.media.IRemoteControlClientDispatcher$Stub
V/MediaProfilesJNI(  152): native_get_num_audio_decoders
V/MediaProfilesJNI(  152): native_get_audio_decoder_type: 0
V/MediaProfilesJNI(  152): native_get_num_video_decoders
V/MediaProfilesJNI(  152): native_get_video_decoder_type: 0
I/ServiceManager(  155): Waiting for service SurfaceFlinger...
W/Zygote  (  152): Class not found for preloading: android.text.TextDirectionHeuristics$CharCount
W/Zygote  (  152): Class not found for preloading: android.text.method.WordIterator$1
W/Zygote  (  152): Class not found for preloading: android.widget.EdgeGlow
E/PhonePolicy(  152): Could not preload class for phone policy: com.android.internal.policy.impl.PhoneWindow$ContextMenuCallback
I/ServiceManager(  155): Waiting for service SurfaceFlinger...
E/DataRouter(  163): [*] Connect_RILD() returns 4 retrycount 2
I/ServiceManager(  155): Waiting for service SurfaceFlinger...
I/Zygote  (  152): ...preloaded 2297 classes in 2640ms.
I/Zygote  (  152): Preloading resources...
W/Zygote  (  152): Preloaded drawable resource #0x10804d7 (res/drawable-hdpi/spinner_black_16.png) that varies with configuration!!
W/Zygote  (  152): Preloaded drawable resource #0x10804d8 (res/drawable-hdpi/spinner_black_20.png) that varies with configuration!!
W/Zygote  (  152): Preloaded drawable resource #0x10804d9 (res/drawable-hdpi/spinner_black_48.png) that varies with configuration!!
W/Zygote  (  152): Preloaded drawable resource #0x10804da (res/drawable-hdpi/spinner_black_76.png) that varies with configuration!!
W/Zygote  (  152): Preloaded drawable resource #0x10804e8 (res/drawable-hdpi/spinner_white_16.png) that varies with configuration!!
W/Zygote  (  152): Preloaded drawable resource #0x10804e9 (res/drawable-hdpi/spinner_white_48.png) that varies with configuration!!
W/Zygote  (  152): Preloaded drawable resource #0x10804ea (res/drawable-hdpi/spinner_white_76.png) that varies with configuration!!
W/Zygote  (  152): Preloaded drawable resource #0x1080096 (res/drawable-hdpi/toast_frame.9.png) that varies with configuration!!
W/Zygote  (  152): Preloaded drawable resource #0x10805d0 (res/drawable-hdpi/toast_frame_holo.9.png) that varies with configuration!!
W/Zygote  (  152): Preloaded drawable resource #0x1080106 (res/drawable-hdpi/btn_check_on_selected.png) that varies with configuration!!
W/Zygote  (  152): Preloaded drawable resource #0x1080105 (res/drawable-hdpi/btn_check_on_pressed_holo_light.png) that varies with configuration!!
W/Zygote  (  152): Preloaded drawable resource #0x1080104 (res/drawable-hdpi/btn_check_on_pressed_holo_dark.png) that varies with configuration!!
W/Zygote  (  152): Preloaded drawable resource #0x1080103 (res/drawable-hdpi/btn_check_on_pressed.png) that varies with configuration!!
W/Zygote  (  152): Preloaded drawable resource #0x1080102 (res/drawable-hdpi/btn_check_on_holo_light.png) that varies with configuration!!
W/Zygote  (  152): Preloaded drawable resource #0x1080101 (res/drawable-hdpi/btn_check_on_holo_dark.png) that varies with configuration!!
W/Zygote  (  152): Preloaded drawable resource #0x10800ff (res/drawable-hdpi/btn_check_on_focused_holo_light.png) that varies with configuration!!
W/Zygote  (  152): Preloaded drawable resource #0x10800fe (res/drawable-hdpi/btn_check_on_focused_holo_dark.png) that varies with configuration!!
W/Zygote  (  152): Preloaded drawable resource #0x10800fd (res/drawable-hdpi/btn_check_on_disabled_holo_light.png) that varies with configuration!!
W/Zygote  (  152): Preloaded drawable resource #0x10800fc (res/drawable-hdpi/btn_check_on_disabled_holo_dark.png) that varies with configuration!!
W/Zygote  (  152): Preloaded drawable resource #0x10800fb (res/drawable-hdpi/btn_check_on_disabled_focused_holo_light.png) that varies with configuration!!
W/Zygote  (  152): Preloaded drawable resource #0x10800fa (res/drawable-hdpi/btn_check_on_disabled_focused_holo_dark.png) that varies with configuration!!
W/Zygote  (  152): Preloaded drawable resource #0x10800f6 (res/drawable-hdpi/btn_check_on_disable_focused.png) that varies with configuration!!
W/Zygote  (  152): Preloaded drawable resource #0x10800f5 (res/drawable-hdpi/btn_check_on_disable.png) that varies with configuration!!
W/Zygote  (  152): Preloaded drawable resource #0x10800f4 (res/drawable-hdpi/btn_check_on.png) that varies with configuration!!
W/Zygote  (  152): Preloaded drawable resource #0x10800f3 (res/drawable-hdpi/btn_check_off_selected.png) that varies with configuration!!
W/Zygote  (  152): Preloaded drawable resource #0x10800f2 (res/drawable-hdpi/btn_check_off_pressed_holo_light.png) that varies with configuration!!
W/Zygote  (  152): Preloaded drawable resource #0x10800f1 (res/drawable-hdpi/btn_check_off_pressed_holo_dark.png) that varies with configuration!!
W/Zygote  (  152): Preloaded drawable resource #0x10800f0 (res/drawable-hdpi/btn_check_off_pressed.png) that varies with configuration!!
W/Zygote  (  152): Preloaded drawable resource #0x10800ed (res/drawable-hdpi/btn_check_off_holo_light.png) that varies with configuration!!
W/Zygote  (  152): Preloaded drawable resource #0x10800ec (res/drawable-hdpi/btn_check_off_holo_dark.png) that varies with configuration!!
W/Zygote  (  152): Preloaded drawable resource #0x10800ea (res/drawable-hdpi/btn_check_off_focused_holo_light.png) that varies with configuration!!
W/Zygote  (  152): Preloaded drawable resource #0x10800e9 (res/drawable-hdpi/btn_check_off_focused_holo_dark.png) that varies with configuration!!
W/Zygote  (  152): Preloaded drawable resource #0x10800e8 (res/drawable-hdpi/btn_check_off_disabled_holo_light.png) that varies with configuration!!
W/Zygote  (  152): Preloaded drawable resource #0x10800e7 (res/drawable-hdpi/btn_check_off_disabled_holo_dark.png) that varies with configuration!!
W/Zygote  (  152): Preloaded drawable resource #0x10800e6 (res/drawable-hdpi/btn_check_off_disabled_focused_holo_light.png) that varies with configuration!!
W/Zygote  (  152): Preloaded drawable resource #0x10800e5 (res/drawable-hdpi/btn_check_off_disabled_focused_holo_dark.png) that varies with configuration!!
W/Zygote  (  152): Preloaded drawable resource #0x10800e0 (res/drawable-hdpi/btn_check_off_disable_focused.png) that varies with configuration!!
W/Zygote  (  152): Preloaded drawable resource #0x10800df (res/drawable-hdpi/btn_check_off_disable.png) that varies with configuration!!
W/Zygote  (  152): Preloaded drawable resource #0x10800dd (res/drawable-hdpi/btn_check_label_background.9.png) that varies with configuration!!
W/Zygote  (  152): Preloaded drawable resource #0x10800dc (res/drawable/btn_check_holo_light.xml) that varies with configuration!!
W/Zygote  (  152): Preloaded drawable resource #0x10800db (res/drawable/btn_check_holo_dark.xml) that varies with configuration!!
W/Zygote  (  152): Preloaded drawable resource #0x10800d8 (res/drawable/btn_check.xml) that varies with configuration!!
W/Zygote  (  152): Preloaded drawable resource #0x1080196 (res/drawable-hdpi/btn_radio_on_selected.png) that varies with configuration!!
W/Zygote  (  152): Preloaded drawable resource #0x1080195 (res/drawable-hdpi/btn_radio_on_pressed_holo_light.png) that varies with configuration!!
W/Zygote  (  152): Preloaded drawable resource #0x1080194 (res/drawable-hdpi/btn_radio_on_pressed_holo_dark.png) that varies with configuration!!
W/Zygote  (  152): Preloaded drawable resource #0x1080193 (res/drawable-hdpi/btn_radio_on_pressed.png) that varies with configuration!!
W/Zygote  (  152): Preloaded drawable resource #0x1080192 (res/drawable-hdpi/btn_radio_on_holo_light.png) that varies with configuration!!
W/Zygote  (  152): Preloaded drawable resource #0x1080191 (res/drawable-hdpi/btn_radio_on_holo_dark.png) that varies with configuration!!
W/Zygote  (  152): Preloaded drawable resource #0x108018f (res/drawable-hdpi/btn_radio_on_focused_holo_light.png) that varies with configuration!!
W/Zygote  (  152): Preloaded drawable resource #0x108018e (res/drawable-hdpi/btn_radio_on_focused_holo_dark.png) that varies with configuration!!
W/Zygote  (  152): Preloaded drawable resource #0x108018d (res/drawable-hdpi/btn_radio_on_disabled_holo_light.png) that varies with configuration!!
W/Zygote  (  152): Preloaded drawable resource #0x108018c (res/drawable-hdpi/btn_radio_on_disabled_holo_dark.png) that varies with configuration!!
W/Zygote  (  152): Preloaded drawable resource #0x108018b (res/drawable-hdpi/btn_radio_on_disabled_focused_holo_light.png) that varies with configuration!!
W/Zygote  (  152): Preloaded drawable resource #0x108018a (res/drawable-hdpi/btn_radio_on_disabled_focused_holo_dark.png) that varies with configuration!!
W/Zygote  (  152): Preloaded drawable resource #0x1080189 (res/drawable-hdpi/btn_radio_on.png) that varies with configuration!!
W/Zygote  (  152): Preloaded drawable resource #0x1080188 (res/drawable-hdpi/btn_radio_off_selected.png) that varies with configuration!!
W/Zygote  (  152): Preloaded drawable resource #0x1080187 (res/drawable-hdpi/btn_radio_off_pressed_holo_light.png) that varies with configuration!!
W/Zygote  (  152): Preloaded drawable resource #0x1080186 (res/drawable-hdpi/btn_radio_off_pressed_holo_dark.png) that varies with configuration!!
W/Zygote  (  152): Preloaded drawable resource #0x1080185 (res/drawable-hdpi/btn_radio_off_pressed.png) that varies with configuration!!
W/Zygote  (  152): Preloaded drawable resource #0x1080184 (res/drawable-hdpi/btn_radio_off_holo_light.png) that varies with configuration!!
W/Zygote  (  152): Preloaded drawable resource #0x1080183 (res/drawable-hdpi/btn_radio_off_holo_dark.png) that varies with configuration!!
W/Zygote  (  152): Preloaded drawable resource #0x1080181 (res/drawable-hdpi/btn_radio_off_focused_holo_light.png) that varies with configuration!!
W/Zygote  (  152): Preloaded drawable resource #0x1080180 (res/drawable-hdpi/btn_radio_off_focused_holo_dark.png) that varies with configuration!!
W/Zygote  (  152): Preloaded drawable resource #0x108017f (res/drawable-hdpi/btn_radio_off_disabled_holo_light.png) that varies with configuration!!
W/Zygote  (  152): Preloaded drawable resource #0x108017e (res/drawable-hdpi/btn_radio_off_disabled_holo_dark.png) that varies with configuration!!
W/Zygote  (  152): Preloaded drawable resource #0x108017d (res/drawable-hdpi/btn_radio_off_disabled_focused_holo_light.png) that varies with configuration!!
W/Zygote  (  152): Preloaded drawable resource #0x108017c (res/drawable-hdpi/btn_radio_off_disabled_focused_holo_dark.png) that varies with configuration!!
W/Zygote  (  152): Preloaded drawable resource #0x108017a (res/drawable-hdpi/btn_radio_label_background.9.png) that varies with configuration!!
W/Zygote  (  152): Preloaded drawable resource #0x1080009 (res/drawable/btn_radio.xml) that varies with configuration!!
W/Zygote  (  152): Preloaded drawable resource #0x1080130 (res/drawable-hdpi/btn_default_transparent_normal.9.png) that varies with configuration!!
W/Zygote  (  152): Preloaded drawable resource #0x108012e (res/drawable-hdpi/btn_default_small_selected.9.png) that varies with configuration!!
W/Zygote  (  152): Preloaded drawable resource #0x108012d (res/drawable-hdpi/btn_default_small_pressed.9.png) that varies with configuration!!
W/Zygote  (  152): Preloaded drawable resource #0x108012c (res/drawable-hdpi/btn_default_small_normal_disable_focused.9.png) that varies with configuration!!
W/Zygote  (  152): Preloaded drawable resource #0x108012b (res/drawable-hdpi/btn_default_small_normal_disable.9.png) that varies with configuration!!
W/Zygote  (  152): Preloaded drawable resource #0x108012a (res/drawable-hdpi/btn_default_small_normal.9.png) that varies with configuration!!
W/Zygote  (  152): Preloaded drawable resource #0x1080129 (res/drawable-hdpi/btn_default_selected.9.png) that varies with configuration!!
W/Zygote  (  152): Preloaded drawable resource #0x1080128 (res/drawable-hdpi/btn_default_pressed_holo_light.9.png) that varies with configuration!!
W/Zygote  (  152): Preloaded drawable resource #0x1080127 (res/drawable-hdpi/btn_default_pressed_holo_dark.9.png) that varies with configuration!!
W/Zygote  (  152): Preloaded drawable resource #0x1080125 (res/drawable-hdpi/btn_default_pressed.9.png) that varies with configuration!!
W/Zygote  (  152): Preloaded drawable resource #0x1080124 (res/drawable-hdpi/btn_default_normal_holo_light.9.png) that varies with configuration!!
W/Zygote  (  152): Preloaded drawable resource #0x1080123 (res/drawable-hdpi/btn_default_normal_holo_dark.9.png) that varies with configuration!!
W/Zygote  (  152): Preloaded drawable resource #0x1080121 (res/drawable-hdpi/btn_default_normal_disable_focused.9.png) that varies with configuration!!
W/Zygote  (  152): Preloaded drawable resource #0x1080120 (res/drawable-hdpi/btn_default_normal_disable.9.png) that varies with configuration!!
W/Zygote  (  152): Preloaded drawable resource #0x108011f (res/drawable-hdpi/btn_default_normal.9.png) that varies with configuration!!
W/Zygote  (  152): Preloaded drawable resource #0x108011c (res/drawable-hdpi/btn_default_focused_holo_light.9.png) that varies with configuration!!
W/Zygote  (  152): Preloaded drawable resource #0x108011b (res/drawable-hdpi/btn_default_focused_holo_dark.9.png) that varies with configuration!!
W/Zygote  (  152): Preloaded drawable resource #0x1080119 (res/drawable-hdpi/btn_default_disabled_holo_light.9.png) that varies with configuration!!
