--------- beginning of /dev/log/system
D/notified_event(  147): handleUsbCompositeEvent -> 'usb_mass_storage' -> 'connected' 
D/notified_event(  147): handleUsbCompositeEvent -> 'acm1' -> 'disconnected' 
D/notified_event(  147): handleUsbCompositeEvent -> 'acm2' -> 'connected' 
D/notified_event(  147): handleUsbCompositeEvent -> 'adb' -> 'connected' 
D/notified_event(  147): handleUsbCompositeEvent -> 'rndis' -> 'disconnected' 
D/notified_event(  147): handleUsbCompositeEvent -> 'diag' -> 'disconnected' 
D/notified_event(  147): handleUsbCompositeEvent -> 'diag_mdm' -> 'disconnected' 
D/notified_event(  147): handleUsbCompositeEvent -> 'rmnet_sdio' -> 'disconnected' 
I/Vold    (  146): Vold 2.1 (the revenge) firing up
D/Vold    (  146): Volume sdcard state changing -1 (Initializing) -> 0 (No-Media)
D/Vold    (  146): Volume sdcard state changing 0 (No-Media) -> 2 (Pending)
E/DirectVolume(  146): Dv:partAdd: ignoring part_num = 4 (max: 3)
E/DirectVolume(  146): Invalid 'PARTN' value
E/DirectVolume(  146): Invalid 'PARTN' value
E/DirectVolume(  146): Invalid 'PARTN' value
E/DirectVolume(  146): Invalid 'PARTN' value
E/DirectVolume(  146): Invalid 'PARTN' value
E/DirectVolume(  146): Invalid 'PARTN' value
E/DirectVolume(  146): Invalid 'PARTN' value
E/DirectVolume(  146): Invalid 'PARTN' value
E/DirectVolume(  146): Invalid 'PARTN' value
E/DirectVolume(  146): Invalid 'PARTN' value
E/DirectVolume(  146): Invalid 'PARTN' value
E/DirectVolume(  146): Invalid 'PARTN' value
E/DirectVolume(  146): Invalid 'PARTN' value
E/DirectVolume(  146): Invalid 'PARTN' value
E/DirectVolume(  146): Invalid 'PARTN' value
E/DirectVolume(  146): Invalid 'PARTN' value
E/DirectVolume(  146): Invalid 'PARTN' value
E/DirectVolume(  146): Invalid 'PARTN' value
E/DirectVolume(  146): Invalid 'PARTN' value
E/DirectVolume(  146): Invalid 'PARTN' value
E/DirectVolume(  146): Invalid 'PARTN' value
E/DirectVolume(  146): Invalid 'PARTN' value
E/DirectVolume(  146): Invalid 'PARTN' value
E/DirectVolume(  146): Invalid 'PARTN' value
W/Vold    (  146): Duplicate state (2)
D/Vold    (  146): Volume sdcard state changing 2 (Pending) -> 1 (Idle-Unmounted)
D/notified_event(  147): handleSwitchEvent -> USB disconnected !!!
D/notified_event(  147): handleSwitchEvent -> USB connected !!!
I/SystemServer(  262): Entered the Android system server!
I/SystemServer(  262): Entropy Service
I/SystemServer(  262): Power Manager
I/SystemServer(  262): Activity Manager
I/ActivityManager(  262): Memory class: 64
I/SystemServer(  262): Telephony Registry
I/SystemServer(  262): Package Manager
I/ActivityManager(  262): Enabled StrictMode logging for AThread's Looper
W/PackageManager(  262): Running ENG build: no pre-dexopt!
W/PackageManager(  262): Library not found: /system/framework/com.android.future.usb.accessory.jar
W/PackageParser(  262): No actions in intent filter at /system/app/Bluetooth.apk Binary XML file line #135
W/PackageParser(  262): No actions in intent filter at /system/app/Bluetooth.apk Binary XML file line #204
W/PackageParser(  262): No actions in intent filter at /system/app/Bluetooth.apk Binary XML file line #223
W/PackageManager(  262): Package com.android.browser desires unavailable shared library com.android.qualcomm.modemwarmup; ignoring!
W/PackageManager(  262): Package com.android.camera desires unavailable shared library com.google.android.media.effects; ignoring!
W/PackageParser(  262): No actions in intent filter at /system/app/Contacts.apk Binary XML file line #525
W/PackageManager(  262): Package com.android.gallery3d desires unavailable shared library com.google.android.media.effects; ignoring!
W/PackageParser(  262): Unknown element under <manifest>: uses-permission_group at /system/app/QualcommSoftAP.apk Binary XML file line #9
I/Installer(  262): connecting...
I/PackageManager(  262): Time to scan packages: 1.288 seconds
W/PackageManager(  262): Unknown permission com.google.android.googleapps.permission.GOOGLE_AUTH.mail in package com.android.contacts
W/PackageManager(  262): Unknown permission android.permission.ADD_SYSTEM_SERVICE in package com.android.phone
W/PackageManager(  262): Unknown permission com.google.android.googleapps.permission.GOOGLE_AUTH in package com.android.providers.calendar
W/PackageManager(  262): Unknown permission com.google.android.googleapps.permission.GOOGLE_AUTH.cl in package com.android.providers.calendar
W/PackageManager(  262): Unknown permission android.permission.MMS_PUSH in package com.android.bluetooth
W/PackageManager(  262): Unknown permission com.google.android.googleapps.permission.GOOGLE_AUTH.mail in package com.android.calendar
W/PackageManager(  262): Not granting permission android.permission.SEND_DOWNLOAD_COMPLETED_INTENTS to package com.android.browser (protectionLevel=2 flags=0x9be45)
W/PackageManager(  262): Unknown permission android.permission.READ_EXTERNAL_STORAGE in package com.android.videoeditor
W/PackageManager(  262): Unknown permission com.google.android.googleapps.permission.GOOGLE_AUTH in package com.android.settings
W/PackageManager(  262): Unknown permission com.google.android.googleapps.permission.GOOGLE_AUTH in package com.android.providers.contacts
W/PackageManager(  262): Unknown permission com.google.android.googleapps.permission.GOOGLE_AUTH.cp in package com.android.providers.contacts
W/PackageManager(  262): Unknown permission com.google.android.googleapps.permission.ACCESS_GOOGLE_PASSWORD in package com.android.development
W/PackageManager(  262): Unknown permission com.google.android.googleapps.permission.GOOGLE_AUTH in package com.android.development
W/PackageManager(  262): Unknown permission com.google.android.googleapps.permission.GOOGLE_AUTH.ALL_SERVICES in package com.android.development
W/PackageManager(  262): Unknown permission com.google.android.googleapps.permission.GOOGLE_AUTH.YouTubeUser in package com.android.development
W/PackageManager(  262): Not granting permission android.permission.DEVICE_POWER to package com.android.deskclock (protectionLevel=2 flags=0x8be45)
I/SystemServer(  262): Account Manager
I/SystemServer(  262): Content Manager
I/SystemServer(  262): System Content Providers
I/SystemServer(  262): Lights Service
I/SystemServer(  262): Battery Service
I/SystemServer(  262): Vibrator Service
I/SystemServer(  262): Alarm Manager
I/SystemServer(  262): Init Watchdog
I/SystemServer(  262): Window Manager
I/InputManager(  262): Initializing input manager
W/StatusBarManager(  262): warning: no STATUS_BAR_SERVICE
I/InputManager(  262): Starting input manager
I/WindowManager(  262): Enabled StrictMode logging for WMThread's Looper
I/SystemServer(  262): Bluetooth Service
I/WindowManager(  262): Enabled StrictMode for PolicyThread's Looper
I/SystemServer(  262): DynamicMemoryManager Service
I/SystemServer(  262): Input Method Service
W/InputManagerService(  262): Couldn't create dir.: /data/system/inputmethod
I/SystemServer(  262): Accessibility Manager
W/ActivityManager(  262): Unable to write /sys/module/lowmemorykiller/parameters/adj
W/ActivityManager(  262): Unable to write /sys/module/lowmemorykiller/parameters/minfree
I/ActivityManager(  262): Config changed: {1.0 0mcc0mnc en_US layoutdir=0 sw320dp w320dp h508dp nrml long port ?uimode ?night -touch -keyb/v/h -nav/h s.2}
I/SystemServer(  262): Device Policy
I/SystemServer(  262): Status Bar
I/SystemServer(  262): Clipboard Service
I/SystemServer(  262): NetworkManagement Service
I/SystemServer(  262): Text Service Manager Service
I/SystemServer(  262): NetworkStats Service
I/SystemServer(  262): NetworkPolicy Service
I/SystemServer(  262): Wi-Fi P2pService
I/SystemServer(  262): Wi-Fi Service
I/SystemServer(  262): Connectivity Service
D/ConnectivityService(  262): ConnectivityService starting up
E/MobileDataStateTracker(  262): default: Ignoring feature request because could not acquire PhoneService
E/MobileDataStateTracker(  262): default: Could not enable APN type "default"
D/NetworkManagementService(  262): Registering observer
D/NetworkManagementService(  262): Registering observer
I/WifiService(  262): WifiService starting up with Wi-Fi disabled
V/ConnectivityService(  262): CNE is starting up
E/ConnectivityService(  262): Could not make vendor Cne obj falling back to reference cne
I/SystemServer(  262): Throttle Service
I/SystemServer(  262): Mount Service
D/MountService(  262): got storage path: /mnt/sdcard description: USB storage primary: true removable: false emulated: false mtpReserve: 0 allowMassStorage: false maxFileSize: 0
I/SystemServer(  262): Notification Manager
I/SystemServer(  262): HDMI Service
I/SystemServer(  262): Device Storage Monitor
I/SystemServer(  262): Location Manager
I/SystemServer(  262): Country Detector
I/SystemServer(  262): Search Service
I/SystemServer(  262): DropBox Service
I/SystemServer(  262): Wallpaper Service
D/VoldCmdListener(  146): volume list
D/MountService(  262): volume state changed for /mnt/sdcard (null -> unmounted)
I/SystemServer(  262): Audio Service
I/ActivityManager(  262): Config changed: {1.0 0mcc0mnc en_US layoutdir=0 sw320dp w320dp h508dp nrml long port ?uimode ?night finger -keyb/v/h -nav/h s.3}
I/SystemServer(  262): Dock Observer
I/SystemServer(  262): Wired Accessory Observer
I/SystemServer(  262): USB Service
I/SystemServer(  262): UI Mode Manager Service
I/SystemServer(  262): Backup Service
V/BackupManagerService(  262): Initializing package tracking
V/BackupManagerService(  262): No ancestral data
V/BackupManagerService(  262): addPackageParticipantsLocked: null
I/BackupManagerService(  262): New app android never backed up; scheduling
I/BackupManagerService(  262): New app com.android.browser never backed up; scheduling
I/BackupManagerService(  262): New app com.android.calendar never backed up; scheduling
I/BackupManagerService(  262): New app com.android.inputmethod.latin never backed up; scheduling
I/BackupManagerService(  262): New app com.android.providers.settings never backed up; scheduling
I/BackupManagerService(  262): New app com.android.providers.userdictionary never backed up; scheduling
I/BackupManagerService(  262): New app com.android.sharedstoragebackup never backed up; scheduling
V/BackupManagerService(  262): Registering transport android/com.android.internal.backup.LocalTransport = com.android.internal.backup.LocalTransport@41459190
V/BackupManagerService(  262): Starting with transport android/com.android.internal.backup.LocalTransport
V/BackupManagerService(  262): Google transport not present
I/BackupManagerService(  262): Found stale backup journal, scheduling
I/BackupManagerService(  262):   android
I/BackupManagerService(  262):   com.android.browser
I/BackupManagerService(  262):   com.android.calendar
I/BackupManagerService(  262):   com.android.inputmethod.latin
I/BackupManagerService(  262):   com.android.providers.settings
I/BackupManagerService(  262):   com.android.providers.userdictionary
I/BackupManagerService(  262):   com.android.sharedstoragebackup
I/BackupManagerService(  262): Backup enabled => false
I/BackupManagerService(  262): Opting out of backup
I/SystemServer(  262): AppWidget Service
I/SystemServer(  262): Recognition Service
I/SystemServer(  262): DiskStats Service
I/SystemServer(  262): AtCmdFwd Service
I/SystemServer(  262): SamplingProfiler Service
I/SystemServer(  262): NetworkTimeUpdateService
D/PowerManagerService(  262): system ready!
I/ActivityManager(  262): System now ready
I/SystemServer(  262): Making services ready
D/SystemServer(  262): Starting service: Intent { cmp=com.android.systemui/.SystemUIService }
I/ActivityManager(  262): Start proc com.android.systemui for service com.android.systemui/.SystemUIService: pid=369 uid=1000 gids={1015, 3002, 3001, 3003}
D/NetworkManagementService(  262): not enabling bandwidth control
W/NetworkStats(  262): problem reading network stats: java.lang.IllegalStateException: problem parsing idx 1
D/NetworkManagementService(  262): Registering observer
D/NetworkManagementService(  262): Registering observer
I/ActivityManager(  262): Config changed: {1.0 0mcc0mnc en_US layoutdir=0 sw320dp w320dp h508dp nrml long port finger -keyb/v/h -nav/h s.4}
W/RecognitionManagerService(  262): no available voice recognition services found
W/InputManagerService(  262): Ignoring setImeWindowStatus of uid 1000 token: null
I/ActivityManager(  262): Start proc com.android.inputmethod.latin for service com.android.inputmethod.latin/.LatinIME: pid=384 uid=10019 gids={}
D/SystemUIService(  369): loading: class com.android.systemui.statusbar.phone.PhoneStatusBar
D/SystemUIService(  369): running: com.android.systemui.statusbar.phone.PhoneStatusBar@412bd328
D/NetworkManagementService(  262): Registering observer
I/ActivityManager(  262): Start proc com.android.phone for added application com.android.phone: pid=403 uid=1001 gids={3002, 3001, 3003, 1015}
I/ActivityManager(  262): START {act=android.intent.action.MAIN cat=[android.intent.category.HOME] flg=0x10000000 cmp=com.android.launcher/com.android.launcher2.Launcher} from pid 0
I/ActivityManager(  262): Start proc com.android.launcher for activity com.android.launcher/com.android.launcher2.Launcher: pid=421 uid=10020 gids={}
I/SystemServer(  262): Enabled StrictMode for system server main thread.
E/ActivityThread(  384): Failed to find provider info for com.android.inputmethod.latin.dictionarypack
I/ActivityManager(  262): Start proc android.process.acore for content provider com.android.providers.userdictionary/.UserDictionaryProvider: pid=439 uid=10000 gids={3003, 1015}
I/StatusBarManagerService(  262): registerStatusBar bar=com.android.internal.statusbar.IStatusBar$Stub$Proxy@4151b418
D/PhoneStatusBar(  369): disable: < expand icons alerts ticker system_info BACK* HOME* RECENT* CLOCK* >
D/StorageNotification(  369): Startup with UMS connection false (media state unmounted)
I/StorageNotification(  369): UMS connection changed to false (media state unmounted)
D/SystemUIService(  369): loading: class com.android.systemui.power.PowerUI
D/SystemUIService(  369): running: com.android.systemui.power.PowerUI@41319e58
D/WifiService(  262): New client listening to asynchronous messages
I/ActivityManager(  262): Start proc com.android.smspush for service com.android.smspush/.WapPushManager: pid=475 uid=10043 gids={}
D/PhoneStatusBarPolicy(  369): updateSimState for subscription :0
D/PhoneStatusBarPolicy(  369): updateSimState for subscription :0
D/PowerManagerService(  262): bootCompleted
I/ActivityManager(  262): Start proc com.android.contacts for broadcast com.android.contacts/.calllog.CallLogReceiver: pid=495 uid=10000 gids={3003, 1015}
V/DevicePolicyManagerService(  262): Sending password expiration notifications for action android.intent.action.BOOT_COMPLETED
D/VoldCmdListener(  146): volume mount /mnt/sdcard
I/Vold    (  146): /dev/block/vold/179:33 being considered for volume sdcard
D/Vold    (  146): Volume sdcard state changing 1 (Idle-Unmounted) -> 3 (Checking)
D/MountService(  262): volume state changed for /mnt/sdcard (unmounted -> checking)
D/MountService(  262): sendStorageIntent Intent { act=android.intent.action.MEDIA_CHECKING dat=file:///mnt/sdcard (has extras) }
I/StorageNotification(  369): Media {/mnt/sdcard} state changed from {unmounted} -> {checking}
V/WiredAccessoryObserver(  262): init()
W/WiredAccessoryObserver(  262): This kernel does not have wired headset support
W/WiredAccessoryObserver(  262): This kernel does not have wired headset support
I/Vold    (  146): Filesystem check completed OK
I/ActivityManager(  262): Process com.android.phone (pid 403) has died.
W/ActivityManager(  262): Scheduling restart of crashed service com.android.phone/.BluetoothHeadsetService in 6060ms
I/Vold    (  146): Device /dev/block/vold/179:33, target /mnt/sdcard mounted @ /mnt/secure/staging
I/ActivityManager(  262): Start proc com.android.phone for restart com.android.phone: pid=542 uid=1001 gids={3002, 3001, 3003, 1015}
D/Vold    (  146): Volume sdcard state changing 3 (Checking) -> 4 (Mounted)
D/MountService(  262): volume state changed for /mnt/sdcard (checking -> mounted)
I/StorageNotification(  369): Media {/mnt/sdcard} state changed from {checking} -> {mounted}
D/VoldCmdListener(  146): asec list
D/MountService(  262): sendStorageIntent Intent { act=android.intent.action.MEDIA_MOUNTED dat=file:///mnt/sdcard (has extras) }
W/PackageManager(  262): Unknown permission com.google.android.googleapps.permission.GOOGLE_AUTH.mail in package com.android.contacts
W/PackageManager(  262): Unknown permission android.permission.ADD_SYSTEM_SERVICE in package com.android.phone
W/PackageManager(  262): Unknown permission com.google.android.googleapps.permission.GOOGLE_AUTH in package com.android.providers.calendar
W/PackageManager(  262): Unknown permission com.google.android.googleapps.permission.GOOGLE_AUTH.cl in package com.android.providers.calendar
W/PackageManager(  262): Unknown permission android.permission.MMS_PUSH in package com.android.bluetooth
W/PackageManager(  262): Unknown permission com.google.android.googleapps.permission.GOOGLE_AUTH.mail in package com.android.calendar
W/PackageManager(  262): Not granting permission android.permission.SEND_DOWNLOAD_COMPLETED_INTENTS to package com.android.browser (protectionLevel=2 flags=0x9be45)
W/PackageManager(  262): Unknown permission android.permission.READ_EXTERNAL_STORAGE in package com.android.videoeditor
W/PackageManager(  262): Unknown permission com.google.android.googleapps.permission.GOOGLE_AUTH in package com.android.settings
W/PackageManager(  262): Unknown permission com.google.android.googleapps.permission.GOOGLE_AUTH in package com.android.providers.contacts
W/PackageManager(  262): Unknown permission com.google.android.googleapps.permission.GOOGLE_AUTH.cp in package com.android.providers.contacts
W/PackageManager(  262): Unknown permission com.google.android.googleapps.permission.ACCESS_GOOGLE_PASSWORD in package com.android.development
W/PackageManager(  262): Unknown permission com.google.android.googleapps.permission.GOOGLE_AUTH in package com.android.development
W/PackageManager(  262): Unknown permission com.google.android.googleapps.permission.GOOGLE_AUTH.ALL_SERVICES in package com.android.development
W/PackageManager(  262): Unknown permission com.google.android.googleapps.permission.GOOGLE_AUTH.YouTubeUser in package com.android.development
W/PackageManager(  262): Not granting permission android.permission.DEVICE_POWER to package com.android.deskclock (protectionLevel=2 flags=0x8be45)
I/ActivityManager(  262): Start proc com.android.providers.calendar for broadcast com.android.providers.calendar/.CalendarReceiver: pid=557 uid=10006 gids={3003, 1015}
I/BootReceiver(  262): Copying /data/tombstones/tombstone_02 to DropBox (SYSTEM_TOMBSTONE)
I/BootReceiver(  262): Copying /data/tombstones/tombstone_03 to DropBox (SYSTEM_TOMBSTONE)
I/BootReceiver(  262): Copying /data/tombstones/tombstone_04 to DropBox (SYSTEM_TOMBSTONE)
I/BootReceiver(  262): Copying /data/tombstones/tombstone_05 to DropBox (SYSTEM_TOMBSTONE)
I/ActivityManager(  262): Start proc com.android.deskclock for broadcast com.android.deskclock/.AlarmInitReceiver: pid=577 uid=10010 gids={}
I/BootReceiver(  262): Copying /data/tombstones/tombstone_06 to DropBox (SYSTEM_TOMBSTONE)
D/PhoneStatusBarPolicy(  369): updateSimState for subscription :0
D/PhoneStatusBarPolicy(  369): updateSimState for subscription :0
I/ActivityManager(  262): Start proc android.process.media for broadcast com.android.providers.downloads/.DownloadReceiver: pid=601 uid=10012 gids={1015, 1023, 1024, 2001, 3003, 3007}
I/ActivityManager(  262): Start proc com.android.email for broadcast com.android.email/.service.EmailBroadcastReceiver: pid=637 uid=10013 gids={3003, 1015}
I/ActivityManager(  262): Start proc com.android.exchange for service com.android.exchange/.ExchangeService: pid=665 uid=10014 gids={3003, 1015}
I/ActivityManager(  262): Start proc com.android.mms for broadcast com.android.mms/.transaction.MmsSystemEventReceiver: pid=684 uid=10024 gids={3003, 1015}
D/CountryDetectorService(  262): The first listener is added
W/ActivityManager(  262): Permission Denial: receiving Intent { act=android.intent.action.BOOT_COMPLETED flg=0x10 } to com.android.musicfx requires android.permission.RECEIVE_BOOT_COMPLETED due to sender null (uid 1000)
I/BootReceiver(  262): Copying /data/tombstones/tombstone_07 to DropBox (SYSTEM_TOMBSTONE)
I/ActivityManager(  262): Process com.android.phone (pid 542) has died.
W/ActivityManager(  262): Scheduling restart of crashed service com.android.phone/.BluetoothHeadsetService in 6396ms
I/ActivityManager(  262): Start proc com.android.phone for restart com.android.phone: pid=730 uid=1001 gids={3002, 3001, 3003, 1015}
I/ActivityManager(  262): Start proc com.android.voicedialer for broadcast com.android.voicedialer/.VoiceDialerReceiver: pid=743 uid=10042 gids={3002}
I/ActivityManager(  262): Start proc com.android.settings for broadcast com.android.settings/.widget.SettingsAppWidgetProvider: pid=757 uid=1000 gids={1015, 3002, 3001, 3003}
D/PhoneStatusBarPolicy(  369): updateSimState for subscription :0
D/PhoneStatusBarPolicy(  369): updateSimState for subscription :0
I/ActivityManager(  262): Start proc com.android.calendar for broadcast com.android.calendar/.widget.CalendarAppWidgetService$CalendarFactory: pid=779 uid=10005 gids={3003}
I/BootReceiver(  262): Copying /data/tombstones/tombstone_08 to DropBox (SYSTEM_TOMBSTONE)
I/ActivityManager(  262): Process com.android.phone (pid 730) has died.
W/ActivityManager(  262): Canceling start item Intent { cmp=com.android.phone/.BluetoothHeadsetService } in service ComponentInfo{com.android.phone/com.android.phone.BluetoothHeadsetService}
W/ActivityManager(  262): Scheduling restart of crashed service com.android.phone/.BluetoothHeadsetService in 5012ms
I/ActivityManager(  262): Start proc com.android.phone for restart com.android.phone: pid=805 uid=1001 gids={3002, 3001, 3003, 1015}
D/PhoneStatusBarPolicy(  369): updateSimState for subscription :0
D/PhoneStatusBarPolicy(  369): updateSimState for subscription :0
I/BootReceiver(  262): Copying /data/tombstones/tombstone_09 to DropBox (SYSTEM_TOMBSTONE)
I/ActivityManager(  262): Process com.android.phone (pid 805) has died.
W/ActivityManager(  262): Canceling start item Intent { cmp=com.android.phone/.BluetoothHeadsetService } in service ComponentInfo{com.android.phone/com.android.phone.BluetoothHeadsetService}
W/ActivityManager(  262): Scheduling restart of crashed service com.android.phone/.BluetoothHeadsetService in 4860ms
I/ActivityManager(  262): Start proc com.android.phone for restart com.android.phone: pid=828 uid=1001 gids={3002, 3001, 3003, 1015}
D/PhoneStatusBarPolicy(  369): updateSimState for subscription :0
D/PhoneStatusBarPolicy(  369): updateSimState for subscription :0
I/BootReceiver(  262): Copying /data/tombstones/tombstone_00 to DropBox (SYSTEM_TOMBSTONE)
I/ActivityManager(  262): Process com.android.phone (pid 828) has died.
W/ActivityManager(  262): Canceling start item Intent { cmp=com.android.phone/.BluetoothHeadsetService } in service ComponentInfo{com.android.phone/com.android.phone.BluetoothHeadsetService}
W/ActivityManager(  262): Scheduling restart of crashed service com.android.phone/.BluetoothHeadsetService in 4726ms
I/ActivityManager(  262): Start proc com.android.phone for restart com.android.phone: pid=855 uid=1001 gids={3002, 3001, 3003, 1015}
D/PhoneStatusBarPolicy(  369): updateSimState for subscription :0
D/PhoneStatusBarPolicy(  369): updateSimState for subscription :0
I/BootReceiver(  262): Copying /data/tombstones/tombstone_01 to DropBox (SYSTEM_TOMBSTONE)
I/ActivityManager(  262): Process com.android.phone (pid 855) has died.
W/ActivityManager(  262): Canceling start item Intent { cmp=com.android.phone/.BluetoothHeadsetService } in service ComponentInfo{com.android.phone/com.android.phone.BluetoothHeadsetService}
W/ActivityManager(  262): Scheduling restart of crashed service com.android.phone/.BluetoothHeadsetService in 4636ms
I/ActivityManager(  262): Start proc com.android.phone for restart com.android.phone: pid=877 uid=1001 gids={3002, 3001, 3003, 1015}
D/PhoneStatusBarPolicy(  369): updateSimState for subscription :0
D/PhoneStatusBarPolicy(  369): updateSimState for subscription :0
I/BootReceiver(  262): Copying /data/tombstones/tombstone_02 to DropBox (SYSTEM_TOMBSTONE)
I/ActivityManager(  262): Process com.android.phone (pid 877) has died.
W/ActivityManager(  262): Canceling start item Intent { cmp=com.android.phone/.BluetoothHeadsetService } in service ComponentInfo{com.android.phone/com.android.phone.BluetoothHeadsetService}
W/ActivityManager(  262): Scheduling restart of crashed service com.android.phone/.BluetoothHeadsetService in 5058ms
I/ActivityManager(  262): Start proc com.android.phone for restart com.android.phone: pid=904 uid=1001 gids={3002, 3001, 3003, 1015}
D/PhoneStatusBarPolicy(  369): updateSimState for subscription :0
D/PhoneStatusBarPolicy(  369): updateSimState for subscription :0
I/BootReceiver(  262): Copying /data/tombstones/tombstone_03 to DropBox (SYSTEM_TOMBSTONE)
I/ActivityManager(  262): Process com.android.phone (pid 904) has died.
W/ActivityManager(  262): Canceling start item Intent { cmp=com.android.phone/.BluetoothHeadsetService } in service ComponentInfo{com.android.phone/com.android.phone.BluetoothHeadsetService}
W/ActivityManager(  262): Scheduling restart of crashed service com.android.phone/.BluetoothHeadsetService in 5024ms
I/ActivityManager(  262): Start proc com.android.phone for restart com.android.phone: pid=927 uid=1001 gids={3002, 3001, 3003, 1015}
D/PhoneStatusBarPolicy(  369): updateSimState for subscription :0
D/PhoneStatusBarPolicy(  369): updateSimState for subscription :0
I/BootReceiver(  262): Copying /data/tombstones/tombstone_04 to DropBox (SYSTEM_TOMBSTONE)
I/ActivityManager(  262): Process com.android.phone (pid 927) has died.
W/ActivityManager(  262): Canceling start item Intent { cmp=com.android.phone/.BluetoothHeadsetService } in service ComponentInfo{com.android.phone/com.android.phone.BluetoothHeadsetService}
W/ActivityManager(  262): Scheduling restart of crashed service com.android.phone/.BluetoothHeadsetService in 5032ms
I/ActivityManager(  262): Start proc com.android.phone for restart com.android.phone: pid=954 uid=1001 gids={3002, 3001, 3003, 1015}
D/PhoneStatusBarPolicy(  369): updateSimState for subscription :0
D/PhoneStatusBarPolicy(  369): updateSimState for subscription :0
I/BootReceiver(  262): Copying /data/tombstones/tombstone_05 to DropBox (SYSTEM_TOMBSTONE)
I/ActivityManager(  262): Process com.android.phone (pid 954) has died.
W/ActivityManager(  262): Canceling start item Intent { cmp=com.android.phone/.BluetoothHeadsetService } in service ComponentInfo{com.android.phone/com.android.phone.BluetoothHeadsetService}
W/ActivityManager(  262): Scheduling restart of crashed service com.android.phone/.BluetoothHeadsetService in 5168ms
I/ActivityManager(  262): Start proc com.android.phone for restart com.android.phone: pid=977 uid=1001 gids={3002, 3001, 3003, 1015}
D/PhoneStatusBarPolicy(  369): updateSimState for subscription :0
D/PhoneStatusBarPolicy(  369): updateSimState for subscription :0
D/PhoneStatusBar(  369): disable: < expand icons alerts ticker system_info BACK HOME recent* CLOCK >
D/PhoneStatusBar(  369): disable: < expand icons alerts ticker system_info back* home* recent clock* >
I/BootReceiver(  262): Copying /data/tombstones/tombstone_06 to DropBox (SYSTEM_TOMBSTONE)
I/ActivityManager(  262): Process com.android.phone (pid 977) has died.
W/ActivityManager(  262): Canceling start item Intent { cmp=com.android.phone/.BluetoothHeadsetService } in service ComponentInfo{com.android.phone/com.android.phone.BluetoothHeadsetService}
W/ActivityManager(  262): Scheduling restart of crashed service com.android.phone/.BluetoothHeadsetService in 5014ms
I/ActivityManager(  262): Start proc com.android.phone for restart com.android.phone: pid=1004 uid=1001 gids={3002, 3001, 3003, 1015}
D/PhoneStatusBarPolicy(  369): updateSimState for subscription :0
D/PhoneStatusBarPolicy(  369): updateSimState for subscription :0
W/WindowManager(  262): Failure taking screenshot for (180x300) to layer 21005
D/PhoneStatusBar(  369): disable: < expand icons alerts ticker system_info back home RECENT* clock >
D/PhoneStatusBar(  369): disable: < expand icons alerts ticker system_info BACK* HOME* RECENT CLOCK* >
I/BootReceiver(  262): Copying /data/tombstones/tombstone_07 to DropBox (SYSTEM_TOMBSTONE)
I/ActivityManager(  262): Process com.android.phone (pid 1004) has died.
W/ActivityManager(  262): Canceling start item Intent { cmp=com.android.phone/.BluetoothHeadsetService } in service ComponentInfo{com.android.phone/com.android.phone.BluetoothHeadsetService}
W/ActivityManager(  262): Scheduling restart of crashed service com.android.phone/.BluetoothHeadsetService in 5030ms
I/ActivityManager(  262): Start proc com.android.phone for restart com.android.phone: pid=1033 uid=1001 gids={3002, 3001, 3003, 1015}
W/WindowManager(  262): Failure taking screenshot for (180x300) to layer 21000
W/ActivityManager(  262): Failure sending broadcast Intent { act=android.intent.action.SCREEN_OFF flg=0x40000010 }
W/ActivityManager(  262): android.os.DeadObjectException
W/ActivityManager(  262): 	at android.os.BinderProxy.transact(Native Method)
W/ActivityManager(  262): 	at android.content.IIntentReceiver$Stub$Proxy.performReceive(IIntentReceiver.java:121)
W/ActivityManager(  262): 	at com.android.server.am.ActivityManagerService.performReceiveLocked(ActivityManagerService.java:12816)
W/ActivityManager(  262): 	at com.android.server.am.ActivityManagerService.deliverToRegisteredReceiverLocked(ActivityManagerService.java:12878)
W/ActivityManager(  262): 	at com.android.server.am.ActivityManagerService.processNextBroadcast(ActivityManagerService.java:13085)
W/ActivityManager(  262): 	at com.android.server.am.ActivityManagerService.access$100(ActivityManagerService.java:153)
W/ActivityManager(  262): 	at com.android.server.am.ActivityManagerService$2.handleMessage(ActivityManagerService.java:996)
W/ActivityManager(  262): 	at android.os.Handler.dispatchMessage(Handler.java:99)
W/ActivityManager(  262): 	at android.os.Looper.loop(Looper.java:137)
W/ActivityManager(  262): 	at com.android.server.am.ActivityManagerService$AThread.run(ActivityManagerService.java:1417)
D/PhoneStatusBarPolicy(  369): updateSimState for subscription :0
D/PhoneStatusBarPolicy(  369): updateSimState for subscription :0
I/BootReceiver(  262): Copying /data/tombstones/tombstone_08 to DropBox (SYSTEM_TOMBSTONE)
I/ActivityManager(  262): Process com.android.phone (pid 1033) has died.
W/ActivityManager(  262): Canceling start item Intent { cmp=com.android.phone/.BluetoothHeadsetService } in service ComponentInfo{com.android.phone/com.android.phone.BluetoothHeadsetService}
W/ActivityManager(  262): Scheduling restart of crashed service com.android.phone/.BluetoothHeadsetService in 5206ms
I/ActivityManager(  262): Start proc com.android.phone for restart com.android.phone: pid=1056 uid=1001 gids={3002, 3001, 3003, 1015}
W/WindowManager(  262): Failure taking screenshot for (180x300) to layer 21000
D/PhoneStatusBarPolicy(  369): updateSimState for subscription :0
D/PhoneStatusBarPolicy(  369): updateSimState for subscription :0
I/BootReceiver(  262): Copying /data/tombstones/tombstone_09 to DropBox (SYSTEM_TOMBSTONE)
I/ActivityManager(  262): Process com.android.phone (pid 1056) has died.
W/ActivityManager(  262): Canceling start item Intent { cmp=com.android.phone/.BluetoothHeadsetService } in service ComponentInfo{com.android.phone/com.android.phone.BluetoothHeadsetService}
W/ActivityManager(  262): Scheduling restart of crashed service com.android.phone/.BluetoothHeadsetService in 4640ms
I/ActivityManager(  262): Start proc com.android.phone for restart com.android.phone: pid=1083 uid=1001 gids={3002, 3001, 3003, 1015}
W/WindowManager(  262): Failure taking screenshot for (180x300) to layer 21000
D/PhoneStatusBarPolicy(  369): updateSimState for subscription :0
D/PhoneStatusBarPolicy(  369): updateSimState for subscription :0
I/BootReceiver(  262): Copying /data/tombstones/tombstone_00 to DropBox (SYSTEM_TOMBSTONE)
I/ActivityManager(  262): Process com.android.phone (pid 1083) has died.
W/ActivityManager(  262): Canceling start item Intent { cmp=com.android.phone/.BluetoothHeadsetService } in service ComponentInfo{com.android.phone/com.android.phone.BluetoothHeadsetService}
W/ActivityManager(  262): Scheduling restart of crashed service com.android.phone/.BluetoothHeadsetService in 5312ms
I/ActivityManager(  262): Start proc com.android.phone for restart com.android.phone: pid=1105 uid=1001 gids={3002, 3001, 3003, 1015}
W/WindowManager(  262): Failure taking screenshot for (180x300) to layer 21000
D/PhoneStatusBarPolicy(  369): updateSimState for subscription :0
D/PhoneStatusBarPolicy(  369): updateSimState for subscription :0
I/BootReceiver(  262): Copying /data/tombstones/tombstone_01 to DropBox (SYSTEM_TOMBSTONE)
I/ActivityManager(  262): Process com.android.phone (pid 1105) has died.
W/ActivityManager(  262): Canceling start item Intent { cmp=com.android.phone/.BluetoothHeadsetService } in service ComponentInfo{com.android.phone/com.android.phone.BluetoothHeadsetService}
W/ActivityManager(  262): Scheduling restart of crashed service com.android.phone/.BluetoothHeadsetService in 4916ms
I/ActivityManager(  262): Start proc com.android.phone for restart com.android.phone: pid=1134 uid=1001 gids={3002, 3001, 3003, 1015}
W/WindowManager(  262): Failure taking screenshot for (180x300) to layer 21000
D/PhoneStatusBarPolicy(  369): updateSimState for subscription :0
D/PhoneStatusBarPolicy(  369): updateSimState for subscription :0
I/BootReceiver(  262): Copying /data/tombstones/tombstone_02 to DropBox (SYSTEM_TOMBSTONE)
I/ActivityManager(  262): Process com.android.phone (pid 1134) has died.
W/ActivityManager(  262): Canceling start item Intent { cmp=com.android.phone/.BluetoothHeadsetService } in service ComponentInfo{com.android.phone/com.android.phone.BluetoothHeadsetService}
W/ActivityManager(  262): Scheduling restart of crashed service com.android.phone/.BluetoothHeadsetService in 5044ms
I/ActivityManager(  262): Start proc com.android.phone for restart com.android.phone: pid=1158 uid=1001 gids={3002, 3001, 3003, 1015}
W/WindowManager(  262): Failure taking screenshot for (180x300) to layer 21000
D/PhoneStatusBarPolicy(  369): updateSimState for subscription :0
D/PhoneStatusBarPolicy(  369): updateSimState for subscription :0
I/BootReceiver(  262): Copying /data/tombstones/tombstone_03 to DropBox (SYSTEM_TOMBSTONE)
I/ActivityManager(  262): Process com.android.phone (pid 1158) has died.
W/ActivityManager(  262): Canceling start item Intent { cmp=com.android.phone/.BluetoothHeadsetService } in service ComponentInfo{com.android.phone/com.android.phone.BluetoothHeadsetService}
W/ActivityManager(  262): Scheduling restart of crashed service com.android.phone/.BluetoothHeadsetService in 5220ms
I/ActivityManager(  262): Start proc com.android.phone for restart com.android.phone: pid=1189 uid=1001 gids={3002, 3001, 3003, 1015}
W/WindowManager(  262): Failure taking screenshot for (180x300) to layer 21000
D/PhoneStatusBarPolicy(  369): updateSimState for subscription :0
D/PhoneStatusBarPolicy(  369): updateSimState for subscription :0
I/BootReceiver(  262): Copying /data/tombstones/tombstone_04 to DropBox (SYSTEM_TOMBSTONE)
I/ActivityManager(  262): Process com.android.phone (pid 1189) has died.
W/ActivityManager(  262): Canceling start item Intent { cmp=com.android.phone/.BluetoothHeadsetService } in service ComponentInfo{com.android.phone/com.android.phone.BluetoothHeadsetService}
W/ActivityManager(  262): Scheduling restart of crashed service com.android.phone/.BluetoothHeadsetService in 4632ms
I/ActivityManager(  262): Start proc com.android.phone for restart com.android.phone: pid=1211 uid=1001 gids={3002, 3001, 3003, 1015}
W/WindowManager(  262): Failure taking screenshot for (180x300) to layer 21000
D/PhoneStatusBarPolicy(  369): updateSimState for subscription :0
D/PhoneStatusBarPolicy(  369): updateSimState for subscription :0
I/BootReceiver(  262): Copying /data/tombstones/tombstone_05 to DropBox (SYSTEM_TOMBSTONE)
I/ActivityManager(  262): Process com.android.phone (pid 1211) has died.
W/ActivityManager(  262): Canceling start item Intent { cmp=com.android.phone/.BluetoothHeadsetService } in service ComponentInfo{com.android.phone/com.android.phone.BluetoothHeadsetService}
W/ActivityManager(  262): Scheduling restart of crashed service com.android.phone/.BluetoothHeadsetService in 5310ms
I/ActivityManager(  262): Start proc com.android.phone for restart com.android.phone: pid=1238 uid=1001 gids={3002, 3001, 3003, 1015}
W/WindowManager(  262): Failure taking screenshot for (180x300) to layer 21000
D/PhoneStatusBarPolicy(  369): updateSimState for subscription :0
D/PhoneStatusBarPolicy(  369): updateSimState for subscription :0
I/BootReceiver(  262): Copying /data/tombstones/tombstone_06 to DropBox (SYSTEM_TOMBSTONE)
I/ActivityManager(  262): Process com.android.phone (pid 1238) has died.
W/ActivityManager(  262): Canceling start item Intent { cmp=com.android.phone/.BluetoothHeadsetService } in service ComponentInfo{com.android.phone/com.android.phone.BluetoothHeadsetService}
W/ActivityManager(  262): Scheduling restart of crashed service com.android.phone/.BluetoothHeadsetService in 4704ms
I/ActivityManager(  262): Start proc com.android.phone for restart com.android.phone: pid=1267 uid=1001 gids={3002, 3001, 3003, 1015}
W/WindowManager(  262): Failure taking screenshot for (180x300) to layer 21000
D/PhoneStatusBarPolicy(  369): updateSimState for subscription :0
D/PhoneStatusBarPolicy(  369): updateSimState for subscription :0
I/BootReceiver(  262): Copying /data/tombstones/tombstone_07 to DropBox (SYSTEM_TOMBSTONE)
I/ActivityManager(  262): Process com.android.phone (pid 1267) has died.
W/ActivityManager(  262): Canceling start item Intent { cmp=com.android.phone/.BluetoothHeadsetService } in service ComponentInfo{com.android.phone/com.android.phone.BluetoothHeadsetService}
W/ActivityManager(  262): Scheduling restart of crashed service com.android.phone/.BluetoothHeadsetService in 5320ms
I/ActivityManager(  262): Start proc com.android.phone for restart com.android.phone: pid=1291 uid=1001 gids={3002, 3001, 3003, 1015}
W/WindowManager(  262): Failure taking screenshot for (180x300) to layer 21000
D/PhoneStatusBarPolicy(  369): updateSimState for subscription :0
D/PhoneStatusBarPolicy(  369): updateSimState for subscription :0
I/BootReceiver(  262): Copying /data/tombstones/tombstone_08 to DropBox (SYSTEM_TOMBSTONE)
I/ActivityManager(  262): Process com.android.phone (pid 1291) has died.
W/ActivityManager(  262): Canceling start item Intent { cmp=com.android.phone/.BluetoothHeadsetService } in service ComponentInfo{com.android.phone/com.android.phone.BluetoothHeadsetService}
W/ActivityManager(  262): Scheduling restart of crashed service com.android.phone/.BluetoothHeadsetService in 4676ms
I/ActivityManager(  262): Start proc com.android.phone for restart com.android.phone: pid=1318 uid=1001 gids={3002, 3001, 3003, 1015}
W/WindowManager(  262): Failure taking screenshot for (180x300) to layer 21000
D/PhoneStatusBarPolicy(  369): updateSimState for subscription :0
D/PhoneStatusBarPolicy(  369): updateSimState for subscription :0
I/BootReceiver(  262): Copying /data/tombstones/tombstone_09 to DropBox (SYSTEM_TOMBSTONE)
I/ActivityManager(  262): Process com.android.phone (pid 1318) has died.
W/ActivityManager(  262): Canceling start item Intent { cmp=com.android.phone/.BluetoothHeadsetService } in service ComponentInfo{com.android.phone/com.android.phone.BluetoothHeadsetService}
W/ActivityManager(  262): Scheduling restart of crashed service com.android.phone/.BluetoothHeadsetService in 4594ms
I/ActivityManager(  262): Start proc com.android.phone for restart com.android.phone: pid=1340 uid=1001 gids={3002, 3001, 3003, 1015}
W/WindowManager(  262): Failure taking screenshot for (180x300) to layer 21000
D/PhoneStatusBarPolicy(  369): updateSimState for subscription :0
D/PhoneStatusBarPolicy(  369): updateSimState for subscription :0
I/BootReceiver(  262): Copying /data/tombstones/tombstone_00 to DropBox (SYSTEM_TOMBSTONE)
I/ActivityManager(  262): Process com.android.phone (pid 1340) has died.
W/ActivityManager(  262): Canceling start item Intent { cmp=com.android.phone/.BluetoothHeadsetService } in service ComponentInfo{com.android.phone/com.android.phone.BluetoothHeadsetService}
W/ActivityManager(  262): Scheduling restart of crashed service com.android.phone/.BluetoothHeadsetService in 5202ms
I/ActivityManager(  262): Start proc com.android.phone for restart com.android.phone: pid=1367 uid=1001 gids={3002, 3001, 3003, 1015}
W/WindowManager(  262): Failure taking screenshot for (180x300) to layer 21000
D/PhoneStatusBarPolicy(  369): updateSimState for subscription :0
D/PhoneStatusBarPolicy(  369): updateSimState for subscription :0
I/BootReceiver(  262): Copying /data/tombstones/tombstone_01 to DropBox (SYSTEM_TOMBSTONE)
I/ActivityManager(  262): Process com.android.phone (pid 1367) has died.
W/ActivityManager(  262): Canceling start item Intent { cmp=com.android.phone/.BluetoothHeadsetService } in service ComponentInfo{com.android.phone/com.android.phone.BluetoothHeadsetService}
W/ActivityManager(  262): Scheduling restart of crashed service com.android.phone/.BluetoothHeadsetService in 4778ms
I/ActivityManager(  262): Start proc com.android.phone for restart com.android.phone: pid=1389 uid=1001 gids={3002, 3001, 3003, 1015}
W/WindowManager(  262): Failure taking screenshot for (180x300) to layer 21000
D/PhoneStatusBarPolicy(  369): updateSimState for subscription :0
D/PhoneStatusBarPolicy(  369): updateSimState for subscription :0
I/BootReceiver(  262): Copying /data/tombstones/tombstone_02 to DropBox (SYSTEM_TOMBSTONE)
I/ActivityManager(  262): Process com.android.phone (pid 1389) has died.
W/ActivityManager(  262): Canceling start item Intent { cmp=com.android.phone/.BluetoothHeadsetService } in service ComponentInfo{com.android.phone/com.android.phone.BluetoothHeadsetService}
W/ActivityManager(  262): Scheduling restart of crashed service com.android.phone/.BluetoothHeadsetService in 4992ms
I/ActivityManager(  262): Start proc com.android.phone for restart com.android.phone: pid=1416 uid=1001 gids={3002, 3001, 3003, 1015}
W/WindowManager(  262): Failure taking screenshot for (180x300) to layer 21000
D/PhoneStatusBarPolicy(  369): updateSimState for subscription :0
D/PhoneStatusBarPolicy(  369): updateSimState for subscription :0
I/BootReceiver(  262): Copying /data/tombstones/tombstone_03 to DropBox (SYSTEM_TOMBSTONE)
I/ActivityManager(  262): Process com.android.phone (pid 1416) has died.
W/ActivityManager(  262): Canceling start item Intent { cmp=com.android.phone/.BluetoothHeadsetService } in service ComponentInfo{com.android.phone/com.android.phone.BluetoothHeadsetService}
W/ActivityManager(  262): Scheduling restart of crashed service com.android.phone/.BluetoothHeadsetService in 4770ms
I/ActivityManager(  262): Start proc com.android.phone for restart com.android.phone: pid=1439 uid=1001 gids={3002, 3001, 3003, 1015}
W/WindowManager(  262): Failure taking screenshot for (180x300) to layer 21000
D/PhoneStatusBarPolicy(  369): updateSimState for subscription :0
D/PhoneStatusBarPolicy(  369): updateSimState for subscription :0
I/BootReceiver(  262): Copying /data/tombstones/tombstone_04 to DropBox (SYSTEM_TOMBSTONE)
I/ActivityManager(  262): Process com.android.phone (pid 1439) has died.
W/ActivityManager(  262): Canceling start item Intent { cmp=com.android.phone/.BluetoothHeadsetService } in service ComponentInfo{com.android.phone/com.android.phone.BluetoothHeadsetService}
W/ActivityManager(  262): Scheduling restart of crashed service com.android.phone/.BluetoothHeadsetService in 5424ms
I/ActivityManager(  262): Start proc com.android.phone for restart com.android.phone: pid=1466 uid=1001 gids={3002, 3001, 3003, 1015}
W/WindowManager(  262): Failure taking screenshot for (180x300) to layer 21000
D/PhoneStatusBarPolicy(  369): updateSimState for subscription :0
D/PhoneStatusBarPolicy(  369): updateSimState for subscription :0
I/BootReceiver(  262): Copying /data/tombstones/tombstone_05 to DropBox (SYSTEM_TOMBSTONE)
I/ActivityManager(  262): Process com.android.phone (pid 1466) has died.
W/ActivityManager(  262): Canceling start item Intent { cmp=com.android.phone/.BluetoothHeadsetService } in service ComponentInfo{com.android.phone/com.android.phone.BluetoothHeadsetService}
W/ActivityManager(  262): Scheduling restart of crashed service com.android.phone/.BluetoothHeadsetService in 4750ms
I/ActivityManager(  262): Start proc com.android.phone for restart com.android.phone: pid=1494 uid=1001 gids={3002, 3001, 3003, 1015}
W/WindowManager(  262): Failure taking screenshot for (180x300) to layer 21000
D/PhoneStatusBarPolicy(  369): updateSimState for subscription :0
D/PhoneStatusBarPolicy(  369): updateSimState for subscription :0
I/BootReceiver(  262): Copying /data/tombstones/tombstone_06 to DropBox (SYSTEM_TOMBSTONE)
I/ActivityManager(  262): Process com.android.phone (pid 1494) has died.
W/ActivityManager(  262): Canceling start item Intent { cmp=com.android.phone/.BluetoothHeadsetService } in service ComponentInfo{com.android.phone/com.android.phone.BluetoothHeadsetService}
W/ActivityManager(  262): Scheduling restart of crashed service com.android.phone/.BluetoothHeadsetService in 5170ms
I/ActivityManager(  262): Start proc com.android.phone for restart com.android.phone: pid=1515 uid=1001 gids={3002, 3001, 3003, 1015}
W/WindowManager(  262): Failure taking screenshot for (180x300) to layer 21000
D/PhoneStatusBarPolicy(  369): updateSimState for subscription :0
D/PhoneStatusBarPolicy(  369): updateSimState for subscription :0
I/BootReceiver(  262): Copying /data/tombstones/tombstone_07 to DropBox (SYSTEM_TOMBSTONE)
I/ActivityManager(  262): Process com.android.phone (pid 1515) has died.
W/ActivityManager(  262): Canceling start item Intent { cmp=com.android.phone/.BluetoothHeadsetService } in service ComponentInfo{com.android.phone/com.android.phone.BluetoothHeadsetService}
W/ActivityManager(  262): Scheduling restart of crashed service com.android.phone/.BluetoothHeadsetService in 5722ms
I/ActivityManager(  262): Start proc com.android.phone for restart com.android.phone: pid=1545 uid=1001 gids={3002, 3001, 3003, 1015}
W/WindowManager(  262): Failure taking screenshot for (180x300) to layer 21000
D/PhoneStatusBarPolicy(  369): updateSimState for subscription :0
D/PhoneStatusBarPolicy(  369): updateSimState for subscription :0
I/BootReceiver(  262): Copying /data/tombstones/tombstone_08 to DropBox (SYSTEM_TOMBSTONE)
I/ActivityManager(  262): Process com.android.phone (pid 1545) has died.
W/ActivityManager(  262): Canceling start item Intent { cmp=com.android.phone/.BluetoothHeadsetService } in service ComponentInfo{com.android.phone/com.android.phone.BluetoothHeadsetService}
W/ActivityManager(  262): Scheduling restart of crashed service com.android.phone/.BluetoothHeadsetService in 5338ms
I/ActivityManager(  262): Start proc com.android.phone for restart com.android.phone: pid=1568 uid=1001 gids={3002, 3001, 3003, 1015}
W/WindowManager(  262): Failure taking screenshot for (180x300) to layer 21000
D/PhoneStatusBarPolicy(  369): updateSimState for subscription :0
D/PhoneStatusBarPolicy(  369): updateSimState for subscription :0
I/BootReceiver(  262): Copying /data/tombstones/tombstone_09 to DropBox (SYSTEM_TOMBSTONE)
I/ActivityManager(  262): Process com.android.phone (pid 1568) has died.
W/ActivityManager(  262): Canceling start item Intent { cmp=com.android.phone/.BluetoothHeadsetService } in service ComponentInfo{com.android.phone/com.android.phone.BluetoothHeadsetService}
W/ActivityManager(  262): Scheduling restart of crashed service com.android.phone/.BluetoothHeadsetService in 5098ms
I/ActivityManager(  262): Start proc com.android.phone for restart com.android.phone: pid=1595 uid=1001 gids={3002, 3001, 3003, 1015}
W/WindowManager(  262): Failure taking screenshot for (180x300) to layer 21000
D/PhoneStatusBarPolicy(  369): updateSimState for subscription :0
D/PhoneStatusBarPolicy(  369): updateSimState for subscription :0
I/BootReceiver(  262): Copying /data/tombstones/tombstone_00 to DropBox (SYSTEM_TOMBSTONE)
I/ActivityManager(  262): Process com.android.phone (pid 1595) has died.
W/ActivityManager(  262): Canceling start item Intent { cmp=com.android.phone/.BluetoothHeadsetService } in service ComponentInfo{com.android.phone/com.android.phone.BluetoothHeadsetService}
W/ActivityManager(  262): Scheduling restart of crashed service com.android.phone/.BluetoothHeadsetService in 4698ms
I/ActivityManager(  262): Start proc com.android.phone for restart com.android.phone: pid=1617 uid=1001 gids={3002, 3001, 3003, 1015}
W/WindowManager(  262): Failure taking screenshot for (180x300) to layer 21000
D/PhoneStatusBarPolicy(  369): updateSimState for subscription :0
D/PhoneStatusBarPolicy(  369): updateSimState for subscription :0
