I/DEBUG   ( 2321):  d0  662074696e692061  d1  7541206c61687369
I/DEBUG   ( 2321):  d2  000000040000036c  d3  4a54d02800000065
I/DEBUG   ( 2321):  d4  006f006900640075  d5  0069006c006f0050
I/DEBUG   ( 2321):  d6  0065005300790063  d7  0063006900760072
I/DEBUG   ( 2321):  d8  0000000000000000  d9  0000000000000000
I/DEBUG   ( 2321):  d10 0000000000000000  d11 0000000000000000
I/DEBUG   ( 2321):  d12 0000000000000000  d13 0000000000000000
I/DEBUG   ( 2321):  d14 0000000000000000  d15 0000000000000000
I/DEBUG   ( 2321):  d16 3fd43d135cda918c  d17 3ffc63194c570da5
I/DEBUG   ( 2321):  d18 4000000000000000  d19 3fcce7359d4792d9
I/DEBUG   ( 2321):  d20 3f11504c292739d4  d21 bebbb371092382c4
I/DEBUG   ( 2321):  d22 3ff0000000000000  d23 3ff43d135cda918c
I/DEBUG   ( 2321):  d24 3e66376972bea4d0  d25 3fc39a09d078c69f
I/DEBUG   ( 2321):  d26 0000000000000000  d27 0000000000000000
I/DEBUG   ( 2321):  d28 0000000000000000  d29 0000000000000000
I/DEBUG   ( 2321):  d30 0000000000000000  d31 0000000000000000
I/DEBUG   ( 2321):  scr 20000012
I/DEBUG   ( 2321): 
I/DEBUG   ( 2321):          #00  pc 00037506  /system/lib/libmedia.so (_ZN7android10AudioTrackD2Ev)
I/DEBUG   ( 2321):          #01  pc 00045c26  /system/lib/libmedia.so (_ZN7android13ToneGeneratorD1Ev)
I/DEBUG   ( 2321):          #02  pc 0006e1d4  /system/lib/libandroid_runtime.so
I/DEBUG   ( 2321):          #03  pc 0001ecb0  /system/lib/libdvm.so (dvmPlatformInvoke)
I/DEBUG   ( 2321):          #04  pc 0005884a  /system/lib/libdvm.so (_Z16dvmCallJNIMethodPKjP6JValuePK6MethodP6Thread)
I/DEBUG   ( 2321): 
I/DEBUG   ( 2321): code around pc:
I/DEBUG   ( 2321): 409194e4 463b9308 f8cd9506 f7ff901c 62e0fe81  ..;F...........b
I/DEBUG   ( 2321): 409194f4 f7fe4628 4620fced e8bdb00d bf0083f0  (F.... F........
I/DEBUG   ( 2321): 40919504 6ac5b570 2d004604 f7ffd134 68a0fc89  p..j.F.-4......h
I/DEBUG   ( 2321): 40919514 f7fdb160 68a3eafa 681ab143 0108f104  `......hC..h....
I/DEBUG   ( 2321): 40919524 0c0cf852 f7fd1818 60a5ea5a b1136823  R.......Z..`#h..
I/DEBUG   ( 2321): 
I/DEBUG   ( 2321): code around lr:
I/DEBUG   ( 2321): 40927c08 bd7ceece 0000adf0 0000ae9c 6ac3b570  ..|.........p..j
I/DEBUG   ( 2321): 40927c18 b14b4604 ffc6f7ff b12d6ae5 f7f14628  .FK......j-.(F..
I/DEBUG   ( 2321): 40927c28 4628fc6d eea2f7ee 0048f104 ff10f7ff  m.(F......H.....
I/DEBUG   ( 2321): 40927c38 0038f104 ea42f7ef 0034f104 ee84f7ee  ..8...B...4.....
I/DEBUG   ( 2321): 40927c48 0030f104 ee80f7ee bd704620 b5f72963  ..0..... Fp.c)..
I/DEBUG   ( 2321): 
I/DEBUG   ( 2321): memory map around addr 6974618f:
I/DEBUG   ( 2321): 4aecc000-4afcb000 
I/DEBUG   ( 2321): (no map for address)
I/DEBUG   ( 2321): b0001000-b0009000 /system/bin/linker
I/DEBUG   ( 2321): 
I/DEBUG   ( 2321): stack:
I/DEBUG   ( 2321):     bef4f578  00000000  
I/DEBUG   ( 2321):     bef4f57c  001426b0  [heap]
I/DEBUG   ( 2321):     bef4f580  401a14b0  
I/DEBUG   ( 2321):     bef4f584  4081905d  /system/lib/libdvm.so
I/DEBUG   ( 2321):     bef4f588  3dd00019  
I/DEBUG   ( 2321):     bef4f58c  46178c28  
I/DEBUG   ( 2321):     bef4f590  001426b0  [heap]
I/DEBUG   ( 2321):     bef4f594  001426e0  [heap]
I/DEBUG   ( 2321):     bef4f598  401a14b0  
I/DEBUG   ( 2321):     bef4f59c  4081905d  /system/lib/libdvm.so
I/DEBUG   ( 2321):     bef4f5a0  3dd00019  
I/DEBUG   ( 2321):     bef4f5a4  46178c28  
I/DEBUG   ( 2321):     bef4f5a8  00000000  
I/DEBUG   ( 2321):     bef4f5ac  40927c0b  /system/lib/libmedia.so
I/DEBUG   ( 2321):     bef4f5b0  df0027ad  
I/DEBUG   ( 2321):     bef4f5b4  00000000  
I/DEBUG   ( 2321): #00 bef4f5b8  001426b0  [heap]
I/DEBUG   ( 2321):     bef4f5bc  69746163  
I/DEBUG   ( 2321):     bef4f5c0  401a14b0  
I/DEBUG   ( 2321):     bef4f5c4  40927c2b  /system/lib/libmedia.so
I/DEBUG   ( 2321): #01 bef4f5c8  001426b0  [heap]
I/DEBUG   ( 2321):     bef4f5cc  0000f2c8  [heap]
I/DEBUG   ( 2321):     bef4f5d0  401a14b0  
I/DEBUG   ( 2321):     bef4f5d4  4017a1d7  /system/lib/libandroid_runtime.so
I/BootReceiver(  262): Copying /data/tombstones/tombstone_02 to DropBox (SYSTEM_TOMBSTONE)
I/ActivityManager(  262): Process com.android.phone (pid 3907) has died.
W/ActivityManager(  262): Canceling start item Intent { cmp=com.android.phone/.BluetoothHeadsetService } in service ComponentInfo{com.android.phone/com.android.phone.BluetoothHeadsetService}
W/ActivityManager(  262): Scheduling restart of crashed service com.android.phone/.BluetoothHeadsetService in 4874ms
I/WindowManager(  262): SCREENLAYOUT_SIZE (1:small, 2:normal, 3:large, 4:xlarge) 2
E/libEGL  (  262): called unimplemented OpenGL ES API
E/libEGL  (  262): called unimplemented OpenGL ES API
E/libEGL  (  262): called unimplemented OpenGL ES API
E/libEGL  (  262): called unimplemented OpenGL ES API
E/libEGL  (  262): called unimplemented OpenGL ES API
E/libEGL  (  262): called unimplemented OpenGL ES API
E/libEGL  (  262): called unimplemented OpenGL ES API
E/libEGL  (  262): called unimplemented OpenGL ES API
E/libEGL  (  262): called unimplemented OpenGL ES API
E/libEGL  (  262): called unimplemented OpenGL ES API
I/ActivityManager(  262): Start proc com.android.phone for restart com.android.phone: pid=3929 uid=1001 gids={3002, 3001, 3003, 1015}
W/WindowManager(  262): Failure taking screenshot for (180x300) to layer 21000
I/ActivityThread( 3929): Pub mms: com.android.providers.telephony.MmsProvider
I/ActivityThread( 3929): Pub sms: com.android.providers.telephony.SmsProvider
I/ActivityThread( 3929): Pub telephony: com.android.providers.telephony.TelephonyProvider
W/TelephonyProvider( 3929): onCreate: confFile=/system/etc/apns-conf.xml oldCheckSum=3358775275
W/TelephonyProvider( 3929): onCreate: newCheckSum=3358775275
I/ActivityThread( 3929): Pub icc: com.android.phone.IccProvider
I/ActivityThread( 3929): Pub mms-sms: com.android.providers.telephony.MmsSmsProvider
D/PhoneApp( 3929): non dsds PhoneApp:
D/CallManager( 3929): registerPhone(CDMA Handler (com.android.internal.telephony.PhoneProxy) {412c65d0})
D/PhoneStatusBarPolicy(  369): updateSimState for subscription :0
D/PhoneStatusBarPolicy(  369): updateSimState for subscription :0
D/PhoneInterfaceManager( 3929):  Registering for UNSOL OEM HOOK Responses to deliver external apps
D/Bluetooth HS/HF( 3929): CDMA call state: IDLE prev state:IDLE
E/ToneGenerator( 3929): Unable to marshal AudioFlinger
E/ToneGenerator( 3929): ToneGenerator init failed 
F/libc    ( 3929): Fatal signal 11 (SIGSEGV) at 0x004d0091 (code=1)
I/DEBUG   ( 2321): *** *** *** *** *** *** *** *** *** *** *** *** *** *** *** ***
I/DEBUG   ( 2321): Build fingerprint: 'qcom/msm8660_surf/msm8660_surf:4.0.3/IML74K/eng.joey.20120210.232528:eng/test-keys'
I/DEBUG   ( 2321): pid: 3929, tid: 3929  >>> com.android.phone <<<
I/DEBUG   ( 2321): signal 11 (SIGSEGV), code 1 (SEGV_MAPERR), fault addr 004d0091
I/DEBUG   ( 2321):  r0 004d0065  r1 001467c0  r2 00146790  r3 bef4f188
I/DEBUG   ( 2321):  r4 00146790  r5 004d0065  r6 401a14b0  r7 4081905d
I/DEBUG   ( 2321):  r8 3e300019  r9 46178c28  10 00000000  fp bef4f604
I/DEBUG   ( 2321):  ip 4094d048  sp bef4f5b8  lr 40927c2b  pc 40919506  cpsr 60000030
I/DEBUG   ( 2321):  d0  662074696e692061  d1  7541206c61687369
I/DEBUG   ( 2321):  d2  000000040000036c  d3  4a54d02800000065
I/DEBUG   ( 2321):  d4  006f006900640075  d5  0069006c006f0050
I/DEBUG   ( 2321):  d6  0065005300790063  d7  0063006900760072
I/DEBUG   ( 2321):  d8  0000000000000000  d9  0000000000000000
I/DEBUG   ( 2321):  d10 0000000000000000  d11 0000000000000000
I/DEBUG   ( 2321):  d12 0000000000000000  d13 0000000000000000
I/DEBUG   ( 2321):  d14 0000000000000000  d15 0000000000000000
I/DEBUG   ( 2321):  d16 3fd43d135cda918c  d17 3ffc63194c570da5
I/DEBUG   ( 2321):  d18 4000000000000000  d19 3fcce7359d4792d9
I/DEBUG   ( 2321):  d20 3f11504c292739d4  d21 bebbb371092382c4
I/DEBUG   ( 2321):  d22 3ff0000000000000  d23 3ff43d135cda918c
I/DEBUG   ( 2321):  d24 3e66376972bea4d0  d25 3fc39a09d078c69f
I/DEBUG   ( 2321):  d26 0000000000000000  d27 0000000000000000
I/DEBUG   ( 2321):  d28 0000000000000000  d29 0000000000000000
I/DEBUG   ( 2321):  d30 0000000000000000  d31 0000000000000000
I/DEBUG   ( 2321):  scr 20000012
I/DEBUG   ( 2321): 
I/DEBUG   ( 2321):          #00  pc 00037506  /system/lib/libmedia.so (_ZN7android10AudioTrackD2Ev)
I/DEBUG   ( 2321):          #01  pc 00045c26  /system/lib/libmedia.so (_ZN7android13ToneGeneratorD1Ev)
I/DEBUG   ( 2321):          #02  pc 0006e1d4  /system/lib/libandroid_runtime.so
I/DEBUG   ( 2321):          #03  pc 0001ecb0  /system/lib/libdvm.so (dvmPlatformInvoke)
I/DEBUG   ( 2321):          #04  pc 0005884a  /system/lib/libdvm.so (_Z16dvmCallJNIMethodPKjP6JValuePK6MethodP6Thread)
I/DEBUG   ( 2321): 
I/DEBUG   ( 2321): code around pc:
I/DEBUG   ( 2321): 409194e4 463b9308 f8cd9506 f7ff901c 62e0fe81  ..;F...........b
I/DEBUG   ( 2321): 409194f4 f7fe4628 4620fced e8bdb00d bf0083f0  (F.... F........
I/DEBUG   ( 2321): 40919504 6ac5b570 2d004604 f7ffd134 68a0fc89  p..j.F.-4......h
I/DEBUG   ( 2321): 40919514 f7fdb160 68a3eafa 681ab143 0108f104  `......hC..h....
I/DEBUG   ( 2321): 40919524 0c0cf852 f7fd1818 60a5ea5a b1136823  R.......Z..`#h..
I/DEBUG   ( 2321): 
I/DEBUG   ( 2321): code around lr:
I/DEBUG   ( 2321): 40927c08 bd7ceece 0000adf0 0000ae9c 6ac3b570  ..|.........p..j
I/DEBUG   ( 2321): 40927c18 b14b4604 ffc6f7ff b12d6ae5 f7f14628  .FK......j-.(F..
I/DEBUG   ( 2321): 40927c28 4628fc6d eea2f7ee 0048f104 ff10f7ff  m.(F......H.....
I/DEBUG   ( 2321): 40927c38 0038f104 ea42f7ef 0034f104 ee84f7ee  ..8...B...4.....
I/DEBUG   ( 2321): 40927c48 0030f104 ee80f7ee bd704620 b5f72963  ..0..... Fp.c)..
I/DEBUG   ( 2321): 
I/DEBUG   ( 2321): memory map around addr 004d0091:
I/DEBUG   ( 2321): 0000b000-00210000 [heap]
I/DEBUG   ( 2321): (no map for address)
I/DEBUG   ( 2321): 10000000-10001000 
I/DEBUG   ( 2321): 
I/DEBUG   ( 2321): stack:
I/DEBUG   ( 2321):     bef4f578  00000000  
I/DEBUG   ( 2321):     bef4f57c  00146790  [heap]
I/DEBUG   ( 2321):     bef4f580  401a14b0  
I/DEBUG   ( 2321):     bef4f584  4081905d  /system/lib/libdvm.so
I/DEBUG   ( 2321):     bef4f588  3e300019  
I/DEBUG   ( 2321):     bef4f58c  46178c28  
I/DEBUG   ( 2321):     bef4f590  00146790  [heap]
I/DEBUG   ( 2321):     bef4f594  001467c0  [heap]
I/DEBUG   ( 2321):     bef4f598  401a14b0  
I/DEBUG   ( 2321):     bef4f59c  4081905d  /system/lib/libdvm.so
I/DEBUG   ( 2321):     bef4f5a0  3e300019  
I/DEBUG   ( 2321):     bef4f5a4  46178c28  
I/DEBUG   ( 2321):     bef4f5a8  00000000  
I/DEBUG   ( 2321):     bef4f5ac  40927c0b  /system/lib/libmedia.so
I/DEBUG   ( 2321):     bef4f5b0  df0027ad  
I/DEBUG   ( 2321):     bef4f5b4  00000000  
I/DEBUG   ( 2321): #00 bef4f5b8  00146790  [heap]
I/DEBUG   ( 2321):     bef4f5bc  004d0065  
I/DEBUG   ( 2321):     bef4f5c0  401a14b0  
I/DEBUG   ( 2321):     bef4f5c4  40927c2b  /system/lib/libmedia.so
I/DEBUG   ( 2321): #01 bef4f5c8  00146790  [heap]
I/DEBUG   ( 2321):     bef4f5cc  0000f2c8  [heap]
I/DEBUG   ( 2321):     bef4f5d0  401a14b0  
I/DEBUG   ( 2321):     bef4f5d4  4017a1d7  /system/lib/libandroid_runtime.so
I/BootReceiver(  262): Copying /data/tombstones/tombstone_03 to DropBox (SYSTEM_TOMBSTONE)
I/ActivityManager(  262): Process com.android.phone (pid 3929) has died.
W/ActivityManager(  262): Canceling start item Intent { cmp=com.android.phone/.BluetoothHeadsetService } in service ComponentInfo{com.android.phone/com.android.phone.BluetoothHeadsetService}
W/ActivityManager(  262): Scheduling restart of crashed service com.android.phone/.BluetoothHeadsetService in 5068ms
I/WindowManager(  262): SCREENLAYOUT_SIZE (1:small, 2:normal, 3:large, 4:xlarge) 2
E/libEGL  (  262): called unimplemented OpenGL ES API
E/libEGL  (  262): called unimplemented OpenGL ES API
E/libEGL  (  262): called unimplemented OpenGL ES API
E/libEGL  (  262): called unimplemented OpenGL ES API
E/libEGL  (  262): called unimplemented OpenGL ES API
E/libEGL  (  262): called unimplemented OpenGL ES API
E/libEGL  (  262): called unimplemented OpenGL ES API
E/libEGL  (  262): called unimplemented OpenGL ES API
E/libEGL  (  262): called unimplemented OpenGL ES API
E/libEGL  (  262): called unimplemented OpenGL ES API
I/ActivityManager(  262): Start proc com.android.phone for restart com.android.phone: pid=3956 uid=1001 gids={3002, 3001, 3003, 1015}
W/WindowManager(  262): Failure taking screenshot for (180x300) to layer 21000
I/ActivityThread( 3956): Pub mms: com.android.providers.telephony.MmsProvider
I/ActivityThread( 3956): Pub sms: com.android.providers.telephony.SmsProvider
I/ActivityThread( 3956): Pub telephony: com.android.providers.telephony.TelephonyProvider
W/TelephonyProvider( 3956): onCreate: confFile=/system/etc/apns-conf.xml oldCheckSum=3358775275
W/TelephonyProvider( 3956): onCreate: newCheckSum=3358775275
I/ActivityThread( 3956): Pub icc: com.android.phone.IccProvider
I/ActivityThread( 3956): Pub mms-sms: com.android.providers.telephony.MmsSmsProvider
D/PhoneApp( 3956): non dsds PhoneApp:
D/CallManager( 3956): registerPhone(CDMA Handler (com.android.internal.telephony.PhoneProxy) {41281bf8})
D/PhoneInterfaceManager( 3956):  Registering for UNSOL OEM HOOK Responses to deliver external apps
D/PhoneStatusBarPolicy(  369): updateSimState for subscription :0
D/PhoneStatusBarPolicy(  369): updateSimState for subscription :0
D/Bluetooth HS/HF( 3956): CDMA call state: IDLE prev state:IDLE
E/ToneGenerator( 3956): Unable to marshal AudioFlinger
E/ToneGenerator( 3956): ToneGenerator init failed 
F/libc    ( 3956): Fatal signal 11 (SIGSEGV) at 0x6f542e8d (code=1)
I/DEBUG   ( 2321): *** *** *** *** *** *** *** *** *** *** *** *** *** *** *** ***
I/DEBUG   ( 2321): Build fingerprint: 'qcom/msm8660_surf/msm8660_surf:4.0.3/IML74K/eng.joey.20120210.232528:eng/test-keys'
I/DEBUG   ( 2321): pid: 3956, tid: 3956  >>> com.android.phone <<<
I/DEBUG   ( 2321): signal 11 (SIGSEGV), code 1 (SEGV_MAPERR), fault addr 6f542e8d
I/DEBUG   ( 2321):  r0 6f542e61  r1 00144ae0  r2 00144ab0  r3 bef4f188
I/DEBUG   ( 2321):  r4 00144ab0  r5 6f542e61  r6 401a14b0  r7 4081905d
I/DEBUG   ( 2321):  r8 3ee00019  r9 46178c28  10 00000000  fp bef4f604
I/DEBUG   ( 2321):  ip 4094d048  sp bef4f5b8  lr 40927c2b  pc 40919506  cpsr 60000030
I/DEBUG   ( 2321):  d0  662074696e692061  d1  7541206c61687369
I/DEBUG   ( 2321):  d2  000000040000036c  d3  4a54d02800000065
I/DEBUG   ( 2321):  d4  004d006500630069  d5  00670061006e0061
I/DEBUG   ( 2321):  d6  0000000000720065  d7  fddaaf0000000012
I/DEBUG   ( 2321):  d8  0000000000000000  d9  0000000000000000
I/DEBUG   ( 2321):  d10 0000000000000000  d11 0000000000000000
I/DEBUG   ( 2321):  d12 0000000000000000  d13 0000000000000000
I/DEBUG   ( 2321):  d14 0000000000000000  d15 0000000000000000
I/DEBUG   ( 2321):  d16 3fd43d135cda918c  d17 3ffc63194c570da5
I/DEBUG   ( 2321):  d18 4000000000000000  d19 3fcce7359d4792d9
I/DEBUG   ( 2321):  d20 3f11504c292739d4  d21 bebbb371092382c4
I/DEBUG   ( 2321):  d22 3ff0000000000000  d23 3ff43d135cda918c
I/DEBUG   ( 2321):  d24 3e66376972bea4d0  d25 3fc39a09d078c69f
I/DEBUG   ( 2321):  d26 0000000000000000  d27 0000000000000000
I/DEBUG   ( 2321):  d28 0000000000000000  d29 0000000000000000
I/DEBUG   ( 2321):  d30 0000000000000000  d31 0000000000000000
I/DEBUG   ( 2321):  scr 20000012
I/DEBUG   ( 2321): 
I/DEBUG   ( 2321):          #00  pc 00037506  /system/lib/libmedia.so (_ZN7android10AudioTrackD2Ev)
I/DEBUG   ( 2321):          #01  pc 00045c26  /system/lib/libmedia.so (_ZN7android13ToneGeneratorD1Ev)
I/DEBUG   ( 2321):          #02  pc 0006e1d4  /system/lib/libandroid_runtime.so
I/DEBUG   ( 2321):          #03  pc 0001ecb0  /system/lib/libdvm.so (dvmPlatformInvoke)
I/DEBUG   ( 2321):          #04  pc 0005884a  /system/lib/libdvm.so (_Z16dvmCallJNIMethodPKjP6JValuePK6MethodP6Thread)
I/DEBUG   ( 2321): 
I/DEBUG   ( 2321): code around pc:
I/DEBUG   ( 2321): 409194e4 463b9308 f8cd9506 f7ff901c 62e0fe81  ..;F...........b
I/DEBUG   ( 2321): 409194f4 f7fe4628 4620fced e8bdb00d bf0083f0  (F.... F........
I/DEBUG   ( 2321): 40919504 6ac5b570 2d004604 f7ffd134 68a0fc89  p..j.F.-4......h
I/DEBUG   ( 2321): 40919514 f7fdb160 68a3eafa 681ab143 0108f104  `......hC..h....
I/DEBUG   ( 2321): 40919524 0c0cf852 f7fd1818 60a5ea5a b1136823  R.......Z..`#h..
I/DEBUG   ( 2321): 
I/DEBUG   ( 2321): code around lr:
I/DEBUG   ( 2321): 40927c08 bd7ceece 0000adf0 0000ae9c 6ac3b570  ..|.........p..j
I/DEBUG   ( 2321): 40927c18 b14b4604 ffc6f7ff b12d6ae5 f7f14628  .FK......j-.(F..
I/DEBUG   ( 2321): 40927c28 4628fc6d eea2f7ee 0048f104 ff10f7ff  m.(F......H.....
I/DEBUG   ( 2321): 40927c38 0038f104 ea42f7ef 0034f104 ee84f7ee  ..8...B...4.....
I/DEBUG   ( 2321): 40927c48 0030f104 ee80f7ee bd704620 b5f72963  ..0..... Fp.c)..
I/DEBUG   ( 2321): 
I/DEBUG   ( 2321): memory map around addr 6f542e8d:
I/DEBUG   ( 2321): 4aecc000-4afcb000 
I/DEBUG   ( 2321): (no map for address)
I/DEBUG   ( 2321): b0001000-b0009000 /system/bin/linker
I/DEBUG   ( 2321): 
I/DEBUG   ( 2321): stack:
I/DEBUG   ( 2321):     bef4f578  00000000  
I/DEBUG   ( 2321):     bef4f57c  00144ab0  [heap]
I/DEBUG   ( 2321):     bef4f580  401a14b0  
I/DEBUG   ( 2321):     bef4f584  4081905d  /system/lib/libdvm.so
I/DEBUG   ( 2321):     bef4f588  3ee00019  
I/DEBUG   ( 2321):     bef4f58c  46178c28  
I/DEBUG   ( 2321):     bef4f590  00144ab0  [heap]
I/DEBUG   ( 2321):     bef4f594  00144ae0  [heap]
I/DEBUG   ( 2321):     bef4f598  401a14b0  
I/DEBUG   ( 2321):     bef4f59c  4081905d  /system/lib/libdvm.so
I/DEBUG   ( 2321):     bef4f5a0  3ee00019  
I/DEBUG   ( 2321):     bef4f5a4  46178c28  
I/DEBUG   ( 2321):     bef4f5a8  00000000  
I/DEBUG   ( 2321):     bef4f5ac  40927c0b  /system/lib/libmedia.so
I/DEBUG   ( 2321):     bef4f5b0  df0027ad  
I/DEBUG   ( 2321):     bef4f5b4  00000000  
I/DEBUG   ( 2321): #00 bef4f5b8  00144ab0  [heap]
I/DEBUG   ( 2321):     bef4f5bc  6f542e61  
I/DEBUG   ( 2321):     bef4f5c0  401a14b0  
I/DEBUG   ( 2321):     bef4f5c4  40927c2b  /system/lib/libmedia.so
I/DEBUG   ( 2321): #01 bef4f5c8  00144ab0  [heap]
I/DEBUG   ( 2321):     bef4f5cc  0000f2c8  [heap]
I/DEBUG   ( 2321):     bef4f5d0  401a14b0  
I/DEBUG   ( 2321):     bef4f5d4  4017a1d7  /system/lib/libandroid_runtime.so
I/BootReceiver(  262): Copying /data/tombstones/tombstone_04 to DropBox (SYSTEM_TOMBSTONE)
I/ActivityManager(  262): Process com.android.phone (pid 3956) has died.
W/ActivityManager(  262): Canceling start item Intent { cmp=com.android.phone/.BluetoothHeadsetService } in service ComponentInfo{com.android.phone/com.android.phone.BluetoothHeadsetService}
W/ActivityManager(  262): Scheduling restart of crashed service com.android.phone/.BluetoothHeadsetService in 5328ms
I/WindowManager(  262): SCREENLAYOUT_SIZE (1:small, 2:normal, 3:large, 4:xlarge) 2
E/libEGL  (  262): called unimplemented OpenGL ES API
E/libEGL  (  262): called unimplemented OpenGL ES API
E/libEGL  (  262): called unimplemented OpenGL ES API
E/libEGL  (  262): called unimplemented OpenGL ES API
E/libEGL  (  262): called unimplemented OpenGL ES API
E/libEGL  (  262): called unimplemented OpenGL ES API
E/libEGL  (  262): called unimplemented OpenGL ES API
E/libEGL  (  262): called unimplemented OpenGL ES API
E/libEGL  (  262): called unimplemented OpenGL ES API
E/libEGL  (  262): called unimplemented OpenGL ES API
I/ActivityManager(  262): Start proc com.android.phone for restart com.android.phone: pid=3978 uid=1001 gids={3002, 3001, 3003, 1015}
W/WindowManager(  262): Failure taking screenshot for (180x300) to layer 21000
I/ActivityThread( 3978): Pub mms: com.android.providers.telephony.MmsProvider
I/ActivityThread( 3978): Pub sms: com.android.providers.telephony.SmsProvider
I/ActivityThread( 3978): Pub telephony: com.android.providers.telephony.TelephonyProvider
W/TelephonyProvider( 3978): onCreate: confFile=/system/etc/apns-conf.xml oldCheckSum=3358775275
W/TelephonyProvider( 3978): onCreate: newCheckSum=3358775275
I/ActivityThread( 3978): Pub icc: com.android.phone.IccProvider
I/ActivityThread( 3978): Pub mms-sms: com.android.providers.telephony.MmsSmsProvider
D/PhoneApp( 3978): non dsds PhoneApp:
D/PhoneStatusBarPolicy(  369): updateSimState for subscription :0
D/CallManager( 3978): registerPhone(CDMA Handler (com.android.internal.telephony.PhoneProxy) {412ed2c0})
D/PhoneInterfaceManager( 3978):  Registering for UNSOL OEM HOOK Responses to deliver external apps
D/PhoneStatusBarPolicy(  369): updateSimState for subscription :0
D/Bluetooth HS/HF( 3978): CDMA call state: IDLE prev state:IDLE
E/ToneGenerator( 3978): Unable to marshal AudioFlinger
E/ToneGenerator( 3978): ToneGenerator init failed 
F/libc    ( 3978): Fatal signal 11 (SIGSEGV) at 0x0000005d (code=1)
I/DEBUG   ( 2321): *** *** *** *** *** *** *** *** *** *** *** *** *** *** *** ***
I/DEBUG   ( 2321): Build fingerprint: 'qcom/msm8660_surf/msm8660_surf:4.0.3/IML74K/eng.joey.20120210.232528:eng/test-keys'
I/DEBUG   ( 2321): pid: 3978, tid: 3978  >>> com.android.phone <<<
I/DEBUG   ( 2321): signal 11 (SIGSEGV), code 1 (SEGV_MAPERR), fault addr 0000005d
I/DEBUG   ( 2321):  r0 00000031  r1 00146818  r2 001467e8  r3 bef4f188
I/DEBUG   ( 2321):  r4 001467e8  r5 00000031  r6 401a14b0  r7 4081905d
I/DEBUG   ( 2321):  r8 3fe00019  r9 46178c28  10 00000000  fp bef4f604
I/DEBUG   ( 2321):  ip 4094d048  sp bef4f5b8  lr 40927c2b  pc 40919506  cpsr 60000030
I/DEBUG   ( 2321):  d0  662074696e692061  d1  7541206c61687369
I/DEBUG   ( 2321):  d2  000000040000036c  d3  4a54d02800000065
I/DEBUG   ( 2321):  d4  006f006900640075  d5  0069006c006f0050
I/DEBUG   ( 2321):  d6  0065005300790063  d7  0063006900760072
I/DEBUG   ( 2321):  d8  0000000000000000  d9  0000000000000000
I/DEBUG   ( 2321):  d10 0000000000000000  d11 0000000000000000
I/DEBUG   ( 2321):  d12 0000000000000000  d13 0000000000000000
I/DEBUG   ( 2321):  d14 0000000000000000  d15 0000000000000000
I/DEBUG   ( 2321):  d16 3fd43d135cda918c  d17 3ffc63194c570da5
I/DEBUG   ( 2321):  d18 4000000000000000  d19 3fcce7359d4792d9
I/DEBUG   ( 2321):  d20 3f11504c292739d4  d21 bebbb371092382c4
I/DEBUG   ( 2321):  d22 3ff0000000000000  d23 3ff43d135cda918c
I/DEBUG   ( 2321):  d24 3e66376972bea4d0  d25 3fc39a09d078c69f
I/DEBUG   ( 2321):  d26 0000000000000000  d27 0000000000000000
I/DEBUG   ( 2321):  d28 0000000000000000  d29 0000000000000000
I/DEBUG   ( 2321):  d30 0000000000000000  d31 0000000000000000
I/DEBUG   ( 2321):  scr 20000012
I/DEBUG   ( 2321): 
I/DEBUG   ( 2321):          #00  pc 00037506  /system/lib/libmedia.so (_ZN7android10AudioTrackD2Ev)
I/DEBUG   ( 2321):          #01  pc 00045c26  /system/lib/libmedia.so (_ZN7android13ToneGeneratorD1Ev)
I/DEBUG   ( 2321):          #02  pc 0006e1d4  /system/lib/libandroid_runtime.so
I/DEBUG   ( 2321):          #03  pc 0001ecb0  /system/lib/libdvm.so (dvmPlatformInvoke)
I/DEBUG   ( 2321):          #04  pc 0005884a  /system/lib/libdvm.so (_Z16dvmCallJNIMethodPKjP6JValuePK6MethodP6Thread)
I/DEBUG   ( 2321): 
I/DEBUG   ( 2321): code around pc:
I/DEBUG   ( 2321): 409194e4 463b9308 f8cd9506 f7ff901c 62e0fe81  ..;F...........b
I/DEBUG   ( 2321): 409194f4 f7fe4628 4620fced e8bdb00d bf0083f0  (F.... F........
I/DEBUG   ( 2321): 40919504 6ac5b570 2d004604 f7ffd134 68a0fc89  p..j.F.-4......h
I/DEBUG   ( 2321): 40919514 f7fdb160 68a3eafa 681ab143 0108f104  `......hC..h....
I/DEBUG   ( 2321): 40919524 0c0cf852 f7fd1818 60a5ea5a b1136823  R.......Z..`#h..
I/DEBUG   ( 2321): 
I/DEBUG   ( 2321): code around lr:
I/DEBUG   ( 2321): 40927c08 bd7ceece 0000adf0 0000ae9c 6ac3b570  ..|.........p..j
I/DEBUG   ( 2321): 40927c18 b14b4604 ffc6f7ff b12d6ae5 f7f14628  .FK......j-.(F..
I/DEBUG   ( 2321): 40927c28 4628fc6d eea2f7ee 0048f104 ff10f7ff  m.(F......H.....
I/DEBUG   ( 2321): 40927c38 0038f104 ea42f7ef 0034f104 ee84f7ee  ..8...B...4.....
I/DEBUG   ( 2321): 40927c48 0030f104 ee80f7ee bd704620 b5f72963  ..0..... Fp.c)..
I/DEBUG   ( 2321): 
I/DEBUG   ( 2321): stack:
I/DEBUG   ( 2321):     bef4f578  00000000  
I/DEBUG   ( 2321):     bef4f57c  001467e8  [heap]
I/DEBUG   ( 2321):     bef4f580  401a14b0  
I/DEBUG   ( 2321):     bef4f584  4081905d  /system/lib/libdvm.so
I/DEBUG   ( 2321):     bef4f588  3fe00019  
I/DEBUG   ( 2321):     bef4f58c  46178c28  
I/DEBUG   ( 2321):     bef4f590  001467e8  [heap]
I/DEBUG   ( 2321):     bef4f594  00146818  [heap]
I/DEBUG   ( 2321):     bef4f598  401a14b0  
I/DEBUG   ( 2321):     bef4f59c  4081905d  /system/lib/libdvm.so
I/DEBUG   ( 2321):     bef4f5a0  3fe00019  
I/DEBUG   ( 2321):     bef4f5a4  46178c28  
I/DEBUG   ( 2321):     bef4f5a8  00000000  
I/DEBUG   ( 2321):     bef4f5ac  40927c0b  /system/lib/libmedia.so
I/DEBUG   ( 2321):     bef4f5b0  df0027ad  
I/DEBUG   ( 2321):     bef4f5b4  00000000  
I/DEBUG   ( 2321): #00 bef4f5b8  001467e8  [heap]
I/DEBUG   ( 2321):     bef4f5bc  00000031  
I/DEBUG   ( 2321):     bef4f5c0  401a14b0  
I/DEBUG   ( 2321):     bef4f5c4  40927c2b  /system/lib/libmedia.so
I/DEBUG   ( 2321): #01 bef4f5c8  001467e8  [heap]
I/DEBUG   ( 2321):     bef4f5cc  0000f2c8  [heap]
I/DEBUG   ( 2321):     bef4f5d0  401a14b0  
I/DEBUG   ( 2321):     bef4f5d4  4017a1d7  /system/lib/libandroid_runtime.so
I/BootReceiver(  262): Copying /data/tombstones/tombstone_05 to DropBox (SYSTEM_TOMBSTONE)
I/ActivityManager(  262): Process com.android.phone (pid 3978) has died.
W/ActivityManager(  262): Canceling start item Intent { cmp=com.android.phone/.BluetoothHeadsetService } in service ComponentInfo{com.android.phone/com.android.phone.BluetoothHeadsetService}
W/ActivityManager(  262): Scheduling restart of crashed service com.android.phone/.BluetoothHeadsetService in 5490ms
I/ActivityManager(  262): Start proc com.android.phone for restart com.android.phone: pid=4005 uid=1001 gids={3002, 3001, 3003, 1015}
I/WindowManager(  262): SCREENLAYOUT_SIZE (1:small, 2:normal, 3:large, 4:xlarge) 2
E/libEGL  (  262): called unimplemented OpenGL ES API
E/libEGL  (  262): called unimplemented OpenGL ES API
E/libEGL  (  262): called unimplemented OpenGL ES API
E/libEGL  (  262): called unimplemented OpenGL ES API
E/libEGL  (  262): called unimplemented OpenGL ES API
E/libEGL  (  262): called unimplemented OpenGL ES API
E/libEGL  (  262): called unimplemented OpenGL ES API
E/libEGL  (  262): called unimplemented OpenGL ES API
E/libEGL  (  262): called unimplemented OpenGL ES API
E/libEGL  (  262): called unimplemented OpenGL ES API
W/WindowManager(  262): Failure taking screenshot for (180x300) to layer 21000
I/ActivityThread( 4005): Pub mms: com.android.providers.telephony.MmsProvider
I/ActivityThread( 4005): Pub sms: com.android.providers.telephony.SmsProvider
I/ActivityThread( 4005): Pub telephony: com.android.providers.telephony.TelephonyProvider
W/TelephonyProvider( 4005): onCreate: confFile=/system/etc/apns-conf.xml oldCheckSum=3358775275
W/TelephonyProvider( 4005): onCreate: newCheckSum=3358775275
I/ActivityThread( 4005): Pub icc: com.android.phone.IccProvider
I/ActivityThread( 4005): Pub mms-sms: com.android.providers.telephony.MmsSmsProvider
D/PhoneApp( 4005): non dsds PhoneApp:
D/CallManager( 4005): registerPhone(CDMA Handler (com.android.internal.telephony.PhoneProxy) {412e0280})
D/PhoneInterfaceManager( 4005):  Registering for UNSOL OEM HOOK Responses to deliver external apps
D/PhoneStatusBarPolicy(  369): updateSimState for subscription :0
D/PhoneStatusBarPolicy(  369): updateSimState for subscription :0
D/Bluetooth HS/HF( 4005): CDMA call state: IDLE prev state:IDLE
E/ToneGenerator( 4005): Unable to marshal AudioFlinger
E/ToneGenerator( 4005): ToneGenerator init failed 
F/libc    ( 4005): Fatal signal 11 (SIGSEGV) at 0x004d0091 (code=1)
I/DEBUG   ( 2321): *** *** *** *** *** *** *** *** *** *** *** *** *** *** *** ***
I/DEBUG   ( 2321): Build fingerprint: 'qcom/msm8660_surf/msm8660_surf:4.0.3/IML74K/eng.joey.20120210.232528:eng/test-keys'
I/DEBUG   ( 2321): pid: 4005, tid: 4005  >>> com.android.phone <<<
I/DEBUG   ( 2321): signal 11 (SIGSEGV), code 1 (SEGV_MAPERR), fault addr 004d0091
I/DEBUG   ( 2321):  r0 004d0065  r1 00136970  r2 00136940  r3 bef4f188
I/DEBUG   ( 2321):  r4 00136940  r5 004d0065  r6 401a14b0  r7 4081905d
I/DEBUG   ( 2321):  r8 41100019  r9 46178c28  10 00000000  fp bef4f604
I/DEBUG   ( 2321):  ip 4094d048  sp bef4f5b8  lr 40927c2b  pc 40919506  cpsr 60000030
I/DEBUG   ( 2321):  d0  662074696e692061  d1  7541206c61687369
I/DEBUG   ( 2321):  d2  000000040000036c  d3  4a54d02800000065
I/DEBUG   ( 2321):  d4  006f006900640075  d5  0069006c006f0050
I/DEBUG   ( 2321):  d6  0065005300790063  d7  0063006900760072
I/DEBUG   ( 2321):  d8  0000000000000000  d9  0000000000000000
I/DEBUG   ( 2321):  d10 0000000000000000  d11 0000000000000000
I/DEBUG   ( 2321):  d12 0000000000000000  d13 0000000000000000
I/DEBUG   ( 2321):  d14 0000000000000000  d15 0000000000000000
I/DEBUG   ( 2321):  d16 3fd43d135cda918c  d17 3ffc63194c570da5
I/DEBUG   ( 2321):  d18 4000000000000000  d19 3fcce7359d4792d9
I/DEBUG   ( 2321):  d20 3f11504c292739d4  d21 bebbb371092382c4
I/DEBUG   ( 2321):  d22 3ff0000000000000  d23 3ff43d135cda918c
I/DEBUG   ( 2321):  d24 3e66376972bea4d0  d25 3fc39a09d078c69f
I/DEBUG   ( 2321):  d26 0000000000000000  d27 0000000000000000
I/DEBUG   ( 2321):  d28 0000000000000000  d29 0000000000000000
I/DEBUG   ( 2321):  d30 0000000000000000  d31 0000000000000000
I/DEBUG   ( 2321):  scr 20000012
I/DEBUG   ( 2321): 
I/DEBUG   ( 2321):          #00  pc 00037506  /system/lib/libmedia.so (_ZN7android10AudioTrackD2Ev)
I/DEBUG   ( 2321):          #01  pc 00045c26  /system/lib/libmedia.so (_ZN7android13ToneGeneratorD1Ev)
I/DEBUG   ( 2321):          #02  pc 0006e1d4  /system/lib/libandroid_runtime.so
I/DEBUG   ( 2321):          #03  pc 0001ecb0  /system/lib/libdvm.so (dvmPlatformInvoke)
I/DEBUG   ( 2321):          #04  pc 0005884a  /system/lib/libdvm.so (_Z16dvmCallJNIMethodPKjP6JValuePK6MethodP6Thread)
I/DEBUG   ( 2321): 
I/DEBUG   ( 2321): code around pc:
I/DEBUG   ( 2321): 409194e4 463b9308 f8cd9506 f7ff901c 62e0fe81  ..;F...........b
I/DEBUG   ( 2321): 409194f4 f7fe4628 4620fced e8bdb00d bf0083f0  (F.... F........
I/DEBUG   ( 2321): 40919504 6ac5b570 2d004604 f7ffd134 68a0fc89  p..j.F.-4......h
I/DEBUG   ( 2321): 40919514 f7fdb160 68a3eafa 681ab143 0108f104  `......hC..h....
I/DEBUG   ( 2321): 40919524 0c0cf852 f7fd1818 60a5ea5a b1136823  R.......Z..`#h..
I/DEBUG   ( 2321): 
I/DEBUG   ( 2321): code around lr:
I/DEBUG   ( 2321): 40927c08 bd7ceece 0000adf0 0000ae9c 6ac3b570  ..|.........p..j
I/DEBUG   ( 2321): 40927c18 b14b4604 ffc6f7ff b12d6ae5 f7f14628  .FK......j-.(F..
I/DEBUG   ( 2321): 40927c28 4628fc6d eea2f7ee 0048f104 ff10f7ff  m.(F......H.....
I/DEBUG   ( 2321): 40927c38 0038f104 ea42f7ef 0034f104 ee84f7ee  ..8...B...4.....
I/DEBUG   ( 2321): 40927c48 0030f104 ee80f7ee bd704620 b5f72963  ..0..... Fp.c)..
I/DEBUG   ( 2321): 
I/DEBUG   ( 2321): memory map around addr 004d0091:
I/DEBUG   ( 2321): 0000b000-0020f000 [heap]
I/DEBUG   ( 2321): (no map for address)
I/DEBUG   ( 2321): 10000000-10001000 
I/DEBUG   ( 2321): 
I/DEBUG   ( 2321): stack:
I/DEBUG   ( 2321):     bef4f578  00000000  
I/DEBUG   ( 2321):     bef4f57c  00136940  [heap]
I/DEBUG   ( 2321):     bef4f580  401a14b0  
I/DEBUG   ( 2321):     bef4f584  4081905d  /system/lib/libdvm.so
I/DEBUG   ( 2321):     bef4f588  41100019  /dev/ashmem/dalvik-heap (deleted)
I/DEBUG   ( 2321):     bef4f58c  46178c28  
I/DEBUG   ( 2321):     bef4f590  00136940  [heap]
I/DEBUG   ( 2321):     bef4f594  00136970  [heap]
I/DEBUG   ( 2321):     bef4f598  401a14b0  
I/DEBUG   ( 2321):     bef4f59c  4081905d  /system/lib/libdvm.so
I/DEBUG   ( 2321):     bef4f5a0  41100019  /dev/ashmem/dalvik-heap (deleted)
I/DEBUG   ( 2321):     bef4f5a4  46178c28  
I/DEBUG   ( 2321):     bef4f5a8  00000000  
I/DEBUG   ( 2321):     bef4f5ac  40927c0b  /system/lib/libmedia.so
I/DEBUG   ( 2321):     bef4f5b0  df0027ad  
I/DEBUG   ( 2321):     bef4f5b4  00000000  
I/DEBUG   ( 2321): #00 bef4f5b8  00136940  [heap]
I/DEBUG   ( 2321):     bef4f5bc  004d0065  
I/DEBUG   ( 2321):     bef4f5c0  401a14b0  
I/DEBUG   ( 2321):     bef4f5c4  40927c2b  /system/lib/libmedia.so
I/DEBUG   ( 2321): #01 bef4f5c8  00136940  [heap]
I/DEBUG   ( 2321):     bef4f5cc  0000f2c8  [heap]
I/DEBUG   ( 2321):     bef4f5d0  401a14b0  
I/DEBUG   ( 2321):     bef4f5d4  4017a1d7  /system/lib/libandroid_runtime.so
I/BootReceiver(  262): Copying /data/tombstones/tombstone_06 to DropBox (SYSTEM_TOMBSTONE)
I/ActivityManager(  262): Process com.android.phone (pid 4005) has died.
W/ActivityManager(  262): Canceling start item Intent { cmp=com.android.phone/.BluetoothHeadsetService } in service ComponentInfo{com.android.phone/com.android.phone.BluetoothHeadsetService}
W/ActivityManager(  262): Scheduling restart of crashed service com.android.phone/.BluetoothHeadsetService in 5112ms
I/WindowManager(  262): SCREENLAYOUT_SIZE (1:small, 2:normal, 3:large, 4:xlarge) 2
I/ActivityManager(  262): Start proc com.android.phone for restart com.android.phone: pid=4027 uid=1001 gids={3002, 3001, 3003, 1015}
E/libEGL  (  262): called unimplemented OpenGL ES API
E/libEGL  (  262): called unimplemented OpenGL ES API
E/libEGL  (  262): called unimplemented OpenGL ES API
E/libEGL  (  262): called unimplemented OpenGL ES API
E/libEGL  (  262): called unimplemented OpenGL ES API
E/libEGL  (  262): called unimplemented OpenGL ES API
E/libEGL  (  262): called unimplemented OpenGL ES API
E/libEGL  (  262): called unimplemented OpenGL ES API
E/libEGL  (  262): called unimplemented OpenGL ES API
E/libEGL  (  262): called unimplemented OpenGL ES API
W/WindowManager(  262): Failure taking screenshot for (180x300) to layer 21000
I/ActivityThread( 4027): Pub mms: com.android.providers.telephony.MmsProvider
I/ActivityThread( 4027): Pub sms: com.android.providers.telephony.SmsProvider
I/ActivityThread( 4027): Pub telephony: com.android.providers.telephony.TelephonyProvider
W/TelephonyProvider( 4027): onCreate: confFile=/system/etc/apns-conf.xml oldCheckSum=3358775275
W/TelephonyProvider( 4027): onCreate: newCheckSum=3358775275
I/ActivityThread( 4027): Pub icc: com.android.phone.IccProvider
I/ActivityThread( 4027): Pub mms-sms: com.android.providers.telephony.MmsSmsProvider
D/PhoneApp( 4027): non dsds PhoneApp:
D/CallManager( 4027): registerPhone(CDMA Handler (com.android.internal.telephony.PhoneProxy) {41282e08})
D/PhoneStatusBarPolicy(  369): updateSimState for subscription :0
D/PhoneInterfaceManager( 4027):  Registering for UNSOL OEM HOOK Responses to deliver external apps
D/PhoneStatusBarPolicy(  369): updateSimState for subscription :0
D/Bluetooth HS/HF( 4027): CDMA call state: IDLE prev state:IDLE
E/ToneGenerator( 4027): Unable to marshal AudioFlinger
E/ToneGenerator( 4027): ToneGenerator init failed 
F/libc    ( 4027): Fatal signal 11 (SIGSEGV) at 0x6f542e8d (code=1)
I/DEBUG   ( 2321): *** *** *** *** *** *** *** *** *** *** *** *** *** *** *** ***
I/DEBUG   ( 2321): Build fingerprint: 'qcom/msm8660_surf/msm8660_surf:4.0.3/IML74K/eng.joey.20120210.232528:eng/test-keys'
I/DEBUG   ( 2321): pid: 4027, tid: 4027  >>> com.android.phone <<<
I/DEBUG   ( 2321): signal 11 (SIGSEGV), code 1 (SEGV_MAPERR), fault addr 6f542e8d
I/DEBUG   ( 2321):  r0 6f542e61  r1 0013ee28  r2 0013edf8  r3 bef4f188
I/DEBUG   ( 2321):  r4 0013edf8  r5 6f542e61  r6 401a14b0  r7 4081905d
I/DEBUG   ( 2321):  r8 41700019  r9 46178c28  10 00000000  fp bef4f604
I/DEBUG   ( 2321):  ip 4094d048  sp bef4f5b8  lr 40927c2b  pc 40919506  cpsr 60000030
I/DEBUG   ( 2321):  d0  662074696e692061  d1  7541206c61687369
I/DEBUG   ( 2321):  d2  000000040000036c  d3  4a54d02800000065
I/DEBUG   ( 2321):  d4  0076007200650053  d5  004d006500630069
I/DEBUG   ( 2321):  d6  00670061006e0061  d7  0000000000720065
I/DEBUG   ( 2321):  d8  0000000000000000  d9  0000000000000000
I/DEBUG   ( 2321):  d10 0000000000000000  d11 0000000000000000
I/DEBUG   ( 2321):  d12 0000000000000000  d13 0000000000000000
I/DEBUG   ( 2321):  d14 0000000000000000  d15 0000000000000000
I/DEBUG   ( 2321):  d16 3fd43d135cda918c  d17 3ffc63194c570da5
I/DEBUG   ( 2321):  d18 4000000000000000  d19 3fcce7359d4792d9
I/DEBUG   ( 2321):  d20 3f11504c292739d4  d21 bebbb371092382c4
I/DEBUG   ( 2321):  d22 3ff0000000000000  d23 3ff43d135cda918c
I/DEBUG   ( 2321):  d24 3e66376972bea4d0  d25 3fc39a09d078c69f
I/DEBUG   ( 2321):  d26 0000000000000000  d27 0000000000000000
I/DEBUG   ( 2321):  d28 0000000000000000  d29 0000000000000000
I/DEBUG   ( 2321):  d30 0000000000000000  d31 0000000000000000
I/DEBUG   ( 2321):  scr 20000012
I/DEBUG   ( 2321): 
I/DEBUG   ( 2321):          #00  pc 00037506  /system/lib/libmedia.so (_ZN7android10AudioTrackD2Ev)
I/DEBUG   ( 2321):          #01  pc 00045c26  /system/lib/libmedia.so (_ZN7android13ToneGeneratorD1Ev)
I/DEBUG   ( 2321):          #02  pc 0006e1d4  /system/lib/libandroid_runtime.so
I/DEBUG   ( 2321):          #03  pc 0001ecb0  /system/lib/libdvm.so (dvmPlatformInvoke)
I/DEBUG   ( 2321):          #04  pc 0005884a  /system/lib/libdvm.so (_Z16dvmCallJNIMethodPKjP6JValuePK6MethodP6Thread)
I/DEBUG   ( 2321): 
I/DEBUG   ( 2321): code around pc:
I/DEBUG   ( 2321): 409194e4 463b9308 f8cd9506 f7ff901c 62e0fe81  ..;F...........b
I/DEBUG   ( 2321): 409194f4 f7fe4628 4620fced e8bdb00d bf0083f0  (F.... F........
I/DEBUG   ( 2321): 40919504 6ac5b570 2d004604 f7ffd134 68a0fc89  p..j.F.-4......h
I/DEBUG   ( 2321): 40919514 f7fdb160 68a3eafa 681ab143 0108f104  `......hC..h....
I/DEBUG   ( 2321): 40919524 0c0cf852 f7fd1818 60a5ea5a b1136823  R.......Z..`#h..
I/DEBUG   ( 2321): 
I/DEBUG   ( 2321): code around lr:
I/DEBUG   ( 2321): 40927c08 bd7ceece 0000adf0 0000ae9c 6ac3b570  ..|.........p..j
I/DEBUG   ( 2321): 40927c18 b14b4604 ffc6f7ff b12d6ae5 f7f14628  .FK......j-.(F..
I/DEBUG   ( 2321): 40927c28 4628fc6d eea2f7ee 0048f104 ff10f7ff  m.(F......H.....
I/DEBUG   ( 2321): 40927c38 0038f104 ea42f7ef 0034f104 ee84f7ee  ..8...B...4.....
I/DEBUG   ( 2321): 40927c48 0030f104 ee80f7ee bd704620 b5f72963  ..0..... Fp.c)..
I/DEBUG   ( 2321): 
I/DEBUG   ( 2321): memory map around addr 6f542e8d:
I/DEBUG   ( 2321): 4aecc000-4afcb000 
I/DEBUG   ( 2321): (no map for address)
I/DEBUG   ( 2321): b0001000-b0009000 /system/bin/linker
I/DEBUG   ( 2321): 
I/DEBUG   ( 2321): stack:
I/DEBUG   ( 2321):     bef4f578  00000000  
I/DEBUG   ( 2321):     bef4f57c  0013edf8  [heap]
I/DEBUG   ( 2321):     bef4f580  401a14b0  
I/DEBUG   ( 2321):     bef4f584  4081905d  /system/lib/libdvm.so
I/DEBUG   ( 2321):     bef4f588  41700019  /dev/ashmem/dalvik-heap (deleted)
I/DEBUG   ( 2321):     bef4f58c  46178c28  
I/DEBUG   ( 2321):     bef4f590  0013edf8  [heap]
I/DEBUG   ( 2321):     bef4f594  0013ee28  [heap]
I/DEBUG   ( 2321):     bef4f598  401a14b0  
I/DEBUG   ( 2321):     bef4f59c  4081905d  /system/lib/libdvm.so
I/DEBUG   ( 2321):     bef4f5a0  41700019  /dev/ashmem/dalvik-heap (deleted)
I/DEBUG   ( 2321):     bef4f5a4  46178c28  
I/DEBUG   ( 2321):     bef4f5a8  00000000  
I/DEBUG   ( 2321):     bef4f5ac  40927c0b  /system/lib/libmedia.so
I/DEBUG   ( 2321):     bef4f5b0  df0027ad  
I/DEBUG   ( 2321):     bef4f5b4  00000000  
I/DEBUG   ( 2321): #00 bef4f5b8  0013edf8  [heap]
I/DEBUG   ( 2321):     bef4f5bc  6f542e61  
I/DEBUG   ( 2321):     bef4f5c0  401a14b0  
I/DEBUG   ( 2321):     bef4f5c4  40927c2b  /system/lib/libmedia.so
I/DEBUG   ( 2321): #01 bef4f5c8  0013edf8  [heap]
I/DEBUG   ( 2321):     bef4f5cc  0000f2c8  [heap]
I/DEBUG   ( 2321):     bef4f5d0  401a14b0  
I/DEBUG   ( 2321):     bef4f5d4  4017a1d7  /system/lib/libandroid_runtime.so
I/BootReceiver(  262): Copying /data/tombstones/tombstone_07 to DropBox (SYSTEM_TOMBSTONE)
I/ActivityManager(  262): Process com.android.phone (pid 4027) has died.
W/ActivityManager(  262): Canceling start item Intent { cmp=com.android.phone/.BluetoothHeadsetService } in service ComponentInfo{com.android.phone/com.android.phone.BluetoothHeadsetService}
W/ActivityManager(  262): Scheduling restart of crashed service com.android.phone/.BluetoothHeadsetService in 4832ms
I/WindowManager(  262): SCREENLAYOUT_SIZE (1:small, 2:normal, 3:large, 4:xlarge) 2
E/libEGL  (  262): called unimplemented OpenGL ES API
E/libEGL  (  262): called unimplemented OpenGL ES API
E/libEGL  (  262): called unimplemented OpenGL ES API
E/libEGL  (  262): called unimplemented OpenGL ES API
E/libEGL  (  262): called unimplemented OpenGL ES API
E/libEGL  (  262): called unimplemented OpenGL ES API
E/libEGL  (  262): called unimplemented OpenGL ES API
E/libEGL  (  262): called unimplemented OpenGL ES API
E/libEGL  (  262): called unimplemented OpenGL ES API
E/libEGL  (  262): called unimplemented OpenGL ES API
I/ActivityManager(  262): Start proc com.android.phone for restart com.android.phone: pid=4054 uid=1001 gids={3002, 3001, 3003, 1015}
W/WindowManager(  262): Failure taking screenshot for (180x300) to layer 21000
I/ActivityThread( 4054): Pub mms: com.android.providers.telephony.MmsProvider
I/ActivityThread( 4054): Pub sms: com.android.providers.telephony.SmsProvider
I/ActivityThread( 4054): Pub telephony: com.android.providers.telephony.TelephonyProvider
W/TelephonyProvider( 4054): onCreate: confFile=/system/etc/apns-conf.xml oldCheckSum=3358775275
W/TelephonyProvider( 4054): onCreate: newCheckSum=3358775275
I/ActivityThread( 4054): Pub icc: com.android.phone.IccProvider
I/ActivityThread( 4054): Pub mms-sms: com.android.providers.telephony.MmsSmsProvider
D/PhoneApp( 4054): non dsds PhoneApp:
D/PhoneStatusBarPolicy(  369): updateSimState for subscription :0
D/CallManager( 4054): registerPhone(CDMA Handler (com.android.internal.telephony.PhoneProxy) {412e9308})
D/PhoneInterfaceManager( 4054):  Registering for UNSOL OEM HOOK Responses to deliver external apps
D/PhoneStatusBarPolicy(  369): updateSimState for subscription :0
D/Bluetooth HS/HF( 4054): CDMA call state: IDLE prev state:IDLE
E/ToneGenerator( 4054): Unable to marshal AudioFlinger
E/ToneGenerator( 4054): ToneGenerator init failed 
F/libc    ( 4054): Fatal signal 11 (SIGSEGV) at 0x0000005d (code=1)
I/DEBUG   ( 2321): *** *** *** *** *** *** *** *** *** *** *** *** *** *** *** ***
I/DEBUG   ( 2321): Build fingerprint: 'qcom/msm8660_surf/msm8660_surf:4.0.3/IML74K/eng.joey.20120210.232528:eng/test-keys'
I/DEBUG   ( 2321): pid: 4054, tid: 4054  >>> com.android.phone <<<
I/DEBUG   ( 2321): signal 11 (SIGSEGV), code 1 (SEGV_MAPERR), fault addr 0000005d
I/DEBUG   ( 2321):  r0 00000031  r1 00158eb8  r2 00158e88  r3 bef4f188
I/DEBUG   ( 2321):  r4 00158e88  r5 00000031  r6 401a14b0  r7 4081905d
I/DEBUG   ( 2321):  r8 42500019  r9 46178c28  10 00000000  fp bef4f604
I/DEBUG   ( 2321):  ip 4094d048  sp bef4f5b8  lr 40927c2b  pc 40919506  cpsr 60000030
I/DEBUG   ( 2321):  d0  662074696e692061  d1  7541206c61687369
I/DEBUG   ( 2321):  d2  000000040000036c  d3  4a54d02800000065
I/DEBUG   ( 2321):  d4  006f006900640075  d5  0069006c006f0050
I/DEBUG   ( 2321):  d6  0065005300790063  d7  0063006900760072
I/DEBUG   ( 2321):  d8  0000000000000000  d9  0000000000000000
I/DEBUG   ( 2321):  d10 0000000000000000  d11 00000