I/ActivityThread(  799): Pub telephony: com.android.providers.telephony.TelephonyProvider
W/TelephonyProvider(  799): onCreate: confFile=/system/etc/apns-conf.xml oldCheckSum=3358775275
W/TelephonyProvider(  799): onCreate: newCheckSum=3358775275
I/ActivityThread(  799): Pub icc: com.android.phone.IccProvider
I/ActivityThread(  799): Pub mms-sms: com.android.providers.telephony.MmsSmsProvider
D/PhoneApp(  799): non dsds PhoneApp:
E/dalvikvm(  258): GREF has increased to 401, max is 400 and min is 200
D/CallManager(  799): registerPhone(CDMA Handler (com.android.internal.telephony.PhoneProxy) {412de568})
D/PhoneStatusBarPolicy(  373): updateSimState for subscription :0
D/PhoneStatusBarPolicy(  373): updateSimState for subscription :0
D/PhoneInterfaceManager(  799):  Registering for UNSOL OEM HOOK Responses to deliver external apps
D/Bluetooth HS/HF(  799): CDMA call state: IDLE prev state:IDLE
W/MediaScanner(  610): Error opening directory '/mnt/sdcard/.android_secure/', skipping: Permission denied.
E/ToneGenerator(  799): Unable to marshal AudioFlinger
E/ToneGenerator(  799): ToneGenerator init failed 
F/libc    (  799): Fatal signal 11 (SIGSEGV) at 0x004d0091 (code=1)
D/memalloc(  258): /dev/pmem: Allocated buffer base:0x4b786000 size:1536000 offset:1536000 fd:240
D/memalloc(  729): /dev/pmem: Mapped buffer base:0x4b08c000 size:3072000 offset:1536000 fd:50
I/DEBUG   (  797): *** *** *** *** *** *** *** *** *** *** *** *** *** *** *** ***
I/DEBUG   (  797): Build fingerprint: 'qcom/msm8660_surf/msm8660_surf:4.0.3/IML74K/eng.joey.20120210.232528:eng/test-keys'
I/DEBUG   (  797): pid: 799, tid: 799  >>> com.android.phone <<<
I/DEBUG   (  797): signal 11 (SIGSEGV), code 1 (SEGV_MAPERR), fault addr 004d0091
I/DEBUG   (  797):  r0 004d0065  r1 001eebe0  r2 001eebb0  r3 bea28188
I/DEBUG   (  797):  r4 001eebb0  r5 004d0065  r6 401a14b0  r7 4081905d
I/DEBUG   (  797):  r8 d9000019  r9 46178c28  10 00000000  fp bea28604
I/DEBUG   (  797):  ip 4094d048  sp bea285b8  lr 40927c2b  pc 40919506  cpsr 60000030
I/DEBUG   (  797):  d0  662074696e692061  d1  7541206c61687369
I/DEBUG   (  797):  d2  000000040000036c  d3  4a54d02800000065
I/DEBUG   (  797):  d4  0076007200650053  d5  004d006500630069
I/DEBUG   (  797):  d6  00670061006e0061  d7  0000000000720065
I/DEBUG   (  797):  d8  0000000000000000  d9  0000000000000000
I/DEBUG   (  797):  d10 0000000000000000  d11 0000000000000000
I/DEBUG   (  797):  d12 0000000000000000  d13 0000000000000000
I/DEBUG   (  797):  d14 0000000000000000  d15 0000000000000000
I/DEBUG   (  797):  d16 3fd43d135cda918c  d17 3ffc63194c570da5
I/DEBUG   (  797):  d18 4000000000000000  d19 3fcce7359d4792d9
I/DEBUG   (  797):  d20 3f11504c292739d4  d21 bebbb371092382c4
I/DEBUG   (  797):  d22 3ff0000000000000  d23 3ff43d135cda918c
I/DEBUG   (  797):  d24 3e66376972bea4d0  d25 3fc39a09d078c69f
I/DEBUG   (  797):  d26 0000000000000000  d27 0000000000000000
I/DEBUG   (  797):  d28 0000000000000000  d29 0000000000000000
I/DEBUG   (  797):  d30 0000000000000000  d31 0000000000000000
I/DEBUG   (  797):  scr 20000012
I/DEBUG   (  797): 
E/DataRouter(  163): [*] Connect_RILD() returns 4 retrycount 12
W/AudioFlinger(  798): openDuplicateOutput() wrong output mixer type for output 1091886216 or 2
W/AudioSystem(  258): AudioPolicyService server died!
E/SoundPool(  258): Error creating AudioTrack
E/AudioService(  258): Media server started.
I/DEBUG   (  797):          #00  pc 00037506  /system/lib/libmedia.so (_ZN7android10AudioTrackD2Ev)
I/DEBUG   (  797):          #01  pc 00045c26  /system/lib/libmedia.so (_ZN7android13ToneGeneratorD1Ev)
I/DEBUG   (  797):          #02  pc 0006e1d4  /system/lib/libandroid_runtime.so
I/DEBUG   (  797):          #03  pc 0001ecb0  /system/lib/libdvm.so (dvmPlatformInvoke)
I/DEBUG   (  797):          #04  pc 0005884a  /system/lib/libdvm.so (_Z16dvmCallJNIMethodPKjP6JValuePK6MethodP6Thread)
I/DEBUG   (  797): 
I/DEBUG   (  797): code around pc:
I/DEBUG   (  797): 409194e4 463b9308 f8cd9506 f7ff901c 62e0fe81  ..;F...........b
I/DEBUG   (  797): 409194f4 f7fe4628 4620fced e8bdb00d bf0083f0  (F.... F........
I/DEBUG   (  797): 40919504 6ac5b570 2d004604 f7ffd134 68a0fc89  p..j.F.-4......h
I/DEBUG   (  797): 40919514 f7fdb160 68a3eafa 681ab143 0108f104  `......hC..h....
I/DEBUG   (  797): 40919524 0c0cf852 f7fd1818 60a5ea5a b1136823  R.......Z..`#h..
I/DEBUG   (  797): 
I/DEBUG   (  797): code around lr:
I/DEBUG   (  797): 40927c08 bd7ceece 0000adf0 0000ae9c 6ac3b570  ..|.........p..j
I/DEBUG   (  797): 40927c18 b14b4604 ffc6f7ff b12d6ae5 f7f14628  .FK......j-.(F..
I/DEBUG   (  797): 40927c28 4628fc6d eea2f7ee 0048f104 ff10f7ff  m.(F......H.....
I/DEBUG   (  797): 40927c38 0038f104 ea42f7ef 0034f104 ee84f7ee  ..8...B...4.....
I/DEBUG   (  797): 40927c48 0030f104 ee80f7ee bd704620 b5f72963  ..0..... Fp.c)..
I/DEBUG   (  797): 
I/DEBUG   (  797): memory map around addr 004d0091:
I/DEBUG   (  797): 0000b000-00210000 [heap]
I/DEBUG   (  797): (no map for address)
I/DEBUG   (  797): 10000000-10001000 
I/DEBUG   (  797): 
I/DEBUG   (  797): stack:
I/DEBUG   (  797):     bea28578  00000000  
I/DEBUG   (  797):     bea2857c  001eebb0  [heap]
I/DEBUG   (  797):     bea28580  401a14b0  
I/DEBUG   (  797):     bea28584  4081905d  /system/lib/libdvm.so
I/DEBUG   (  797):     bea28588  d9000019  
I/DEBUG   (  797):     bea2858c  46178c28  
I/DEBUG   (  797):     bea28590  001eebb0  [heap]
I/DEBUG   (  797):     bea28594  001eebe0  [heap]
I/DEBUG   (  797):     bea28598  401a14b0  
I/DEBUG   (  797):     bea2859c  4081905d  /system/lib/libdvm.so
I/DEBUG   (  797):     bea285a0  d9000019  
I/DEBUG   (  797):     bea285a4  46178c28  
I/DEBUG   (  797):     bea285a8  00000000  
I/DEBUG   (  797):     bea285ac  40927c0b  /system/lib/libmedia.so
I/DEBUG   (  797):     bea285b0  df0027ad  
I/DEBUG   (  797):     bea285b4  00000000  
I/DEBUG   (  797): #00 bea285b8  001eebb0  [heap]
I/DEBUG   (  797):     bea285bc  004d0065  
I/DEBUG   (  797):     bea285c0  401a14b0  
I/DEBUG   (  797):     bea285c4  40927c2b  /system/lib/libmedia.so
I/DEBUG   (  797): #01 bea285c8  001eebb0  [heap]
I/DEBUG   (  797):     bea285cc  0000f2c8  [heap]
I/DEBUG   (  797):     bea285d0  401a14b0  
I/DEBUG   (  797):     bea285d4  4017a1d7  /system/lib/libandroid_runtime.so
E/SoundPool(  258): Error creating AudioTrack
I/ActivityManager(  258): START {act=android.intent.action.MAIN cmp=com.android.settings/.SubSettings (has extras)} from pid 729
I/WindowManager(  258): SCREENLAYOUT_SIZE (1:small, 2:normal, 3:large, 4:xlarge) 2
D/memalloc(  258): /dev/pmem: Allocated buffer base:0x4b786000 size:1536000 offset:4608000 fd:247
D/memalloc(  729): /dev/pmem: Mapped buffer base:0x4b380000 size:6144000 offset:4608000 fd:52
I/ActivityManager(  258): Displayed com.android.settings/.SubSettings: +158ms
D/memalloc(  258): /dev/pmem: Allocated buffer base:0x4b786000 size:1536000 offset:13766656 fd:251
D/memalloc(  729): /dev/pmem: Mapped buffer base:0x4b95c000 size:15302656 offset:13766656 fd:57
D/memalloc(  729): /dev/pmem: Unmapping buffer base:0x4ab27000 size:4608000 offset:3072000
D/memalloc(  258): /dev/pmem: Freeing buffer base:0x4ba74000 size:1536000 offset:3072000 fd:237
D/memalloc(  729): /dev/pmem: Unmapping buffer base:0x4b08c000 size:3072000 offset:1536000
D/memalloc(  258): /dev/pmem: Freeing buffer base:0x4b8fd000 size:1536000 offset:1536000 fd:240
E/WifiStateMachine(  258): Failed to load driver!
E/WifiStateMachine(  258): DriverFailedState
E/DataRouter(  163): [*] Connect_RILD() returns 4 retrycount 13
I/BootReceiver(  258): Copying /data/tombstones/tombstone_05 to DropBox (SYSTEM_TOMBSTONE)
I/ActivityManager(  258): Process com.android.phone (pid 799) has died.
W/ActivityManager(  258): Canceling start item Intent { cmp=com.android.phone/.BluetoothHeadsetService } in service ComponentInfo{com.android.phone/com.android.phone.BluetoothHeadsetService}
W/ActivityManager(  258): Scheduling restart of crashed service com.android.phone/.BluetoothHeadsetService in 5278ms
I/ActivityManager(  258): Start proc com.android.phone for restart com.android.phone: pid=839 uid=1001 gids={3002, 3001, 3003, 1015}
I/ActivityThread(  839): Pub mms: com.android.providers.telephony.MmsProvider
I/ActivityThread(  839): Pub sms: com.android.providers.telephony.SmsProvider
I/ActivityThread(  839): Pub telephony: com.android.providers.telephony.TelephonyProvider
W/TelephonyProvider(  839): onCreate: confFile=/system/etc/apns-conf.xml oldCheckSum=3358775275
W/TelephonyProvider(  839): onCreate: newCheckSum=3358775275
I/ActivityThread(  839): Pub icc: com.android.phone.IccProvider
I/ActivityThread(  839): Pub mms-sms: com.android.providers.telephony.MmsSmsProvider
D/PhoneApp(  839): non dsds PhoneApp:
D/CallManager(  839): registerPhone(CDMA Handler (com.android.internal.telephony.PhoneProxy) {412e3048})
D/PhoneStatusBarPolicy(  373): updateSimState for subscription :0
D/PhoneStatusBarPolicy(  373): updateSimState for subscription :0
D/PhoneInterfaceManager(  839):  Registering for UNSOL OEM HOOK Responses to deliver external apps
D/Bluetooth HS/HF(  839): CDMA call state: IDLE prev state:IDLE
E/ToneGenerator(  839): Unable to marshal AudioFlinger
E/ToneGenerator(  839): ToneGenerator init failed 
F/libc    (  839): Fatal signal 11 (SIGSEGV) at 0x6f542e8d (code=1)
I/DEBUG   (  797): *** *** *** *** *** *** *** *** *** *** *** *** *** *** *** ***
I/DEBUG   (  797): Build fingerprint: 'qcom/msm8660_surf/msm8660_surf:4.0.3/IML74K/eng.joey.20120210.232528:eng/test-keys'
I/DEBUG   (  797): pid: 839, tid: 839  >>> com.android.phone <<<
I/DEBUG   (  797): signal 11 (SIGSEGV), code 1 (SEGV_MAPERR), fault addr 6f542e8d
I/DEBUG   (  797):  r0 6f542e61  r1 0016e0b0  r2 0016e080  r3 bea28188
I/DEBUG   (  797):  r4 0016e080  r5 6f542e61  r6 401a14b0  r7 4081905d
I/DEBUG   (  797):  r8 da000019  r9 46178c28  10 00000000  fp bea28604
I/DEBUG   (  797):  ip 4094d048  sp bea285b8  lr 40927c2b  pc 40919506  cpsr 60000030
I/DEBUG   (  797):  d0  662074696e692061  d1  7541206c61687369
I/DEBUG   (  797):  d2  000000040000036c  d3  4a54d02800000065
I/DEBUG   (  797):  d4  0076007200650053  d5  004d006500630069
I/DEBUG   (  797):  d6  00670061006e0061  d7  0000000000720065
I/DEBUG   (  797):  d8  0000000000000000  d9  0000000000000000
I/DEBUG   (  797):  d10 0000000000000000  d11 0000000000000000
I/DEBUG   (  797):  d12 0000000000000000  d13 0000000000000000
I/DEBUG   (  797):  d14 0000000000000000  d15 0000000000000000
I/DEBUG   (  797):  d16 3fd43d135cda918c  d17 3ffc63194c570da5
I/DEBUG   (  797):  d18 4000000000000000  d19 3fcce7359d4792d9
I/DEBUG   (  797):  d20 3f11504c292739d4  d21 bebbb371092382c4
I/DEBUG   (  797):  d22 3ff0000000000000  d23 3ff43d135cda918c
I/DEBUG   (  797):  d24 3e66376972bea4d0  d25 3fc39a09d078c69f
I/DEBUG   (  797):  d26 0000000000000000  d27 0000000000000000
I/DEBUG   (  797):  d28 0000000000000000  d29 0000000000000000
I/DEBUG   (  797):  d30 0000000000000000  d31 0000000000000000
I/DEBUG   (  797):  scr 20000012
I/DEBUG   (  797): 
I/DEBUG   (  797):          #00  pc 00037506  /system/lib/libmedia.so (_ZN7android10AudioTrackD2Ev)
I/DEBUG   (  797):          #01  pc 00045c26  /system/lib/libmedia.so (_ZN7android13ToneGeneratorD1Ev)
I/DEBUG   (  797):          #02  pc 0006e1d4  /system/lib/libandroid_runtime.so
I/DEBUG   (  797):          #03  pc 0001ecb0  /system/lib/libdvm.so (dvmPlatformInvoke)
I/DEBUG   (  797):          #04  pc 0005884a  /system/lib/libdvm.so (_Z16dvmCallJNIMethodPKjP6JValuePK6MethodP6Thread)
I/DEBUG   (  797): 
I/DEBUG   (  797): code around pc:
I/DEBUG   (  797): 409194e4 463b9308 f8cd9506 f7ff901c 62e0fe81  ..;F...........b
I/DEBUG   (  797): 409194f4 f7fe4628 4620fced e8bdb00d bf0083f0  (F.... F........
I/DEBUG   (  797): 40919504 6ac5b570 2d004604 f7ffd134 68a0fc89  p..j.F.-4......h
I/DEBUG   (  797): 40919514 f7fdb160 68a3eafa 681ab143 0108f104  `......hC..h....
I/DEBUG   (  797): 40919524 0c0cf852 f7fd1818 60a5ea5a b1136823  R.......Z..`#h..
I/DEBUG   (  797): 
I/DEBUG   (  797): code around lr:
I/DEBUG   (  797): 40927c08 bd7ceece 0000adf0 0000ae9c 6ac3b570  ..|.........p..j
I/DEBUG   (  797): 40927c18 b14b4604 ffc6f7ff b12d6ae5 f7f14628  .FK......j-.(F..
I/DEBUG   (  797): 40927c28 4628fc6d eea2f7ee 0048f104 ff10f7ff  m.(F......H.....
I/DEBUG   (  797): 40927c38 0038f104 ea42f7ef 0034f104 ee84f7ee  ..8...B...4.....
I/DEBUG   (  797): 40927c48 0030f104 ee80f7ee bd704620 b5f72963  ..0..... Fp.c)..
I/DEBUG   (  797): 
I/DEBUG   (  797): memory map around addr 6f542e8d:
I/DEBUG   (  797): 4aecc000-4afcb000 
I/DEBUG   (  797): (no map for address)
I/DEBUG   (  797): b0001000-b0009000 /system/bin/linker
I/DEBUG   (  797): 
I/DEBUG   (  797): stack:
I/DEBUG   (  797):     bea28578  00000000  
I/DEBUG   (  797):     bea2857c  0016e080  [heap]
I/DEBUG   (  797):     bea28580  401a14b0  
I/DEBUG   (  797):     bea28584  4081905d  /system/lib/libdvm.so
I/DEBUG   (  797):     bea28588  da000019  
I/DEBUG   (  797):     bea2858c  46178c28  
I/DEBUG   (  797):     bea28590  0016e080  [heap]
I/DEBUG   (  797):     bea28594  0016e0b0  [heap]
I/DEBUG   (  797):     bea28598  401a14b0  
I/DEBUG   (  797):     bea2859c  4081905d  /system/lib/libdvm.so
I/DEBUG   (  797):     bea285a0  da000019  
I/DEBUG   (  797):     bea285a4  46178c28  
I/DEBUG   (  797):     bea285a8  00000000  
I/DEBUG   (  797):     bea285ac  40927c0b  /system/lib/libmedia.so
I/DEBUG   (  797):     bea285b0  df0027ad  
I/DEBUG   (  797):     bea285b4  00000000  
I/DEBUG   (  797): #00 bea285b8  0016e080  [heap]
I/DEBUG   (  797):     bea285bc  6f542e61  
I/DEBUG   (  797):     bea285c0  401a14b0  
I/DEBUG   (  797):     bea285c4  40927c2b  /system/lib/libmedia.so
I/DEBUG   (  797): #01 bea285c8  0016e080  [heap]
I/DEBUG   (  797):     bea285cc  0000f2c8  [heap]
I/DEBUG   (  797):     bea285d0  401a14b0  
I/DEBUG   (  797):     bea285d4  4017a1d7  /system/lib/libandroid_runtime.so
E/DataRouter(  163): [*] Connect_RILD() returns 4 retrycount 14
I/ActivityManager(  258): START {act=android.intent.action.MAIN cat=[android.intent.category.HOME] flg=0x10200000 cmp=com.android.launcher/com.android.launcher2.Launcher} from pid 258
I/WindowManager(  258): SCREENLAYOUT_SIZE (1:small, 2:normal, 3:large, 4:xlarge) 2
W/NetworkManagementSocketTagger(  258): setKernelCountSet(10020, 1) failed with errno -2
D/memalloc(  258): /dev/pmem: Allocated buffer base:0x4b786000 size:1536000 offset:1536000 fd:237
D/memalloc(  421): /dev/pmem: Mapped buffer base:0x4aeca000 size:3072000 offset:1536000 fd:50
D/memalloc(  729): /dev/pmem: Unmapping buffer base:0x4b95c000 size:15302656 offset:13766656
D/memalloc(  258): /dev/pmem: Freeing buffer base:0x4c4a7000 size:1536000 offset:13766656 fd:251
D/memalloc(  729): /dev/pmem: Unmapping buffer base:0x4b380000 size:6144000 offset:4608000
W/NetworkManagementSocketTagger(  258): setKernelCountSet(1000, 0) failed with errno -2
D/memalloc(  258): /dev/pmem: Freeing buffer base:0x4bbeb000 size:1536000 offset:4608000 fd:247
I/BootReceiver(  258): Copying /data/tombstones/tombstone_06 to DropBox (SYSTEM_TOMBSTONE)
D/memalloc(  258): /dev/pmem: Allocated buffer base:0x4b786000 size:1536000 offset:3072000 fd:251
D/memalloc(  421): /dev/pmem: Mapped buffer base:0x4b1b8000 size:4608000 offset:3072000 fd:52
I/ActivityManager(  258): Process com.android.phone (pid 839) has died.
W/ActivityManager(  258): Canceling start item Intent { cmp=com.android.phone/.BluetoothHeadsetService } in service ComponentInfo{com.android.phone/com.android.phone.BluetoothHeadsetService}
W/ActivityManager(  258): Scheduling restart of crashed service com.android.phone/.BluetoothHeadsetService in 5392ms
I/ActivityManager(  258): Start proc com.android.phone for restart com.android.phone: pid=863 uid=1001 gids={3002, 3001, 3003, 1015}
I/ActivityThread(  863): Pub mms: com.android.providers.telephony.MmsProvider
I/ActivityThread(  863): Pub sms: com.android.providers.telephony.SmsProvider
I/ActivityThread(  863): Pub telephony: com.android.providers.telephony.TelephonyProvider
W/TelephonyProvider(  863): onCreate: confFile=/system/etc/apns-conf.xml oldCheckSum=3358775275
W/TelephonyProvider(  863): onCreate: newCheckSum=3358775275
I/ActivityThread(  863): Pub icc: com.android.phone.IccProvider
I/ActivityThread(  863): Pub mms-sms: com.android.providers.telephony.MmsSmsProvider
D/PhoneApp(  863): non dsds PhoneApp:
D/CallManager(  863): registerPhone(CDMA Handler (com.android.internal.telephony.PhoneProxy) {412ea1a8})
D/PhoneStatusBarPolicy(  373): updateSimState for subscription :0
D/PhoneStatusBarPolicy(  373): updateSimState for subscription :0
D/PhoneInterfaceManager(  863):  Registering for UNSOL OEM HOOK Responses to deliver external apps
D/Bluetooth HS/HF(  863): CDMA call state: IDLE prev state:IDLE
E/ToneGenerator(  863): Unable to marshal AudioFlinger
E/ToneGenerator(  863): ToneGenerator init failed 
F/libc    (  863): Fatal signal 11 (SIGSEGV) at 0x542f6195 (code=1)
I/DEBUG   (  797): *** *** *** *** *** *** *** *** *** *** *** *** *** *** *** ***
I/DEBUG   (  797): Build fingerprint: 'qcom/msm8660_surf/msm8660_surf:4.0.3/IML74K/eng.joey.20120210.232528:eng/test-keys'
I/DEBUG   (  797): pid: 863, tid: 863  >>> com.android.phone <<<
I/DEBUG   (  797): signal 11 (SIGSEGV), code 1 (SEGV_MAPERR), fault addr 542f6195
I/DEBUG   (  797):  r0 542f6169  r1 001eec10  r2 001eebe0  r3 bea28188
I/DEBUG   (  797):  r4 001eebe0  r5 542f6169  r6 401a14b0  r7 4081905d
I/DEBUG   (  797):  r8 db100019  r9 46178c28  10 00000000  fp bea28604
I/DEBUG   (  797):  ip 4094d048  sp bea285b8  lr 40927c2b  pc 40919506  cpsr 60000030
I/DEBUG   (  797):  d0  662074696e692061  d1  7541206c61687369
I/DEBUG   (  797):  d2  000000040000036c  d3  4a54d02800000065
I/DEBUG   (  797):  d4  0076007200650053  d5  004d006500630069
I/DEBUG   (  797):  d6  00670061006e0061  d7  0000000000720065
I/DEBUG   (  797):  d8  0000000000000000  d9  0000000000000000
I/DEBUG   (  797):  d10 0000000000000000  d11 0000000000000000
I/DEBUG   (  797):  d12 0000000000000000  d13 0000000000000000
I/DEBUG   (  797):  d14 0000000000000000  d15 0000000000000000
I/DEBUG   (  797):  d16 3fd43d135cda918c  d17 3ffc63194c570da5
I/DEBUG   (  797):  d18 4000000000000000  d19 3fcce7359d4792d9
I/DEBUG   (  797):  d20 3f11504c292739d4  d21 bebbb371092382c4
I/DEBUG   (  797):  d22 3ff0000000000000  d23 3ff43d135cda918c
I/DEBUG   (  797):  d24 3e66376972bea4d0  d25 3fc39a09d078c69f
I/DEBUG   (  797):  d26 0000000000000000  d27 0000000000000000
I/DEBUG   (  797):  d28 0000000000000000  d29 0000000000000000
I/DEBUG   (  797):  d30 0000000000000000  d31 0000000000000000
I/DEBUG   (  797):  scr 20000012
I/DEBUG   (  797): 
E/DataRouter(  163): [*] Connect_RILD() returns 4 retrycount 15
I/DEBUG   (  797):          #00  pc 00037506  /system/lib/libmedia.so (_ZN7android10AudioTrackD2Ev)
I/DEBUG   (  797):          #01  pc 00045c26  /system/lib/libmedia.so (_ZN7android13ToneGeneratorD1Ev)
I/DEBUG   (  797):          #02  pc 0006e1d4  /system/lib/libandroid_runtime.so
I/DEBUG   (  797):          #03  pc 0001ecb0  /system/lib/libdvm.so (dvmPlatformInvoke)
I/DEBUG   (  797):          #04  pc 0005884a  /system/lib/libdvm.so (_Z16dvmCallJNIMethodPKjP6JValuePK6MethodP6Thread)
I/DEBUG   (  797): 
I/DEBUG   (  797): code around pc:
I/DEBUG   (  797): 409194e4 463b9308 f8cd9506 f7ff901c 62e0fe81  ..;F...........b
I/DEBUG   (  797): 409194f4 f7fe4628 4620fced e8bdb00d bf0083f0  (F.... F........
I/DEBUG   (  797): 40919504 6ac5b570 2d004604 f7ffd134 68a0fc89  p..j.F.-4......h
I/DEBUG   (  797): 40919514 f7fdb160 68a3eafa 681ab143 0108f104  `......hC..h....
I/DEBUG   (  797): 40919524 0c0cf852 f7fd1818 60a5ea5a b1136823  R.......Z..`#h..
I/DEBUG   (  797): 
I/DEBUG   (  797): code around lr:
I/DEBUG   (  797): 40927c08 bd7ceece 0000adf0 0000ae9c 6ac3b570  ..|.........p..j
I/DEBUG   (  797): 40927c18 b14b4604 ffc6f7ff b12d6ae5 f7f14628  .FK......j-.(F..
I/DEBUG   (  797): 40927c28 4628fc6d eea2f7ee 0048f104 ff10f7ff  m.(F......H.....
I/DEBUG   (  797): 40927c38 0038f104 ea42f7ef 0034f104 ee84f7ee  ..8...B...4.....
I/DEBUG   (  797): 40927c48 0030f104 ee80f7ee bd704620 b5f72963  ..0..... Fp.c)..
I/DEBUG   (  797): 
I/DEBUG   (  797): memory map around addr 542f6195:
I/DEBUG   (  797): 4aecc000-4afcb000 
I/DEBUG   (  797): (no map for address)
I/DEBUG   (  797): b0001000-b0009000 /system/bin/linker
I/DEBUG   (  797): 
I/DEBUG   (  797): stack:
I/DEBUG   (  797):     bea28578  00000000  
I/DEBUG   (  797):     bea2857c  001eebe0  [heap]
I/DEBUG   (  797):     bea28580  401a14b0  
I/DEBUG   (  797):     bea28584  4081905d  /system/lib/libdvm.so
I/DEBUG   (  797):     bea28588  db100019  
I/DEBUG   (  797):     bea2858c  46178c28  
I/DEBUG   (  797):     bea28590  001eebe0  [heap]
I/DEBUG   (  797):     bea28594  001eec10  [heap]
I/DEBUG   (  797):     bea28598  401a14b0  
I/DEBUG   (  797):     bea2859c  4081905d  /system/lib/libdvm.so
I/DEBUG   (  797):     bea285a0  db100019  
I/DEBUG   (  797):     bea285a4  46178c28  
I/DEBUG   (  797):     bea285a8  00000000  
I/DEBUG   (  797):     bea285ac  40927c0b  /system/lib/libmedia.so
I/DEBUG   (  797):     bea285b0  df0027ad  
I/DEBUG   (  797):     bea285b4  00000000  
I/DEBUG   (  797): #00 bea285b8  001eebe0  [heap]
I/DEBUG   (  797):     bea285bc  542f6169  
I/DEBUG   (  797):     bea285c0  401a14b0  
I/DEBUG   (  797):     bea285c4  40927c2b  /system/lib/libmedia.so
I/DEBUG   (  797): #01 bea285c8  001eebe0  [heap]
I/DEBUG   (  797):     bea285cc  0000f2c8  [heap]
I/DEBUG   (  797):     bea285d0  401a14b0  
I/DEBUG   (  797):     bea285d4  4017a1d7  /system/lib/libandroid_runtime.so
I/BootReceiver(  258): Copying /data/tombstones/tombstone_07 to DropBox (SYSTEM_TOMBSTONE)
I/ActivityManager(  258): Process com.android.phone (pid 863) has died.
W/ActivityManager(  258): Canceling start item Intent { cmp=com.android.phone/.BluetoothHeadsetService } in service ComponentInfo{com.android.phone/com.android.phone.BluetoothHeadsetService}
W/ActivityManager(  258): Scheduling restart of crashed service com.android.phone/.BluetoothHeadsetService in 4550ms
I/ActivityManager(  258): Start proc com.android.phone for restart com.android.phone: pid=890 uid=1001 gids={3002, 3001, 3003, 1015}
I/ActivityThread(  890): Pub mms: com.android.providers.telephony.MmsProvider
I/ActivityThread(  890): Pub sms: com.android.providers.telephony.SmsProvider
I/ActivityThread(  890): Pub telephony: com.android.providers.telephony.TelephonyProvider
W/TelephonyProvider(  890): onCreate: confFile=/system/etc/apns-conf.xml oldCheckSum=3358775275
W/TelephonyProvider(  890): onCreate: newCheckSum=3358775275
I/ActivityThread(  890): Pub icc: com.android.phone.IccProvider
I/ActivityThread(  890): Pub mms-sms: com.android.providers.telephony.MmsSmsProvider
D/PhoneApp(  890): non dsds PhoneApp:
D/PhoneStatusBarPolicy(  373): updateSimState for subscription :0
D/CallManager(  890): registerPhone(CDMA Handler (com.android.internal.telephony.PhoneProxy) {412c65e0})
D/PhoneInterfaceManager(  890):  Registering for UNSOL OEM HOOK Responses to deliver external apps
D/PhoneStatusBarPolicy(  373): updateSimState for subscription :0
D/Bluetooth HS/HF(  890): CDMA call state: IDLE prev state:IDLE
E/ToneGenerator(  890): Unable to marshal AudioFlinger
E/ToneGenerator(  890): ToneGenerator init failed 
F/libc    (  890): Fatal signal 11 (SIGSEGV) at 0x6f542e8d (code=1)
E/DataRouter(  163): [*] Connect_RILD() returns 4 retrycount 16
I/DEBUG   (  797): *** *** *** *** *** *** *** *** *** *** *** *** *** *** *** ***
I/DEBUG   (  797): Build fingerprint: 'qcom/msm8660_surf/msm8660_surf:4.0.3/IML74K/eng.joey.20120210.232528:eng/test-keys'
I/DEBUG   (  797): pid: 890, tid: 890  >>> com.android.phone <<<
I/DEBUG   (  797): signal 11 (SIGSEGV), code 1 (SEGV_MAPERR), fault addr 6f542e8d
I/DEBUG   (  797):  r0 6f542e61  r1 001eec90  r2 001eec60  r3 bea28188
I/DEBUG   (  797):  r4 001eec60  r5 6f542e61  r6 401a14b0  r7 4081905d
I/DEBUG   (  797):  r8 db800019  r9 46178c28  10 00000000  fp bea28604
I/DEBUG   (  797):  ip 4094d048  sp bea285b8  lr 40927c2b  pc 40919506  cpsr 60000030
I/DEBUG   (  797):  d0  662074696e692061  d1  7541206c61687369
I/DEBUG   (  797):  d2  000000040000036c  d3  4a54d02800000065
I/DEBUG   (  797):  d4  004d006500630069  d5  00670061006e0061
I/DEBUG   (  797):  d6  0000000000720065  d7  0000000000000012
I/DEBUG   (  797):  d8  0000000000000000  d9  0000000000000000
I/DEBUG   (  797):  d10 0000000000000000  d11 0000000000000000
I/DEBUG   (  797):  d12 0000000000000000  d13 0000000000000000
I/DEBUG   (  797):  d14 0000000000000000  d15 0000000000000000
I/DEBUG   (  797):  d16 3fd43d135cda918c  d17 3ffc63194c570da5
I/DEBUG   (  797):  d18 4000000000000000  d19 3fcce7359d4792d9
I/DEBUG   (  797):  d20 3f11504c292739d4  d21 bebbb371092382c4
I/DEBUG   (  797):  d22 3ff0000000000000  d23 3ff43d135cda918c
I/DEBUG   (  797):  d24 3e66376972bea4d0  d25 3fc39a09d078c69f
I/DEBUG   (  797):  d26 0000000000000000  d27 0000000000000000
I/DEBUG   (  797):  d28 0000000000000000  d29 0000000000000000
I/DEBUG   (  797):  d30 0000000000000000  d31 0000000000000000
I/DEBUG   (  797):  scr 20000012
I/DEBUG   (  797): 
I/DEBUG   (  797):          #00  pc 00037506  /system/lib/libmedia.so (_ZN7android10AudioTrackD2Ev)
I/DEBUG   (  797):          #01  pc 00045c26  /system/lib/libmedia.so (_ZN7android13ToneGeneratorD1Ev)
I/DEBUG   (  797):          #02  pc 0006e1d4  /system/lib/libandroid_runtime.so
I/DEBUG   (  797):          #03  pc 0001ecb0  /system/lib/libdvm.so (dvmPlatformInvoke)
I/DEBUG   (  797):          #04  pc 0005884a  /system/lib/libdvm.so (_Z16dvmCallJNIMethodPKjP6JValuePK6MethodP6Thread)
I/DEBUG   (  797): 
I/DEBUG   (  797): code around pc:
I/DEBUG   (  797): 409194e4 463b9308 f8cd9506 f7ff901c 62e0fe81  ..;F...........b
I/DEBUG   (  797): 409194f4 f7fe4628 4620fced e8bdb00d bf0083f0  (F.... F........
I/DEBUG   (  797): 40919504 6ac5b570 2d004604 f7ffd134 68a0fc89  p..j.F.-4......h
I/DEBUG   (  797): 40919514 f7fdb160 68a3eafa 681ab143 0108f104  `......hC..h....
I/DEBUG   (  797): 40919524 0c0cf852 f7fd1818 60a5ea5a b1136823  R.......Z..`#h..
I/DEBUG   (  797): 
I/DEBUG   (  797): code around lr:
I/DEBUG   (  797): 40927c08 bd7ceece 0000adf0 0000ae9c 6ac3b570  ..|.........p..j
I/DEBUG   (  797): 40927c18 b14b4604 ffc6f7ff b12d6ae5 f7f14628  .FK......j-.(F..
I/DEBUG   (  797): 40927c28 4628fc6d eea2f7ee 0048f104 ff10f7ff  m.(F......H.....
I/DEBUG   (  797): 40927c38 0038f104 ea42f7ef 0034f104 ee84f7ee  ..8...B...4.....
I/DEBUG   (  797): 40927c48 0030f104 ee80f7ee bd704620 b5f72963  ..0..... Fp.c)..
I/DEBUG   (  797): 
I/DEBUG   (  797): memory map around addr 6f542e8d:
I/DEBUG   (  797): 4aecc000-4afcb000 
I/DEBUG   (  797): (no map for address)
I/DEBUG   (  797): b0001000-b0009000 /system/bin/linker
I/DEBUG   (  797): 
I/DEBUG   (  797): stack:
I/DEBUG   (  797):     bea28578  00000000  
I/DEBUG   (  797):     bea2857c  001eec60  [heap]
I/DEBUG   (  797):     bea28580  401a14b0  
I/DEBUG   (  797):     bea28584  4081905d  /system/lib/libdvm.so
I/DEBUG   (  797):     bea28588  db800019  
I/DEBUG   (  797):     bea2858c  46178c28  
I/DEBUG   (  797):     bea28590  001eec60  [heap]
I/DEBUG   (  797):     bea28594  001eec90  [heap]
I/DEBUG   (  797):     bea28598  401a14b0  
I/DEBUG   (  797):     bea2859c  4081905d  /system/lib/libdvm.so
I/DEBUG   (  797):     bea285a0  db800019  
I/DEBUG   (  797):     bea285a4  46178c28  
I/DEBUG   (  797):     bea285a8  00000000  
I/DEBUG   (  797):     bea285ac  40927c0b  /system/lib/libmedia.so
I/DEBUG   (  797):     bea285b0  df0027ad  
I/DEBUG   (  797):     bea285b4  00000000  
I/DEBUG   (  797): #00 bea285b8  001eec60  [heap]
I/DEBUG   (  797):     bea285bc  6f542e61  
I/DEBUG   (  797):     bea285c0  401a14b0  
I/DEBUG   (  797):     bea285c4  40927c2b  /system/lib/libmedia.so
I/DEBUG   (  797): #01 bea285c8  001eec60  [heap]
I/DEBUG   (  797):     bea285cc  0000f2c8  [heap]
I/DEBUG   (  797):     bea285d0  401a14b0  
I/DEBUG   (  797):     bea285d4  4017a1d7  /system/lib/libandroid_runtime.so
W/PowerUI (  373): unknown intent: Intent { act=android.intent.action.ACTION_POWER_CONNECTED flg=0x10000010 }
E/notified_event(  147): Collection::notifyDUNConnected -> connect error
D/notified_event(  147): handleSwitchEvent -> USB connected !!!
E/DataRouter(  163): [*] Connect_RILD() returns 4 retrycount 17
I/BootReceiver(  258): Copying /data/tombstones/tombstone_08 to DropBox (SYSTEM_TOMBSTONE)
I/ActivityManager(  258): Process com.android.phone (pid 890) has died.
W/ActivityManager(  258): Canceling start item Intent { cmp=com.android.phone/.BluetoothHeadsetService } in service ComponentInfo{com.android.phone/com.android.phone.BluetoothHeadsetService}
W/ActivityManager(  258): Scheduling restart of crashed service com.android.phone/.BluetoothHeadsetService in 4940ms
I/ActivityManager(  258): Start proc com.android.phone for restart com.android.phone: pid=912 uid=1001 gids={3002, 3001, 3003, 1015}
I/ActivityThread(  912): Pub mms: com.android.providers.telephony.MmsProvider
I/ActivityThread(  912): Pub sms: com.android.providers.telephony.SmsProvider
I/ActivityThread(  912): Pub telephony: com.android.providers.telephony.TelephonyProvider
W/TelephonyProvider(  912): onCreate: confFile=/system/etc/apns-conf.xml oldCheckSum=3358775275
W/TelephonyProvider(  912): onCreate: newCheckSum=3358775275
I/ActivityThread(  912): Pub icc: com.android.phone.IccProvider
I/ActivityThread(  912): Pub mms-sms: com.android.providers.telephony.MmsSmsProvider
D/PhoneApp(  912): non dsds PhoneApp:
D/CallManager(  912): registerPhone(CDMA Handler (com.android.internal.telephony.PhoneProxy) {412b9b18})
D/PhoneStatusBarPolicy(  373): updateSimState for subscription :0
D/PhoneStatusBarPolicy(  373): updateSimState for subscription :0
D/PhoneInterfaceManager(  912):  Registering for UNSOL OEM HOOK Responses to deliver external apps
D/Bluetooth HS/HF(  912): CDMA call state: IDLE prev state:IDLE
E/ToneGenerator(  912): Unable to marshal AudioFlinger
E/ToneGenerator(  912): ToneGenerator init failed 
F/libc    (  912): Fatal signal 11 (SIGSEGV) at 0x6f542e8d (code=1)
I/DEBUG   (  797): *** *** *** *** *** *** *** *** *** *** *** *** *** *** *** ***
I/DEBUG   (  797): Build fingerprint: 'qcom/msm8660_surf/msm8660_surf:4.0.3/IML74K/eng.joey.20120210.232528:eng/test-keys'
I/DEBUG   (  797): pid: 912, tid: 912  >>> com.android.phone <<<
I/DEBUG   (  797): signal 11 (SIGSEGV), code 1 (SEGV_MAPERR), fault addr 6f542e8d
I/DEBUG   (  797):  r0 6f542e61  r1 001eec58  r2 001eec28  r3 bea28188
I/DEBUG   (  797):  r4 001eec28  r5 6f542e61  r6 401a14b0  r7 4081905d
I/DEBUG   (  797):  r8 dc800019  r9 46178c28  10 00000000  fp bea28604
I/DEBUG   (  797):  ip 4094d048  sp bea285b8  lr 40927c2b  pc 40919506  cpsr 60000030
I/DEBUG   (  797):  d0  662074696e692061  d1  7541206c61687369
I/DEBUG   (  797):  d2  000000040000036c  d3  4a54d02800000065
I/DEBUG   (  797):  d4  004d006500630069  d5  00670061006e0061
I/DEBUG   (  797):  d6  0000000000720065  d7  0000000000000012
I/DEBUG   (  797):  d8  0000000000000000  d9  0000000000000000
I/DEBUG   (  797):  d10 0000000000000000  d11 0000000000000000
I/DEBUG   (  797):  d12 0000000000000000  d13 0000000000000000
I/DEBUG   (  797):  d14 0000000000000000  d15 0000000000000000
I/DEBUG   (  797):  d16 3fd43d135cda918c  d17 3ffc63194c570da5
I/DEBUG   (  797):  d18 4000000000000000  d19 3fcce7359d4792d9
I/DEBUG   (  797):  d20 3f11504c292739d4  d21 bebbb371092382c4
I/DEBUG   (  797):  d22 3ff0000000000000  d23 3ff43d135cda918c
I/DEBUG   (  797):  d24 3e66376972bea4d0  d25 3fc39a09d078c69f
I/DEBUG   (  797):  d26 0000000000000000  d27 0000000000000000
I/DEBUG   (  797):  d28 0000000000000000  d29 0000000000000000
I/DEBUG   (  797):  d30 0000000000000000  d31 0000000000000000
I/DEBUG   (  797):  scr 20000012
I/DEBUG   (  797): 
I/DEBUG   (  797):          #00  pc 00037506  /system/lib/libmedia.so (_ZN7android10AudioTrackD2Ev)
I/DEBUG   (  797):          #01  pc 00045c26  /system/lib/libmedia.so (_ZN7android13ToneGeneratorD1Ev)
I/DEBUG   (  797):          #02  pc 0006e1d4  /system/lib/libandroid_runtime.so
I/DEBUG   (  797):          #03  pc 0001ecb0  /system/lib/libdvm.so (dvmPlatformInvoke)
I/DEBUG   (  797):          #04  pc 0005884a  /system/lib/libdvm.so (_Z16dvmCallJNIMethodPKjP6JValuePK6MethodP6Thread)
I/DEBUG   (  797): 
I/DEBUG   (  797): code around pc:
I/DEBUG   (  797): 409194e4 463b9308 f8cd9506 f7ff901c 62e0fe81  ..;F...........b
I/DEBUG   (  797): 409194f4 f7fe4628 4620fced e8bdb00d bf0083f0  (F.... F........
I/DEBUG   (  797): 40919504 6ac5b570 2d004604 f7ffd134 68a0fc89  p..j.F.-4......h
I/DEBUG   (  797): 40919514 f7fdb160 68a3eafa 681ab143 0108f104  `......hC..h....
I/DEBUG   (  797): 40919524 0c0cf852 f7fd1818 60a5ea5a b1136823  R.......Z..`#h..
I/DEBUG   (  797): 
I/DEBUG   (  797): code around lr:
I/DEBUG   (  797): 40927c08 bd7ceece 0000adf0 0000ae9c 6ac3b570  ..|.........p..j
I/DEBUG   (  797): 40927c18 b14b4604 ffc6f7ff b12d6ae5 f7f14628  .FK......j-.(F..
I/DEBUG   (  797): 40927c28 4628fc6d eea2f7ee 0048f104 ff10f7ff  m.(F......H.....
I/DEBUG   (  797): 40927c38 0038f104 ea42f7ef 0034f104 ee84f7ee  ..8...B...4.....
I/DEBUG   (  797): 40927c48 0030f104 ee80f7ee bd704620 b5f72963  ..0..... Fp.c)..
I/DEBUG   (  797): 
I/DEBUG   (  797): memory map around addr 6f542e8d:
I/DEBUG   (  797): 4aecc000-4afcb000 
I/DEBUG   (  797): (no map for address)
I/DEBUG   (  797): b0001000-b0009000 /system/bin/linker
I/DEBUG   (  797): 
I/DEBUG   (  797): stack:
I/DEBUG   (  797):     bea28578  00000000  
I/DEBUG   (  797):     bea2857c  001eec28  [heap]
I/DEBUG   (  797):     bea28580  401a14b0  
I/DEBUG   (  797):     bea28584  4081905d  /system/lib/libdvm.so
I/DEBUG   (  797):     bea28588  dc800019  
I/DEBUG   (  797):     bea2858c  46178c28  
I/DEBUG   (  797):     bea28590  001eec28  [heap]
I/DEBUG   (  797):     bea28594  001eec58  [heap]
I/DEBUG   (  797):     bea28598  401a14b0  
I/DEBUG   (  797):     bea2859c  4081905d  /system/lib/libdvm.so
I/DEBUG   (  797):     bea285a0  dc800019  
I/DEBUG   (  797):     bea285a4  46178c28  
I/DEBUG   (  797):     bea285a8  00000000  
I/DEBUG   (  797):     bea285ac  40927c0b  /system/lib/libmedia.so
I/DEBUG   (  797):     bea285b0  df0027ad  
I/DEBUG   (  797):     bea285b4  00000000  
I/DEBUG   (  797): #00 bea285b8  001eec28  [heap]
I/DEBUG   (  797):     bea285bc  6f542e61  
I/DEBUG   (  797):     bea285c0  401a14b0  
I/DEBUG   (  797):     bea285c4  40927c2b  /system/lib/libmedia.so
I/DEBUG   (  797): #01 bea285c8  001eec28  [heap]
I/DEBUG   (  797):     bea285cc  0000f2c8  [heap]
I/DEBUG   (  797):     bea285d0  401a14b0  
I/DEBUG   (  797):     bea285d4  4017a1d7  /system/lib/libandroid_runtime.so
E/DataRouter(  163): [*] Connect_RILD() returns 4 retrycount 18
I/BootReceiver(  258): Copying /data/tombstones/tombstone_09 to DropBox (SYSTEM_TOMBSTONE)
I/ActivityManager(  258): Process com.android.phone (pid 912) has died.
W/ActivityManager(  258): Canceling start item Intent { cmp=com.android.phone/.BluetoothHeadsetService } in service ComponentInfo{com.android.phone/com.android.phone.BluetoothHeadsetService}
W/ActivityManager(  258): Scheduling restart of crashed service com.android.phone/.BluetoothHeadsetService in 4918ms
I/ActivityManager(  258): Start proc com.android.phone for restart com.android.phone: pid=943 uid=1001 gids={3002, 3001, 3003, 1015}
I/ActivityThread(  943): Pub mms: com.android.providers.telephony.MmsProvider
I/ActivityThread(  943): Pub sms: com.android.providers.telephony.SmsProvider
I/ActivityThread(  943): Pub telephony: com.android.providers.telephony.TelephonyProvider
W/TelephonyProvider(  943): onCreate: confFile=/system/etc/apns-conf.xml oldCheckSum=3358775275
W/TelephonyProvider(  943): onCreate: newCheckSum=3358775275
I/ActivityThread(  943): Pub icc: com.android.phone.IccProvider
I/ActivityThread(  943): Pub mms-sms: com.android.providers.telephony.MmsSmsProvider
D/PhoneApp(  943): non dsds PhoneApp:
D/CallManager(  943): registerPhone(CDMA Handler (com.android.internal.telephony.PhoneProxy) {41281a90})
D/PhoneStatusBarPolicy(  373): updateSimState for subscription :0
D/PhoneInterfaceManager(  943):  Registering for UNSOL OEM HOOK Responses to deliver external apps
D/PhoneStatusBarPolicy(  373): updateSimState for subscription :0
D/Bluetooth HS/HF(  943): CDMA call state: IDLE prev state:IDLE
E/ToneGenerator(  943): Unable to marshal AudioFlinger
E/ToneGenerator(  943): ToneGenerator init failed 
F/libc    (  943): Fatal signal 11 (SIGSEGV) at 0x004d0091 (code=1)
E/DataRouter(  163): [*] Connect_RILD() returns 4 retrycount 19
I/DEBUG   (  797): *** *** *** *** *** *** *** *** *** *** *** *** *** *** *** ***
I/DEBUG   (  797): Build fingerprint: 'qcom/msm8660_surf/msm8660_surf:4.0.3/IML74K/eng.joey.20120210.232528:eng/test-keys'
I/DEBUG   (  797): pid: 943, tid: 943  >>> com.android.phone <<<
I/DEBUG   (  797): signal 11 (SIGSEGV), code 1 (SEGV_MAPERR), fault addr 004d0091
I/DEBUG   (  797):  r0 004d0065  r1 001d40f0  r2 001d40c0  r3 bea28188
I/DEBUG   (  797):  r4 001d40c0  r5 004d0065  r6 401a14b0  r7 4081905d
I/DEBUG   (  797):  r8 dd000019  r9 46178c28  10 00000000  fp bea28604
I/DEBUG   (  797):  ip 4094d048  sp bea285b8  lr 40927c2b  pc 40919506  cpsr 60000030
I/DEBUG   (  797):  d0  662074696e692061  d1  7541206c61687369
I/DEBUG   (  797):  d2  000000040000036c  d3  4a54d02800000065
I/DEBUG   (  797):  d4  004d006500630069  d5  00670061006e0061
I/DEBUG   (  797):  d6  0000000000720065  d7  0000000000000012
I/DEBUG   (  797):  d8  0000000000000000  d9  0000000000000000
I/DEBUG   (  797):  d10 0000000000000000  d11 0000000000000000
I/DEBUG   (  797):  d12 0000000000000000  d13 0000000000000000
I/DEBUG   (  797):  d14 0000000000000000  d15 0000000000000000
I/DEBUG   (  797):  d16 3fd43d135cda918c  d17 3ffc63194c570da5
I/DEBUG   (  797):  d18 4000000000000000  d19 3fcce7359d4792d9
I/DEBUG   (  797):  d20 3f11504c292739d4  d21 bebbb371092382c4
I/DEBUG   (  797):  d22 3ff0000000000000  d23 3ff43d135cda918c
I/DEBUG   (  797):  d24 3e66376972bea4d0  d25 3fc39a09d078c69f
I/DEBUG   (  797):  d26 0000000000000000  d27 0000000000000000
I/DEBUG   (  797):  d28 0000000000000000  d29 0000000000000000
I/DEBUG   (  797):  d30 0000000000000000  d31 0000000000000000
I/DEBUG   (  797):  scr 20000012
I/DEBUG   (  797): 
I/DEBUG   (  797):          #00  pc 00037506  /system/lib/libmedia.so (_ZN7android10AudioTrackD2Ev)
I/DEBUG   (  797):          #01  pc 00045c26  /system/lib/libmedia.so (_ZN7android13ToneGeneratorD1Ev)
I/DEBUG   (  797):          #02  pc 0006e1d4  /system/lib/libandroid_runtime.so
I/DEBUG   (  797):          #03  pc 0001ecb0  /system/lib/libdvm.so (dvmPlatformInvoke)
I/DEBUG   (  797):          #04  pc 0005884a  /system/lib/libdvm.so (_Z16dvmCallJNIMethodPKjP6JValuePK6MethodP6Thread)
I/DEBUG   (  797): 
I/DEBUG   (  797): code around pc:
I/DEBUG   (  797): 409194e4 463b9308 f8cd9506 f7ff901c 62e0fe81  ..;F...........b
I/DEBUG   (  797): 409194f4 f7fe4628 4620fced e8bdb00d bf0083f0  (F.... F........
I/DEBUG   (  797): 40919504 6ac5b570 2d004604 f7ffd134 68a0fc89  p..j.F.-4......h
I/DEBUG   (  797): 40919514 f7fdb160 68a3eafa 681ab143 0108f104  `......hC..h....
I/DEBUG   (  797): 40919524 0c0cf852 f7fd1818 60a5ea5a b1136823  R.......Z..`#h..
I/DEBUG   (  797): 
I/DEBUG   (  797): code around lr:
I/DEBUG   (  797): 40927c08 bd7ceece 0000adf0 0000ae9c 6ac3b570  ..|.........p..j
I/DEBUG   (  797): 40927c18 b14b4604 ffc6f7ff b12d6ae5 f7f14628  .FK......j-.(F..
I/DEBUG   (  797): 40927c28 4628fc6d eea2f7ee 0048f104 ff10f7ff  m.(F......H.....
I/DEBUG   (  797): 40927c38 0038f104 ea42f7ef 0034f104 ee84f7ee  ..8...B...4.....
I/DEBUG   (  797): 40927c48 0030f104 ee80f7ee bd704620 b5f72963  ..0..... Fp.c)..
I/DEBUG   (  797): 
I/DEBUG   (  797): memory map around addr 004d0091:
I/DEBUG   (  797): 0000b000-00210000 [heap]
I/DEBUG   (  797): (no map for address)
I/DEBUG   (  797): 10000000-10001000 
I/DEBUG   (  797): 
I/DEBUG   (  797): stack:
I/DEBUG   (  797):     bea28578  00000000  
I/DEBUG   (  797):     bea2857c  001d40c0  [heap]
I/DEBUG   (  797):     bea28580  401a14b0  
I/DEBUG   (  797):     bea28584  4081905d  /system/lib/libdvm.so
I/DEBUG   (  797):     bea28588  dd000019  
I/DEBUG   (  797):     bea2858c  46178c28  
I/DEBUG   (  797):     bea28590  001d40c0  [heap]
I/DEBUG   (  797):     bea28594  001d40f0  [heap]
I/DEBUG   (  797):     bea28598  401a14b0  
I/DEBUG   (  797):     bea2859c  4081905d  /system/lib/libdvm.so
I/DEBUG   (  797):     bea285a0  dd000019  
I/DEBUG   (  797):     bea285a4  46178c28  
I/DEBUG   (  797):     bea285a8  00000000  
I/DEBUG   (  797):     bea285ac  40927c0b  /system/lib/libmedia.so
I/DEBUG   (  797):     bea285b0  df0027ad  
I/DEBUG   (  797):     bea285b4  00000000  
I/DEBUG   (  797): #00 bea285b8  001d40c0  [heap]
I/DEBUG   (  797):     bea285bc  004d0065  
I/DEBUG   (  797):     bea285c0  401a14b0  
I/DEBUG   (  797):     bea285c4  40927c2b  /system/lib/libmedia.so
I/DEBUG   (  797): #01 bea285c8  001d40c0  [heap]
I/DEBUG   (  797):     bea285cc  0000f2c8  [heap]
I/DEBUG   (  797):     bea285d0  401a14b0  
I/DEBUG   (  797):     bea285d4  4017a1d7  /system/lib/libandroid_runtime.so
I/BootReceiver(  258): Copying /data/tombstones/tombstone_00 to DropBox (SYSTEM_TOMBSTONE)
E/DataRouter(  163): [*] Connect_RILD() returns 4 retrycount 20
I/ActivityManager(  258): Process com.android.phone (pid 943) has died.
W/ActivityManager(  258): Canceling start item Intent { cmp=com.android.phone/.BluetoothHeadsetService } in service ComponentInfo{com.android.phone/com.android.phone.BluetoothHeadsetService}
W/ActivityManager(  258): Scheduling restart of crashed service com.android.phone/.BluetoothHeadsetService in 4682ms
I/ActivityManager(  258): Start proc com.android.phone for restart com.android.phone: pid=969 uid=1001 gids={3002, 3001, 3003, 1015}
I/ActivityThread(  969): Pub mms: com.android.providers.telephony.MmsProvider
I/ActivityThread(  969): Pub sms: com.android.providers.telephony.SmsProvider
I/ActivityThread(  969): Pub telephony: com.android.providers.telephony.TelephonyProvider
W/TelephonyProvider(  969): onCreate: confFile=/system/etc/apns-conf.xml oldCheckSum=3358775275
W/TelephonyProvider(  969): onCreate: newCheckSum=3358775275
I/ActivityThread(  969): Pub icc: com.android.phone.IccProvider
I/ActivityThread(  969): Pub mms-sms: com.android.providers.telephony.MmsSmsProvider
D/PhoneApp(  969): non dsds PhoneApp:
D/CallManager(  969): registerPhone(CDMA Handler (com.android.internal.telephony.PhoneProxy) {412e5cf8})
D/PhoneStatusBarPolicy(  373): updateSimState for subscription :0
D/PhoneStatusBarPolicy(  373): updateSimState for subscription :0
D/PhoneInterfaceManager(  969):  Registering for UNSOL OEM HOOK Responses to deliver external apps
D/Bluetooth HS/HF(  969): CDMA call state: IDLE prev state:IDLE
E/ToneGenerator(  969): Unable to marshal AudioFlinger
E/ToneGenerator(  969): ToneGenerator init failed 
F/libc    (  969): Fatal signal 11 (SIGSEGV) at 0x542f6195 (code=1)
I/DEBUG   (  797): *** *** *** *** *** *** *** *** *** *** *** *** *** *** *** ***
I/DEBUG   (  797): Build fingerprint: 'qcom/msm8660_surf/msm8660_surf:4.0.3/IML74K/eng.joey.20120210.232528:eng/test-keys'
I/DEBUG   (  797): pid: 969, tid: 969  >>> com.android.phone <<<
I/DEBUG   (  797): signal 11 (SIGSEGV), code 1 (SEGV_MAPERR), fault addr 542f6195
I/DEBUG   (  797):  r0 542f6169  r1 001eec88  r2 001eec58  r3 bea28188
I/DEBUG   (  797):  r4 001eec58  r5 542f6169  r6 401a14b0  r7 4081905d
I/DEBUG   (  797):  r8 ddd00019  r9 46178c28  10 00000000  fp bea28604
I/DEBUG   (  797):  ip 4094d048  sp bea285b8  lr 40927c2b  pc 40919506  cpsr 60000030
I/DEBUG   (  797):  d0  662074696e692061  d1  7541206c61687369
I/DEBUG   (  797):  d2  000000040000036c  d3  4a54d02800000065
I/DEBUG   (  797):  d4  006f006900640075  d5  0069006c006f0050
I/DEBUG   (  797):  d6  0065005300790063  d7  0063006900760072
I/DEBUG   (  797):  d8  0000000000000000  d9  0000000000000000
I/DEBUG   (  797):  d10 0000000000000000  d11 0000000000000000
I/DEBUG   (  797):  d12 0000000000000000  d13 0000000000000000
I/DEBUG   (  797):  d14 0000000000000000  d15 0000000000000000
I/DEBUG   (  797):  d16 3fd43d135cda918c  d17 3ffc63194c570da5
I/DEBUG   (  797):  d18 4000000000000000  d19 3fcce7359d4792d9
I/DEBUG   (  797):  d20 3f11504c292739d4  d21 bebbb371092382c4
I/DEBUG   (  797):  d22 3ff0000000000000  d23 3ff43d135cda918c
I/DEBUG   (  797):  d24 3e66376972bea4d0  d25 3fc39a09d078c69f
I/DEBUG   (  797):  d26 0000000000000000  d27 0000000000000000
I/DEBUG   (  797):  d28 0000000000000000  d29 0000000000000000
I/DEBUG   (  797):  d30 0000000000000000  d31 0000000000000000
I/DEBUG   (  797):  scr 20000012
I/DEBUG   (  797): 
I/DEBUG   (  797):          #00  pc 00037506  /system/lib/libmedia.so (_ZN7android10AudioTrackD2Ev)
I/DEBUG   (  797):          #01  pc 00045c26  /system/lib/libmedia.so (_ZN7android13ToneGeneratorD1Ev)
I/DEBUG   (  797):          #02  pc 0006e1d4  /system/lib/libandroid_runtime.so
I/DEBUG   (  797):          #03  pc 0001ecb0  /system/lib/libdvm.so (dvmPlatformInvoke)
I/DEBUG   (  797):          #04  pc 0005884a  /system/lib/libdvm.so (_Z16dvmCallJNIMethodPKjP6JValuePK6MethodP6Thread)
I/DEBUG   (  797): 
I/DEBUG   (  797): code around pc:
I/DEBUG   (  797): 409194e4 463b9308 f8cd9506 f7ff901c 62e0fe81  ..;F...........b
I/DEBUG   (  797): 409194f4 f7fe4628 4620fced e8bdb00d bf0083f0  (F.... F........
I/DEBUG   (  797): 40919504 6ac5b570 2d004604 f7ffd134 68a0fc89  p..j.F.-4......h
I/DEBUG   (  797): 40919514 f7fdb160 68a3eafa 681ab143 0108f104  `......hC..h....
I/DEBUG   (  797): 40919524 0c0cf852 f7fd1818 60a5ea5a b1136823  R.......Z..`#h..
I/DEBUG   (  797): 
I/DEBUG   (  797): code around lr:
I/DEBUG   (  797): 40927c08 bd7ceece 0000adf0 0000ae9c 6ac3b570  ..|.........p..j
I/DEBUG   (  797): 40927c18 b14b4604 ffc6f7ff b12d6ae5 f7f14628  .FK......j-.(F..
I/DEBUG   (  797): 40927c28 4628fc6d eea2f7ee 0048f104 ff10f7ff  m.(F......H.....
I/DEBUG   (  797): 40927c38 0038f104 ea42f7ef 0034f104 ee84f7ee  ..8...B...4.....
I/DEBUG   (  797): 40927c48 0030f104 ee80f7ee bd704620 b5f72963  ..0..... Fp.c)..
I/DEBUG   (  797): 
I/DEBUG   (  797): memory map around addr 542f6195:
I/DEBUG   (  797): 4aecc000-4afcb000 
I/DEBUG   (  797): (no map for address)
I/DEBUG   (  797): b0001000-b0009000 /system/bin/linker
I/DEBUG   (  797): 
I/DEBUG   (  797): stack:
I/DEBUG   (  797):     bea28578  00000000  
I/DEBUG   (  797):     bea2857c  001eec58  [heap]
I/DEBUG   (  797):     bea28580  401a14b0  
I/DEBUG   (  797):     bea28584  4081905d  /system/lib/libdvm.so
I/DEBUG   (  797):     bea28588  ddd00019  
I/DEBUG   (  797):     bea2858c  46178c28  
I/DEBUG   (  797):     bea28590  001eec58  [heap]
I/DEBUG   (  797):     bea28594  001eec88  [heap]
I/DEBUG   (  797):     bea28598  401a14b0  
I/DEBUG   (  797):     bea2859c  4081905d  /system/lib/libdvm.so
I/DEBUG   (  797):     bea285a0  ddd00019  
I/DEBUG   (  797):     bea285a4  46178c28  
I/DEBUG   (  797):     bea285a8  00000000  
I/DEBUG   (  797):     bea285ac  40927c0b  /system/lib/libmedia.so
I/DEBUG   (  797):     bea285b0  df0027ad  
I/DEBUG   (  797):     bea285b4  00000000  
I/DEBUG   (  797): #00 bea285b8  001eec58  [heap]
I/DEBUG   (  797):     bea285bc  542f6169  
I/DEBUG   (  797):     bea285c0  401a14b0  
I/DEBUG   (  797):     bea285c4  40927c2b  /system/lib/libmedia.so
I/DEBUG   (  797): #01 bea285c8  001eec58  [heap]
I/DEBUG   (  797):     bea285cc  0000f2c8  [heap]
I/DEBUG   (  797):     bea285d0  401a14b0  
I/DEBUG   (  797):     bea285d4  4017a1d7  /system/lib/libandroid_runtime.so
E/DataRouter(  163): [*] Connect_RILD() returns 4 retrycount 21
I/BootReceiver(  258): Copying /data/tombstones/tombstone_01 to DropBox (SYSTEM_TOMBSTONE)
I/ActivityManager(  258): Process com.android.phone (pid 969) has died.
W/ActivityManager(  258): Canceling start item Intent { cmp=com.android.phone/.BluetoothHeadsetService } in service ComponentInfo{com.android.phone/com.android.phone.BluetoothHeadsetService}
W/ActivityManager(  258): Scheduling restart of crashed service com.android.phone/.BluetoothHeadsetService in 5352ms
I/ActivityManager(  258): Start proc com.android.phone for restart com.android.phone: pid=996 uid=1001 gids={3002, 3001, 3003, 1015}
I/ActivityThread(  996): Pub mms: com.android.providers.telephony.MmsProvider
I/ActivityThread(  996): Pub sms: com.android.providers.telephony.SmsProvider
I/ActivityThread(  996): Pub telephony: com.android.providers.telephony.TelephonyProvider
W/TelephonyProvider(  996): onCreate: confFile=/system/etc/apns-conf.xml oldCheckSum=3358775275
W/TelephonyProvider(  996): onCreate: newCheckSum=3358775275
I/ActivityThread(  996): Pub icc: com.android.phone.IccProvider
I/ActivityThread(  996): Pub mms-sms: com.android.providers.telephony.MmsSmsProvider
D/PhoneApp(  996): non dsds PhoneApp:
D/CallManager(  996): registerPhone(CDMA Handler (com.android.internal.telephony.PhoneProxy) {41282cf8})
D/PhoneStatusBarPolicy(  373): updateSimState for subscription :0
D/PhoneStatusBarPolicy(  373): updateSimState for subscription :0
D/PhoneInterfaceManager(  996):  Registering for UNSOL OEM HOOK Responses to deliver external apps
