I/DEBUG   ( 2321):  d0  662074696e692061  d1  7541206c61687369
I/DEBUG   ( 2321):  d2  000000040000036c  d3  4a54d02800000065
I/DEBUG   ( 2321):  d4  004d006500630069  d5  00670061006e0061
I/DEBUG   ( 2321):  d6  0000000000720065  d7  0067006100000012
I/DEBUG   ( 2321):  d8  0000000000000000  d9  0000000000000000
I/DEBUG   ( 2321):  d10 0000000000000000  d11 0000000000000000
I/DEBUG   ( 2321):  d12 0000000000000000  d13 0000000000000000
I/DEBUG   ( 2321):  d14 0000000000000000  d15 0000000000000000
I/DEBUG   ( 2321):  d16 3fd43d135cda918c  d17 3ffc63194c570da5
I/DEBUG   ( 2321):  d18 4000000000000000  d19 3fcce7359d4792d9
I/DEBUG   ( 2321):  d20 3f11504c292739d4  d21 bebbb371092382c4
I/DEBUG   ( 2321):  d22 3ff0000000000000  d23 3ff43d135cda918c
I/DEBUG   ( 2321):  d24 3e66376972bea4d0  d25 3fc39a09d078c69f
I/DEBUG   ( 2321):  d26 0000000000000000  d27 0000000000000000
I/DEBUG   ( 2321):  d28 0000000000000000  d29 0000000000000000
I/DEBUG   ( 2321):  d30 0000000000000000  d31 0000000000000000
I/DEBUG   ( 2321):  scr 20000012
I/DEBUG   ( 2321): 
I/DEBUG   ( 2321):          #00  pc 00037506  /system/lib/libmedia.so (_ZN7android10AudioTrackD2Ev)
I/DEBUG   ( 2321):          #01  pc 00045c26  /system/lib/libmedia.so (_ZN7android13ToneGeneratorD1Ev)
I/DEBUG   ( 2321):          #02  pc 0006e1d4  /system/lib/libandroid_runtime.so
I/DEBUG   ( 2321):          #03  pc 0001ecb0  /system/lib/libdvm.so (dvmPlatformInvoke)
I/DEBUG   ( 2321):          #04  pc 0005884a  /system/lib/libdvm.so (_Z16dvmCallJNIMethodPKjP6JValuePK6MethodP6Thread)
I/DEBUG   ( 2321): 
I/DEBUG   ( 2321): code around pc:
I/DEBUG   ( 2321): 409194e4 463b9308 f8cd9506 f7ff901c 62e0fe81  ..;F...........b
I/DEBUG   ( 2321): 409194f4 f7fe4628 4620fced e8bdb00d bf0083f0  (F.... F........
I/DEBUG   ( 2321): 40919504 6ac5b570 2d004604 f7ffd134 68a0fc89  p..j.F.-4......h
I/DEBUG   ( 2321): 40919514 f7fdb160 68a3eafa 681ab143 0108f104  `......hC..h....
I/DEBUG   ( 2321): 40919524 0c0cf852 f7fd1818 60a5ea5a b1136823  R.......Z..`#h..
I/DEBUG   ( 2321): 
I/DEBUG   ( 2321): code around lr:
I/DEBUG   ( 2321): 40927c08 bd7ceece 0000adf0 0000ae9c 6ac3b570  ..|.........p..j
I/DEBUG   ( 2321): 40927c18 b14b4604 ffc6f7ff b12d6ae5 f7f14628  .FK......j-.(F..
I/DEBUG   ( 2321): 40927c28 4628fc6d eea2f7ee 0048f104 ff10f7ff  m.(F......H.....
I/DEBUG   ( 2321): 40927c38 0038f104 ea42f7ef 0034f104 ee84f7ee  ..8...B...4.....
I/DEBUG   ( 2321): 40927c48 0030f104 ee80f7ee bd704620 b5f72963  ..0..... Fp.c)..
I/DEBUG   ( 2321): 
I/DEBUG   ( 2321): stack:
I/DEBUG   ( 2321):     bef4f578  00000000  
I/DEBUG   ( 2321):     bef4f57c  00142698  [heap]
I/DEBUG   ( 2321):     bef4f580  401a14b0  
I/DEBUG   ( 2321):     bef4f584  4081905d  /system/lib/libdvm.so
I/DEBUG   ( 2321):     bef4f588  2c200019  
I/DEBUG   ( 2321):     bef4f58c  46178c28  
I/DEBUG   ( 2321):     bef4f590  00142698  [heap]
I/DEBUG   ( 2321):     bef4f594  001426c8  [heap]
I/DEBUG   ( 2321):     bef4f598  401a14b0  
I/DEBUG   ( 2321):     bef4f59c  4081905d  /system/lib/libdvm.so
I/DEBUG   ( 2321):     bef4f5a0  2c200019  
I/DEBUG   ( 2321):     bef4f5a4  46178c28  
I/DEBUG   ( 2321):     bef4f5a8  00000000  
I/DEBUG   ( 2321):     bef4f5ac  40927c0b  /system/lib/libmedia.so
I/DEBUG   ( 2321):     bef4f5b0  df0027ad  
I/DEBUG   ( 2321):     bef4f5b4  00000000  
I/DEBUG   ( 2321): #00 bef4f5b8  00142698  [heap]
I/DEBUG   ( 2321):     bef4f5bc  00000031  
I/DEBUG   ( 2321):     bef4f5c0  401a14b0  
I/DEBUG   ( 2321):     bef4f5c4  40927c2b  /system/lib/libmedia.so
I/DEBUG   ( 2321): #01 bef4f5c8  00142698  [heap]
I/DEBUG   ( 2321):     bef4f5cc  0000f2c8  [heap]
I/DEBUG   ( 2321):     bef4f5d0  401a14b0  
I/DEBUG   ( 2321):     bef4f5d4  4017a1d7  /system/lib/libandroid_runtime.so
I/BootReceiver(  262): Copying /data/tombstones/tombstone_01 to DropBox (SYSTEM_TOMBSTONE)
I/ActivityManager(  262): Process com.android.phone (pid 3376) has died.
W/ActivityManager(  262): Canceling start item Intent { cmp=com.android.phone/.BluetoothHeadsetService } in service ComponentInfo{com.android.phone/com.android.phone.BluetoothHeadsetService}
W/ActivityManager(  262): Scheduling restart of crashed service com.android.phone/.BluetoothHeadsetService in 4998ms
I/WindowManager(  262): SCREENLAYOUT_SIZE (1:small, 2:normal, 3:large, 4:xlarge) 2
E/libEGL  (  262): called unimplemented OpenGL ES API
E/libEGL  (  262): called unimplemented OpenGL ES API
E/libEGL  (  262): called unimplemented OpenGL ES API
E/libEGL  (  262): called unimplemented OpenGL ES API
E/libEGL  (  262): called unimplemented OpenGL ES API
E/libEGL  (  262): called unimplemented OpenGL ES API
E/libEGL  (  262): called unimplemented OpenGL ES API
E/libEGL  (  262): called unimplemented OpenGL ES API
E/libEGL  (  262): called unimplemented OpenGL ES API
E/libEGL  (  262): called unimplemented OpenGL ES API
I/ActivityManager(  262): Start proc com.android.phone for restart com.android.phone: pid=3399 uid=1001 gids={3002, 3001, 3003, 1015}
W/WindowManager(  262): Failure taking screenshot for (180x300) to layer 21000
I/ActivityThread( 3399): Pub mms: com.android.providers.telephony.MmsProvider
I/ActivityThread( 3399): Pub sms: com.android.providers.telephony.SmsProvider
I/ActivityThread( 3399): Pub telephony: com.android.providers.telephony.TelephonyProvider
W/TelephonyProvider( 3399): onCreate: confFile=/system/etc/apns-conf.xml oldCheckSum=3358775275
W/TelephonyProvider( 3399): onCreate: newCheckSum=3358775275
I/ActivityThread( 3399): Pub icc: com.android.phone.IccProvider
I/ActivityThread( 3399): Pub mms-sms: com.android.providers.telephony.MmsSmsProvider
D/PhoneApp( 3399): non dsds PhoneApp:
D/PhoneStatusBarPolicy(  369): updateSimState for subscription :0
D/CallManager( 3399): registerPhone(CDMA Handler (com.android.internal.telephony.PhoneProxy) {412c73e8})
D/PhoneInterfaceManager( 3399):  Registering for UNSOL OEM HOOK Responses to deliver external apps
D/PhoneStatusBarPolicy(  369): updateSimState for subscription :0
D/Bluetooth HS/HF( 3399): CDMA call state: IDLE prev state:IDLE
E/ToneGenerator( 3399): Unable to marshal AudioFlinger
E/ToneGenerator( 3399): ToneGenerator init failed 
F/libc    ( 3399): Fatal signal 11 (SIGSEGV) at 0x6f542e8d (code=1)
I/DEBUG   ( 2321): *** *** *** *** *** *** *** *** *** *** *** *** *** *** *** ***
I/DEBUG   ( 2321): Build fingerprint: 'qcom/msm8660_surf/msm8660_surf:4.0.3/IML74K/eng.joey.20120210.232528:eng/test-keys'
I/DEBUG   ( 2321): pid: 3399, tid: 3399  >>> com.android.phone <<<
I/DEBUG   ( 2321): signal 11 (SIGSEGV), code 1 (SEGV_MAPERR), fault addr 6f542e8d
I/DEBUG   ( 2321):  r0 6f542e61  r1 00142778  r2 00142748  r3 bef4f188
I/DEBUG   ( 2321):  r4 00142748  r5 6f542e61  r6 401a14b0  r7 4081905d
I/DEBUG   ( 2321):  r8 2cf00019  r9 46178c28  10 00000000  fp bef4f604
I/DEBUG   ( 2321):  ip 4094d048  sp bef4f5b8  lr 40927c2b  pc 40919506  cpsr 60000030
I/DEBUG   ( 2321):  d0  662074696e692061  d1  7541206c61687369
I/DEBUG   ( 2321):  d2  000000040000036c  d3  4a54d02800000065
I/DEBUG   ( 2321):  d4  004d006500630069  d5  00670061006e0061
I/DEBUG   ( 2321):  d6  0000000000720065  d7  0068007000000012
I/DEBUG   ( 2321):  d8  0000000000000000  d9  0000000000000000
I/DEBUG   ( 2321):  d10 0000000000000000  d11 0000000000000000
I/DEBUG   ( 2321):  d12 0000000000000000  d13 0000000000000000
I/DEBUG   ( 2321):  d14 0000000000000000  d15 0000000000000000
I/DEBUG   ( 2321):  d16 3fd43d135cda918c  d17 3ffc63194c570da5
I/DEBUG   ( 2321):  d18 4000000000000000  d19 3fcce7359d4792d9
I/DEBUG   ( 2321):  d20 3f11504c292739d4  d21 bebbb371092382c4
I/DEBUG   ( 2321):  d22 3ff0000000000000  d23 3ff43d135cda918c
I/DEBUG   ( 2321):  d24 3e66376972bea4d0  d25 3fc39a09d078c69f
I/DEBUG   ( 2321):  d26 0000000000000000  d27 0000000000000000
I/DEBUG   ( 2321):  d28 0000000000000000  d29 0000000000000000
I/DEBUG   ( 2321):  d30 0000000000000000  d31 0000000000000000
I/DEBUG   ( 2321):  scr 20000012
I/DEBUG   ( 2321): 
I/DEBUG   ( 2321):          #00  pc 00037506  /system/lib/libmedia.so (_ZN7android10AudioTrackD2Ev)
I/DEBUG   ( 2321):          #01  pc 00045c26  /system/lib/libmedia.so (_ZN7android13ToneGeneratorD1Ev)
I/DEBUG   ( 2321):          #02  pc 0006e1d4  /system/lib/libandroid_runtime.so
I/DEBUG   ( 2321):          #03  pc 0001ecb0  /system/lib/libdvm.so (dvmPlatformInvoke)
I/DEBUG   ( 2321):          #04  pc 0005884a  /system/lib/libdvm.so (_Z16dvmCallJNIMethodPKjP6JValuePK6MethodP6Thread)
I/DEBUG   ( 2321): 
I/DEBUG   ( 2321): code around pc:
I/DEBUG   ( 2321): 409194e4 463b9308 f8cd9506 f7ff901c 62e0fe81  ..;F...........b
I/DEBUG   ( 2321): 409194f4 f7fe4628 4620fced e8bdb00d bf0083f0  (F.... F........
I/DEBUG   ( 2321): 40919504 6ac5b570 2d004604 f7ffd134 68a0fc89  p..j.F.-4......h
I/DEBUG   ( 2321): 40919514 f7fdb160 68a3eafa 681ab143 0108f104  `......hC..h....
I/DEBUG   ( 2321): 40919524 0c0cf852 f7fd1818 60a5ea5a b1136823  R.......Z..`#h..
I/DEBUG   ( 2321): 
I/DEBUG   ( 2321): code around lr:
I/DEBUG   ( 2321): 40927c08 bd7ceece 0000adf0 0000ae9c 6ac3b570  ..|.........p..j
I/DEBUG   ( 2321): 40927c18 b14b4604 ffc6f7ff b12d6ae5 f7f14628  .FK......j-.(F..
I/DEBUG   ( 2321): 40927c28 4628fc6d eea2f7ee 0048f104 ff10f7ff  m.(F......H.....
I/DEBUG   ( 2321): 40927c38 0038f104 ea42f7ef 0034f104 ee84f7ee  ..8...B...4.....
I/DEBUG   ( 2321): 40927c48 0030f104 ee80f7ee bd704620 b5f72963  ..0..... Fp.c)..
I/DEBUG   ( 2321): 
I/DEBUG   ( 2321): memory map around addr 6f542e8d:
I/DEBUG   ( 2321): 4aecc000-4afcb000 
I/DEBUG   ( 2321): (no map for address)
I/DEBUG   ( 2321): b0001000-b0009000 /system/bin/linker
I/DEBUG   ( 2321): 
I/DEBUG   ( 2321): stack:
I/DEBUG   ( 2321):     bef4f578  00000000  
I/DEBUG   ( 2321):     bef4f57c  00142748  [heap]
I/DEBUG   ( 2321):     bef4f580  401a14b0  
I/DEBUG   ( 2321):     bef4f584  4081905d  /system/lib/libdvm.so
I/DEBUG   ( 2321):     bef4f588  2cf00019  
I/DEBUG   ( 2321):     bef4f58c  46178c28  
I/DEBUG   ( 2321):     bef4f590  00142748  [heap]
I/DEBUG   ( 2321):     bef4f594  00142778  [heap]
I/DEBUG   ( 2321):     bef4f598  401a14b0  
I/DEBUG   ( 2321):     bef4f59c  4081905d  /system/lib/libdvm.so
I/DEBUG   ( 2321):     bef4f5a0  2cf00019  
I/DEBUG   ( 2321):     bef4f5a4  46178c28  
I/DEBUG   ( 2321):     bef4f5a8  00000000  
I/DEBUG   ( 2321):     bef4f5ac  40927c0b  /system/lib/libmedia.so
I/DEBUG   ( 2321):     bef4f5b0  df0027ad  
I/DEBUG   ( 2321):     bef4f5b4  00000000  
I/DEBUG   ( 2321): #00 bef4f5b8  00142748  [heap]
I/DEBUG   ( 2321):     bef4f5bc  6f542e61  
I/DEBUG   ( 2321):     bef4f5c0  401a14b0  
I/DEBUG   ( 2321):     bef4f5c4  40927c2b  /system/lib/libmedia.so
I/DEBUG   ( 2321): #01 bef4f5c8  00142748  [heap]
I/DEBUG   ( 2321):     bef4f5cc  0000f2c8  [heap]
I/DEBUG   ( 2321):     bef4f5d0  401a14b0  
I/DEBUG   ( 2321):     bef4f5d4  4017a1d7  /system/lib/libandroid_runtime.so
I/BootReceiver(  262): Copying /data/tombstones/tombstone_02 to DropBox (SYSTEM_TOMBSTONE)
I/ActivityManager(  262): Process com.android.phone (pid 3399) has died.
W/ActivityManager(  262): Canceling start item Intent { cmp=com.android.phone/.BluetoothHeadsetService } in service ComponentInfo{com.android.phone/com.android.phone.BluetoothHeadsetService}
W/ActivityManager(  262): Scheduling restart of crashed service com.android.phone/.BluetoothHeadsetService in 4916ms
I/WindowManager(  262): SCREENLAYOUT_SIZE (1:small, 2:normal, 3:large, 4:xlarge) 2
E/libEGL  (  262): called unimplemented OpenGL ES API
E/libEGL  (  262): called unimplemented OpenGL ES API
E/libEGL  (  262): called unimplemented OpenGL ES API
E/libEGL  (  262): called unimplemented OpenGL ES API
E/libEGL  (  262): called unimplemented OpenGL ES API
E/libEGL  (  262): called unimplemented OpenGL ES API
E/libEGL  (  262): called unimplemented OpenGL ES API
E/libEGL  (  262): called unimplemented OpenGL ES API
E/libEGL  (  262): called unimplemented OpenGL ES API
E/libEGL  (  262): called unimplemented OpenGL ES API
I/ActivityManager(  262): Start proc com.android.phone for restart com.android.phone: pid=3427 uid=1001 gids={3002, 3001, 3003, 1015}
W/WindowManager(  262): Failure taking screenshot for (180x300) to layer 21000
I/ActivityThread( 3427): Pub mms: com.android.providers.telephony.MmsProvider
I/ActivityThread( 3427): Pub sms: com.android.providers.telephony.SmsProvider
I/ActivityThread( 3427): Pub telephony: com.android.providers.telephony.TelephonyProvider
W/TelephonyProvider( 3427): onCreate: confFile=/system/etc/apns-conf.xml oldCheckSum=3358775275
W/TelephonyProvider( 3427): onCreate: newCheckSum=3358775275
I/ActivityThread( 3427): Pub icc: com.android.phone.IccProvider
I/ActivityThread( 3427): Pub mms-sms: com.android.providers.telephony.MmsSmsProvider
D/PhoneApp( 3427): non dsds PhoneApp:
D/PhoneStatusBarPolicy(  369): updateSimState for subscription :0
D/CallManager( 3427): registerPhone(CDMA Handler (com.android.internal.telephony.PhoneProxy) {412e4450})
D/PhoneInterfaceManager( 3427):  Registering for UNSOL OEM HOOK Responses to deliver external apps
D/PhoneStatusBarPolicy(  369): updateSimState for subscription :0
D/Bluetooth HS/HF( 3427): CDMA call state: IDLE prev state:IDLE
E/ToneGenerator( 3427): Unable to marshal AudioFlinger
E/ToneGenerator( 3427): ToneGenerator init failed 
F/libc    ( 3427): Fatal signal 11 (SIGSEGV) at 0x6f542e8d (code=1)
I/DEBUG   ( 2321): *** *** *** *** *** *** *** *** *** *** *** *** *** *** *** ***
I/DEBUG   ( 2321): Build fingerprint: 'qcom/msm8660_surf/msm8660_surf:4.0.3/IML74K/eng.joey.20120210.232528:eng/test-keys'
I/DEBUG   ( 2321): pid: 3427, tid: 3427  >>> com.android.phone <<<
I/DEBUG   ( 2321): signal 11 (SIGSEGV), code 1 (SEGV_MAPERR), fault addr 6f542e8d
I/DEBUG   ( 2321):  r0 6f542e61  r1 00142670  r2 00142640  r3 bef4f188
I/DEBUG   ( 2321):  r4 00142640  r5 6f542e61  r6 401a14b0  r7 4081905d
I/DEBUG   ( 2321):  r8 2dc00019  r9 46178c28  10 00000000  fp bef4f604
I/DEBUG   ( 2321):  ip 4094d048  sp bef4f5b8  lr 40927c2b  pc 40919506  cpsr 60000030
I/DEBUG   ( 2321):  d0  662074696e692061  d1  7541206c61687369
I/DEBUG   ( 2321):  d2  000000040000036c  d3  4a54d02800000065
I/DEBUG   ( 2321):  d4  0076007200650053  d5  004d006500630069
I/DEBUG   ( 2321):  d6  00670061006e0061  d7  0000000000720065
I/DEBUG   ( 2321):  d8  0000000000000000  d9  0000000000000000
I/DEBUG   ( 2321):  d10 0000000000000000  d11 0000000000000000
I/DEBUG   ( 2321):  d12 0000000000000000  d13 0000000000000000
I/DEBUG   ( 2321):  d14 0000000000000000  d15 0000000000000000
I/DEBUG   ( 2321):  d16 3fd43d135cda918c  d17 3ffc63194c570da5
I/DEBUG   ( 2321):  d18 4000000000000000  d19 3fcce7359d4792d9
I/DEBUG   ( 2321):  d20 3f11504c292739d4  d21 bebbb371092382c4
I/DEBUG   ( 2321):  d22 3ff0000000000000  d23 3ff43d135cda918c
I/DEBUG   ( 2321):  d24 3e66376972bea4d0  d25 3fc39a09d078c69f
I/DEBUG   ( 2321):  d26 0000000000000000  d27 0000000000000000
I/DEBUG   ( 2321):  d28 0000000000000000  d29 0000000000000000
I/DEBUG   ( 2321):  d30 0000000000000000  d31 0000000000000000
I/DEBUG   ( 2321):  scr 20000012
I/DEBUG   ( 2321): 
I/DEBUG   ( 2321):          #00  pc 00037506  /system/lib/libmedia.so (_ZN7android10AudioTrackD2Ev)
I/DEBUG   ( 2321):          #01  pc 00045c26  /system/lib/libmedia.so (_ZN7android13ToneGeneratorD1Ev)
I/DEBUG   ( 2321):          #02  pc 0006e1d4  /system/lib/libandroid_runtime.so
I/DEBUG   ( 2321):          #03  pc 0001ecb0  /system/lib/libdvm.so (dvmPlatformInvoke)
I/DEBUG   ( 2321):          #04  pc 0005884a  /system/lib/libdvm.so (_Z16dvmCallJNIMethodPKjP6JValuePK6MethodP6Thread)
I/DEBUG   ( 2321): 
I/DEBUG   ( 2321): code around pc:
I/DEBUG   ( 2321): 409194e4 463b9308 f8cd9506 f7ff901c 62e0fe81  ..;F...........b
I/DEBUG   ( 2321): 409194f4 f7fe4628 4620fced e8bdb00d bf0083f0  (F.... F........
I/DEBUG   ( 2321): 40919504 6ac5b570 2d004604 f7ffd134 68a0fc89  p..j.F.-4......h
I/DEBUG   ( 2321): 40919514 f7fdb160 68a3eafa 681ab143 0108f104  `......hC..h....
I/DEBUG   ( 2321): 40919524 0c0cf852 f7fd1818 60a5ea5a b1136823  R.......Z..`#h..
I/DEBUG   ( 2321): 
I/DEBUG   ( 2321): code around lr:
I/DEBUG   ( 2321): 40927c08 bd7ceece 0000adf0 0000ae9c 6ac3b570  ..|.........p..j
I/DEBUG   ( 2321): 40927c18 b14b4604 ffc6f7ff b12d6ae5 f7f14628  .FK......j-.(F..
I/DEBUG   ( 2321): 40927c28 4628fc6d eea2f7ee 0048f104 ff10f7ff  m.(F......H.....
I/DEBUG   ( 2321): 40927c38 0038f104 ea42f7ef 0034f104 ee84f7ee  ..8...B...4.....
I/DEBUG   ( 2321): 40927c48 0030f104 ee80f7ee bd704620 b5f72963  ..0..... Fp.c)..
I/DEBUG   ( 2321): 
I/DEBUG   ( 2321): memory map around addr 6f542e8d:
I/DEBUG   ( 2321): 4aecc000-4afcb000 
I/DEBUG   ( 2321): (no map for address)
I/DEBUG   ( 2321): b0001000-b0009000 /system/bin/linker
I/DEBUG   ( 2321): 
I/DEBUG   ( 2321): stack:
I/DEBUG   ( 2321):     bef4f578  00000000  
I/DEBUG   ( 2321):     bef4f57c  00142640  [heap]
I/DEBUG   ( 2321):     bef4f580  401a14b0  
I/DEBUG   ( 2321):     bef4f584  4081905d  /system/lib/libdvm.so
I/DEBUG   ( 2321):     bef4f588  2dc00019  
I/DEBUG   ( 2321):     bef4f58c  46178c28  
I/DEBUG   ( 2321):     bef4f590  00142640  [heap]
I/DEBUG   ( 2321):     bef4f594  00142670  [heap]
I/DEBUG   ( 2321):     bef4f598  401a14b0  
I/DEBUG   ( 2321):     bef4f59c  4081905d  /system/lib/libdvm.so
I/DEBUG   ( 2321):     bef4f5a0  2dc00019  
I/DEBUG   ( 2321):     bef4f5a4  46178c28  
I/DEBUG   ( 2321):     bef4f5a8  00000000  
I/DEBUG   ( 2321):     bef4f5ac  40927c0b  /system/lib/libmedia.so
I/DEBUG   ( 2321):     bef4f5b0  df0027ad  
I/DEBUG   ( 2321):     bef4f5b4  00000000  
I/DEBUG   ( 2321): #00 bef4f5b8  00142640  [heap]
I/DEBUG   ( 2321):     bef4f5bc  6f542e61  
I/DEBUG   ( 2321):     bef4f5c0  401a14b0  
I/DEBUG   ( 2321):     bef4f5c4  40927c2b  /system/lib/libmedia.so
I/DEBUG   ( 2321): #01 bef4f5c8  00142640  [heap]
I/DEBUG   ( 2321):     bef4f5cc  0000f2c8  [heap]
I/DEBUG   ( 2321):     bef4f5d0  401a14b0  
I/DEBUG   ( 2321):     bef4f5d4  4017a1d7  /system/lib/libandroid_runtime.so
I/BootReceiver(  262): Copying /data/tombstones/tombstone_03 to DropBox (SYSTEM_TOMBSTONE)
I/ActivityManager(  262): Process com.android.phone (pid 3427) has died.
W/ActivityManager(  262): Canceling start item Intent { cmp=com.android.phone/.BluetoothHeadsetService } in service ComponentInfo{com.android.phone/com.android.phone.BluetoothHeadsetService}
W/ActivityManager(  262): Scheduling restart of crashed service com.android.phone/.BluetoothHeadsetService in 4860ms
I/WindowManager(  262): SCREENLAYOUT_SIZE (1:small, 2:normal, 3:large, 4:xlarge) 2
E/libEGL  (  262): called unimplemented OpenGL ES API
E/libEGL  (  262): called unimplemented OpenGL ES API
E/libEGL  (  262): called unimplemented OpenGL ES API
E/libEGL  (  262): called unimplemented OpenGL ES API
E/libEGL  (  262): called unimplemented OpenGL ES API
E/libEGL  (  262): called unimplemented OpenGL ES API
E/libEGL  (  262): called unimplemented OpenGL ES API
E/libEGL  (  262): called unimplemented OpenGL ES API
E/libEGL  (  262): called unimplemented OpenGL ES API
E/libEGL  (  262): called unimplemented OpenGL ES API
I/ActivityManager(  262): Start proc com.android.phone for restart com.android.phone: pid=3449 uid=1001 gids={3002, 3001, 3003, 1015}
W/WindowManager(  262): Failure taking screenshot for (180x300) to layer 21000
I/ActivityThread( 3449): Pub mms: com.android.providers.telephony.MmsProvider
I/ActivityThread( 3449): Pub sms: com.android.providers.telephony.SmsProvider
I/ActivityThread( 3449): Pub telephony: com.android.providers.telephony.TelephonyProvider
W/TelephonyProvider( 3449): onCreate: confFile=/system/etc/apns-conf.xml oldCheckSum=3358775275
W/TelephonyProvider( 3449): onCreate: newCheckSum=3358775275
I/ActivityThread( 3449): Pub icc: com.android.phone.IccProvider
I/ActivityThread( 3449): Pub mms-sms: com.android.providers.telephony.MmsSmsProvider
D/PhoneApp( 3449): non dsds PhoneApp:
D/CallManager( 3449): registerPhone(CDMA Handler (com.android.internal.telephony.PhoneProxy) {412ca410})
D/PhoneStatusBarPolicy(  369): updateSimState for subscription :0
D/PhoneStatusBarPolicy(  369): updateSimState for subscription :0
D/PhoneInterfaceManager( 3449):  Registering for UNSOL OEM HOOK Responses to deliver external apps
D/Bluetooth HS/HF( 3449): CDMA call state: IDLE prev state:IDLE
E/ToneGenerator( 3449): Unable to marshal AudioFlinger
E/ToneGenerator( 3449): ToneGenerator init failed 
F/libc    ( 3449): Fatal signal 11 (SIGSEGV) at 0x6f542e8d (code=1)
I/DEBUG   ( 2321): *** *** *** *** *** *** *** *** *** *** *** *** *** *** *** ***
I/DEBUG   ( 2321): Build fingerprint: 'qcom/msm8660_surf/msm8660_surf:4.0.3/IML74K/eng.joey.20120210.232528:eng/test-keys'
I/DEBUG   ( 2321): pid: 3449, tid: 3449  >>> com.android.phone <<<
I/DEBUG   ( 2321): signal 11 (SIGSEGV), code 1 (SEGV_MAPERR), fault addr 6f542e8d
I/DEBUG   ( 2321):  r0 6f542e61  r1 001426e8  r2 001426b8  r3 bef4f188
I/DEBUG   ( 2321):  r4 001426b8  r5 6f542e61  r6 401a14b0  r7 4081905d
I/DEBUG   ( 2321):  r8 2e800019  r9 46178c28  10 00000000  fp bef4f604
I/DEBUG   ( 2321):  ip 4094d048  sp bef4f5b8  lr 40927c2b  pc 40919506  cpsr 60000030
I/DEBUG   ( 2321):  d0  662074696e692061  d1  7541206c61687369
I/DEBUG   ( 2321):  d2  000000040000036c  d3  4a54d02800000065
I/DEBUG   ( 2321):  d4  006f006900640075  d5  0069006c006f0050
I/DEBUG   ( 2321):  d6  0065005300790063  d7  0063006900760072
I/DEBUG   ( 2321):  d8  0000000000000000  d9  0000000000000000
I/DEBUG   ( 2321):  d10 0000000000000000  d11 0000000000000000
I/DEBUG   ( 2321):  d12 0000000000000000  d13 0000000000000000
I/DEBUG   ( 2321):  d14 0000000000000000  d15 0000000000000000
I/DEBUG   ( 2321):  d16 3fd43d135cda918c  d17 3ffc63194c570da5
I/DEBUG   ( 2321):  d18 4000000000000000  d19 3fcce7359d4792d9
I/DEBUG   ( 2321):  d20 3f11504c292739d4  d21 bebbb371092382c4
I/DEBUG   ( 2321):  d22 3ff0000000000000  d23 3ff43d135cda918c
I/DEBUG   ( 2321):  d24 3e66376972bea4d0  d25 3fc39a09d078c69f
I/DEBUG   ( 2321):  d26 0000000000000000  d27 0000000000000000
I/DEBUG   ( 2321):  d28 0000000000000000  d29 0000000000000000
I/DEBUG   ( 2321):  d30 0000000000000000  d31 0000000000000000
I/DEBUG   ( 2321):  scr 20000012
I/DEBUG   ( 2321): 
I/DEBUG   ( 2321):          #00  pc 00037506  /system/lib/libmedia.so (_ZN7android10AudioTrackD2Ev)
I/DEBUG   ( 2321):          #01  pc 00045c26  /system/lib/libmedia.so (_ZN7android13ToneGeneratorD1Ev)
I/DEBUG   ( 2321):          #02  pc 0006e1d4  /system/lib/libandroid_runtime.so
I/DEBUG   ( 2321):          #03  pc 0001ecb0  /system/lib/libdvm.so (dvmPlatformInvoke)
I/DEBUG   ( 2321):          #04  pc 0005884a  /system/lib/libdvm.so (_Z16dvmCallJNIMethodPKjP6JValuePK6MethodP6Thread)
I/DEBUG   ( 2321): 
I/DEBUG   ( 2321): code around pc:
I/DEBUG   ( 2321): 409194e4 463b9308 f8cd9506 f7ff901c 62e0fe81  ..;F...........b
I/DEBUG   ( 2321): 409194f4 f7fe4628 4620fced e8bdb00d bf0083f0  (F.... F........
I/DEBUG   ( 2321): 40919504 6ac5b570 2d004604 f7ffd134 68a0fc89  p..j.F.-4......h
I/DEBUG   ( 2321): 40919514 f7fdb160 68a3eafa 681ab143 0108f104  `......hC..h....
I/DEBUG   ( 2321): 40919524 0c0cf852 f7fd1818 60a5ea5a b1136823  R.......Z..`#h..
I/DEBUG   ( 2321): 
I/DEBUG   ( 2321): code around lr:
I/DEBUG   ( 2321): 40927c08 bd7ceece 0000adf0 0000ae9c 6ac3b570  ..|.........p..j
I/DEBUG   ( 2321): 40927c18 b14b4604 ffc6f7ff b12d6ae5 f7f14628  .FK......j-.(F..
I/DEBUG   ( 2321): 40927c28 4628fc6d eea2f7ee 0048f104 ff10f7ff  m.(F......H.....
I/DEBUG   ( 2321): 40927c38 0038f104 ea42f7ef 0034f104 ee84f7ee  ..8...B...4.....
I/DEBUG   ( 2321): 40927c48 0030f104 ee80f7ee bd704620 b5f72963  ..0..... Fp.c)..
I/DEBUG   ( 2321): 
I/DEBUG   ( 2321): memory map around addr 6f542e8d:
I/DEBUG   ( 2321): 4aecc000-4afcb000 
I/DEBUG   ( 2321): (no map for address)
I/DEBUG   ( 2321): b0001000-b0009000 /system/bin/linker
I/DEBUG   ( 2321): 
I/DEBUG   ( 2321): stack:
I/DEBUG   ( 2321):     bef4f578  00000000  
I/DEBUG   ( 2321):     bef4f57c  001426b8  [heap]
I/DEBUG   ( 2321):     bef4f580  401a14b0  
I/DEBUG   ( 2321):     bef4f584  4081905d  /system/lib/libdvm.so
I/DEBUG   ( 2321):     bef4f588  2e800019  
I/DEBUG   ( 2321):     bef4f58c  46178c28  
I/DEBUG   ( 2321):     bef4f590  001426b8  [heap]
I/DEBUG   ( 2321):     bef4f594  001426e8  [heap]
I/DEBUG   ( 2321):     bef4f598  401a14b0  
I/DEBUG   ( 2321):     bef4f59c  4081905d  /system/lib/libdvm.so
I/DEBUG   ( 2321):     bef4f5a0  2e800019  
I/DEBUG   ( 2321):     bef4f5a4  46178c28  
I/DEBUG   ( 2321):     bef4f5a8  00000000  
I/DEBUG   ( 2321):     bef4f5ac  40927c0b  /system/lib/libmedia.so
I/DEBUG   ( 2321):     bef4f5b0  df0027ad  
I/DEBUG   ( 2321):     bef4f5b4  00000000  
I/DEBUG   ( 2321): #00 bef4f5b8  001426b8  [heap]
I/DEBUG   ( 2321):     bef4f5bc  6f542e61  
I/DEBUG   ( 2321):     bef4f5c0  401a14b0  
I/DEBUG   ( 2321):     bef4f5c4  40927c2b  /system/lib/libmedia.so
I/DEBUG   ( 2321): #01 bef4f5c8  001426b8  [heap]
I/DEBUG   ( 2321):     bef4f5cc  0000f2c8  [heap]
I/DEBUG   ( 2321):     bef4f5d0  401a14b0  
I/DEBUG   ( 2321):     bef4f5d4  4017a1d7  /system/lib/libandroid_runtime.so
I/BootReceiver(  262): Copying /data/tombstones/tombstone_04 to DropBox (SYSTEM_TOMBSTONE)
I/ActivityManager(  262): Process com.android.phone (pid 3449) has died.
W/ActivityManager(  262): Canceling start item Intent { cmp=com.android.phone/.BluetoothHeadsetService } in service ComponentInfo{com.android.phone/com.android.phone.BluetoothHeadsetService}
W/ActivityManager(  262): Scheduling restart of crashed service com.android.phone/.BluetoothHeadsetService in 5104ms
I/WindowManager(  262): SCREENLAYOUT_SIZE (1:small, 2:normal, 3:large, 4:xlarge) 2
E/libEGL  (  262): called unimplemented OpenGL ES API
E/libEGL  (  262): called unimplemented OpenGL ES API
E/libEGL  (  262): called unimplemented OpenGL ES API
E/libEGL  (  262): called unimplemented OpenGL ES API
E/libEGL  (  262): called unimplemented OpenGL ES API
E/libEGL  (  262): called unimplemented OpenGL ES API
E/libEGL  (  262): called unimplemented OpenGL ES API
E/libEGL  (  262): called unimplemented OpenGL ES API
E/libEGL  (  262): called unimplemented OpenGL ES API
E/libEGL  (  262): called unimplemented OpenGL ES API
I/ActivityManager(  262): Start proc com.android.phone for restart com.android.phone: pid=3476 uid=1001 gids={3002, 3001, 3003, 1015}
W/WindowManager(  262): Failure taking screenshot for (180x300) to layer 21000
I/ActivityThread( 3476): Pub mms: com.android.providers.telephony.MmsProvider
I/ActivityThread( 3476): Pub sms: com.android.providers.telephony.SmsProvider
I/ActivityThread( 3476): Pub telephony: com.android.providers.telephony.TelephonyProvider
W/TelephonyProvider( 3476): onCreate: confFile=/system/etc/apns-conf.xml oldCheckSum=3358775275
W/TelephonyProvider( 3476): onCreate: newCheckSum=3358775275
I/ActivityThread( 3476): Pub icc: com.android.phone.IccProvider
I/ActivityThread( 3476): Pub mms-sms: com.android.providers.telephony.MmsSmsProvider
D/PhoneApp( 3476): non dsds PhoneApp:
D/CallManager( 3476): registerPhone(CDMA Handler (com.android.internal.telephony.PhoneProxy) {41282d40})
D/PhoneInterfaceManager( 3476):  Registering for UNSOL OEM HOOK Responses to deliver external apps
D/PhoneStatusBarPolicy(  369): updateSimState for subscription :0
D/PhoneStatusBarPolicy(  369): updateSimState for subscription :0
D/Bluetooth HS/HF( 3476): CDMA call state: IDLE prev state:IDLE
E/ToneGenerator( 3476): Unable to marshal AudioFlinger
E/ToneGenerator( 3476): ToneGenerator init failed 
F/libc    ( 3476): Fatal signal 11 (SIGSEGV) at 0x0076009e (code=1)
I/DEBUG   ( 2321): *** *** *** *** *** *** *** *** *** *** *** *** *** *** *** ***
I/DEBUG   ( 2321): Build fingerprint: 'qcom/msm8660_surf/msm8660_surf:4.0.3/IML74K/eng.joey.20120210.232528:eng/test-keys'
I/DEBUG   ( 2321): pid: 3476, tid: 3476  >>> com.android.phone <<<
I/DEBUG   ( 2321): signal 11 (SIGSEGV), code 1 (SEGV_MAPERR), fault addr 0076009e
I/DEBUG   ( 2321):  r0 00760072  r1 00182400  r2 001823d0  r3 bef4f188
I/DEBUG   ( 2321):  r4 001823d0  r5 00760072  r6 401a14b0  r7 4081905d
I/DEBUG   ( 2321):  r8 2f700019  r9 46178c28  10 00000000  fp bef4f604
I/DEBUG   ( 2321):  ip 4094d048  sp bef4f5b8  lr 40927c2b  pc 40919506  cpsr 60000030
I/DEBUG   ( 2321):  d0  662074696e692061  d1  7541206c61687369
I/DEBUG   ( 2321):  d2  000000040000036c  d3  4a54d02800000065
I/DEBUG   ( 2321):  d4  004d006500630069  d5  00670061006e0061
I/DEBUG   ( 2321):  d6  0000000000720065  d7  0067006100000012
I/DEBUG   ( 2321):  d8  0000000000000000  d9  0000000000000000
I/DEBUG   ( 2321):  d10 0000000000000000  d11 0000000000000000
I/DEBUG   ( 2321):  d12 0000000000000000  d13 0000000000000000
I/DEBUG   ( 2321):  d14 0000000000000000  d15 0000000000000000
I/DEBUG   ( 2321):  d16 3fd43d135cda918c  d17 3ffc63194c570da5
I/DEBUG   ( 2321):  d18 4000000000000000  d19 3fcce7359d4792d9
I/DEBUG   ( 2321):  d20 3f11504c292739d4  d21 bebbb371092382c4
I/DEBUG   ( 2321):  d22 3ff0000000000000  d23 3ff43d135cda918c
I/DEBUG   ( 2321):  d24 3e66376972bea4d0  d25 3fc39a09d078c69f
I/DEBUG   ( 2321):  d26 0000000000000000  d27 0000000000000000
I/DEBUG   ( 2321):  d28 0000000000000000  d29 0000000000000000
I/DEBUG   ( 2321):  d30 0000000000000000  d31 0000000000000000
I/DEBUG   ( 2321):  scr 20000012
I/DEBUG   ( 2321): 
I/DEBUG   ( 2321):          #00  pc 00037506  /system/lib/libmedia.so (_ZN7android10AudioTrackD2Ev)
I/DEBUG   ( 2321):          #01  pc 00045c26  /system/lib/libmedia.so (_ZN7android13ToneGeneratorD1Ev)
I/DEBUG   ( 2321):          #02  pc 0006e1d4  /system/lib/libandroid_runtime.so
I/DEBUG   ( 2321):          #03  pc 0001ecb0  /system/lib/libdvm.so (dvmPlatformInvoke)
I/DEBUG   ( 2321):          #04  pc 0005884a  /system/lib/libdvm.so (_Z16dvmCallJNIMethodPKjP6JValuePK6MethodP6Thread)
I/DEBUG   ( 2321): 
I/DEBUG   ( 2321): code around pc:
I/DEBUG   ( 2321): 409194e4 463b9308 f8cd9506 f7ff901c 62e0fe81  ..;F...........b
I/DEBUG   ( 2321): 409194f4 f7fe4628 4620fced e8bdb00d bf0083f0  (F.... F........
I/DEBUG   ( 2321): 40919504 6ac5b570 2d004604 f7ffd134 68a0fc89  p..j.F.-4......h
I/DEBUG   ( 2321): 40919514 f7fdb160 68a3eafa 681ab143 0108f104  `......hC..h....
I/DEBUG   ( 2321): 40919524 0c0cf852 f7fd1818 60a5ea5a b1136823  R.......Z..`#h..
I/DEBUG   ( 2321): 
I/DEBUG   ( 2321): code around lr:
I/DEBUG   ( 2321): 40927c08 bd7ceece 0000adf0 0000ae9c 6ac3b570  ..|.........p..j
I/DEBUG   ( 2321): 40927c18 b14b4604 ffc6f7ff b12d6ae5 f7f14628  .FK......j-.(F..
I/DEBUG   ( 2321): 40927c28 4628fc6d eea2f7ee 0048f104 ff10f7ff  m.(F......H.....
I/DEBUG   ( 2321): 40927c38 0038f104 ea42f7ef 0034f104 ee84f7ee  ..8...B...4.....
I/DEBUG   ( 2321): 40927c48 0030f104 ee80f7ee bd704620 b5f72963  ..0..... Fp.c)..
I/DEBUG   ( 2321): 
I/DEBUG   ( 2321): memory map around addr 0076009e:
I/DEBUG   ( 2321): 0000b000-00210000 [heap]
I/DEBUG   ( 2321): (no map for address)
I/DEBUG   ( 2321): 10000000-10001000 
I/DEBUG   ( 2321): 
I/DEBUG   ( 2321): stack:
I/DEBUG   ( 2321):     bef4f578  00000000  
I/DEBUG   ( 2321):     bef4f57c  001823d0  [heap]
I/DEBUG   ( 2321):     bef4f580  401a14b0  
I/DEBUG   ( 2321):     bef4f584  4081905d  /system/lib/libdvm.so
I/DEBUG   ( 2321):     bef4f588  2f700019  
I/DEBUG   ( 2321):     bef4f58c  46178c28  
I/DEBUG   ( 2321):     bef4f590  001823d0  [heap]
I/DEBUG   ( 2321):     bef4f594  00182400  [heap]
I/DEBUG   ( 2321):     bef4f598  401a14b0  
I/DEBUG   ( 2321):     bef4f59c  4081905d  /system/lib/libdvm.so
I/DEBUG   ( 2321):     bef4f5a0  2f700019  
I/DEBUG   ( 2321):     bef4f5a4  46178c28  
I/DEBUG   ( 2321):     bef4f5a8  00000000  
I/DEBUG   ( 2321):     bef4f5ac  40927c0b  /system/lib/libmedia.so
I/DEBUG   ( 2321):     bef4f5b0  df0027ad  
I/DEBUG   ( 2321):     bef4f5b4  00000000  
I/DEBUG   ( 2321): #00 bef4f5b8  001823d0  [heap]
I/DEBUG   ( 2321):     bef4f5bc  00760072  
I/DEBUG   ( 2321):     bef4f5c0  401a14b0  
I/DEBUG   ( 2321):     bef4f5c4  40927c2b  /system/lib/libmedia.so
I/DEBUG   ( 2321): #01 bef4f5c8  001823d0  [heap]
I/DEBUG   ( 2321):     bef4f5cc  0000f2c8  [heap]
I/DEBUG   ( 2321):     bef4f5d0  401a14b0  
I/DEBUG   ( 2321):     bef4f5d4  4017a1d7  /system/lib/libandroid_runtime.so
I/BootReceiver(  262): Copying /data/tombstones/tombstone_05 to DropBox (SYSTEM_TOMBSTONE)
I/ActivityManager(  262): Process com.android.phone (pid 3476) has died.
W/ActivityManager(  262): Canceling start item Intent { cmp=com.android.phone/.BluetoothHeadsetService } in service ComponentInfo{com.android.phone/com.android.phone.BluetoothHeadsetService}
W/ActivityManager(  262): Scheduling restart of crashed service com.android.phone/.BluetoothHeadsetService in 5388ms
I/WindowManager(  262): SCREENLAYOUT_SIZE (1:small, 2:normal, 3:large, 4:xlarge) 2
E/libEGL  (  262): called unimplemented OpenGL ES API
E/libEGL  (  262): called unimplemented OpenGL ES API
E/libEGL  (  262): called unimplemented OpenGL ES API
E/libEGL  (  262): called unimplemented OpenGL ES API
E/libEGL  (  262): called unimplemented OpenGL ES API
E/libEGL  (  262): called unimplemented OpenGL ES API
E/libEGL  (  262): called unimplemented OpenGL ES API
E/libEGL  (  262): called unimplemented OpenGL ES API
E/libEGL  (  262): called unimplemented OpenGL ES API
E/libEGL  (  262): called unimplemented OpenGL ES API
I/ActivityManager(  262): Start proc com.android.phone for restart com.android.phone: pid=3498 uid=1001 gids={3002, 3001, 3003, 1015}
W/WindowManager(  262): Failure taking screenshot for (180x300) to layer 21000
I/ActivityThread( 3498): Pub mms: com.android.providers.telephony.MmsProvider
I/ActivityThread( 3498): Pub sms: com.android.providers.telephony.SmsProvider
I/ActivityThread( 3498): Pub telephony: com.android.providers.telephony.TelephonyProvider
W/TelephonyProvider( 3498): onCreate: confFile=/system/etc/apns-conf.xml oldCheckSum=3358775275
W/TelephonyProvider( 3498): onCreate: newCheckSum=3358775275
I/ActivityThread( 3498): Pub icc: com.android.phone.IccProvider
I/ActivityThread( 3498): Pub mms-sms: com.android.providers.telephony.MmsSmsProvider
D/PhoneApp( 3498): non dsds PhoneApp:
D/PhoneStatusBarPolicy(  369): updateSimState for subscription :0
D/CallManager( 3498): registerPhone(CDMA Handler (com.android.internal.telephony.PhoneProxy) {412f29e8})
D/PhoneInterfaceManager( 3498):  Registering for UNSOL OEM HOOK Responses to deliver external apps
D/PhoneStatusBarPolicy(  369): updateSimState for subscription :0
D/Bluetooth HS/HF( 3498): CDMA call state: IDLE prev state:IDLE
E/ToneGenerator( 3498): Unable to marshal AudioFlinger
E/ToneGenerator( 3498): ToneGenerator init failed 
F/libc    ( 3498): Fatal signal 11 (SIGSEGV) at 0x004d0091 (code=1)
I/DEBUG   ( 2321): *** *** *** *** *** *** *** *** *** *** *** *** *** *** *** ***
I/DEBUG   ( 2321): Build fingerprint: 'qcom/msm8660_surf/msm8660_surf:4.0.3/IML74K/eng.joey.20120210.232528:eng/test-keys'
I/DEBUG   ( 2321): pid: 3498, tid: 3498  >>> com.android.phone <<<
I/DEBUG   ( 2321): signal 11 (SIGSEGV), code 1 (SEGV_MAPERR), fault addr 004d0091
I/DEBUG   ( 2321):  r0 004d0065  r1 001aa8e0  r2 001aa8b0  r3 bef4f188
I/DEBUG   ( 2321):  r4 001aa8b0  r5 004d0065  r6 401a14b0  r7 4081905d
I/DEBUG   ( 2321):  r8 30400019  r9 46178c28  10 00000000  fp bef4f604
I/DEBUG   ( 2321):  ip 4094d048  sp bef4f5b8  lr 40927c2b  pc 40919506  cpsr 60000030
I/DEBUG   ( 2321):  d0  662074696e692061  d1  7541206c61687369
I/DEBUG   ( 2321):  d2  000000040000036c  d3  4a54d02800000065
I/DEBUG   ( 2321):  d4  004d006500630069  d5  00670061006e0061
I/DEBUG   ( 2321):  d6  0000000000720065  d7  6e6f687000000012
I/DEBUG   ( 2321):  d8  0000000000000000  d9  0000000000000000
I/DEBUG   ( 2321):  d10 0000000000000000  d11 0000000000000000
I/DEBUG   ( 2321):  d12 0000000000000000  d13 0000000000000000
I/DEBUG   ( 2321):  d14 0000000000000000  d15 0000000000000000
I/DEBUG   ( 2321):  d16 3fd43d135cda918c  d17 3ffc63194c570da5
I/DEBUG   ( 2321):  d18 4000000000000000  d19 3fcce7359d4792d9
I/DEBUG   ( 2321):  d20 3f11504c292739d4  d21 bebbb371092382c4
I/DEBUG   ( 2321):  d22 3ff0000000000000  d23 3ff43d135cda918c
I/DEBUG   ( 2321):  d24 3e66376972bea4d0  d25 3fc39a09d078c69f
I/DEBUG   ( 2321):  d26 0000000000000000  d27 0000000000000000
I/DEBUG   ( 2321):  d28 0000000000000000  d29 0000000000000000
I/DEBUG   ( 2321):  d30 0000000000000000  d31 0000000000000000
I/DEBUG   ( 2321):  scr 20000012
I/DEBUG   ( 2321): 
I/DEBUG   ( 2321):          #00  pc 00037506  /system/lib/libmedia.so (_ZN7android10AudioTrackD2Ev)
I/DEBUG   ( 2321):          #01  pc 00045c26  /system/lib/libmedia.so (_ZN7android13ToneGeneratorD1Ev)
I/DEBUG   ( 2321):          #02  pc 0006e1d4  /system/lib/libandroid_runtime.so
I/DEBUG   ( 2321):          #03  pc 0001ecb0  /system/lib/libdvm.so (dvmPlatformInvoke)
I/DEBUG   ( 2321):          #04  pc 0005884a  /system/lib/libdvm.so (_Z16dvmCallJNIMethodPKjP6JValuePK6MethodP6Thread)
I/DEBUG   ( 2321): 
I/DEBUG   ( 2321): code around pc:
I/DEBUG   ( 2321): 409194e4 463b9308 f8cd9506 f7ff901c 62e0fe81  ..;F...........b
I/DEBUG   ( 2321): 409194f4 f7fe4628 4620fced e8bdb00d bf0083f0  (F.... F........
I/DEBUG   ( 2321): 40919504 6ac5b570 2d004604 f7ffd134 68a0fc89  p..j.F.-4......h
I/DEBUG   ( 2321): 40919514 f7fdb160 68a3eafa 681ab143 0108f104  `......hC..h....
I/DEBUG   ( 2321): 40919524 0c0cf852 f7fd1818 60a5ea5a b1136823  R.......Z..`#h..
I/DEBUG   ( 2321): 
I/DEBUG   ( 2321): code around lr:
I/DEBUG   ( 2321): 40927c08 bd7ceece 0000adf0 0000ae9c 6ac3b570  ..|.........p..j
I/DEBUG   ( 2321): 40927c18 b14b4604 ffc6f7ff b12d6ae5 f7f14628  .FK......j-.(F..
I/DEBUG   ( 2321): 40927c28 4628fc6d eea2f7ee 0048f104 ff10f7ff  m.(F......H.....
I/DEBUG   ( 2321): 40927c38 0038f104 ea42f7ef 0034f104 ee84f7ee  ..8...B...4.....
I/DEBUG   ( 2321): 40927c48 0030f104 ee80f7ee bd704620 b5f72963  ..0..... Fp.c)..
I/DEBUG   ( 2321): 
I/DEBUG   ( 2321): memory map around addr 004d0091:
I/DEBUG   ( 2321): 0000b000-00210000 [heap]
I/DEBUG   ( 2321): (no map for address)
I/DEBUG   ( 2321): 10000000-10001000 
I/DEBUG   ( 2321): 
I/DEBUG   ( 2321): stack:
I/DEBUG   ( 2321):     bef4f578  00000000  
I/DEBUG   ( 2321):     bef4f57c  001aa8b0  [heap]
I/DEBUG   ( 2321):     bef4f580  401a14b0  
I/DEBUG   ( 2321):     bef4f584  4081905d  /system/lib/libdvm.so
I/DEBUG   ( 2321):     bef4f588  30400019  
I/DEBUG   ( 2321):     bef4f58c  46178c28  
I/DEBUG   ( 2321):     bef4f590  001aa8b0  [heap]
I/DEBUG   ( 2321):     bef4f594  001aa8e0  [heap]
I/DEBUG   ( 2321):     bef4f598  401a14b0  
I/DEBUG   ( 2321):     bef4f59c  4081905d  /system/lib/libdvm.so
I/DEBUG   ( 2321):     bef4f5a0  30400019  
I/DEBUG   ( 2321):     bef4f5a4  46178c28  
I/DEBUG   ( 2321):     bef4f5a8  00000000  
I/DEBUG   ( 2321):     bef4f5ac  40927c0b  /system/lib/libmedia.so
I/DEBUG   ( 2321):     bef4f5b0  df0027ad  
I/DEBUG   ( 2321):     bef4f5b4  00000000  
I/DEBUG   ( 2321): #00 bef4f5b8  001aa8b0  [heap]
I/DEBUG   ( 2321):     bef4f5bc  004d0065  
I/DEBUG   ( 2321):     bef4f5c0  401a14b0  
I/DEBUG   ( 2321):     bef4f5c4  40927c2b  /system/lib/libmedia.so
I/DEBUG   ( 2321): #01 bef4f5c8  001aa8b0  [heap]
I/DEBUG   ( 2321):     bef4f5cc  0000f2c8  [heap]
I/DEBUG   ( 2321):     bef4f5d0  401a14b0  
I/DEBUG   ( 2321):     bef4f5d4  4017a1d7  /system/lib/libandroid_runtime.so
I/BootReceiver(  262): Copying /data/tombstones/tombstone_06 to DropBox (SYSTEM_TOMBSTONE)
I/ActivityManager(  262): Process com.android.phone (pid 3498) has died.
W/ActivityManager(  262): Canceling start item Intent { cmp=com.android.phone/.BluetoothHeadsetService } in service ComponentInfo{com.android.phone/com.android.phone.BluetoothHeadsetService}
W/ActivityManager(  262): Scheduling restart of crashed service com.android.phone/.BluetoothHeadsetService in 5474ms
I/WindowManager(  262): SCREENLAYOUT_SIZE (1:small, 2:normal, 3:large, 4:xlarge) 2
E/libEGL  (  262): called unimplemented OpenGL ES API
E/libEGL  (  262): called unimplemented OpenGL ES API
E/libEGL  (  262): called unimplemented OpenGL ES API
E/libEGL  (  262): called unimplemented OpenGL ES API
E/libEGL  (  262): called unimplemented OpenGL ES API
E/libEGL  (  262): called unimplemented OpenGL ES API
E/libEGL  (  262): called unimplemented OpenGL ES API
E/libEGL  (  262): called unimplemented OpenGL ES API
E/libEGL  (  262): called unimplemented OpenGL ES API
E/libEGL  (  262): called unimplemented OpenGL ES API
I/ActivityManager(  262): Start proc com.android.phone for restart com.android.phone: pid=3525 uid=1001 gids={3002, 3001, 3003, 1015}
W/WindowManager(  262): Failure taking screenshot for (180x300) to layer 21000
I/ActivityThread( 3525): Pub mms: com.android.providers.telephony.MmsProvider
I/ActivityThread( 3525): Pub sms: com.android.providers.telephony.SmsProvider
I/ActivityThread( 3525): Pub telephony: com.android.providers.telephony.TelephonyProvider
W/TelephonyProvider( 3525): onCreate: confFile=/system/etc/apns-conf.xml oldCheckSum=3358775275
W/TelephonyProvider( 3525): onCreate: newCheckSum=3358775275
I/ActivityThread( 3525): Pub icc: com.android.phone.IccProvider
I/ActivityThread( 3525): Pub mms-sms: com.android.providers.telephony.MmsSmsProvider
D/PhoneApp( 3525): non dsds PhoneApp:
D/CallManager( 3525): registerPhone(CDMA Handler (com.android.internal.telephony.PhoneProxy) {412eaa28})
D/PhoneInterfaceManager( 3525):  Registering for UNSOL OEM HOOK Responses to deliver external apps
D/PhoneStatusBarPolicy(  369): updateSimState for subscription :0
D/PhoneStatusBarPolicy(  369): updateSimState for subscription :0
D/Bluetooth HS/HF( 3525): CDMA call state: IDLE prev state:IDLE
E/ToneGenerator( 3525): Unable to marshal AudioFlinger
E/ToneGenerator( 3525): ToneGenerator init failed 
F/libc    ( 3525): Fatal signal 11 (SIGSEGV) at 0x542f6195 (code=1)
I/DEBUG   ( 2321): *** *** *** *** *** *** *** *** *** *** *** *** *** *** *** ***
I/DEBUG   ( 2321): Build fingerprint: 'qcom/msm8660_surf/msm8660_surf:4.0.3/IML74K/eng.joey.20120210.232528:eng/test-keys'
I/DEBUG   ( 2321): pid: 3525, tid: 3525  >>> com.android.phone <<<
I/DEBUG   ( 2321): signal 11 (SIGSEGV), code 1 (SEGV_MAPERR), fault addr 542f6195
I/DEBUG   ( 2321):  r0 542f6169  r1 00146800  r2 001467d0  r3 bef4f188
I/DEBUG   ( 2321):  r4 001467d0  r5 542f6169  r6 401a14b0  r7 4081905d
I/DEBUG   ( 2321):  r8 31100019  r9 46178c28  10 00000000  fp bef4f604
I/DEBUG   ( 2321):  ip 4094d048  sp bef4f5b8  lr 40927c2b  pc 40919506  cpsr 60000030
I/DEBUG   ( 2321):  d0  662074696e692061  d1  7541206c61687369
I/DEBUG   ( 2321):  d2  000000040000036c  d3  4a54d02800000065
I/DEBUG   ( 2321):  d4  006f006900640075  d5  0069006c006f0050
I/DEBUG   ( 2321):  d6  0065005300790063  d7  0063006900760072
I/DEBUG   ( 2321):  d8  0000000000000000  d9  0000000000000000
I/DEBUG   ( 2321):  d10 0000000000000000  d11 0000000000000000
I/DEBUG   ( 2321):  d12 0000000000000000  d13 0000000000000000
I/DEBUG   ( 2321):  d14 0000000000000000  d15 0000000000000000
I/DEBUG   ( 2321):  d16 3fd43d135cda918c  d17 3ffc63194c570da5
I/DEBUG   ( 2321):  d18 4000000000000000  d19 3fcce7359d4792d9
I/DEBUG   ( 2321):  d20 3f11504c292739d4  d21 bebbb371092382c4
I/DEBUG   ( 2321):  d22 3ff0000000000000  d23 3ff43d135cda918c
I/DEBUG   ( 2321):  d24 3e66376972bea4d0  d25 3fc39a09d078c69f
I/DEBUG   ( 2321):  d26 0000000000000000  d27 0000000000000000
I/DEBUG   ( 2321):  d28 0000000000000000  d29 0000000000000000
I/DEBUG   ( 2321):  d30 0000000000000000  d31 0000000000000000
I/DEBUG   ( 2321):  scr 20000012
I/DEBUG   ( 2321): 
I/DEBUG   ( 2321):          #00  pc 00037506  /system/lib/libmedia.so (_ZN7android10AudioTrackD2Ev)
I/DEBUG   ( 2321):          #01  pc 00045c26  /system/lib/libmedia.so (_ZN7android13ToneGeneratorD1Ev)
I/DEBUG   ( 2321):          #02  pc 0006e1d4  /system/lib/libandroid_runtime.so
I/DEBUG   ( 2321):          #03  pc 0001ecb0  /system/lib/libdvm.so (dvmPlatformInvoke)
I/DEBUG   ( 2321):          #04  pc 0005884a  /system/lib/libdvm.so (_Z16dvmCallJNIMethodPKjP6JValuePK6MethodP6Thread)
I/DEBUG   ( 2321): 
I/DEBUG   ( 2321): code around pc:
I/DEBUG   ( 2321): 409194e4 463b9308 f8cd9506 f7ff901c 62e0fe81  ..;F...........b
I/DEBUG   ( 2321): 409194f4 f7fe4628 4620fced e8bdb00d bf0083f0  (F.... F........
I/DEBUG   ( 2321): 40919504 6ac5b570 2d004604 f7ffd134 68a0fc89  p..j.F.-4......h
I/DEBUG   ( 2321): 40919514 f7fdb160 68a3eafa 681ab143 0108f104  `......hC..h....
I/DEBUG   ( 2321): 40919524 0c0cf852 f7fd1818 60a5ea5a b1136823  R.......Z..`#h..
I/DEBUG   ( 2321): 
I/DEBUG   ( 2321): code around lr:
I/DEBUG   ( 2321): 40927c08 bd7ceece 0000adf0 0000ae9c 6ac3b570  ..|.........p..j
I/DEBUG   ( 2321): 40927c18 b14b4604 ffc6f7ff b12d6ae5 f7f14628  .FK......j-.(F..
I/DEBUG   ( 2321): 40927c28 4628fc6d eea2f7ee 0048f104 ff10f7ff  m.(F......H.....
I/DEBUG   ( 2321): 40927c38 0038f104 ea42f7ef 0034f104 ee84f7ee  ..8...B...4.....
I/DEBUG   ( 2321): 40927c48 0030f104 ee80f7ee bd704620 b5f72963  ..0..... Fp.c)..
I/DEBUG   ( 2321): 
I/DEBUG   ( 2321): memory map around addr 542f6195:
I/DEBUG   ( 2321): 4aecc000-4afcb000 
I/DEBUG   ( 2321): (no map for address)
I/DEBUG   ( 2321): b0001000-b0009000 /system/bin/linker
I/DEBUG   ( 2321): 
I/DEBUG   ( 2321): stack:
I/DEBUG   ( 2321):     bef4f578  00000000  
I/DEBUG   ( 2321):     bef4f57c  001467d0  [heap]
I/DEBUG   ( 2321):     bef4f580  401a14b0  
I/DEBUG   ( 2321):     bef4f584  4081905d  /system/lib/libdvm.so
I/DEBUG   ( 2321):     bef4f588  31100019  
I/DEBUG   ( 2321):     bef4f58c  46178c28  
I/DEBUG   ( 2321):     bef4f590  001467d0  [heap]
I/DEBUG   ( 2321):     bef4f594  00146800  [heap]
I/DEBUG   ( 2321):     bef4f598  401a14b0  
I/DEBUG   ( 2321):     bef4f59c  4081905d  /system/lib/libdvm.so
I/DEBUG   ( 2321):     bef4f5a0  31100019  
I/DEBUG   ( 2321):     bef4f5a4  46178c28  
I/DEBUG   ( 2321):     bef4f5a8  00000000  
I/DEBUG   ( 2321):     bef4f5ac  40927c0b  /system/lib/libmedia.so
I/DEBUG   ( 2321):     bef4f5b0  df0027ad  
I/DEBUG   ( 2321):     bef4f5b4  00000000  
I/DEBUG   ( 2321): #00 bef4f5b8  001467d0  [heap]
I/DEBUG   ( 2321):     bef4f5bc  542f6169  
I/DEBUG   ( 2321):     bef4f5c0  401a14b0  
I/DEBUG   ( 2321):     bef4f5c4  40927c2b  /system/lib/libmedia.so
I/DEBUG   ( 2321): #01 bef4f5c8  001467d0  [heap]
I/DEBUG   ( 2321):     bef4f5cc  0000f2c8  [heap]
I/DEBUG   ( 2321):     bef4f5d0  401a14b0  
I/DEBUG   ( 2321):     bef4f5d4  4017a1d7  /system/lib/libandroid_runtime.so
I/BootReceiver(  262): Copying /data/tombstones/tombstone_07 to DropBox (SYSTEM_TOMBSTONE)
I/ActivityManager(  262): Process com.android.phone (pid 3525) has died.
W/ActivityManager(  262): Canceling start item Intent { cmp=com.android.phone/.BluetoothHeadsetService } in service ComponentInfo{com.android.phone/com.android.phone.BluetoothHeadsetService}
W/ActivityManager(  262): Scheduling restart of crashed service com.android.phone/.BluetoothHeadsetService in 5472ms
I/WindowManager(  262): SCREENLAYOUT_SIZE (1:small, 2:normal, 3:large, 4:xlarge) 2
E/libEGL  (  262): called unimplemented OpenGL ES API
E/libEGL  (  262): called unimplemented OpenGL ES API
E/libEGL  (  262): called unimplemented OpenGL ES API
E/libEGL  (  262): called unimplemented OpenGL ES API
E/libEGL  (  262): called unimplemented OpenGL ES API
E/libEGL  (  262): called unimplemented OpenGL ES API
E/libEGL  (  262): called unimplemented OpenGL ES API
E/libEGL  (  262): called unimplemented OpenGL ES API
E/libEGL  (  262): called unimplemented OpenGL ES API
E/libEGL  (  262): called unimplemented OpenGL ES API
I/ActivityManager(  262): Start proc com.android.phone for restart com.android.phone: pid=3553 uid=1001 gids={3002, 3001, 3003, 1015}
W/WindowManager(  262): Failure taking screenshot for (180x300) to layer 21000
I/ActivityThread( 3553): Pub mms: com.android.providers.telephony.MmsProvider
I/ActivityThread( 3553): Pub sms: com.android.providers.telephony.SmsProvider
I/ActivityThread( 3553): Pub telephony: com.android.providers.telephony.TelephonyProvider
W/TelephonyProvider( 3553): onCreate: confFile=/system/etc/apns-conf.xml oldCheckSum=3358775275
W/TelephonyProvider( 3553): onCreate: newCheckSum=3358775275
I/ActivityThread( 3553): Pub icc: com.android.phone.IccProvider
I/ActivityThread( 3553): Pub mms-sms: com.android.providers.telephony.MmsSmsProvider
D/PhoneApp( 3553): non dsds PhoneApp:
D/PhoneStatusBarPolicy(  369): updateSimState for subscription :0
D/CallManager( 3553): registerPhone(CDMA Handler (com.android.internal.telephony.PhoneProxy) {41282848})
D/PhoneInterfaceManager( 3553):  Registering for UNSOL OEM HOOK Responses to deliver external apps
D/PhoneStatusBarPolicy(  369): updateSimState for subscription :0
D/Bluetooth HS/HF( 3553): CDMA call state: IDLE prev state:IDLE
E/ToneGenerator( 3553): Unable to marshal AudioFlinger
E/ToneGenerator( 3553): ToneGenerator init failed 
F/libc    ( 3553): Fatal signal 11 (SIGSEGV) at 0x6f542e8d (code=1)
I/DEBUG   ( 2321): *** *** *** *** *** *** *** *** *** *** *** *** *** *** *** ***
I/DEBUG   ( 2321): Build fingerprint: 'qcom/msm8660_surf/msm8660_surf:4.0.3/IML74K/eng.joey.20120210.232528:eng/test-keys'
I/DEBUG   ( 2321): pid: 3553, tid: 3553  >>> com.android.phone <<<
I/DEBUG   ( 2321): signal 11 (SIGSEGV), code 1 (SEGV_MAPERR), fault addr 6f542e8d
I/DEBUG   ( 2321):  r0 6f542e61  r1 00158eb8  r2 00158e88  r3 bef4f188
I/DEBUG   ( 2321):  r4 00158e88  r5 6f542e61  r6 401a14b0  r7 4081905d
I/DEBUG   ( 2321):  r8 32100019  r9 46178c28  10 00000000  fp bef4f604
