--------- beginning of /dev/log/main
I/DEBUG   (  126): debuggerd: Feb 18 2012 18:18:19
--------- beginning of /dev/log/system
I/Vold    (  123): Vold 2.1 (the revenge) firing up
D/Vold    (  123): Volume sdcard state changing -1 (Initializing) -> 0 (No-Media)
D/Vold    (  123): Volume sdcard state changing 0 (No-Media) -> 2 (Pending)
E/DirectVolume(  123): Dv:partAdd: ignoring part_num = 4 (max: 3)
E/DirectVolume(  123): Invalid 'PARTN' value
E/DirectVolume(  123): Invalid 'PARTN' value
E/DirectVolume(  123): Invalid 'PARTN' value
E/DirectVolume(  123): Invalid 'PARTN' value
E/DirectVolume(  123): Invalid 'PARTN' value
E/DirectVolume(  123): Invalid 'PARTN' value
E/DirectVolume(  123): Invalid 'PARTN' value
E/DirectVolume(  123): Invalid 'PARTN' value
E/DirectVolume(  123): Invalid 'PARTN' value
E/DirectVolume(  123): Invalid 'PARTN' value
E/DirectVolume(  123): Invalid 'PARTN' value
E/DirectVolume(  123): Invalid 'PARTN' value
E/DirectVolume(  123): Invalid 'PARTN' value
E/DirectVolume(  123): Invalid 'PARTN' value
E/DirectVolume(  123): Invalid 'PARTN' value
E/DirectVolume(  123): Invalid 'PARTN' value
E/DirectVolume(  123): Invalid 'PARTN' value
E/DirectVolume(  123): Invalid 'PARTN' value
E/DirectVolume(  123): Invalid 'PARTN' value
E/DirectVolume(  123): Invalid 'PARTN' value
E/DirectVolume(  123): Invalid 'PARTN' value
E/DirectVolume(  123): Invalid 'PARTN' value
E/DirectVolume(  123): Invalid 'PARTN' value
E/DirectVolume(  123): Invalid 'PARTN' value
D/Vold    (  123): Volume sdcard state changing 2 (Pending) -> 1 (Idle-Unmounted)
W/Vold    (  123): Duplicate state (1)
D/Vold    (  123): Volume sdcard state changing 1 (Idle-Unmounted) -> 2 (Pending)
D/Vold    (  123): Volume sdcard state changing 2 (Pending) -> 1 (Idle-Unmounted)
I/kickstart(  193): -- COMMAND LINE ARGS in order --
I/kickstart(  193): COMPORT1=/dev/ttyHSL1
I/kickstart(  193): COMPORT2=/dev/tty_sdio_00
I/kickstart(  193): PATHTOIMAGES=/system/etc/firmware/
I/kickstart(  193): PATHFORRAMDUMP=/tombstones/mdm/
I/kickstart(  193): EFSRAW1=/dev/block/mmcblk0p18
I/kickstart(  193): EFSRAW2=/dev/block/mmcblk0p19
I/kickstart(  193): EFSRAW3=/dev/block/mmcblk0p20
I/kickstart(  193): Header1=efs1.mbn
I/kickstart(  193): Header2=efs2.mbn
I/kickstart(  193): Header3=efs3.mbn
I/kickstart(  193): Option=l
I/kickstart(  193): Testing if port "/dev/mdm" exists
I/kickstart(  193): Trying to bring MDM9K out of reset
I/kickstart(  193): Loading Dload
I/kickstart(  193): Testing if port "/dev/ttyHSL1" exists
E/kickstart(  193): RUNNING:	/system/bin/ks -o -v -p /dev/ttyHSL1 -d 10:/system/etc/firmware/dbl.mbn
I/kickstart(  206): INFO: function: main:124 
I/kickstart(  206): port_name=/dev/ttyHSL1
I/kickstart(  206): INFO: function: main:222 dload_filename: /system/etc/firmware/dbl.mbn
I/kickstart(  206): INFO: function: connect:158 
I/kickstart(  206): USING UART DETECTED pPort='/dev/ttyHSL1'
I/kickstart(  206): INFO: function: connect:159 
I/kickstart(  206): Configuring 115200, 8n1
I/kickstart(  206): 
I/kickstart(  206): INFO: function: main:232 Upload the input image "/system/etc/firmware/dbl.mbn" in DLOAD mode
I/kickstart(  206): EVENT: Sending DLOAD PARAM_REQ to get the Maximum Write Size
I/kickstart(  206): INFO: function: tx_data:362 Transmitting 5 bytes
I/kickstart(  206): INFO: function: tx_data:388 Total bytes sent so far: 5
I/kickstart(  206): INFO: function: dload_max_write_bytes:188 
I/kickstart(  206): Recieved 'ILLEGAL' (0x00) from PARAM_REQ
E/kickstart(  206): ERROR: function: dload_max_write_bytes:193 Did not get PARAMRESPONSE (0x08) received for the PARM_REQ DMSS command: 'ILLEGAL' (0x00)
E/kickstart(  206): ERROR: function: dload_image:86 Get the device parameter's maximum write size option failed, failing the test
I/kickstart(  206): INFO: function: disconnect:198 Disconnecting from com port
I/kickstart(  206): INFO: function: disconnect:206 closed successfully
I/kickstart(  206): INFO: function: deinit_com_port:94 free the buffer used for storing rxpayload
I/kickstart(  206): INFO: function: deinit_com_port:101 free tx buffer
I/kickstart(  206): INFO: function: deinit_com_port:108 free debug info buffer
I/kickstart(  206): INFO: function: deinit_com_port:115 destroy the input file list <id, file_name>
I/kickstart(  206): INFO: function: destroy_input_file_list:189 destroy the input file list <id, file_name>
E/kickstart(  206): ERROR: function: main:234 Uploading the image in DLOAD mode failed
E/kickstart(  193): ERROR: Dload return code was 256, something failed
E/kickstart(  193): RUNNING:	/system/bin/ks -o -v -p /dev/ttyHSL1 -d 10:/system/etc/firmware/dbl.mbn
I/recovery(  209): Installing new recovery image 
I/kickstart(  212): INFO: function: main:124 
I/kickstart(  212): port_name=/dev/ttyHSL1
I/kickstart(  212): INFO: function: main:222 dload_filename: /system/etc/firmware/dbl.mbn
I/kickstart(  212): INFO: function: connect:158 
I/kickstart(  212): USING UART DETECTED pPort='/dev/ttyHSL1'
I/kickstart(  212): INFO: function: connect:159 
I/kickstart(  212): Configuring 115200, 8n1
I/kickstart(  212): 
I/kickstart(  212): INFO: function: main:232 Upload the input image "/system/etc/firmware/dbl.mbn" in DLOAD mode
I/kickstart(  212): EVENT: Sending DLOAD PARAM_REQ to get the Maximum Write Size
I/kickstart(  212): INFO: function: tx_data:362 Transmitting 5 bytes
I/kickstart(  212): INFO: function: tx_data:388 Total bytes sent so far: 5
I/kickstart(  212): INFO: function: dload_max_write_bytes:188 
I/kickstart(  212): Recieved 'PARAMRESPONSE' (0x08) from PARAM_REQ
I/kickstart(  212): EVENT: Max Write Size returned by PBL: 128
I/kickstart(  212): INFO: function: dload_image:96 Setting max_write_size to WRITE_SIZE_THRESHOLD:1536 for better upload rate 
I/kickstart(  212): INFO: function: upload_dbl_image:231 ImageSize: 35496 bytes
I/kickstart(  212): INFO: function: upload_dbl_image:271 ExecAddress: 0x40012000
I/kickstart(  212): INFO: function: tx_data:362 Transmitting 1547 bytes
I/kickstart(  212): INFO: function: tx_data:388 Total bytes sent so far: 1552
I/kickstart(  212): INFO: function: tx_data:362 Transmitting 1550 bytes
I/kickstart(  212): INFO: function: tx_data:388 Total bytes sent so far: 3102
E/msm8660.gralloc(  128): We support 3 buffers
E/msm8660.gralloc(  128): DEBUG_CALC_FPS: 0
E/msm8660.gralloc(  128): period: 10
E/msm8660.gralloc(  128): ignorethresh_us: 500000
I/kickstart(  212): INFO: function: tx_data:362 Transmitting 1547 bytes
I/kickstart(  212): INFO: function: tx_data:388 Total bytes sent so far: 4649
E/CameraService(  131): Could not load camera HAL module
W/AudioFlinger(  131): Thread AudioOut_1 cannot connect to the power manager service
I/kickstart(  212): INFO: function: tx_data:362 Transmitting 1547 bytes
I/kickstart(  212): INFO: function: tx_data:388 Total bytes sent so far: 6196
I/kickstart(  212): INFO: function: tx_data:362 Transmitting 1547 bytes
I/kickstart(  212): INFO: function: tx_data:388 Total bytes sent so far: 7743
I/kickstart(  212): INFO: function: tx_data:362 Transmitting 1548 bytes
I/kickstart(  212): INFO: function: tx_data:388 Total bytes sent so far: 9291
D/memalloc(  128): init_pmem_area: Initializing pmem area
D/memalloc(  128): init_pmem_area_locked: Opening master pmem FD
E/memalloc(  128): /dev/pmem: Failed to open pmem device: No such file or directory
E/memalloc(  128): /dev/pmem: failed to initialize pmem area
W/memalloc(  128): Falling back to ashmem
D/memalloc(  132): map_buffer: Mapping buffer fd=16 size=1536000 PID=132
D/memalloc(  132): map_buffer: Successfully mapped 1536000 bytes
I/kickstart(  212): INFO: function: tx_data:362 Transmitting 1547 bytes
I/kickstart(  212): INFO: function: tx_data:388 Total bytes sent so far: 10838
W/memalloc(  128): Falling back to ashmem
D/memalloc(  132): map_buffer: Mapping buffer fd=24 size=1536000 PID=132
D/memalloc(  132): map_buffer: Successfully mapped 1536000 bytes
W/memalloc(  128): Falling back to ashmem
D/memalloc(  132): map_buffer: Mapping buffer fd=27 size=1536000 PID=132
D/memalloc(  132): map_buffer: Successfully mapped 1536000 bytes
I/kickstart(  212): INFO: function: tx_data:362 Transmitting 1547 bytes
I/kickstart(  212): INFO: function: tx_data:388 Total bytes sent so far: 12385
I/kickstart(  212): INFO: function: tx_data:362 Transmitting 1547 bytes
I/kickstart(  212): INFO: function: tx_data:388 Total bytes sent so far: 13932
I/kickstart(  212): INFO: function: tx_data:362 Transmitting 1548 bytes
I/kickstart(  212): INFO: function: tx_data:388 Total bytes sent so far: 15480
I/kickstart(  212): INFO: function: tx_data:362 Transmitting 1550 bytes
I/kickstart(  212): INFO: function: tx_data:388 Total bytes sent so far: 17030
I/kickstart(  212): INFO: function: tx_data:362 Transmitting 1548 bytes
I/kickstart(  212): INFO: function: tx_data:388 Total bytes sent so far: 18578
I/kickstart(  212): INFO: function: tx_data:362 Transmitting 1548 bytes
I/kickstart(  212): INFO: function: tx_data:388 Total bytes sent so far: 20126
I/kickstart(  212): INFO: function: tx_data:362 Transmitting 1547 bytes
I/kickstart(  212): INFO: function: tx_data:388 Total bytes sent so far: 21673
I/kickstart(  212): INFO: function: tx_data:362 Transmitting 1548 bytes
I/kickstart(  212): INFO: function: tx_data:388 Total bytes sent so far: 23221
I/kickstart(  212): INFO: function: tx_data:362 Transmitting 1548 bytes
I/kickstart(  212): INFO: function: tx_data:388 Total bytes sent so far: 24769
I/kickstart(  212): INFO: function: tx_data:362 Transmitting 1547 bytes
I/kickstart(  212): INFO: function: tx_data:388 Total bytes sent so far: 26316
I/kickstart(  212): INFO: function: tx_data:362 Transmitting 1550 bytes
I/kickstart(  212): INFO: function: tx_data:388 Total bytes sent so far: 27866
I/kickstart(  212): INFO: function: tx_data:362 Transmitting 1547 bytes
I/kickstart(  212): INFO: function: tx_data:388 Total bytes sent so far: 29413
I/kickstart(  212): INFO: function: tx_data:362 Transmitting 1548 bytes
I/kickstart(  212): INFO: function: tx_data:388 Total bytes sent so far: 30961
I/kickstart(  212): INFO: function: tx_data:362 Transmitting 1548 bytes
I/kickstart(  212): INFO: function: tx_data:388 Total bytes sent so far: 32509
I/kickstart(  212): INFO: function: tx_data:362 Transmitting 1547 bytes
I/kickstart(  212): INFO: function: tx_data:388 Total bytes sent so far: 34056
I/kickstart(  212): INFO: function: tx_data:362 Transmitting 1548 bytes
I/kickstart(  212): INFO: function: tx_data:388 Total bytes sent so far: 35604
I/kickstart(  212): INFO: function: tx_data:362 Transmitting 179 bytes
I/kickstart(  212): INFO: function: tx_data:388 Total bytes sent so far: 35783
I/kickstart(  212): INFO: function: upload_dbl_image:357 Total Bytes Uploaded: 35496
I/kickstart(  212): INFO: function: tx_data:362 Transmitting 9 bytes
I/kickstart(  212): INFO: function: tx_data:388 Total bytes sent so far: 35792
I/kickstart(  212): EVENT: 
I/kickstart(  212): Uploaded the Dbl Image - SUCCESS
I/kickstart(  212): INFO: function: disconnect:198 Disconnecting from com port
I/kickstart(  212): INFO: function: disconnect:206 closed successfully
I/kickstart(  212): INFO: function: deinit_com_port:94 free the buffer used for storing rxpayload
I/kickstart(  212): INFO: function: deinit_com_port:101 free tx buffer
I/kickstart(  212): INFO: function: deinit_com_port:108 free debug info buffer
I/kickstart(  212): INFO: function: deinit_com_port:115 destroy the input file list <id, file_name>
I/kickstart(  212): INFO: function: destroy_input_file_list:189 destroy the input file list <id, file_name>
E/kickstart(  193): Dload completed successfully
I/kickstart(  193): EFS Prepend
I/kickstart(  193): File:'/system/etc/firmware/efs1.mbn' is available for reading
I/kickstart(  193): File:'/system/etc/firmware/efs2.mbn' is available for reading
I/kickstart(  193): File:'/dev/block/mmcblk0p18' is available for reading
I/kickstart(  193): File:'/dev/block/mmcblk0p19' is available for reading
I/kickstart(  193): Reading RAW EFS1 partition
I/kickstart(  193): Running dd if=/dev/block/mmcblk0p18 of=/data/qcks/temp.dump bs=1024 count=3072
I/kickstart(  193): Combining Header1 with RAW EFS1 partition
I/kickstart(  193): Running cat /system/etc/firmware/efs1.mbn /data/qcks/temp.dump > /data/qcks/efs1.bin
I/kickstart(  193): Reading RAW EFS2 partition
I/kickstart(  193): Running dd if=/dev/block/mmcblk0p19 of=/data/qcks/temp.dump bs=1024 count=3072
I/kickstart(  193): Combining Header2 with RAW EFS2 partition
I/kickstart(  193): Running cat /system/etc/firmware/efs2.mbn /data/qcks/temp.dump > /data/qcks/efs2.bin
I/kickstart(  193): Reading RAW EFS3 partition
I/kickstart(  193): Running dd if=/dev/block/mmcblk0p20 of=/data/qcks/temp.dump bs=1024 count=3072
I/kickstart(  193): Combining Header3 with RAW EFS3 partition
I/kickstart(  193): Running cat /system/etc/firmware/efs3.mbn /data/qcks/temp.dump > /data/qcks/efs3.bin
I/kickstart(  193): Loading Sahara images
I/kickstart(  193): Testing if port "/dev/tty_sdio_00" exists
E/kickstart(  193): RUNNING:	/system/bin/ks -v  -w /tombstones/mdm/ -p /dev/tty_sdio_00 -s 11:/system/etc/firmware/osbl.mbn -s 2:/system/etc/firmware/amss.mbn -s 8:/system/etc/firmware/dsp1.mbn -s 12:/system/etc/firmware/dsp2.mbn -s 16:/data/qcks/efs1.bin -s 17:/data/qcks/efs2.bin -s 20:/data/qcks/efs3.bin
I/kickstart(  253): INFO: function: main:177 
I/kickstart(  253): Parsing 'where to save memorydump' options
I/kickstart(  253): INFO: function: main:180 
I/kickstart(  253): PathToSaveFiles=/tombstones/mdm/
I/kickstart(  253): INFO: function: main:124 
I/kickstart(  253): port_name=/dev/tty_sdio_00
I/kickstart(  253): EVENT: STATE <-- SAHARA_WAIT_HELLO
I/kickstart(  253): INFO: function: rx_data:407 Entered rx_data. Buffer size (i.e. expected length): 48
I/kickstart(  253): EVENT: RECEIVED <-- SAHARA_HELLO
I/kickstart(  253): EVENT: SENDING --> SAHARA_HELLO_RESPONSE
I/kickstart(  253): INFO: function: start_sahara_based_transfer:210 
I/kickstart(  253): 
I/kickstart(  253): sahara_mode                         = 4
I/kickstart(  253): INFO: function: start_sahara_based_transfer:211 
I/kickstart(  253): m_comm->sahara_hello_packet_rx.mode = 0
I/kickstart(  253): INFO: function: start_sahara_based_transfer:212 
I/kickstart(  253): helloRx.mode                        = 0
I/kickstart(  253): INFO: function: tx_data:362 Transmitting 48 bytes
I/kickstart(  253): INFO: function: tx_data:388 Total bytes sent so far: 48
I/kickstart(  253): INFO: function: rx_data:407 Entered rx_data. Buffer size (i.e. expected length): 20
I/kickstart(  253): INFO: function: rx_data:482 Expected length changed to 20
I/kickstart(  253): INFO: function: start_sahara_based_transfer:228 STATE <-- SAHARA_WAIT_COMMAND
I/kickstart(  253): EVENT: RECEIVED <-- SAHARA_READ_DATA
I/kickstart(  253): INFO: function: start_sahara_based_transfer:258 
I/kickstart(  253): Requested "/system/etc/firmware/osbl.mbn"
I/kickstart(  253): INFO: function: start_sahara_based_transfer:267 Uploading file: /system/etc/firmware/osbl.mbn
I/kickstart(  253): INFO: function: start_image_transfer:882 start_image_transfer: 
I/kickstart(  253): INFO: function: tx_data:362 Transmitting 40 bytes
I/kickstart(  253): INFO: function: tx_data:388 Total bytes sent so far: 88
I/kickstart(  253): INFO: function: start_image_transfer:922 Calculating throughput for chunk..
I/kickstart(  253): INFO: function: time_throughput_calculate:1202 Throughput = Inf
I/kickstart(  253): INFO: function: rx_data:407 Entered rx_data. Buffer size (i.e. expected length): 20
I/kickstart(  253): INFO: function: rx_data:482 Expected length changed to 20
I/kickstart(  253): INFO: function: start_sahara_based_transfer:228 STATE <-- SAHARA_WAIT_COMMAND
I/kickstart(  253): EVENT: RECEIVED <-- SAHARA_READ_DATA
I/kickstart(  253): INFO: function: start_image_transfer:882 start_image_transfer: 
I/kickstart(  253): INFO: function: tx_data:362 Transmitting 302008 bytes
I/kickstart(  253): INFO: function: tx_data:388 Total bytes sent so far: 302096
I/kickstart(  253): INFO: function: start_image_transfer:922 Calculating throughput for chunk..
I/kickstart(  253): INFO: function: time_throughput_calculate:1202 Throughput = 96642560.000000
I/kickstart(  253): INFO: function: rx_data:407 Entered rx_data. Buffer size (i.e. expected length): 20
I/kickstart(  253): INFO: function: rx_data:482 Expected length changed to 16
I/kickstart(  253): INFO: function: start_sahara_based_transfer:228 STATE <-- SAHARA_WAIT_COMMAND
I/kickstart(  253): EVENT: RECEIVED <-- SAHARA_END_IMAGE_TX
I/kickstart(  253): INFO: function: is_ack_successful:676 SAHARA_STATUS_SUCCESS
I/kickstart(  253): EVENT: SENDING --> SAHARA_DONE
I/kickstart(  253): INFO: function: tx_data:362 Transmitting 8 bytes
I/kickstart(  253): INFO: function: tx_data:388 Total bytes sent so far: 302104
I/kickstart(  253): INFO: function: rx_data:407 Entered rx_data. Buffer size (i.e. expected length): 12
I/kickstart(  253): INFO: function: start_sahara_based_transfer:553 SAHARA_WAIT_DONE_RESP recieved with SAHARA_MODE_IMAGE_TX_PENDING=0x00000000
I/kickstart(  253): EVENT: STATE <-- SAHARA_WAIT_DONE_RESP
I/kickstart(  253): INFO: function: start_sahara_based_transfer:556 Still More images to be uploaded, entering Hello wait state
I/kickstart(  253): EVENT: STATE <-- SAHARA_WAIT_HELLO
I/kickstart(  253): INFO: function: rx_data:407 Entered rx_data. Buffer size (i.e. expected length): 48
I/kickstart(  253): EVENT: RECEIVED <-- SAHARA_HELLO
I/kickstart(  253): EVENT: SENDING --> SAHARA_HELLO_RESPONSE
I/kickstart(  253): INFO: function: start_sahara_based_transfer:210 
I/kickstart(  253): 
I/kickstart(  253): sahara_mode                         = 4
I/kickstart(  253): INFO: function: start_sahara_based_transfer:211 
I/kickstart(  253): m_comm->sahara_hello_packet_rx.mode = 0
I/kickstart(  253): INFO: function: start_sahara_based_transfer:212 
I/kickstart(  253): helloRx.mode                        = 0
I/kickstart(  253): INFO: function: tx_data:362 Transmitting 48 bytes
I/kickstart(  253): INFO: function: tx_data:388 Total bytes sent so far: 302152
I/kickstart(  253): INFO: function: rx_data:407 Entered rx_data. Buffer size (i.e. expected length): 20
I/kickstart(  253): INFO: function: rx_data:482 Expected length changed to 20
I/kickstart(  253): INFO: function: start_sahara_based_transfer:228 STATE <-- SAHARA_WAIT_COMMAND
I/kickstart(  253): EVENT: RECEIVED <-- SAHARA_READ_DATA
I/kickstart(  253): INFO: function: start_sahara_based_transfer:258 
I/kickstart(  253): Requested "/system/etc/firmware/amss.mbn"
I/kickstart(  253): INFO: function: start_sahara_based_transfer:267 Uploading file: /system/etc/firmware/amss.mbn
I/kickstart(  253): INFO: function: start_image_transfer:882 start_image_transfer: 
I/kickstart(  253): INFO: function: tx_data:362 Transmitting 52 bytes
I/kickstart(  253): INFO: function: tx_data:388 Total bytes sent so far: 302204
I/kickstart(  253): INFO: function: start_image_transfer:922 Calculating throughput for chunk..
I/kickstart(  253): INFO: function: time_throughput_calculate:1202 Throughput = Inf
I/kickstart(  253): INFO: function: rx_data:407 Entered rx_data. Buffer size (i.e. expected length): 20
I/kickstart(  253): INFO: function: rx_data:482 Expected length changed to 20
I/kickstart(  253): INFO: function: start_sahara_based_transfer:228 STATE <-- SAHARA_WAIT_COMMAND
I/kickstart(  253): EVENT: RECEIVED <-- SAHARA_READ_DATA
I/kickstart(  253): INFO: function: start_image_transfer:882 start_image_transfer: 
I/kickstart(  253): INFO: function: tx_data:362 Transmitting 288 bytes
I/kickstart(  253): INFO: function: tx_data:388 Total bytes sent so far: 302492
I/kickstart(  253): INFO: function: start_image_transfer:922 Calculating throughput for chunk..
I/kickstart(  253): INFO: function: time_throughput_calculate:1202 Throughput = Inf
I/kickstart(  253): INFO: function: rx_data:407 Entered rx_data. Buffer size (i.e. expected length): 20
I/kickstart(  253): INFO: function: rx_data:482 Expected length changed to 20
I/kickstart(  253): INFO: function: start_sahara_based_transfer:228 STATE <-- SAHARA_WAIT_COMMAND
I/kickstart(  253): EVENT: RECEIVED <-- SAHARA_READ_DATA
I/kickstart(  253): INFO: function: start_image_transfer:882 start_image_transfer: 
I/kickstart(  253): INFO: function: tx_data:362 Transmitting 220 bytes
I/kickstart(  253): INFO: function: tx_data:388 Total bytes sent so far: 302712
I/kickstart(  253): INFO: function: start_image_transfer:922 Calculating throughput for chunk..
I/kickstart(  253): INFO: function: time_throughput_calculate:1202 Throughput = Inf
I/kickstart(  253): INFO: function: rx_data:407 Entered rx_data. Buffer size (i.e. expected length): 20
I/kickstart(  253): INFO: function: rx_data:482 Expected length changed to 20
I/kickstart(  253): INFO: function: start_sahara_based_transfer:228 STATE <-- SAHARA_WAIT_COMMAND
I/kickstart(  253): EVENT: RECEIVED <-- SAHARA_READ_DATA
I/kickstart(  253): INFO: function: start_image_transfer:882 start_image_transfer: 
I/kickstart(  253): INFO: function: tx_data:362 Transmitting 117388 bytes
I/kickstart(  253): INFO: function: tx_data:388 Total bytes sent so far: 420100
I/kickstart(  253): INFO: function: start_image_transfer:922 Calculating throughput for chunk..
I/kickstart(  253): INFO: function: time_throughput_calculate:1202 Throughput = 156517333.333333
I/kickstart(  253): INFO: function: rx_data:407 Entered rx_data. Buffer size (i.e. expected length): 20
I/kickstart(  253): INFO: function: rx_data:482 Expected length changed to 20
I/kickstart(  253): INFO: function: start_sahara_based_transfer:228 STATE <-- SAHARA_WAIT_COMMAND
I/kickstart(  253): EVENT: RECEIVED <-- SAHARA_READ_DATA
I/kickstart(  253): INFO: function: start_image_transfer:882 start_image_transfer: 
I/kickstart(  253): INFO: function: tx_data:362 Transmitting 24576 bytes
I/kickstart(  253): INFO: function: tx_data:388 Total bytes sent so far: 444676
I/kickstart(  253): INFO: function: start_image_transfer:922 Calculating throughput for chunk..
I/kickstart(  253): INFO: function: time_throughput_calculate:1202 Throughput = Inf
I/kickstart(  253): INFO: function: rx_data:407 Entered rx_data. Buffer size (i.e. expected length): 20
I/kickstart(  253): INFO: function: rx_data:482 Expected length changed to 20
I/kickstart(  253): INFO: function: start_sahara_based_transfer:228 STATE <-- SAHARA_WAIT_COMMAND
I/kickstart(  253): EVENT: RECEIVED <-- SAHARA_READ_DATA
I/kickstart(  253): INFO: function: start_image_transfer:882 start_image_transfer: 
I/kickstart(  253): INFO: function: tx_data:349 Size was 87751, adding 1 bytes of padding
I/kickstart(  253): INFO: function: tx_data:362 Transmitting 87752 bytes
I/kickstart(  253): INFO: function: tx_data:388 Total bytes sent so far: 532428
I/kickstart(  253): INFO: function: start_image_transfer:922 Calculating throughput for chunk..
I/kickstart(  253): INFO: function: time_throughput_calculate:1202 Throughput = 175502000.000000
I/kickstart(  253): INFO: function: rx_data:407 Entered rx_data. Buffer size (i.e. expected length): 20
I/kickstart(  253): INFO: function: rx_data:482 Expected length changed to 20
I/kickstart(  253): INFO: function: start_sahara_based_transfer:228 STATE <-- SAHARA_WAIT_COMMAND
I/kickstart(  253): EVENT: RECEIVED <-- SAHARA_READ_DATA
I/kickstart(  253): INFO: function: start_image_transfer:882 start_image_transfer: 
I/kickstart(  253): INFO: function: tx_data:362 Transmitting 392 bytes
I/kickstart(  253): INFO: function: tx_data:388 Total bytes sent so far: 532820
I/kickstart(  253): INFO: function: start_image_transfer:922 Calculating throughput for chunk..
I/kickstart(  253): INFO: function: time_throughput_calculate:1202 Throughput = Inf
I/kickstart(  253): INFO: function: rx_data:407 Entered rx_data. Buffer size (i.e. expected length): 20
I/kickstart(  253): INFO: function: rx_data:482 Expected length changed to 20
I/kickstart(  253): INFO: function: start_sahara_based_transfer:228 STATE <-- SAHARA_WAIT_COMMAND
I/kickstart(  253): EVENT: RECEIVED <-- SAHARA_READ_DATA
I/kickstart(  253): INFO: function: start_image_transfer:882 start_image_transfer: 
I/kickstart(  253): INFO: function: tx_data:362 Transmitting 962560 bytes
I/kickstart(  253): INFO: function: tx_data:388 Total bytes sent so far: 1495380
I/kickstart(  253): INFO: function: start_image_transfer:922 Calculating throughput for chunk..
I/kickstart(  253): INFO: function: time_throughput_calculate:1202 Throughput = 167401739.130435
I/kickstart(  253): INFO: function: rx_data:407 Entered rx_data. Buffer size (i.e. expected length): 20
I/kickstart(  253): INFO: function: rx_data:482 Expected length changed to 20
I/kickstart(  253): INFO: function: start_sahara_based_transfer:228 STATE <-- SAHARA_WAIT_COMMAND
I/kickstart(  253): EVENT: RECEIVED <-- SAHARA_READ_DATA
I/kickstart(  253): INFO: function: start_image_transfer:882 start_image_transfer: 
I/kickstart(  253): INFO: function: tx_data:362 Transmitting 2540 bytes
I/kickstart(  253): INFO: function: tx_data:388 Total bytes sent so far: 1497920
I/kickstart(  253): INFO: function: start_image_transfer:922 Calculating throughput for chunk..
I/kickstart(  253): INFO: function: time_throughput_calculate:1202 Throughput = Inf
I/kickstart(  253): INFO: function: rx_data:407 Entered rx_data. Buffer size (i.e. expected length): 20
I/kickstart(  253): INFO: function: rx_data:482 Expected length changed to 20
I/kickstart(  253): INFO: function: start_sahara_based_transfer:228 STATE <-- SAHARA_WAIT_COMMAND
I/kickstart(  253): EVENT: RECEIVED <-- SAHARA_READ_DATA
I/kickstart(  253): INFO: function: start_image_transfer:882 start_image_transfer: 
I/kickstart(  253): INFO: function: tx_data:362 Transmitting 36864 bytes
I/kickstart(  253): INFO: function: tx_data:388 Total bytes sent so far: 1534784
I/kickstart(  253): INFO: function: start_image_transfer:922 Calculating throughput for chunk..
I/kickstart(  253): INFO: function: time_throughput_calculate:1202 Throughput = Inf
I/kickstart(  253): INFO: function: rx_data:407 Entered rx_data. Buffer size (i.e. expected length): 20
I/kickstart(  253): INFO: function: rx_data:482 Expected length changed to 16
I/kickstart(  253): INFO: function: start_sahara_based_transfer:228 STATE <-- SAHARA_WAIT_COMMAND
I/kickstart(  253): EVENT: RECEIVED <-- SAHARA_END_IMAGE_TX
I/kickstart(  253): INFO: function: is_ack_successful:676 SAHARA_STATUS_SUCCESS
I/kickstart(  253): EVENT: SENDING --> SAHARA_DONE
I/kickstart(  253): INFO: function: tx_data:362 Transmitting 8 bytes
I/kickstart(  253): INFO: function: tx_data:388 Total bytes sent so far: 1534792
I/kickstart(  253): INFO: function: rx_data:407 Entered rx_data. Buffer size (i.e. expected length): 12
I/kickstart(  253): INFO: function: start_sahara_based_transfer:553 SAHARA_WAIT_DONE_RESP recieved with SAHARA_MODE_IMAGE_TX_PENDING=0x00000000
I/kickstart(  253): EVENT: STATE <-- SAHARA_WAIT_DONE_RESP
I/kickstart(  253): INFO: function: start_sahara_based_transfer:556 Still More images to be uploaded, entering Hello wait state
I/kickstart(  253): EVENT: STATE <-- SAHARA_WAIT_HELLO
I/kickstart(  253): INFO: function: rx_data:407 Entered rx_data. Buffer size (i.e. expected length): 48
I/kickstart(  253): EVENT: RECEIVED <-- SAHARA_HELLO
I/kickstart(  253): EVENT: SENDING --> SAHARA_HELLO_RESPONSE
I/kickstart(  253): INFO: function: start_sahara_based_transfer:210 
I/kickstart(  253): 
I/kickstart(  253): sahara_mode                         = 4
I/kickstart(  253): INFO: function: start_sahara_based_transfer:211 
I/kickstart(  253): m_comm->sahara_hello_packet_rx.mode = 0
I/kickstart(  253): INFO: function: start_sahara_based_transfer:212 
I/kickstart(  253): helloRx.mode                        = 0
I/kickstart(  253): INFO: function: tx_data:362 Transmitting 48 bytes
I/kickstart(  253): INFO: function: tx_data:388 Total bytes sent so far: 1534840
I/kickstart(  253): INFO: function: rx_data:407 Entered rx_data. Buffer size (i.e. expected length): 20
I/kickstart(  253): INFO: function: rx_data:482 Expected length changed to 20
I/kickstart(  253): INFO: function: start_sahara_based_transfer:228 STATE <-- SAHARA_WAIT_COMMAND
I/kickstart(  253): EVENT: RECEIVED <-- SAHARA_READ_DATA
I/kickstart(  253): INFO: function: start_sahara_based_transfer:258 
I/kickstart(  253): Requested "/system/etc/firmware/dsp1.mbn"
I/kickstart(  253): INFO: function: start_sahara_based_transfer:267 Uploading file: /system/etc/firmware/dsp1.mbn
I/kickstart(  253): INFO: function: start_image_transfer:882 start_image_transfer: 
I/kickstart(  253): INFO: function: tx_data:362 Transmitting 52 bytes
I/kickstart(  253): INFO: function: tx_data:388 Total bytes sent so far: 1534892
I/kickstart(  253): INFO: function: start_image_transfer:922 Calculating throughput for chunk..
I/kickstart(  253): INFO: function: time_throughput_calculate:1202 Throughput = Inf
I/kickstart(  253): INFO: function: rx_data:407 Entered rx_data. Buffer size (i.e. expected length): 20
I/kickstart(  253): INFO: function: rx_data:482 Expected length changed to 20
I/kickstart(  253): INFO: function: start_sahara_based_transfer:228 STATE <-- SAHARA_WAIT_COMMAND
I/kickstart(  253): EVENT: RECEIVED <-- SAHARA_READ_DATA
I/kickstart(  253): INFO: function: start_image_transfer:882 start_image_transfer: 
I/kickstart(  253): INFO: function: tx_data:362 Transmitting 352 bytes
I/kickstart(  253): INFO: function: tx_data:388 Total bytes sent so far: 1535244
I/kickstart(  253): INFO: function: start_image_transfer:922 Calculating throughput for chunk..
I/kickstart(  253): INFO: function: time_throughput_calculate:1202 Throughput = Inf
I/kickstart(  253): INFO: function: rx_data:407 Entered rx_data. Buffer size (i.e. expected length): 20
I/kickstart(  253): INFO: function: rx_data:482 Expected length changed to 20
I/kickstart(  253): INFO: function: start_sahara_based_transfer:228 STATE <-- SAHARA_WAIT_COMMAND
I/kickstart(  253): EVENT: RECEIVED <-- SAHARA_READ_DATA
I/kickstart(  253): INFO: function: start_image_transfer:882 start_image_transfer: 
I/kickstart(  253): INFO: function: tx_data:362 Transmitting 260 bytes
I/kickstart(  253): INFO: function: tx_data:388 Total bytes sent so far: 1535504
I/kickstart(  253): INFO: function: start_image_transfer:922 Calculating throughput for chunk..
I/kickstart(  253): INFO: function: time_throughput_calculate:1202 Throughput = Inf
I/kickstart(  253): INFO: function: rx_data:407 Entered rx_data. Buffer size (i.e. expected length): 20
I/kickstart(  253): INFO: function: rx_data:482 Expected length changed to 20
I/kickstart(  253): INFO: function: start_sahara_based_transfer:228 STATE <-- SAHARA_WAIT_COMMAND
I/kickstart(  253): EVENT: RECEIVED <-- SAHARA_READ_DATA
I/kickstart(  253): INFO: function: start_image_transfer:882 start_image_transfer: 
I/kickstart(  253): INFO: function: tx_data:362 Transmitting 1344 bytes
I/kickstart(  253): INFO: function: tx_data:388 Total bytes sent so far: 1536848
I/kickstart(  253): INFO: function: start_image_transfer:922 Calculating throughput for chunk..
I/kickstart(  253): INFO: function: time_throughput_calculate:1202 Throughput = Inf
I/kickstart(  253): INFO: function: rx_data:407 Entered rx_data. Buffer size (i.e. expected length): 20
I/kickstart(  253): INFO: function: rx_data:482 Expected length changed to 20
I/kickstart(  253): INFO: function: start_sahara_based_transfer:228 STATE <-- SAHARA_WAIT_COMMAND
I/kickstart(  253): EVENT: RECEIVED <-- SAHARA_READ_DATA
I/kickstart(  253): INFO: function: start_image_transfer:882 start_image_transfer: 
I/kickstart(  253): INFO: function: tx_data:362 Transmitting 1048576 bytes
I/kickstart(  253): INFO: function: tx_data:388 Total bytes sent so far: 2585424
I/kickstart(  253): INFO: function: start_image_transfer:922 Calculating throughput for chunk..
I/kickstart(  253): INFO: function: time_throughput_calculate:1202 Throughput = 167772160.000000
I/kickstart(  253): INFO: function: rx_data:407 Entered rx_data. Buffer size (i.e. expected length): 20
I/kickstart(  253): INFO: function: rx_data:482 Expected length changed to 20
I/kickstart(  253): INFO: function: start_sahara_based_transfer:228 STATE <-- SAHARA_WAIT_COMMAND
I/kickstart(  253): EVENT: RECEIVED <-- SAHARA_READ_DATA
I/kickstart(  253): INFO: function: start_image_transfer:882 start_image_transfer: 
I/kickstart(  253): INFO: function: tx_data:362 Transmitting 303104 bytes
I/kickstart(  253): INFO: function: tx_data:388 Total bytes sent so far: 2888528
I/kickstart(  253): INFO: function: start_image_transfer:922 Calculating throughput for chunk..
I/kickstart(  253): INFO: function: time_throughput_calculate:1202 Throughput = 186525538.461538
I/kickstart(  253): INFO: function: rx_data:407 Entered rx_data. Buffer size (i.e. expected length): 20
I/kickstart(  253): INFO: function: rx_data:482 Expected length changed to 20
I/kickstart(  253): INFO: function: start_sahara_based_transfer:228 STATE <-- SAHARA_WAIT_COMMAND
I/kickstart(  253): EVENT: RECEIVED <-- SAHARA_READ_DATA
I/kickstart(  253): INFO: function: start_image_transfer:882 start_image_transfer: 
I/kickstart(  253): INFO: function: tx_data:362 Transmitting 307640 bytes
I/kickstart(  253): INFO: function: tx_data:388 Total bytes sent so far: 3196168
I/kickstart(  253): INFO: function: start_image_transfer:922 Calculating throughput for chunk..
I/kickstart(  253): INFO: function: time_throughput_calculate:1202 Throughput = 175794285.714286
I/kickstart(  253): INFO: function: rx_data:407 Entered rx_data. Buffer size (i.e. expected length): 20
I/kickstart(  253): INFO: function: rx_data:482 Expected length changed to 20
I/kickstart(  253): INFO: function: start_sahara_based_transfer:228 STATE <-- SAHARA_WAIT_COMMAND
I/kickstart(  253): EVENT: RECEIVED <-- SAHARA_READ_DATA
I/kickstart(  253): INFO: function: start_image_transfer:882 start_image_transfer: 
I/kickstart(  253): INFO: function: tx_data:362 Transmitting 218548 bytes
I/kickstart(  253): INFO: function: tx_data:388 Total bytes sent so far: 3414716
I/kickstart(  253): INFO: function: start_image_transfer:922 Calculating throughput for chunk..
I/kickstart(  253): INFO: function: time_throughput_calculate:1202 Throughput = 134491076.923077
I/kickstart(  253): INFO: function: rx_data:407 Entered rx_data. Buffer size (i.e. expected length): 20
I/kickstart(  253): INFO: function: rx_data:482 Expected length changed to 20
I/kickstart(  253): INFO: function: start_sahara_based_transfer:228 STATE <-- SAHARA_WAIT_COMMAND
I/kickstart(  253): EVENT: RECEIVED <-- SAHARA_READ_DATA
I/kickstart(  253): INFO: function: start_image_transfer:882 start_image_transfer: 
I/kickstart(  253): INFO: function: tx_data:362 Transmitting 20800 bytes
I/kickstart(  253): INFO: function: tx_data:388 Total bytes sent so far: 3435516
I/kickstart(  253): INFO: function: start_image_transfer:922 Calculating throughput for chunk..
I/kickstart(  253): INFO: function: time_throughput_calculate:1202 Throughput = Inf
I/kickstart(  253): INFO: function: rx_data:407 Entered rx_data. Buffer size (i.e. expected length): 20
I/kickstart(  253): INFO: function: rx_data:482 Expected length changed to 20
I/kickstart(  253): INFO: function: start_sahara_based_transfer:228 STATE <-- SAHARA_WAIT_COMMAND
I/kickstart(  253): EVENT: RECEIVED <-- SAHARA_READ_DATA
I/kickstart(  253): INFO: function: start_image_transfer:882 start_image_transfer: 
I/kickstart(  253): INFO: function: tx_data:362 Transmitting 80320 bytes
I/kickstart(  253): INFO: function: tx_data:388 Total bytes sent so far: 3515836
I/kickstart(  253): INFO: function: start_image_transfer:922 Calculating throughput for chunk..
I/kickstart(  253): INFO: function: time_throughput_calculate:1202 Throughput = 214186666.666667
I/kickstart(  253): INFO: function: rx_data:407 Entered rx_data. Buffer size (i.e. expected length): 20
I/kickstart(  253): INFO: function: rx_data:482 Expected length changed to 20
I/kickstart(  253): INFO: function: start_sahara_based_transfer:228 STATE <-- SAHARA_WAIT_COMMAND
I/kickstart(  253): EVENT: RECEIVED <-- SAHARA_READ_DATA
I/kickstart(  253): INFO: function: start_image_transfer:882 start_image_transfer: 
I/kickstart(  253): INFO: function: tx_data:362 Transmitting 88704 bytes
I/kickstart(  253): INFO: function: tx_data:388 Total bytes sent so far: 3604540
I/kickstart(  253): INFO: function: start_image_transfer:922 Calculating throughput for chunk..
I/kickstart(  253): INFO: function: time_throughput_calculate:1202 Throughput = 236544000.000000
I/kickstart(  253): INFO: function: rx_data:407 Entered rx_data. Buffer size (i.e. expected length): 20
I/kickstart(  253): INFO: function: rx_data:482 Expected length changed to 20
I/kickstart(  253): INFO: function: start_sahara_based_transfer:228 STATE <-- SAHARA_WAIT_COMMAND
I/kickstart(  253): EVENT: RECEIVED <-- SAHARA_READ_DATA
I/kickstart(  253): INFO: function: start_image_transfer:882 start_image_transfer: 
I/kickstart(  253): INFO: function: tx_data:362 Transmitting 165480 bytes
I/kickstart(  253): INFO: function: tx_data:388 Total bytes sent so far: 3770020
I/kickstart(  253): INFO: function: start_image_transfer:922 Calculating throughput for chunk..
I/kickstart(  253): INFO: function: time_throughput_calculate:1202 Throughput = 189120000.000000
I/kickstart(  253): INFO: function: rx_data:407 Entered rx_data. Buffer size (i.e. expected length): 20
I/kickstart(  253): INFO: function: rx_data:482 Expected length changed to 16
I/kickstart(  253): INFO: function: start_sahara_based_transfer:228 STATE <-- SAHARA_WAIT_COMMAND
I/kickstart(  253): EVENT: RECEIVED <-- SAHARA_END_IMAGE_TX
I/kickstart(  253): INFO: function: is_ack_successful:676 SAHARA_STATUS_SUCCESS
I/kickstart(  253): EVENT: SENDING --> SAHARA_DONE
I/kickstart(  253): INFO: function: tx_data:362 Transmitting 8 bytes
I/kickstart(  253): INFO: function: tx_data:388 Total bytes sent so far: 3770028
I/kickstart(  253): INFO: function: rx_data:407 Entered rx_data. Buffer size (i.e. expected length): 12
I/kickstart(  253): INFO: function: start_sahara_based_transfer:553 SAHARA_WAIT_DONE_RESP recieved with SAHARA_MODE_IMAGE_TX_PENDING=0x00000000
I/kickstart(  253): EVENT: STATE <-- SAHARA_WAIT_DONE_RESP
I/kickstart(  253): INFO: function: start_sahara_based_transfer:556 Still More images to be uploaded, entering Hello wait state
I/kickstart(  253): EVENT: STATE <-- SAHARA_WAIT_HELLO
I/kickstart(  253): INFO: function: rx_data:407 Entered rx_data. Buffer size (i.e. expected length): 48
I/kickstart(  253): EVENT: RECEIVED <-- SAHARA_HELLO
I/kickstart(  253): EVENT: SENDING --> SAHARA_HELLO_RESPONSE
I/kickstart(  253): INFO: function: start_sahara_based_transfer:210 
I/kickstart(  253): 
I/kickstart(  253): sahara_mode                         = 4
I/kickstart(  253): INFO: function: start_sahara_based_transfer:211 
I/kickstart(  253): m_comm->sahara_hello_packet_rx.mode = 0
I/kickstart(  253): INFO: function: start_sahara_based_transfer:212 
I/kickstart(  253): helloRx.mode                        = 0
I/kickstart(  253): INFO: function: tx_data:362 Transmitting 48 bytes
I/kickstart(  253): INFO: function: tx_data:388 Total bytes sent so far: 3770076
I/kickstart(  253): INFO: function: rx_data:407 Entered rx_data. Buffer size (i.e. expected length): 20
I/kickstart(  253): INFO: function: rx_data:482 Expected length changed to 20
I/kickstart(  253): INFO: function: start_sahara_based_transfer:228 STATE <-- SAHARA_WAIT_COMMAND
I/kickstart(  253): EVENT: RECEIVED <-- SAHARA_READ_DATA
I/kickstart(  253): INFO: function: start_sahara_based_transfer:258 
I/kickstart(  253): Requested "/system/etc/firmware/dsp2.mbn"
I/kickstart(  253): INFO: function: start_sahara_based_transfer:267 Uploading file: /system/etc/firmware/dsp2.mbn
I/kickstart(  253): INFO: function: start_image_transfer:882 start_image_transfer: 
I/kickstart(  253): INFO: function: tx_data:362 Transmitting 52 bytes
I/kickstart(  253): INFO: function: tx_data:388 Total bytes sent so far: 3770128
I/kickstart(  253): INFO: function: start_image_transfer:922 Calculating throughput for chunk..
I/kickstart(  253): INFO: function: time_throughput_calculate:1202 Throughput = Inf
I/kickstart(  253): INFO: function: rx_data:407 Entered rx_data. Buffer size (i.e. expected length): 20
I/kickstart(  253): INFO: function: rx_data:482 Expected length changed to 20
I/kickstart(  253): INFO: function: start_sahara_based_transfer:228 STATE <-- SAHARA_WAIT_COMMAND
I/kickstart(  253): EVENT: RECEIVED <-- SAHARA_READ_DATA
I/kickstart(  253): INFO: function: start_image_transfer:882 start_image_transfer: 
I/kickstart(  253): INFO: function: tx_data:362 Transmitting 256 bytes
I/kickstart(  253): INFO: function: tx_data:388 Total bytes sent so far: 3770384
I/kickstart(  253): INFO: function: start_image_transfer:922 Calculating throughput for chunk..
I/kickstart(  253): INFO: function: time_throughput_calculate:1202 Throughput = Inf
I/kickstart(  253): INFO: function: rx_data:407 Entered rx_data. Buffer size (i.e. expected length): 20
I/kickstart(  253): INFO: function: rx_data:482 Expected length changed to 20
I/kickstart(  253): INFO: function: start_sahara_based_transfer:228 STATE <-- SAHARA_WAIT_COMMAND
I/kickstart(  253): EVENT: RECEIVED <-- SAHARA_READ_DATA
I/kickstart(  253): INFO: function: start_image_transfer:882 start_image_transfer: 
I/kickstart(  253): INFO: function: tx_data:362 Transmitting 180 bytes
I/kickstart(  253): INFO: function: tx_data:388 Total bytes sent so far: 3770564
I/kickstart(  253): INFO: function: start_image_transfer:922 Calculating throughput for chunk..
I/kickstart(  253): INFO: function: time_throughput_calculate:1202 Throughput = Inf
I/kickstart(  253): INFO: function: rx_data:407 Entered rx_data. Buffer size (i.e. expected length): 20
I/kickstart(  253): INFO: function: rx_data:482 Expected length changed to 20
I/kickstart(  253): INFO: function: start_sahara_based_transfer:228 STATE <-- SAHARA_WAIT_COMMAND
I/kickstart(  253): EVENT: RECEIVED <-- SAHARA_READ_DATA
I/kickstart(  253): INFO: function: start_image_transfer:882 start_image_transfer: 
I/kickstart(  253): INFO: function: tx_data:362 Transmitting 1760 bytes
I/kickstart(  253): INFO: function: tx_data:388 Total bytes sent so far: 3772324
I/kickstart(  253): INFO: function: start_image_transfer:922 Calculating throughput for chunk..
I/kickstart(  253): INFO: function: time_throughput_calculate:1202 Throughput = Inf
I/kickstart(  253): INFO: function: rx_data:407 Entered rx_data. Buffer size (i.e. expected length): 20
I/kickstart(  253): INFO: function: rx_data:482 Expected length changed to 20
I/kickstart(  253): INFO: function: start_sahara_based_transfer:228 STATE <-- SAHARA_WAIT_COMMAND
I/kickstart(  253): EVENT: RECEIVED <-- SAHARA_READ_DATA
I/kickstart(  253): INFO: function: start_image_transfer:882 start_image_transfer: 
I/kickstart(  253): INFO: function: tx_data:362 Transmitting 1048576 bytes
I/kickstart(  253): INFO: function: tx_data:388 Total bytes sent so far: 4820900
I/kickstart(  253): INFO: function: start_image_transfer:922 Calculating throughput for chunk..
I/kickstart(  253): INFO: function: time_throughput_calculate:1202 Throughput = 171196081.632653
I/kickstart(  253): INFO: function: rx_data:407 Entered rx_data. Buffer size (i.e. expected length): 20
I/kickstart(  253): INFO: function: rx_data:482 Expected length changed to 20
I/kickstart(  253): INFO: function: start_sahara_based_transfer:228 STATE <-- SAHARA_WAIT_COMMAND
I/kickstart(  253): EVENT: RECEIVED <-- SAHARA_READ_DATA
I/kickstart(  253): INFO: function: start_image_transfer:882 start_image_transfer: 
I/kickstart(  253): INFO: function: tx_data:362 Transmitting 1048576 bytes
I/kickstart(  253): INFO: function: tx_data:388 Total bytes sent so far: 5869476
I/kickstart(  253): INFO: function: start_image_transfer:922 Calculating throughput for chunk..
I/kickstart(  253): INFO: function: time_throughput_calculate:1202 Throughput = 167772160.000000
I/kickstart(  253): INFO: function: rx_data:407 Entered rx_data. Buffer size (i.e. expected length): 20
I/kickstart(  253): INFO: function: rx_data:482 Expected length changed to 20
I/kickstart(  253): INFO: function: start_sahara_based_transfer:228 STATE <-- SAHARA_WAIT_COMMAND
I/kickstart(  253): EVENT: RECEIVED <-- SAHARA_READ_DATA
I/kickstart(  253): INFO: function: start_image_transfer:882 start_image_transfer: 
I/kickstart(  253): INFO: function: tx_data:362 Transmitting 1048576 bytes
I/kickstart(  253): INFO: function: tx_data:388 Total bytes sent so far: 6918052
I/kickstart(  253): INFO: function: start_image_transfer:922 Calculating throughput for chunk..
I/kickstart(  253): INFO: function: time_throughput_calculate:1202 Throughput = 171196081.632653
I/kickstart(  253): INFO: function: rx_data:407 Entered rx_data. Buffer size (i.e. expected length): 20
I/kickstart(  253): INFO: function: rx_data:482 Expected length changed to 20
I/kickstart(  253): INFO: function: start_sahara_based_transfer:228 STATE <-- SAHARA_WAIT_COMMAND
I/kickstart(  253): EVENT: RECEIVED <-- SAHARA_READ_DATA
I/kickstart(  253): INFO: function: start_image_transfer:882 start_image_transfer: 
I/kickstart(  253): INFO: function: tx_data:362 Transmitting 1048576 bytes
I/kickstart(  253): INFO: function: tx_data:388 Total bytes sent so far: 7966628
I/kickstart(  253): INFO: function: start_image_transfer:922 Calculating throughput for chunk..
I/kickstart(  253): INFO: function: time_throughput_calculate:1202 Throughput = 161319384.615385
I/kickstart(  253): INFO: function: rx_data:407 Entered rx_data. Buffer size (i.e. expected length): 20
I/kickstart(  253): INFO: function: rx_data:482 Expected length changed to 20
I/kickstart(  253): INFO: function: start_sahara_based_transfer:228 STATE <-- SAHARA_WAIT_COMMAND
I/kickstart(  253): EVENT: RECEIVED <-- SAHARA_READ_DATA
I/kickstart(  253): INFO: function: start_image_transfer:882 start_image_transfer: 
I/kickstart(  253): INFO: function: tx_data:362 Transmitting 1048576 bytes
I/kickstart(  253): INFO: function: tx_data:388 Total bytes sent so far: 9015204
I/kickstart(  253): INFO: function: start_image_transfer:922 Calculating throughput for chunk..
I/kickstart(  253): INFO: function: time_throughput_calculate:1202 Throughput = 155344592.592593
I/kickstart(  253): INFO: function: rx_data:407 Entered rx_data. Buffer size (i.e. expected length): 20
I/kickstart(  253): INFO: function: rx_data:482 Expected length changed to 20
I/kickstart(  253): INFO: function: start_sahara_based_transfer:228 STATE <-- SAHARA_WAIT_COMMAND
I/kickstart(  253): EVENT: RECEIVED <-- SAHARA_READ_DATA
I/kickstart(  253): INFO: function: start_image_transfer:882 start_image_transfer: 
I/kickstart(  253): INFO: function: tx_data:362 Transmitting 1048576 bytes
I/kickstart(  253): INFO: function: tx_data:388 Total bytes sent so far: 10063780
I/kickstart(  253): INFO: function: start_image_transfer:922 Calculating throughput for chunk..
I/kickstart(  253): INFO: function: time_throughput_calculate:1202 Throughput = 171196081.632653
I/kickstart(  253): INFO: function: rx_data:407 Entered rx_data. Buffer size (i.e. expected length): 20
I/kickstart(  253): INFO: function: rx_data:482 Expected length changed to 20
I/kickstart(  253): INFO: function: start_sahara_based_transfer:228 STATE <-- SAHARA_WAIT_COMMAND
I/kickstart(  253): EVENT: RECEIVED <-- SAHARA_READ_DATA
I/kickstart(  253): INFO: function: start_image_transfer:882 start_image_transfer: 
I/kickstart(  253): INFO: function: tx_data:362 Transmitting 1048576 bytes
I/kickstart(  253): INFO: function: tx_data:388 Total bytes sent so far: 11112356
I/kickstart(  253): INFO: function: start_image_transfer:922 Calculating throughput for chunk..
I/kickstart(  253): INFO: function: time_throughput_calculate:1202 Throughput = 171196081.632653
I/kickstart(  253): INFO: function: rx_data:407 Entered rx_data. Buffer size (i.e. expected length): 20
I/kickstart(  253): INFO: function: rx_data:482 Expected length changed to 20
I/kickstart(  253): INFO: function: start_sahara_based_transfer:228 STATE <-- SAHARA_WAIT_COMMAND
I/kickstart(  253): EVENT: RECEIVED <-- SAHARA_READ_DATA
I/kickstart(  253): INFO: function: start_image_transfer:882 start_image_transfer: 
I/kickstart(  253): INFO: function: tx_data:362 Transmitting 1048576 bytes
I/kickstart(  253): INFO: function: tx_data:388 Total bytes sent so far: 12160932
I/kickstart(  253): INFO: function: start_image_transfer:922 Calculating throughput for chunk..
I/kickstart(  253): INFO: function: time_throughput_calculate:1202 Throughput = 164482509.803922
I/kickstart(  253): INFO: function: rx_data:407 Entered rx_data. Buffer size (i.e. expected length): 20
I/kickstart(  253): INFO: function: rx_data:482 Expected length changed to 20
I/kickstart(  253): INFO: function: start_sahara_based_transfer:228 STATE <-- SAHARA_WAIT_COMMAND
I/kickstart(  253): EVENT: RECEIVED <-- SAHARA_READ_DATA
I/kickstart(  253): INFO: function: start_image_transfer:882 start_image_transfer: 
I/kickstart(  253): INFO: function: tx_data:362 Transmitting 1048576 bytes
I/kickstart(  253): INFO: function: tx_data:388 Total bytes sent so far: 13209508
I/kickstart(  253): INFO: function: start_image_transfer:922 Calculating throughput for chunk..
I/kickstart(  253): INFO: function: time_throughput_calculate:1202 Throughput = 171196081.632653
