W/StagefrightMetadataRetriever(  131): setDataSource(/system/media/audio/ringtones/Funk_Yall.ogg) 0x1a4dec8
W/StagefrightMetadataRetriever(  131): setDataSource(/system/media/audio/ringtones/GameOverGuitar.ogg) 0x1a4dec8
W/StagefrightMetadataRetriever(  131): setDataSource(/system/media/audio/ringtones/Gimme_Mo_Town.ogg) 0x1a4dec8
W/StagefrightMetadataRetriever(  131): setDataSource(/system/media/audio/ringtones/Glacial_Groove.ogg) 0x1a4dec8
W/StagefrightMetadataRetriever(  131): setDataSource(/system/media/audio/ringtones/Growl.ogg) 0x1a4dec8
W/StagefrightMetadataRetriever(  131): setDataSource(/system/media/audio/ringtones/HalfwayHome.ogg) 0x1a4dec8
W/StagefrightMetadataRetriever(  131): setDataSource(/system/media/audio/ringtones/InsertCoin.ogg) 0x1a4dec8
W/StagefrightMetadataRetriever(  131): setDataSource(/system/media/audio/ringtones/LoopyLounge.ogg) 0x1a4dec8
W/StagefrightMetadataRetriever(  131): setDataSource(/system/media/audio/ringtones/LoveFlute.ogg) 0x1a4dec8
W/StagefrightMetadataRetriever(  131): setDataSource(/system/media/audio/ringtones/Lyra.ogg) 0x1a4dec8
W/StagefrightMetadataRetriever(  131): setDataSource(/system/media/audio/ringtones/Machina.ogg) 0x1a4dec8
W/StagefrightMetadataRetriever(  131): setDataSource(/system/media/audio/ringtones/MidEvilJaunt.ogg) 0x1a4dec8
W/StagefrightMetadataRetriever(  131): setDataSource(/system/media/audio/ringtones/MildlyAlarming.ogg) 0x1a4dec8
W/StagefrightMetadataRetriever(  131): setDataSource(/system/media/audio/ringtones/Nairobi.ogg) 0x1a4dec8
W/StagefrightMetadataRetriever(  131): setDataSource(/system/media/audio/ringtones/Nassau.ogg) 0x1a4dec8
W/StagefrightMetadataRetriever(  131): setDataSource(/system/media/audio/ringtones/NewPlayer.ogg) 0x1a4dec8
W/StagefrightMetadataRetriever(  131): setDataSource(/system/media/audio/ringtones/No_Limits.ogg) 0x1a4dec8
W/StagefrightMetadataRetriever(  131): setDataSource(/system/media/audio/ringtones/Noises1.ogg) 0x1a4dec8
D/PackageManager(  269): generateServicesMap(android.accounts.AccountAuthenticator): 2 services unchanged
D/PackageManager(  269): generateServicesMap(android.content.SyncAdapter): 4 services unchanged
I/AccountTypeManager(  662): Loaded meta-data for 1 account types, 0 accounts in 27ms(wall) 2ms(cpu)
W/StagefrightMetadataRetriever(  131): setDataSource(/system/media/audio/ringtones/Noises2.ogg) 0x1a4dec8
W/StagefrightMetadataRetriever(  131): setDataSource(/system/media/audio/ringtones/Noises3.ogg) 0x1a4dec8
W/StagefrightMetadataRetriever(  131): setDataSource(/system/media/audio/ringtones/OrganDub.ogg) 0x1a4dec8
W/StagefrightMetadataRetriever(  131): setDataSource(/system/media/audio/ringtones/Orion.ogg) 0x1a4dec8
W/StagefrightMetadataRetriever(  131): setDataSource(/system/media/audio/ringtones/PERSEUS.ogg) 0x1a4dec8
W/StagefrightMetadataRetriever(  131): setDataSource(27, 0, 112981) 0x1a4dec8
E/MetadataRetrieverClient(  131): failed to extract an album art
W/StagefrightMetadataRetriever(  131): setDataSource(/system/media/audio/ringtones/Paradise_Island.ogg) 0x1a4dec8
W/StagefrightMetadataRetriever(  131): setDataSource(/system/media/audio/ringtones/Pegasus.ogg) 0x1a4dec8
W/StagefrightMetadataRetriever(  131): setDataSource(/system/media/audio/ringtones/Playa.ogg) 0x1a4dec8
W/StagefrightMetadataRetriever(  131): setDataSource(/system/media/audio/ringtones/Pyxis.ogg) 0x1a4dec8
W/StagefrightMetadataRetriever(  131): setDataSource(/system/media/audio/ringtones/Revelation.ogg) 0x1a4dec8
W/StagefrightMetadataRetriever(  131): setDataSource(/system/media/audio/ringtones/Rigel.ogg) 0x1a4dec8
W/StagefrightMetadataRetriever(  131): setDataSource(/system/media/audio/ringtones/Ring_Classic_02.ogg) 0x1a4dec8
W/StagefrightMetadataRetriever(  131): setDataSource(/system/media/audio/ringtones/Ring_Digital_02.ogg) 0x1a4dec8
W/StagefrightMetadataRetriever(  131): setDataSource(/system/media/audio/ringtones/Ring_Synth_02.ogg) 0x1a4dec8
W/StagefrightMetadataRetriever(  131): setDataSource(/system/media/audio/ringtones/Ring_Synth_04.ogg) 0x1a4dec8
W/BackupManagerService(  269): dataChanged but no participant pkg='com.android.providers.settings' uid=10012
W/StagefrightMetadataRetriever(  131): setDataSource(/system/media/audio/ringtones/Road_Trip.ogg) 0x1a4dec8
W/StagefrightMetadataRetriever(  131): setDataSource(/system/media/audio/ringtones/RomancingTheTone.ogg) 0x1a4dec8
W/StagefrightMetadataRetriever(  131): setDataSource(/system/media/audio/ringtones/Safari.ogg) 0x1a4dec8
W/StagefrightMetadataRetriever(  131): setDataSource(/system/media/audio/ringtones/Savannah.ogg) 0x1a4dec8
W/StagefrightMetadataRetriever(  131): setDataSource(/system/media/audio/ringtones/Scarabaeus.ogg) 0x1a4dec8
W/StagefrightMetadataRetriever(  131): setDataSource(/system/media/audio/ringtones/Sceptrum.ogg) 0x1a4dec8
W/StagefrightMetadataRetriever(  131): setDataSource(/system/media/audio/ringtones/Seville.ogg) 0x1a4dec8
W/StagefrightMetadataRetriever(  131): setDataSource(/system/media/audio/ringtones/Shes_All_That.ogg) 0x1a4dec8
W/StagefrightMetadataRetriever(  131): setDataSource(/system/media/audio/ringtones/SilkyWay.ogg) 0x1a4dec8
W/StagefrightMetadataRetriever(  131): setDataSource(/system/media/audio/ringtones/SitarVsSitar.ogg) 0x1a4dec8
W/StagefrightMetadataRetriever(  131): setDataSource(/system/media/audio/ringtones/Solarium.ogg) 0x1a4dec8
W/StagefrightMetadataRetriever(  131): setDataSource(/system/media/audio/ringtones/SpringyJalopy.ogg) 0x1a4dec8
W/StagefrightMetadataRetriever(  131): setDataSource(/system/media/audio/ringtones/Steppin_Out.ogg) 0x1a4dec8
W/StagefrightMetadataRetriever(  131): setDataSource(/system/media/audio/ringtones/Terminated.ogg) 0x1a4dec8
W/StagefrightMetadataRetriever(  131): setDataSource(/system/media/audio/ringtones/Testudo.ogg) 0x1a4dec8
W/StagefrightMetadataRetriever(  131): setDataSource(/system/media/audio/ringtones/Third_Eye.ogg) 0x1a4dec8
W/StagefrightMetadataRetriever(  131): setDataSource(/system/media/audio/ringtones/Thunderfoot.ogg) 0x1a4dec8
W/StagefrightMetadataRetriever(  131): setDataSource(/system/media/audio/ringtones/TwirlAway.ogg) 0x1a4dec8
W/StagefrightMetadataRetriever(  131): setDataSource(/system/media/audio/ringtones/URSAMINOR.ogg) 0x1a4dec8
W/StagefrightMetadataRetriever(  131): setDataSource(/system/media/audio/ringtones/VeryAlarmed.ogg) 0x1a4dec8
W/StagefrightMetadataRetriever(  131): setDataSource(/system/media/audio/ringtones/Vespa.ogg) 0x1a4dec8
W/StagefrightMetadataRetriever(  131): setDataSource(/system/media/audio/ringtones/World.ogg) 0x1a4dec8
W/StagefrightMetadataRetriever(  131): setDataSource(/system/media/audio/ringtones/hydra.ogg) 0x1a4dec8
W/StagefrightMetadataRetriever(  131): setDataSource(/system/media/audio/ui/Dock.ogg) 0x1a4dec8
W/StagefrightMetadataRetriever(  131): setDataSource(27, 0, 6019) 0x1a4dec8
E/MetadataRetrieverClient(  131): failed to extract an album art
W/StagefrightMetadataRetriever(  131): setDataSource(/system/media/audio/ui/Effect_Tick.ogg) 0x1a4dec8
W/StagefrightMetadataRetriever(  131): setDataSource(/system/media/audio/ui/KeypressDelete.ogg) 0x1a4dec8
W/StagefrightMetadataRetriever(  131): setDataSource(/system/media/audio/ui/KeypressReturn.ogg) 0x1a4dec8
W/StagefrightMetadataRetriever(  131): setDataSource(/system/media/audio/ui/KeypressSpacebar.ogg) 0x1a4dec8
W/StagefrightMetadataRetriever(  131): setDataSource(/system/media/audio/ui/KeypressStandard.ogg) 0x1a4dec8
W/StagefrightMetadataRetriever(  131): setDataSource(/system/media/audio/ui/Lock.ogg) 0x1a4dec8
W/StagefrightMetadataRetriever(  131): setDataSource(/system/media/audio/ui/LowBattery.ogg) 0x1a4dec8
W/StagefrightMetadataRetriever(  131): setDataSource(/system/media/audio/ui/Undock.ogg) 0x1a4dec8
W/StagefrightMetadataRetriever(  131): setDataSource(/system/media/audio/ui/Unlock.ogg) 0x1a4dec8
W/StagefrightMetadataRetriever(  131): setDataSource(/system/media/audio/ui/VideoRecord.ogg) 0x1a4dec8
W/StagefrightMetadataRetriever(  131): setDataSource(/system/media/audio/ui/camera_click.ogg) 0x1a4dec8
W/StagefrightMetadataRetriever(  131): setDataSource(/system/media/audio/ui/camera_focus.ogg) 0x1a4dec8
I/MediaProvider(  525): Upgrading media database from version 0 to 408, which will destroy all old data
W/MediaScanner(  525): Error opening directory '/mnt/sdcard/.android_secure/', skipping: Permission denied.
W/StagefrightMetadataRetriever(  131): setDataSource(/mnt/sdcard/01 Because.m4a) 0x1a4dec8
W/StagefrightMetadataRetriever(  131): setDataSource(27, 0, 5273286) 0x1a4dec8
E/MetadataRetrieverClient(  131): failed to extract an album art
W/StagefrightMetadataRetriever(  131): setDataSource(/mnt/sdcard/._01 Because.m4a) 0x1a4dec8
E/MediaScannerJNI(  525): An error occurred while scanning file '/mnt/sdcard/._01 Because.m4a'.
W/StagefrightMetadataRetriever(  131): setDataSource(/mnt/sdcard/01_-_The_Part_Where_You_Let_Go.mp3) 0x1a4dec8
W/StagefrightMetadataRetriever(  131): setDataSource(27, 0, 7388110) 0x1a4dec8
W/StagefrightMetadataRetriever(  131): setDataSource(/mnt/sdcard/02 Obstacle 1.mp3) 0x1a4dec8
W/StagefrightMetadataRetriever(  131): setDataSource(27, 0, 6635010) 0x1a4dec8
W/StagefrightMetadataRetriever(  131): setDataSource(/mnt/sdcard/2Pac-Hit_Em_Up.mp3) 0x1a4dec8
W/StagefrightMetadataRetriever(  131): setDataSource(27, 0, 6260846) 0x1a4dec8
E/MetadataRetrieverClient(  131): failed to extract an album art
W/StagefrightMetadataRetriever(  131): setDataSource(/mnt/sdcard/mp3download/songs/Jay-Z-Niggas in Paris.mp3) 0x1a4dec8
W/StagefrightMetadataRetriever(  131): setDataSource(27, 0, 8807477) 0x1a4dec8
W/StagefrightMetadataRetriever(  131): setDataSource(/mnt/sdcard/mp3download/songs/Jay-Z & Kanye West-No Church In the Wild (feat. Frank Ocean).mp3) 0x1a4dec8
W/StagefrightMetadataRetriever(  131): setDataSource(27, 0, 10905738) 0x1a4dec8
E/MetadataRetrieverClient(  131): failed to extract an album art
W/StagefrightMetadataRetriever(  131): setDataSource(/mnt/sdcard/mp3download/songs/dj khaled-i'm on one.mp3) 0x1a4dec8
W/StagefrightMetadataRetriever(  131): setDataSource(27, 0, 7213805) 0x1a4dec8
E/MetadataRetrieverClient(  131): failed to extract an album art
W/StagefrightMetadataRetriever(  131): setDataSource(/mnt/sdcard/mp3download/songs/Lil Wayne-I'm On One (Feat. DJ Khaled, D.mp3) 0x1a4dec8
E/MediaScannerJNI(  525): An error occurred while scanning file '/mnt/sdcard/mp3download/songs/Lil Wayne-I'm On One (Feat. DJ Khaled, D.mp3'.
W/StagefrightMetadataRetriever(  131): setDataSource(27, 0, 253) 0x1a4dec8
W/StagefrightMetadataRetriever(  131): setDataSource(/mnt/sdcard/mp3download/songs/The Cranberries-Zombie.mp3) 0x1a4dec8
W/StagefrightMetadataRetriever(  131): setDataSource(27, 0, 4953320) 0x1a4dec8
E/MetadataRetrieverClient(  131): failed to extract an album art
W/StagefrightMetadataRetriever(  131): setDataSource(/mnt/sdcard/mp3download/songs/Cranberries-Zombie.mp3) 0x1a4dec8
W/StagefrightMetadataRetriever(  131): setDataSource(/mnt/sdcard/mp3download/songs/The Offspring-The Kids Aren't Alright.mp3) 0x1a4dec8
W/StagefrightMetadataRetriever(  131): setDataSource(27, 0, 2891968) 0x1a4dec8
E/MetadataRetrieverClient(  131): failed to extract an album art
W/StagefrightMetadataRetriever(  131): setDataSource(/mnt/sdcard/mp3download/songs/The Offspring-You're Gonna Go Far, Kid.mp3) 0x1a4dec8
W/StagefrightMetadataRetriever(  131): setDataSource(27, 0, 4257375) 0x1a4dec8
E/MetadataRetrieverClient(  131): failed to extract an album art
W/StagefrightMetadataRetriever(  131): setDataSource(/mnt/sdcard/mp3download/songs/Mac Miller-Frick Park Market.mp3) 0x1a4dec8
W/StagefrightMetadataRetriever(  131): setDataSource(27, 0, 6255289) 0x1a4dec8
W/StagefrightMetadataRetriever(  131): setDataSource(/mnt/sdcard/mp3download/songs/Mac Miller-Knock Knock.mp3) 0x1a4dec8
W/StagefrightMetadataRetriever(  131): setDataSource(27, 0, 3970614) 0x1a4dec8
E/MetadataRetrieverClient(  131): failed to extract an album art
W/StagefrightMetadataRetriever(  131): setDataSource(/mnt/sdcard/mp3download/songs/Mac Miller-Kool Aid & Frozen Pizza.mp3) 0x1a4dec8
W/StagefrightMetadataRetriever(  131): setDataSource(/mnt/sdcard/mp3download/songs/Mac Miller-Don't Mind If I Do.mp3) 0x1a4dec8
W/StagefrightMetadataRetriever(  131): setDataSource(/mnt/sdcard/mp3download/songs/Mac Miller-Another Night.mp3) 0x1a4dec8
W/StagefrightMetadataRetriever(  131): setDataSource(27, 0, 3805687) 0x1a4dec8
W/StagefrightMetadataRetriever(  131): setDataSource(/mnt/sdcard/mp3download/songs/Rise Against-Swing Life Away.mp3) 0x1a4dec8
W/StagefrightMetadataRetriever(  131): setDataSource(27, 0, 4586299) 0x1a4dec8
E/MetadataRetrieverClient(  131): failed to extract an album art
W/StagefrightMetadataRetriever(  131): setDataSource(/mnt/sdcard/mp3download/songs/The Naked And Famous-Punching In A Dream.mp3) 0x1a4dec8
W/StagefrightMetadataRetriever(  131): setDataSource(27, 0, 8096737) 0x1a4dec8
W/StagefrightMetadataRetriever(  131): setDataSource(/mnt/sdcard/mp3download/songs/Goyte feat. Kimbra-Somebody That I Used To Know.mp3) 0x1a4dec8
W/StagefrightMetadataRetriever(  131): setDataSource(/mnt/sdcard/mp3download/songs/The Big Pink-Dominos.mp3) 0x1a4dec8
W/StagefrightMetadataRetriever(  131): setDataSource(27, 0, 5611080) 0x1a4dec8
W/StagefrightMetadataRetriever(  131): setDataSource(/mnt/sdcard/mp3download/songs/Red Hot Chili Peppers-By The Way.mp3) 0x1a4dec8
W/StagefrightMetadataRetriever(  131): setDataSource(27, 0, 8543671) 0x1a4dec8
E/MetadataRetrieverClient(  131): failed to extract an album art
W/StagefrightMetadataRetriever(  131): setDataSource(/mnt/sdcard/mp3download/songs/Red Hot Chili Peppers-The Adventures Of Rain Dance Maggie.mp3) 0x1a4dec8
W/StagefrightMetadataRetriever(  131): setDataSource(27, 0, 9549139) 0x1a4dec8
E/MetadataRetrieverClient(  131): failed to extract an album art
W/StagefrightMetadataRetriever(  131): setDataSource(/mnt/sdcard/mp3download/songs/Silversun Pickups-Sort Of.mp3) 0x1a4dec8
W/StagefrightMetadataRetriever(  131): setDataSource(27, 0, 6574080) 0x1a4dec8
W/StagefrightMetadataRetriever(  131): setDataSource(/mnt/sdcard/mp3download/songs/The Wombats-Jump Into The Fog.mp3) 0x1a50f88
W/StagefrightMetadataRetriever(  131): setDataSource(27, 0, 5529560) 0x1a50f88
W/StagefrightMetadataRetriever(  131): setDataSource(/mnt/sdcard/mp3download/songs/Rise Against-Help Is On The Way.mp3) 0x1a50f88
W/StagefrightMetadataRetriever(  131): setDataSource(27, 0, 3806299) 0x1a50f88
E/MetadataRetrieverClient(  131): failed to extract an album art
W/StagefrightMetadataRetriever(  131): setDataSource(/mnt/sdcard/._01 Auburn Avenue - Track 1.mp3) 0x1a50f88
E/MediaScannerJNI(  525): An error occurred while scanning file '/mnt/sdcard/._01 Auburn Avenue - Track 1.mp3'.
W/StagefrightMetadataRetriever(  131): setDataSource(/mnt/sdcard/._02 Auburn Avenue - Track 2.mp3) 0x1a50f88
E/MediaScannerJNI(  525): An error occurred while scanning file '/mnt/sdcard/._02 Auburn Avenue - Track 2.mp3'.
W/StagefrightMetadataRetriever(  131): setDataSource(/mnt/sdcard/._03 Auburn Avenue - Track 3.mp3) 0x1a50f88
E/MediaScannerJNI(  525): An error occurred while scanning file '/mnt/sdcard/._03 Auburn Avenue - Track 3.mp3'.
W/StagefrightMetadataRetriever(  131): setDataSource(/mnt/sdcard/._04 Auburn Avenue - Track 4.mp3) 0x1a50f88
E/MediaScannerJNI(  525): An error occurred while scanning file '/mnt/sdcard/._04 Auburn Avenue - Track 4.mp3'.
W/StagefrightMetadataRetriever(  131): setDataSource(/mnt/sdcard/04_-_Stairway_To_Heaven.mp3) 0x1a50f88
W/StagefrightMetadataRetriever(  131): setDataSource(27, 0, 15680514) 0x1a50f88
W/StagefrightMetadataRetriever(  131): setDataSource(/mnt/sdcard/._05 Auburn Avenue - Track 5.mp3) 0x1a50f88
E/MediaScannerJNI(  525): An error occurred while scanning file '/mnt/sdcard/._05 Auburn Avenue - Track 5.mp3'.
W/StagefrightMetadataRetriever(  131): setDataSource(/mnt/sdcard/._06 Auburn Avenue - Track 6.mp3) 0x1a50f88
E/MediaScannerJNI(  525): An error occurred while scanning file '/mnt/sdcard/._06 Auburn Avenue - Track 6.mp3'.
W/StagefrightMetadataRetriever(  131): setDataSource(/mnt/sdcard/02 High School Never Ends.m4a) 0x1a50f88
W/StagefrightMetadataRetriever(  131): setDataSource(27, 0, 3398500) 0x1a50f88
E/MetadataRetrieverClient(  131): failed to extract an album art
W/StagefrightMetadataRetriever(  131): setDataSource(/mnt/sdcard/03 Val Kilmer.m4a) 0x1a50f88
W/StagefrightMetadataRetriever(  131): setDataSource(/mnt/sdcard/Phoenix-Lisztomania.mp3) 0x1a50f88
W/StagefrightMetadataRetriever(  131): setDataSource(27, 0, 5107954) 0x1a50f88
W/StagefrightMetadataRetriever(  131): setDataSource(/mnt/sdcard/._07 Auburn Avenue - Track 7.mp3) 0x1a50f88
E/MediaScannerJNI(  525): An error occurred while scanning file '/mnt/sdcard/._07 Auburn Avenue - Track 7.mp3'.
W/StagefrightMetadataRetriever(  131): setDataSource(/mnt/sdcard/._08 Auburn Avenue - Track 16.mp3) 0x1a50f88
E/MediaScannerJNI(  525): An error occurred while scanning file '/mnt/sdcard/._08 Auburn Avenue - Track 16.mp3'.
W/StagefrightMetadataRetriever(  131): setDataSource(/mnt/sdcard/._09 Auburn Avenue - Track 15.mp3) 0x1a50f88
E/MediaScannerJNI(  525): An error occurred while scanning file '/mnt/sdcard/._09 Auburn Avenue - Track 15.mp3'.
W/StagefrightMetadataRetriever(  131): setDataSource(/mnt/sdcard/._10 Auburn Avenue - Track 14.mp3) 0x1a50f88
E/MediaScannerJNI(  525): An error occurred while scanning file '/mnt/sdcard/._10 Auburn Avenue - Track 14.mp3'.
W/StagefrightMetadataRetriever(  131): setDataSource(/mnt/sdcard/._11 Auburn Avenue - Track 13.mp3) 0x1a50f88
E/MediaScannerJNI(  525): An error occurred while scanning file '/mnt/sdcard/._11 Auburn Avenue - Track 13.mp3'.
W/StagefrightMetadataRetriever(  131): setDataSource(/mnt/sdcard/11 Help! 1.m4a) 0x1a50f88
W/StagefrightMetadataRetriever(  131): setDataSource(/mnt/sdcard/._11 Help! 1.m4a) 0x1a50f88
E/MediaScannerJNI(  525): An error occurred while scanning file '/mnt/sdcard/._11 Help! 1.m4a'.
W/StagefrightMetadataRetriever(  131): setDataSource(/mnt/sdcard/._12 Auburn Avenue - Track 12.mp3) 0x1a50f88
E/MediaScannerJNI(  525): An error occurred while scanning file '/mnt/sdcard/._12 Auburn Avenue - Track 12.mp3'.
W/StagefrightMetadataRetriever(  131): setDataSource(/mnt/sdcard/media/audio/notifications/facebook_ringtone_pop.m4a) 0x1a50f88
W/StagefrightMetadataRetriever(  131): setDataSource(27, 0, 4440) 0x1a50f88
E/MetadataRetrieverClient(  131): failed to extract an album art
W/StagefrightMetadataRetriever(  131): setDataSource(/mnt/sdcard/._13 Auburn Avenue - Track 11.mp3) 0x1a50f88
E/MediaScannerJNI(  525): An error occurred while scanning file '/mnt/sdcard/._13 Auburn Avenue - Track 11.mp3'.
W/StagefrightMetadataRetriever(  131): setDataSource(/mnt/sdcard/13 Rocky Raccoon.mp3) 0x1a50f88
W/StagefrightMetadataRetriever(  131): setDataSource(27, 0, 3545088) 0x1a50f88
W/StagefrightMetadataRetriever(  131): setDataSource(/mnt/sdcard/03 Whatya Want From Me.mp3) 0x1a50f88
W/StagefrightMetadataRetriever(  131): setDataSource(27, 0, 5821822) 0x1a50f88
W/StagefrightMetadataRetriever(  131): setDataSource(/mnt/sdcard/._14 Auburn Avenue - Track 10.mp3) 0x1a50f88
E/MediaScannerJNI(  525): An error occurred while scanning file '/mnt/sdcard/._14 Auburn Avenue - Track 10.mp3'.
W/StagefrightMetadataRetriever(  131): setDataSource(/mnt/sdcard/._15 Auburn Avenue - Track 9.mp3) 0x1a50f88
E/MediaScannerJNI(  525): An error occurred while scanning file '/mnt/sdcard/._15 Auburn Avenue - Track 9.mp3'.
W/StagefrightMetadataRetriever(  131): setDataSource(/mnt/sdcard/._16 Auburn Avenue - Track 8.mp3) 0x1a50f88
E/MediaScannerJNI(  525): An error occurred while scanning file '/mnt/sdcard/._16 Auburn Avenue - Track 8.mp3'.
W/StagefrightMetadataRetriever(  131): setDataSource(/mnt/sdcard/Coolio-Gangstas_Paradise.mp3) 0x1a50f88
W/StagefrightMetadataRetriever(  131): setDataSource(27, 0, 3868127) 0x1a50f88
E/MetadataRetrieverClient(  131): failed to extract an album art
W/StagefrightMetadataRetriever(  131): setDataSource(/mnt/sdcard/amazonmp3/Kanye_West/Late_Registration_[Explicit]/04_-_Gold_Digger_[Explicit].mp3) 0x1a50f88
W/StagefrightMetadataRetriever(  131): setDataSource(27, 0, 6812850) 0x1a50f88
W/StagefrightMetadataRetriever(  131): setDataSource(/mnt/sdcard/amazonmp3/Duncan_Sheik/Duncan_Sheik/B001232BTW_(disc_1)_03_-_Barely_Breathing.mp3) 0x1a50f88
W/StagefrightMetadataRetriever(  131): setDataSource(27, 0, 8195403) 0x1a50f88
W/StagefrightMetadataRetriever(  131): setDataSource(/mnt/sdcard/amazonmp3/Led_Zeppelin/Led_Zeppelin_IV/04_-_Stairway_To_Heaven.mp3) 0x1a50f88
W/StagefrightMetadataRetriever(  131): setDataSource(/mnt/sdcard/amazonmp3/The_Game/LAX_[Explicit]/05_-_My_Life_[Explicit].mp3) 0x1a50f88
W/StagefrightMetadataRetriever(  131): setDataSource(27, 0, 10419950) 0x1a50f88
W/StagefrightMetadataRetriever(  131): setDataSource(/mnt/sdcard/amazonmp3/Nirvana/Nevermind/B000V639BK_(disc_1)_01_-_Smells_Like_Teen_Spirit.mp3) 0x1a50f88
W/StagefrightMetadataRetriever(  131): setDataSource(27, 0, 9872543) 0x1a50f88
W/StagefrightMetadataRetriever(  131): setDataSource(/mnt/sdcard/The one I love.mp3) 0x1a50f88
W/StagefrightMetadataRetriever(  131): setDataSource(27, 0, 6625517) 0x1a50f88
W/StagefrightMetadataRetriever(  131): setDataSource(/mnt/sdcard/Crawler 3.mp3) 0x1a50f88
W/StagefrightMetadataRetriever(  131): setDataSource(27, 0, 4189958) 0x1a50f88
E/MetadataRetrieverClient(  131): failed to extract an album art
W/StagefrightMetadataRetriever(  131): setDataSource(/mnt/sdcard/I'm on it.mp3) 0x1a50f88
W/StagefrightMetadataRetriever(  131): setDataSource(/mnt/sdcard/Radiohead-High_And_Dry.mp3) 0x1a50f88
W/StagefrightMetadataRetriever(  131): setDataSource(27, 0, 6957015) 0x1a50f88
W/StagefrightMetadataRetriever(  131): setDataSource(/mnt/sdcard/._01 Time for Miracles.m4a) 0x1a50f88
E/MediaScannerJNI(  525): An error occurred while scanning file '/mnt/sdcard/._01 Time for Miracles.m4a'.
W/StagefrightMetadataRetriever(  131): setDataSource(/mnt/sdcard/Rest My Chemistry (Originally Done by Interpol).mp3) 0x1a50f88
W/StagefrightMetadataRetriever(  131): setDataSource(/mnt/sdcard/The Scientist Cover (Originally done by Coldplay).mp3) 0x1a50f88
W/StagefrightMetadataRetriever(  131): setDataSource(/mnt/sdcard/Bullets Cover (Originally done by Augustana) 2.mp3) 0x1a50f88
W/StagefrightMetadataRetriever(  131): setDataSource(/mnt/sdcard/01 Time for Miracles.m4a) 0x1a50f88
W/StagefrightMetadataRetriever(  131): setDataSource(27, 0, 10338685) 0x1a50f88
W/StagefrightMetadataRetriever(  131): setDataSource(/mnt/sdcard/._01 Want.m4a) 0x1a50f88
E/MediaScannerJNI(  525): An error occurred while scanning file '/mnt/sdcard/._01 Want.m4a'.
W/StagefrightMetadataRetriever(  131): setDataSource(/mnt/sdcard/01 Want.m4a) 0x1a50f88
W/StagefrightMetadataRetriever(  131): setDataSource(27, 0, 7057820) 0x1a50f88
W/StagefrightMetadataRetriever(  131): setDataSource(/mnt/sdcard/10 Toxic Valentine.mp3) 0x1a50f88
W/StagefrightMetadataRetriever(  131): setDataSource(27, 0, 4270264) 0x1a50f88
W/StagefrightMetadataRetriever(  131): setDataSource(/mnt/sdcard/02 Break Your Little Heart.mp3) 0x1a50f88
W/StagefrightMetadataRetriever(  131): setDataSource(27, 0, 5580388) 0x1a50f88
W/StagefrightMetadataRetriever(  131): setDataSource(/mnt/sdcard/Wake Up.mp3) 0x1a50f88
W/StagefrightMetadataRetriever(  131): setDataSource(27, 0, 5433795) 0x1a50f88
W/StagefrightMetadataRetriever(  131): setDataSource(/mnt/sdcard/04 Jasey Rae.mp3) 0x1a50f88
W/StagefrightMetadataRetriever(  131): setDataSource(27, 0, 6189515) 0x1a50f88
E/MetadataRetrieverClient(  131): failed to extract an album art
W/StagefrightMetadataRetriever(  131): setDataSource(/mnt/sdcard/09 Rebellion (Lies).mp3) 0x1a50f88
W/StagefrightMetadataRetriever(  131): setDataSource(/mnt/sdcard/01 Dear Maria Count Me In.mp3) 0x1a50f88
W/StagefrightMetadataRetriever(  131): setDataSource(27, 0, 3356389) 0x1a50f88
W/StagefrightMetadataRetriever(  131): setDataSource(/mnt/sdcard/01 Heat Of The Moment.mp3) 0x1a50f88
W/StagefrightMetadataRetriever(  131): setDataSource(27, 0, 6634460) 0x1a50f88
W/StagefrightMetadataRetriever(  131): setDataSource(/mnt/sdcard/03 Six Feet Under The Stars.mp3) 0x1a50f88
W/StagefrightMetadataRetriever(  131): setDataSource(27, 0, 5633085) 0x1a50f88
W/StagefrightMetadataRetriever(  131): setDataSource(/mnt/sdcard/10 No Cars Go.mp3) 0x1a50f88
W/StagefrightMetadataRetriever(  131): setDataSource(27, 0, 5795840) 0x1a50f88
E/MetadataRetrieverClient(  131): failed to extract an album art
W/StagefrightMetadataRetriever(  131): setDataSource(/mnt/sdcard/05 The Beach.mp3) 0x1a50f88
W/StagefrightMetadataRetriever(  131): setDataSource(27, 0, 2910632) 0x1a50f88
E/MetadataRetrieverClient(  131): failed to extract an album art
W/StagefrightMetadataRetriever(  131): setDataSource(/mnt/sdcard/08 Remembering Sunday.mp3) 0x1a50f88
W/StagefrightMetadataRetriever(  131): setDataSource(/mnt/sdcard/Airplanes (Part. 2) (Ft. Hayley Williams & Eminem).mp3) 0x1a49b78
W/StagefrightMetadataRetriever(  131): setDataSource(27, 0, 5081216) 0x1a49b78
E/MetadataRetrieverClient(  131): failed to extract an album art
W/StagefrightMetadataRetriever(  131): setDataSource(/mnt/sdcard/01 Airplanes (feat. Hayley Williams of Paramore).m4a) 0x1a49b78
W/StagefrightMetadataRetriever(  131): setDataSource(27, 0, 6460643) 0x1a49b78
W/StagefrightMetadataRetriever(  131): setDataSource(/mnt/sdcard/01 The Weight.m4a) 0x1a49b78
W/StagefrightMetadataRetriever(  131): setDataSource(27, 0, 10880513) 0x1a49b78
W/StagefrightMetadataRetriever(  131): setDataSource(/mnt/sdcard/._01 The Weight.m4a) 0x1a49b78
E/MediaScannerJNI(  525): An error occurred while scanning file '/mnt/sdcard/._01 The Weight.m4a'.
W/StagefrightMetadataRetriever(  131): setDataSource(/mnt/sdcard/01 Love Me Do.m4a) 0x1a49b78
W/StagefrightMetadataRetriever(  131): setDataSource(27, 0, 4100350) 0x1a49b78
E/MetadataRetrieverClient(  131): failed to extract an album art
W/StagefrightMetadataRetriever(  131): setDataSource(/mnt/sdcard/._01 Love Me Do.m4a) 0x1a49b78
E/MediaScannerJNI(  525): An error occurred while scanning file '/mnt/sdcard/._01 Love Me Do.m4a'.
W/StagefrightMetadataRetriever(  131): setDataSource(/mnt/sdcard/02 From Me To You.m4a) 0x1a49b78
W/StagefrightMetadataRetriever(  131): setDataSource(/mnt/sdcard/._02 From Me To You.m4a) 0x1a49b78
E/MediaScannerJNI(  525): An error occurred while scanning file '/mnt/sdcard/._02 From Me To You.m4a'.
W/StagefrightMetadataRetriever(  131): setDataSource(/mnt/sdcard/03 She Loves You.m4a) 0x1a49b78
W/StagefrightMetadataRetriever(  131): setDataSource(/mnt/sdcard/._03 She Loves You.m4a) 0x1a49b78
E/MediaScannerJNI(  525): An error occurred while scanning file '/mnt/sdcard/._03 She Loves You.m4a'.
W/StagefrightMetadataRetriever(  131): setDataSource(/mnt/sdcard/04 I Want To Hold Your Hand.m4a) 0x1a49b78
W/StagefrightMetadataRetriever(  131): setDataSource(/mnt/sdcard/._04 I Want To Hold Your Hand.m4a) 0x1a49b78
E/MediaScannerJNI(  525): An error occurred while scanning file '/mnt/sdcard/._04 I Want To Hold Your Hand.m4a'.
W/StagefrightMetadataRetriever(  131): setDataSource(/mnt/sdcard/05 Can't Buy Me Love.m4a) 0x1a49b78
W/StagefrightMetadataRetriever(  131): setDataSource(/mnt/sdcard/._05 Can't Buy Me Love.m4a) 0x1a49b78
E/MediaScannerJNI(  525): An error occurred while scanning file '/mnt/sdcard/._05 Can't Buy Me Love.m4a'.
W/StagefrightMetadataRetriever(  131): setDataSource(/mnt/sdcard/06 A Hard Day's Night.m4a) 0x1a49b78
W/StagefrightMetadataRetriever(  131): setDataSource(/mnt/sdcard/._06 A Hard Day's Night.m4a) 0x1a49b78
E/MediaScannerJNI(  525): An error occurred while scanning file '/mnt/sdcard/._06 A Hard Day's Night.m4a'.
W/StagefrightMetadataRetriever(  131): setDataSource(/mnt/sdcard/07 I Feel Fine.m4a) 0x1a49b78
W/StagefrightMetadataRetriever(  131): setDataSource(/mnt/sdcard/._07 I Feel Fine.m4a) 0x1a49b78
E/MediaScannerJNI(  525): An error occurred while scanning file '/mnt/sdcard/._07 I Feel Fine.m4a'.
W/StagefrightMetadataRetriever(  131): setDataSource(/mnt/sdcard/08 Eight Days A Week.m4a) 0x1a49b78
W/StagefrightMetadataRetriever(  131): setDataSource(/mnt/sdcard/._08 Eight Days A Week.m4a) 0x1a49b78
E/MediaScannerJNI(  525): An error occurred while scanning file '/mnt/sdcard/._08 Eight Days A Week.m4a'.
W/StagefrightMetadataRetriever(  131): setDataSource(/mnt/sdcard/09 Ticket To Ride.m4a) 0x1a49b78
W/StagefrightMetadataRetriever(  131): setDataSource(/mnt/sdcard/._09 Ticket To Ride.m4a) 0x1a49b78
E/MediaScannerJNI(  525): An error occurred while scanning file '/mnt/sdcard/._09 Ticket To Ride.m4a'.
W/StagefrightMetadataRetriever(  131): setDataSource(/mnt/sdcard/10 Help!.m4a) 0x1a49b78
W/StagefrightMetadataRetriever(  131): setDataSource(/mnt/sdcard/._10 Help!.m4a) 0x1a49b78
E/MediaScannerJNI(  525): An error occurred while scanning file '/mnt/sdcard/._10 Help!.m4a'.
W/StagefrightMetadataRetriever(  131): setDataSource(/mnt/sdcard/11 Yesterday.m4a) 0x1a49b78
W/StagefrightMetadataRetriever(  131): setDataSource(/mnt/sdcard/._11 Yesterday.m4a) 0x1a49b78
E/MediaScannerJNI(  525): An error occurred while scanning file '/mnt/sdcard/._11 Yesterday.m4a'.
W/StagefrightMetadataRetriever(  131): setDataSource(/mnt/sdcard/12 Day Tripper.m4a) 0x1a49b78
W/StagefrightMetadataRetriever(  131): setDataSource(/mnt/sdcard/._12 Day Tripper.m4a) 0x1a49b78
E/MediaScannerJNI(  525): An error occurred while scanning file '/mnt/sdcard/._12 Day Tripper.m4a'.
W/StagefrightMetadataRetriever(  131): setDataSource(/mnt/sdcard/13 We Can Work It Out.m4a) 0x1a49b78
W/StagefrightMetadataRetriever(  131): setDataSource(/mnt/sdcard/._13 We Can Work It Out.m4a) 0x1a49b78
E/MediaScannerJNI(  525): An error occurred while scanning file '/mnt/sdcard/._13 We Can Work It Out.m4a'.
W/StagefrightMetadataRetriever(  131): setDataSource(/mnt/sdcard/14 Paperback Writer.m4a) 0x1a49b78
W/StagefrightMetadataRetriever(  131): setDataSource(/mnt/sdcard/._14 Paperback Writer.m4a) 0x1a49b78
E/MediaScannerJNI(  525): An error occurred while scanning file '/mnt/sdcard/._14 Paperback Writer.m4a'.
W/StagefrightMetadataRetriever(  131): setDataSource(/mnt/sdcard/15 Yellow Submarine.m4a) 0x1a49b78
W/StagefrightMetadataRetriever(  131): setDataSource(/mnt/sdcard/._15 Yellow Submarine.m4a) 0x1a49b78
E/MediaScannerJNI(  525): An error occurred while scanning file '/mnt/sdcard/._15 Yellow Submarine.m4a'.
W/StagefrightMetadataRetriever(  131): setDataSource(/mnt/sdcard/16 Eleanor Rigby.m4a) 0x1a49b78
W/StagefrightMetadataRetriever(  131): setDataSource(/mnt/sdcard/._16 Eleanor Rigby.m4a) 0x1a49b78
E/MediaScannerJNI(  525): An error occurred while scanning file '/mnt/sdcard/._16 Eleanor Rigby.m4a'.
W/StagefrightMetadataRetriever(  131): setDataSource(/mnt/sdcard/17 Penny Lane.m4a) 0x1a49b78
W/StagefrightMetadataRetriever(  131): setDataSource(/mnt/sdcard/._17 Penny Lane.m4a) 0x1a49b78
E/MediaScannerJNI(  525): An error occurred while scanning file '/mnt/sdcard/._17 Penny Lane.m4a'.
W/StagefrightMetadataRetriever(  131): setDataSource(/mnt/sdcard/18 All You Need Is Love.m4a) 0x1a49b78
W/StagefrightMetadataRetriever(  131): setDataSource(/mnt/sdcard/._18 All You Need Is Love.m4a) 0x1a49b78
E/MediaScannerJNI(  525): An error occurred while scanning file '/mnt/sdcard/._18 All You Need Is Love.m4a'.
W/StagefrightMetadataRetriever(  131): setDataSource(/mnt/sdcard/19 Hello Goodbye.m4a) 0x1a49b78
W/StagefrightMetadataRetriever(  131): setDataSource(/mnt/sdcard/._19 Hello Goodbye.m4a) 0x1a49b78
E/MediaScannerJNI(  525): An error occurred while scanning file '/mnt/sdcard/._19 Hello Goodbye.m4a'.
W/StagefrightMetadataRetriever(  131): setDataSource(/mnt/sdcard/20 Lady Madonna.m4a) 0x1a49b78
W/StagefrightMetadataRetriever(  131): setDataSource(/mnt/sdcard/._20 Lady Madonna.m4a) 0x1a49b78
E/MediaScannerJNI(  525): An error occurred while scanning file '/mnt/sdcard/._20 Lady Madonna.m4a'.
W/StagefrightMetadataRetriever(  131): setDataSource(/mnt/sdcard/21 Hey Jude.m4a) 0x1a49b78
W/StagefrightMetadataRetriever(  131): setDataSource(/mnt/sdcard/._21 Hey Jude.m4a) 0x1a49b78
E/MediaScannerJNI(  525): An error occurred while scanning file '/mnt/sdcard/._21 Hey Jude.m4a'.
W/StagefrightMetadataRetriever(  131): setDataSource(/mnt/sdcard/22 Get Back.m4a) 0x1a49b78
W/StagefrightMetadataRetriever(  131): setDataSource(/mnt/sdcard/._22 Get Back.m4a) 0x1a49b78
E/MediaScannerJNI(  525): An error occurred while scanning file '/mnt/sdcard/._22 Get Back.m4a'.
W/StagefrightMetadataRetriever(  131): setDataSource(/mnt/sdcard/23 The Ballad Of John And Yoko.m4a) 0x1a49b78
W/StagefrightMetadataRetriever(  131): setDataSource(/mnt/sdcard/._23 The Ballad Of John And Yoko.m4a) 0x1a49b78
E/MediaScannerJNI(  525): An error occurred while scanning file '/mnt/sdcard/._23 The Ballad Of John And Yoko.m4a'.
W/StagefrightMetadataRetriever(  131): setDataSource(/mnt/sdcard/24 Something.m4a) 0x1a49b78
W/StagefrightMetadataRetriever(  131): setDataSource(/mnt/sdcard/._24 Something.m4a) 0x1a49b78
E/MediaScannerJNI(  525): An error occurred while scanning file '/mnt/sdcard/._24 Something.m4a'.
W/StagefrightMetadataRetriever(  131): setDataSource(/mnt/sdcard/25 Come Together.m4a) 0x1a49b78
W/StagefrightMetadataRetriever(  131): setDataSource(/mnt/sdcard/._25 Come Together.m4a) 0x1a49b78
E/MediaScannerJNI(  525): An error occurred while scanning file '/mnt/sdcard/._25 Come Together.m4a'.
W/StagefrightMetadataRetriever(  131): setDataSource(/mnt/sdcard/26 Let It Be.m4a) 0x1a49b78
W/StagefrightMetadataRetriever(  131): setDataSource(/mnt/sdcard/._26 Let It Be.m4a) 0x1a49b78
E/MediaScannerJNI(  525): An error occurred while scanning file '/mnt/sdcard/._26 Let It Be.m4a'.
W/StagefrightMetadataRetriever(  131): setDataSource(/mnt/sdcard/The Long And Winding Road.m4a) 0x1a49b78
W/StagefrightMetadataRetriever(  131): setDataSource(/mnt/sdcard/._27 The Long And Winding Road.m4a) 0x1a49b78
E/MediaScannerJNI(  525): An error occurred while scanning file '/mnt/sdcard/._27 The Long And Winding Road.m4a'.
W/StagefrightMetadataRetriever(  131): setDataSource(/mnt/sdcard/07 No Rain.m4a) 0x1a49b78
W/StagefrightMetadataRetriever(  131): setDataSource(27, 0, 7187074) 0x1a49b78
E/dalvikvm(  525): GREF has increased to 201, max is 200 and min is 0
W/StagefrightMetadataRetriever(  131): setDataSource(/mnt/sdcard/._02 Say It.m4a) 0x1a49b78
E/MediaScannerJNI(  525): An error occurred while scanning file '/mnt/sdcard/._02 Say It.m4a'.
W/StagefrightMetadataRetriever(  131): setDataSource(/mnt/sdcard/06 Girls In Their Summer Clothes.m4a) 0x1a49b78
W/StagefrightMetadataRetriever(  131): setDataSource(27, 0, 4199531) 0x1a49b78
E/MetadataRetrieverClient(  131): failed to extract an album art
W/StagefrightMetadataRetriever(  131): setDataSource(/mnt/sdcard/02 Say It.m4a) 0x1a49b78
W/StagefrightMetadataRetriever(  131): setDataSource(27, 0, 7593245) 0x1a49b78
W/StagefrightMetadataRetriever(  131): setDataSource(/mnt/sdcard/08 Magic.m4a) 0x1a49b78
W/StagefrightMetadataRetriever(  131): setDataSource(/mnt/sdcard/04 I'm Gay.m4a) 0x1a49b78
W/StagefrightMetadataRetriever(  131): setDataSource(/mnt/sdcard/07 Don't Go Away.m4a) 0x1a49b78
W/StagefrightMetadataRetriever(  131): setDataSource(27, 0, 7967478) 0x1a49b78
W/StagefrightMetadataRetriever(  131): setDataSource(/mnt/sdcard/06 A Friendly Goodbye.m4a) 0x1a49b78
W/StagefrightMetadataRetriever(  131): setDataSource(/mnt/sdcard/._07 Don't Go Away.m4a) 0x1a49b78
E/MediaScannerJNI(  525): An error occurred while scanning file '/mnt/sdcard/._07 Don't Go Away.m4a'.
W/StagefrightMetadataRetriever(  131): setDataSource(/mnt/sdcard/12 99 Biker Friends.m4a) 0x1a49b78
W/StagefrightMetadataRetriever(  131): setDataSource(/mnt/sdcard/01 Almost.m4a) 0x1a49b78
W/StagefrightMetadataRetriever(  131): setDataSource(27, 0, 3351170) 0x1a49b78
E/MetadataRetrieverClient(  131): failed to extract an album art
W/StagefrightMetadataRetriever(  131): setDataSource(/mnt/sdcard/03 1985.m4a) 0x1a49b78
W/StagefrightMetadataRetriever(  131): setDataSource(27, 0, 6846824) 0x1a49b78
W/StagefrightMetadataRetriever(  131): setDataSource(/mnt/sdcard/05 Clocks.m4a) 0x1a49b78
W/StagefrightMetadataRetriever(  131): setDataSource(27, 0, 9962836) 0x1a49b78
W/StagefrightMetadataRetriever(  131): setDataSource(/mnt/sdcard/04 Get Happy.m4a) 0x1a49b78
W/StagefrightMetadataRetriever(  131): setDataSource(/mnt/sdcard/._05 Clocks.m4a) 0x1a49b78
E/MediaScannerJNI(  525): An error occurred while scanning file '/mnt/sdcard/._05 Clocks.m4a'.
W/StagefrightMetadataRetriever(  131): setDataSource(/mnt/sdcard/05 Ohio (Come Back To Texas).m4a) 0x1a49b78
W/StagefrightMetadataRetriever(  131): setDataSource(/mnt/sdcard/07 Shut-Up And Smile.m4a) 0x1a49b78
W/StagefrightMetadataRetriever(  131): setDataSource(/mnt/sdcard/01 The Scientist.MP3) 0x1a49b78
W/StagefrightMetadataRetriever(  131): setDataSource(27, 0, 4980023) 0x1a49b78
W/StagefrightMetadataRetriever(  131): setDataSource(/mnt/sdcard/09 Next Ex-Girlfriend.m4a) 0x1a50b88
W/StagefrightMetadataRetriever(  131): setDataSource(/mnt/sdcard/04 Show Me What I'm Looking for.m4a) 0x1a50b88
W/StagefrightMetadataRetriever(  131): setDataSource(27, 0, 8434653) 0x1a50b88
W/StagefrightMetadataRetriever(  131): setDataSource(/mnt/sdcard/11 My Hometown.m4a) 0x1a50b88
W/StagefrightMetadataRetriever(  131): setDataSource(/mnt/sdcard/._01 Staring Down.m4a) 0x1a50b88
E/MediaScannerJNI(  525): An error occurred while scanning file '/mnt/sdcard/._01 Staring Down.m4a'.
W/StagefrightMetadataRetriever(  131): setDataSource(/mnt/sdcard/13 Sad Sad Situation.m4a) 0x1a50b88
W/StagefrightMetadataRetriever(  131): setDataSource(/mnt/sdcard/07 Viva la Vida.m4a) 0x1a50b88
W/StagefrightMetadataRetriever(  131): setDataSource(27, 0, 8403931) 0x1a50b88
I/power   (  269): *** set_screen_state 0
W/StagefrightMetadataRetriever(  131): setDataSource(/mnt/sdcard/17 Friends O' Mine.m4a) 0x1a50b88
I/CpuGovernorService(  269): Increased sampling rate.
E/msm8660.hwcomposer(  128): hwc_set invalid list or module
W/StagefrightMetadataRetriever(  131): setDataSource(/mnt/sdcard/02 No Hablo Ingls.m4a) 0x1a50b88
W/StagefrightMetadataRetriever(  131): setDataSource(27, 0, 7744538) 0x1a50b88
V/TransportControlView(  269): Create TCV com.android.internal.widget.TransportControlView@41594e38
W/StagefrightMetadataRetriever(  131): setDataSource(/mnt/sdcard/07 Saturday In The Park.mp3) 0x1a50b88
D/PhoneStatusBar(  407): disable: < expand icons alerts ticker system_info back home RECENT* clock >
D/PhoneStatusBar(  407): disable: < expand icons alerts ticker system_info BACK* HOME* RECENT clock >
W/memalloc(  128): Falling back to ashmem
D/memalloc(  269): map_buffer: Mapping buffer fd=253 size=1474560 PID=269
D/memalloc(  269): map_buffer: Successfully mapped 1474560 bytes
D/PhoneStatusBar(  407): disable: < expand icons alerts ticker system_info BACK HOME RECENT CLOCK* >
W/StagefrightMetadataRetriever(  131): setDataSource(27, 0, 7948864) 0x1a50b88
W/StagefrightMetadataRetriever(  131): setDataSource(/mnt/sdcard/1-01 Life in Technicolor ii.m4a) 0x1a50b88
W/memalloc(  128): Falling back to ashmem
D/memalloc(  269): map_buffer: Mapping buffer fd=256 size=1474560 PID=269
D/memalloc(  269): map_buffer: Successfully mapped 1474560 bytes
W/StagefrightMetadataRetriever(  131): setDataSource(27, 0, 8540382) 0x1a50b88
W/StagefrightMetadataRetriever(  131): setDataSource(/mnt/sdcard/08 Violet Hill.m4a) 0x1a50b88
W/StagefrightMetadataRetriever(  131): setDataSource(/mnt/sdcard/Talk 1.mp3) 0x1a50b88
W/StagefrightMetadataRetriever(  131): setDataSource(27, 0, 7496590) 0x1a50b88
E/MetadataRetrieverClient(  131): failed to extract an album art
W/StagefrightMetadataRetriever(  131): setDataSource(/mnt/sdcard/03 Home.m4a) 0x1a50b88
W/StagefrightMetadataRetriever(  131): setDataSource(27, 0, 4144899) 0x1a50b88
E/MetadataRetrieverClient(  131): failed to extract an album art
W/StagefrightMetadataRetriever(  131): setDataSource(/mnt/sdcard/01 Speed Of Sound.mp3) 0x1a50b88
W/StagefrightMetadataRetriever(  131): setDataSource(/mnt/sdcard/04 Fix You.mp3) 0x1a50b88
W/StagefrightMetadataRetriever(  131): setDataSource(/mnt/sdcard/01 Staring Down.m4a) 0x1a50b88
W/StagefrightMetadataRetriever(  131): setDataSource(27, 0, 7528788) 0x1a50b88
W/StagefrightMetadataRetriever(  131): setDataSource(/mnt/sdcard/06 Call Me When You Get This.m4a) 0x1a50b88
W/StagefrightMetadataRetriever(  131): setDataSource(27, 0, 4942083) 0x1a50b88
W/StagefrightMetadataRetriever(  131): setDataSource(/mnt/sdcard/._02 No Surprise.m4a) 0x1a84a58
E/MediaScannerJNI(  525): An error occurred while scanning file '/mnt/sdcard/._02 No Surprise.m4a'.
E/MetadataRetrieverClient(  131): failed to extract an album art
W/StagefrightMetadataRetriever(  131): setDataSource(/mnt/sdcard/10 Big Yellow Taxi.m4a) 0x1a50b88
W/StagefrightMetadataRetriever(  131): setDataSource(27, 0, 7915393) 0x1a50b88
W/StagefrightMetadataRetriever(  131): setDataSource(/mnt/sdcard/01 It's Not Over.m4a) 0x1a84a58
W/StagefrightMetadataRetriever(  131): setDataSource(/mnt/sdcard/03 Funny the Way It Is.m4a) 0x1a50778
W/StagefrightMetadataRetriever(  131): setDataSource(27, 0, 9292821) 0x1a50778
W/StagefrightMetadataRetriever(  131): setDataSource(/mnt/sdcard/02 Used To.m4a) 0x1a50158
W/StagefrightMetadataRetriever(  131): setDataSource(/mnt/sdcard/._03 Funny the Way It Is.m4a) 0x1a50b88
E/MediaScannerJNI(  525): An error occurred while scanning file '/mnt/sdcard/._03 Funny the Way It Is.m4a'.
W/StagefrightMetadataRetriever(  131): setDataSource(/mnt/sdcard/04 Over You.m4a) 0x1a50b88
W/StagefrightMetadataRetriever(  131): setDataSource(/mnt/sdcard/13 You & Me.m4a) 0x1a50b88
W/StagefrightMetadataRetriever(  131): setDataSource(27, 0, 10734086) 0x1a50b88
W/StagefrightMetadataRetriever(  131): setDataSource(/mnt/sdcard/05 Crashed.m4a) 0x1a50778
E/MetadataRetrieverClient(  131): failed to extract an album art
W/StagefrightMetadataRetriever(  131): setDataSource(/mnt/sdcard/1-01 Fugitive.m4a) 0x1a50778
W/StagefrightMetadataRetriever(  131): setDataSource(27, 0, 7959126) 0x1a50778
W/StagefrightMetadataRetriever(  131): setDataSource(/mnt/sdcard/06 Feels Like Tonight.m4a) 0x1a874b0
W/StagefrightMetadataRetriever(  131): setDataSource(/mnt/sdcard/._1-01 Fugitive.m4a) 0x1a50b88
E/MediaScannerJNI(  525): An error occurred while scanning file '/mnt/sdcard/._1-01 Fugitive.m4a'.
W/StagefrightMetadataRetriever(  131): setDataSource(/mnt/sdcard/08 Breakdown.m4a) 0x1a50b88
W/StagefrightMetadataRetriever(  131): setDataSource(/mnt/sdcard/12 What About Now.m4a) 0x1a50b88
W/StagefrightMetadataRetriever(  131): setDataSource(/mnt/sdcard/02 No Surprise.m4a) 0x1a50b88
W/StagefrightMetadataRetriever(  131): setDataSource(27, 0, 9536272) 0x1a50b88
W/StagefrightMetadataRetriever(  131): setDataSource(/mnt/sdcard/01 Tunnel Of Love.m4a) 0x1a50b88
W/StagefrightMetadataRetriever(  131): setDataSource(27, 0, 7874578) 0x1a50b88
E/MetadataRetrieverClient(  131): failed to extract an album art
W/StagefrightMetadataRetriever(  131): setDataSource(/mnt/sdcard/03 The General.m4a) 0x1a50b88
W/StagefrightMetadataRetriever(  131): setDataSource(27, 0, 8337834) 0x1a50b88
W/StagefrightMetadataRetriever(  131): setDataSource(/mnt/sdcard/02 Romeo & Juliet.m4a) 0x1a854e8
W/StagefrightMetadataRetriever(  131): setDataSource(/mnt/sdcard/._03 The General.m4a) 0x1a50b88
E/MediaScannerJNI(  525): An error occurred while scanning file '/mnt/sdcard/._03 The General.m4a'.
W/StagefrightMetadataRetriever(  131): setDataSource(/mnt/sdcard/05 Hand In Hand.m4a) 0x1a50b88
W/StagefrightMetadataRetriever(  131): setDataSource(/mnt/sdcard/01 American Pie.m4a) 0x1a50b88
W/StagefrightMetadataRetriever(  131): setDataSource(27, 0, 8370119) 0x1a50b88
W/StagefrightMetadataRetriever(  131): setDataSource(/mnt/sdcard/12 Lay Me Down.mp3) 0x1a86af0
E/MetadataRetrieverClient(  131): failed to extract an album art
W/StagefrightMetadataRetriever(  131): setDataSource(27, 0, 5562265) 0x1a50b88
E/MetadataRetrieverClient(  131): failed to extract an album art
W/StagefrightMetadataRetriever(  131): setDataSource(/mnt/sdcard/Over.mp3) 0x1a50b88
W/StagefrightMetadataRetriever(  131): setDataSource(27, 0, 4396072) 0x1a50b88
E/MetadataRetrieverClient(  131): failed to extract an album art
W/StagefrightMetadataRetriever(  131): setDataSource(/mnt/sdcard/01 I Need a Doctor (feat. Eminem & Skylar Grey).m4a) 0x1a50b88
W/StagefrightMetadataRetriever(  131): setDataSource(27, 0, 9887144) 0x1a50b88
W/StagefrightMetadataRetriever(  131): setDataSource(/mnt/sdcard/._01 I Need a Doctor (feat. Eminem & Skylar Grey).m4a) 0x1a50b88
E/MediaScannerJNI(  525): An error occurred while scanning file '/mnt/sdcard/._01 I Need a Doctor (feat. Eminem & Skylar Grey).m4a'.
W/StagefrightMetadataRetriever(  131): setDataSource(/mnt/sdcard/02 Forever.m4a) 0x1a50b88
W/StagefrightMetadataRetriever(  131): setDataSource(27, 0, 12334532) 0x1a50b88
W/StagefrightMetadataRetriever(  131): setDataSource(/mnt/sdcard/Half Life.MP3) 0x1a84a28
W/StagefrightMetadataRetriever(  131): setDataSource(27, 0, 5708739) 0x1a50b88
E/MetadataRetrieverClient(  131): failed to extract an album art
W/StagefrightMetadataRetriever(  131): setDataSource(/mnt/sdcard/09 Saturday Night.m4a) 0x1a50b88
W/StagefrightMetadataRetriever(  131): setDataSource(27, 0, 7090914) 0x1a50b88
W/StagefrightMetadataRetriever(  131): setDataSource(/mnt/sdcard/08 Barely Breathing.mp3) 0x1a50b88
W/StagefrightMetadataRetriever(  131): setDataSource(/mnt/sdcard/._04 Wasted Time.m4a) 0x1a50b88
E/MediaScannerJNI(  525): An error occurred while scanning file '/mnt/sdcard/._04 Wasted Time.m4a'.
W/StagefrightMetadataRetriever(  131): setDataSource(/mnt/sdcard/04 Wasted Time.m4a) 0x1a50b88
W/StagefrightMetadataRetriever(  131): setDataSource(27, 0, 10071486) 0x1a50b88
W/StagefrightMetadataRetriever(  131): setDataSource(/mnt/sdcard/._09 The Last Resort.m4a) 0x1a84a28
E/MediaScannerJNI(  525): An error occurred while scanning file '/mnt/sdcard/._09 The Last Resort.m4a'.
W/StagefrightMetadataRetriever(  131): setDataSource(/mnt/sdcard/09 The Last Resort.m4a) 0x1a86010
W/StagefrightMetadataRetriever(  131): setDataSource(/mnt/sdcard/Lose Yourself.mp3) 0x1a88180
W/StagefrightMetadataRetriever(  131): setDataSource(27, 0, 5310634) 0x1a88180
E/MetadataRetrieverClient(  131): failed to extract an album art
W/StagefrightMetadataRetriever(  131): setDataSource(/mnt/sdcard/The Final Countdown.mp3) 0x1a88180
W/StagefrightMetadataRetriever(  131): setDataSource(/mnt/sdcard/1-10 Like Toy Soldiers.m4a) 0x1a88180
W/StagefrightMetadataRetriever(  131): setDataSource(27, 0, 9961004) 0x1a88180
W/StagefrightMetadataRetriever(  131): setDataSource(/mnt/sdcard/1-16 When I'm Gone.m4a) 0x1a88180
W/StagefrightMetadataRetriever(  131): setDataSource(/mnt/sdcard/01 Intro.mp3) 0x1a88180
W/StagefrightMetadataRetriever(  131): setDataSource(27, 0, 546163) 0x1a88180
E/MetadataRetrieverClient(  131): failed to extract an album art
W/StagefrightMetadataRetriever(  131): setDataSource(/mnt/sdcard/01 Options.m4a) 0x1a88180
W/StagefrightMetadataRetriever(  131): setDataSource(27, 0, 7691961) 0x1a88180
W/StagefrightMetadataRetriever(  131): setDataSource(/mnt/sdcard/02 Fack.mp3) 0x1a88180
W/StagefrightMetadataRetriever(  131): setDataSource(/mnt/sdcard/03 The Way I Am.mp3) 0x1a88180
W/StagefrightMetadataRetriever(  131): setDataSource(/mnt/sdcard/._10 Out of My Head.m4a) 0x1a88180
E/MediaScannerJNI(  525): An error occurred while scanning file '/mnt/sdcard/._10 Out of My Head.m4a'.
W/StagefrightMetadataRetriever(  131): setDataSource(/mnt/sdcard/04 My Name Is.mp3) 0x1a88180
W/StagefrightMetadataRetriever(  131): setDataSource(/mnt/sdcard/10 Out of My Head.m4a) 0x1a88180
W/StagefrightMetadataRetriever(  131): setDataSource(27, 0, 5577463) 0x1a88180
W/StagefrightMetadataRetriever(  131): setDataSource(/mnt/sdcard/06 Lose Yourself.mp3) 0x1a88180
W/StagefrightMetadataRetriever(  131): setDataSource(/mnt/sdcard/08 Sing for the Moment.mp3) 0x1a88180
W/StagefrightMetadataRetriever(  131): setDataSource(/mnt/sdcard/09 Without Me.mp3) 0x1a88180
W/StagefrightMetadataRetriever(  131): setDataSource(/mnt/sdcard/10 Like Toy Soldiers.mp3) 0x1a88180
W/StagefrightMetadataRetriever(  131): setDataSource(/mnt/sdcard/02 Remember the Name.m4a) 0x1a88180
W/StagefrightMetadataRetriever(  131): setDataSource(27, 0, 7789115) 0x1a88180
W/StagefrightMetadataRetriever(  131): setDataSource(/mnt/sdcard/11 The Real Slim Shady.mp3) 0x1a88180
W/StagefrightMetadataRetriever(  131): setDataSource(/mnt/sdcard/04 Chances.m4a) 0x1a88180
W/StagefrightMetadataRetriever(  131): setDataSource(27, 0, 7517960) 0x1a88180
W/StagefrightMetadataRetriever(  131): setDataSource(/mnt/sdcard/12 Mockingbird.mp3) 0x1a86960
W/StagefrightMetadataRetriever(  131): setDataSource(/mnt/sdcard/._04 Chances.m4a) 0x1a88180
E/MediaScannerJNI(  525): An error occurred while scanning file '/mnt/sdcard/._04 Chances.m4a'.
W/StagefrightMetadataRetriever(  131): setDataSource(/mnt/sdcard/14 Cleanin' out My Closet.mp3) 0x1a88180
W/StagefrightMetadataRetriever(  131): setDataSource(/mnt/sdcard/03 How To Save A Life.m4a) 0x1a88180
W/StagefrightMetadataRetriever(  131): setDataSource(27, 0, 4272989) 0x1a88180
W/StagefrightMetadataRetriever(  131): setDataSource(/mnt/sdcard/15 Just Lose It.mp3) 0x1a86de8
E/MetadataRetrieverClient(  131): failed to extract an album art
W/StagefrightMetadataRetriever(  131): setDataSource(/mnt/sdcard/16 When I'm Gone.mp3) 0x1a88180
W/StagefrightMetadataRetriever(  131): setDataSource(/mnt/sdcard/Despicable (Freestyle).mp3) 0x1a88180
W/StagefrightMetadataRetriever(  131): setDataSource(27, 0, 3249682) 0x1a88180
E/MetadataRetrieverClient(  131): failed to extract an album art
