I/DEBUG   ( 3908): code around pc:
I/DEBUG   ( 3908): 4091a4e4 463b9308 f8cd9506 f7ff901c 62e0fe81  ..;F...........b
I/DEBUG   ( 3908): 4091a4f4 f7fe4628 4620fced e8bdb00d bf0083f0  (F.... F........
I/DEBUG   ( 3908): 4091a504 6ac5b570 2d004604 f7ffd134 68a0fc89  p..j.F.-4......h
I/DEBUG   ( 3908): 4091a514 f7fdb160 68a3eafa 681ab143 0108f104  `......hC..h....
I/DEBUG   ( 3908): 4091a524 0c0cf852 f7fd1818 60a5ea5a b1136823  R.......Z..`#h..
I/DEBUG   ( 3908): 
I/DEBUG   ( 3908): code around lr:
I/DEBUG   ( 3908): 40928c08 bd7ceece 0000adf0 0000ae9c 6ac3b570  ..|.........p..j
I/DEBUG   ( 3908): 40928c18 b14b4604 ffc6f7ff b12d6ae5 f7f14628  .FK......j-.(F..
I/DEBUG   ( 3908): 40928c28 4628fc6d eea2f7ee 0048f104 ff10f7ff  m.(F......H.....
I/DEBUG   ( 3908): 40928c38 0038f104 ea42f7ef 0034f104 ee84f7ee  ..8...B...4.....
I/DEBUG   ( 3908): 40928c48 0030f104 ee80f7ee bd704620 b5f72963  ..0..... Fp.c)..
I/DEBUG   ( 3908): 
I/DEBUG   ( 3908): stack:
I/DEBUG   ( 3908):     bed18578  00000000  
I/DEBUG   ( 3908):     bed1857c  001fd3c0  [heap]
I/DEBUG   ( 3908):     bed18580  401a14b0  
I/DEBUG   ( 3908):     bed18584  4081a05d  /system/lib/libdvm.so
I/DEBUG   ( 3908):     bed18588  21900019  
I/DEBUG   ( 3908):     bed1858c  46179c28  
I/DEBUG   ( 3908):     bed18590  001fd3c0  [heap]
I/DEBUG   ( 3908):     bed18594  001fd3f0  [heap]
I/DEBUG   ( 3908):     bed18598  401a14b0  
I/DEBUG   ( 3908):     bed1859c  4081a05d  /system/lib/libdvm.so
I/DEBUG   ( 3908):     bed185a0  21900019  
I/DEBUG   ( 3908):     bed185a4  46179c28  
I/DEBUG   ( 3908):     bed185a8  00000000  
I/DEBUG   ( 3908):     bed185ac  40928c0b  /system/lib/libmedia.so
I/DEBUG   ( 3908):     bed185b0  df0027ad  
I/DEBUG   ( 3908):     bed185b4  00000000  
I/DEBUG   ( 3908): #00 bed185b8  001fd3c0  [heap]
I/DEBUG   ( 3908):     bed185bc  00000032  
I/DEBUG   ( 3908):     bed185c0  401a14b0  
I/DEBUG   ( 3908):     bed185c4  40928c2b  /system/lib/libmedia.so
I/DEBUG   ( 3908): #01 bed185c8  001fd3c0  [heap]
I/DEBUG   ( 3908):     bed185cc  0000f2c8  [heap]
I/DEBUG   ( 3908):     bed185d0  401a14b0  
I/DEBUG   ( 3908):     bed185d4  4017a1d7  /system/lib/libandroid_runtime.so
I/BootReceiver(  304): Copying /data/tombstones/tombstone_01 to DropBox (SYSTEM_TOMBSTONE)
I/ActivityManager(  304): Process com.android.phone (pid 3952) has died.
W/ActivityManager(  304): Canceling start item Intent { cmp=com.android.phone/.BluetoothHeadsetService } in service ComponentInfo{com.android.phone/com.android.phone.BluetoothHeadsetService}
W/ActivityManager(  304): Scheduling restart of crashed service com.android.phone/.BluetoothHeadsetService in 4746ms
I/WindowManager(  304): SCREENLAYOUT_SIZE (1:small, 2:normal, 3:large, 4:xlarge) 2
I/ActivityManager(  304): Start proc com.android.phone for restart com.android.phone: pid=3979 uid=1001 gids={3002, 3001, 3003, 1015}
I/ActivityThread( 3979): Pub mms: com.android.providers.telephony.MmsProvider
I/ActivityThread( 3979): Pub sms: com.android.providers.telephony.SmsProvider
I/ActivityThread( 3979): Pub telephony: com.android.providers.telephony.TelephonyProvider
W/TelephonyProvider( 3979): onCreate: confFile=/system/etc/apns-conf.xml oldCheckSum=3358775275
W/TelephonyProvider( 3979): onCreate: newCheckSum=3358775275
I/ActivityThread( 3979): Pub icc: com.android.phone.IccProvider
I/ActivityThread( 3979): Pub mms-sms: com.android.providers.telephony.MmsSmsProvider
D/PhoneApp( 3979): non dsds PhoneApp:
D/CallManager( 3979): registerPhone(CDMA Handler (com.android.internal.telephony.PhoneProxy) {412c7530})
D/PhoneStatusBarPolicy(  472): updateSimState for subscription :0
D/PhoneStatusBarPolicy(  472): updateSimState for subscription :0
D/PhoneInterfaceManager( 3979):  Registering for UNSOL OEM HOOK Responses to deliver external apps
D/Bluetooth HS/HF( 3979): CDMA call state: IDLE prev state:IDLE
E/ToneGenerator( 3979): Unable to marshal AudioFlinger
E/ToneGenerator( 3979): ToneGenerator init failed 
F/libc    ( 3979): Fatal signal 11 (SIGSEGV) at 0x6f542e8d (code=1)
I/DEBUG   ( 3908): *** *** *** *** *** *** *** *** *** *** *** *** *** *** *** ***
I/DEBUG   ( 3908): Build fingerprint: 'qcom/msm8660_surf/msm8660_surf:4.0.3/IML74K/eng.joey.20120210.232528:eng/test-keys'
I/DEBUG   ( 3908): pid: 3979, tid: 3979  >>> com.android.phone <<<
I/DEBUG   ( 3908): signal 11 (SIGSEGV), code 1 (SEGV_MAPERR), fault addr 6f542e8d
I/DEBUG   ( 3908):  r0 6f542e61  r1 001cd1e8  r2 001cd1b8  r3 bed18188
I/DEBUG   ( 3908):  r4 001cd1b8  r5 6f542e61  r6 401a14b0  r7 4081a05d
I/DEBUG   ( 3908):  r8 22600019  r9 46179c28  10 00000000  fp bed18604
I/DEBUG   ( 3908):  ip 4094e048  sp bed185b8  lr 40928c2b  pc 4091a506  cpsr 60000030
I/DEBUG   ( 3908):  d0  662074696e692061  d1  7541206c61687369
I/DEBUG   ( 3908):  d2  000000040000036c  d3  4a52402800000065
I/DEBUG   ( 3908):  d4  006f006900640075  d5  0069006c006f0050
I/DEBUG   ( 3908):  d6  0065005300790063  d7  0063006900760072
I/DEBUG   ( 3908):  d8  0000000000000000  d9  0000000000000000
I/DEBUG   ( 3908):  d10 0000000000000000  d11 0000000000000000
I/DEBUG   ( 3908):  d12 0000000000000000  d13 0000000000000000
I/DEBUG   ( 3908):  d14 0000000000000000  d15 0000000000000000
I/DEBUG   ( 3908):  d16 3fd43d135cda918c  d17 3ffc63194c570da5
I/DEBUG   ( 3908):  d18 4000000000000000  d19 3fcce7359d4792d9
I/DEBUG   ( 3908):  d20 3f11504c292739d4  d21 bebbb371092382c4
I/DEBUG   ( 3908):  d22 3ff0000000000000  d23 3ff43d135cda918c
I/DEBUG   ( 3908):  d24 3e66376972bea4d0  d25 3fc39a09d078c69f
I/DEBUG   ( 3908):  d26 0000000000000000  d27 0000000000000000
I/DEBUG   ( 3908):  d28 0000000000000000  d29 0000000000000000
I/DEBUG   ( 3908):  d30 0000000000000000  d31 0000000000000000
I/DEBUG   ( 3908):  scr 20000012
I/DEBUG   ( 3908): 
I/DEBUG   ( 3908):          #00  pc 00037506  /system/lib/libmedia.so (_ZN7android10AudioTrackD2Ev)
I/DEBUG   ( 3908):          #01  pc 00045c26  /system/lib/libmedia.so (_ZN7android13ToneGeneratorD1Ev)
I/DEBUG   ( 3908):          #02  pc 0006e1d4  /system/lib/libandroid_runtime.so
I/DEBUG   ( 3908):          #03  pc 0001ecb0  /system/lib/libdvm.so (dvmPlatformInvoke)
I/DEBUG   ( 3908):          #04  pc 0005884a  /system/lib/libdvm.so (_Z16dvmCallJNIMethodPKjP6JValuePK6MethodP6Thread)
I/DEBUG   ( 3908): 
I/DEBUG   ( 3908): code around pc:
I/DEBUG   ( 3908): 4091a4e4 463b9308 f8cd9506 f7ff901c 62e0fe81  ..;F...........b
I/DEBUG   ( 3908): 4091a4f4 f7fe4628 4620fced e8bdb00d bf0083f0  (F.... F........
I/DEBUG   ( 3908): 4091a504 6ac5b570 2d004604 f7ffd134 68a0fc89  p..j.F.-4......h
I/DEBUG   ( 3908): 4091a514 f7fdb160 68a3eafa 681ab143 0108f104  `......hC..h....
I/DEBUG   ( 3908): 4091a524 0c0cf852 f7fd1818 60a5ea5a b1136823  R.......Z..`#h..
I/DEBUG   ( 3908): 
I/DEBUG   ( 3908): code around lr:
I/DEBUG   ( 3908): 40928c08 bd7ceece 0000adf0 0000ae9c 6ac3b570  ..|.........p..j
I/DEBUG   ( 3908): 40928c18 b14b4604 ffc6f7ff b12d6ae5 f7f14628  .FK......j-.(F..
I/DEBUG   ( 3908): 40928c28 4628fc6d eea2f7ee 0048f104 ff10f7ff  m.(F......H.....
I/DEBUG   ( 3908): 40928c38 0038f104 ea42f7ef 0034f104 ee84f7ee  ..8...B...4.....
I/DEBUG   ( 3908): 40928c48 0030f104 ee80f7ee bd704620 b5f72963  ..0..... Fp.c)..
I/DEBUG   ( 3908): 
I/DEBUG   ( 3908): memory map around addr 6f542e8d:
I/DEBUG   ( 3908): 4aea3000-4afa2000 
I/DEBUG   ( 3908): (no map for address)
I/DEBUG   ( 3908): b0001000-b0009000 /system/bin/linker
I/DEBUG   ( 3908): 
I/DEBUG   ( 3908): stack:
I/DEBUG   ( 3908):     bed18578  00000000  
I/DEBUG   ( 3908):     bed1857c  001cd1b8  [heap]
I/DEBUG   ( 3908):     bed18580  401a14b0  
I/DEBUG   ( 3908):     bed18584  4081a05d  /system/lib/libdvm.so
I/DEBUG   ( 3908):     bed18588  22600019  
I/DEBUG   ( 3908):     bed1858c  46179c28  
I/DEBUG   ( 3908):     bed18590  001cd1b8  [heap]
I/DEBUG   ( 3908):     bed18594  001cd1e8  [heap]
I/DEBUG   ( 3908):     bed18598  401a14b0  
I/DEBUG   ( 3908):     bed1859c  4081a05d  /system/lib/libdvm.so
I/DEBUG   ( 3908):     bed185a0  22600019  
I/DEBUG   ( 3908):     bed185a4  46179c28  
I/DEBUG   ( 3908):     bed185a8  00000000  
I/DEBUG   ( 3908):     bed185ac  40928c0b  /system/lib/libmedia.so
I/DEBUG   ( 3908):     bed185b0  df0027ad  
I/DEBUG   ( 3908):     bed185b4  00000000  
I/DEBUG   ( 3908): #00 bed185b8  001cd1b8  [heap]
I/DEBUG   ( 3908):     bed185bc  6f542e61  
I/DEBUG   ( 3908):     bed185c0  401a14b0  
I/DEBUG   ( 3908):     bed185c4  40928c2b  /system/lib/libmedia.so
I/DEBUG   ( 3908): #01 bed185c8  001cd1b8  [heap]
I/DEBUG   ( 3908):     bed185cc  0000f2c8  [heap]
I/DEBUG   ( 3908):     bed185d0  401a14b0  
I/DEBUG   ( 3908):     bed185d4  4017a1d7  /system/lib/libandroid_runtime.so
I/BootReceiver(  304): Copying /data/tombstones/tombstone_02 to DropBox (SYSTEM_TOMBSTONE)
I/ActivityManager(  304): Process com.android.phone (pid 3979) has died.
W/ActivityManager(  304): Canceling start item Intent { cmp=com.android.phone/.BluetoothHeadsetService } in service ComponentInfo{com.android.phone/com.android.phone.BluetoothHeadsetService}
W/ActivityManager(  304): Scheduling restart of crashed service com.android.phone/.BluetoothHeadsetService in 4702ms
I/WindowManager(  304): SCREENLAYOUT_SIZE (1:small, 2:normal, 3:large, 4:xlarge) 2
I/ActivityManager(  304): Start proc com.android.phone for restart com.android.phone: pid=4022 uid=1001 gids={3002, 3001, 3003, 1015}
I/ActivityThread( 4022): Pub mms: com.android.providers.telephony.MmsProvider
I/ActivityThread( 4022): Pub sms: com.android.providers.telephony.SmsProvider
I/ActivityThread( 4022): Pub telephony: com.android.providers.telephony.TelephonyProvider
W/TelephonyProvider( 4022): onCreate: confFile=/system/etc/apns-conf.xml oldCheckSum=3358775275
W/TelephonyProvider( 4022): onCreate: newCheckSum=3358775275
I/ActivityThread( 4022): Pub icc: com.android.phone.IccProvider
I/ActivityThread( 4022): Pub mms-sms: com.android.providers.telephony.MmsSmsProvider
D/PhoneApp( 4022): non dsds PhoneApp:
D/PhoneStatusBarPolicy(  472): updateSimState for subscription :0
D/CallManager( 4022): registerPhone(CDMA Handler (com.android.internal.telephony.PhoneProxy) {412e7480})
D/PhoneStatusBarPolicy(  472): updateSimState for subscription :0
D/PhoneInterfaceManager( 4022):  Registering for UNSOL OEM HOOK Responses to deliver external apps
D/Bluetooth HS/HF( 4022): CDMA call state: IDLE prev state:IDLE
E/ToneGenerator( 4022): Unable to marshal AudioFlinger
E/ToneGenerator( 4022): ToneGenerator init failed 
F/libc    ( 4022): Fatal signal 11 (SIGSEGV) at 0x6f542e8d (code=1)
I/DEBUG   ( 3908): *** *** *** *** *** *** *** *** *** *** *** *** *** *** *** ***
I/DEBUG   ( 3908): Build fingerprint: 'qcom/msm8660_surf/msm8660_surf:4.0.3/IML74K/eng.joey.20120210.232528:eng/test-keys'
I/DEBUG   ( 3908): pid: 4022, tid: 4022  >>> com.android.phone <<<
I/DEBUG   ( 3908): signal 11 (SIGSEGV), code 1 (SEGV_MAPERR), fault addr 6f542e8d
I/DEBUG   ( 3908):  r0 6f542e61  r1 001ac690  r2 001ac660  r3 bed18188
I/DEBUG   ( 3908):  r4 001ac660  r5 6f542e61  r6 401a14b0  r7 4081a05d
I/DEBUG   ( 3908):  r8 23400019  r9 46179c28  10 00000000  fp bed18604
I/DEBUG   ( 3908):  ip 4094e048  sp bed185b8  lr 40928c2b  pc 4091a506  cpsr 60000030
I/DEBUG   ( 3908):  d0  662074696e692061  d1  7541206c61687369
I/DEBUG   ( 3908):  d2  000000040000036c  d3  4a52402800000065
I/DEBUG   ( 3908):  d4  006f006900640075  d5  0069006c006f0050
I/DEBUG   ( 3908):  d6  0065005300790063  d7  0063006900760072
I/DEBUG   ( 3908):  d8  0000000000000000  d9  0000000000000000
I/DEBUG   ( 3908):  d10 0000000000000000  d11 0000000000000000
I/DEBUG   ( 3908):  d12 0000000000000000  d13 0000000000000000
I/DEBUG   ( 3908):  d14 0000000000000000  d15 0000000000000000
I/DEBUG   ( 3908):  d16 3fd43d135cda918c  d17 3ffc63194c570da5
I/DEBUG   ( 3908):  d18 4000000000000000  d19 3fcce7359d4792d9
I/DEBUG   ( 3908):  d20 3f11504c292739d4  d21 bebbb371092382c4
I/DEBUG   ( 3908):  d22 3ff0000000000000  d23 3ff43d135cda918c
I/DEBUG   ( 3908):  d24 3e66376972bea4d0  d25 3fc39a09d078c69f
I/DEBUG   ( 3908):  d26 0000000000000000  d27 0000000000000000
I/DEBUG   ( 3908):  d28 0000000000000000  d29 0000000000000000
I/DEBUG   ( 3908):  d30 0000000000000000  d31 0000000000000000
I/DEBUG   ( 3908):  scr 20000012
I/DEBUG   ( 3908): 
I/DEBUG   ( 3908):          #00  pc 00037506  /system/lib/libmedia.so (_ZN7android10AudioTrackD2Ev)
I/DEBUG   ( 3908):          #01  pc 00045c26  /system/lib/libmedia.so (_ZN7android13ToneGeneratorD1Ev)
I/DEBUG   ( 3908):          #02  pc 0006e1d4  /system/lib/libandroid_runtime.so
I/DEBUG   ( 3908):          #03  pc 0001ecb0  /system/lib/libdvm.so (dvmPlatformInvoke)
I/DEBUG   ( 3908):          #04  pc 0005884a  /system/lib/libdvm.so (_Z16dvmCallJNIMethodPKjP6JValuePK6MethodP6Thread)
I/DEBUG   ( 3908): 
I/DEBUG   ( 3908): code around pc:
I/DEBUG   ( 3908): 4091a4e4 463b9308 f8cd9506 f7ff901c 62e0fe81  ..;F...........b
I/DEBUG   ( 3908): 4091a4f4 f7fe4628 4620fced e8bdb00d bf0083f0  (F.... F........
I/DEBUG   ( 3908): 4091a504 6ac5b570 2d004604 f7ffd134 68a0fc89  p..j.F.-4......h
I/DEBUG   ( 3908): 4091a514 f7fdb160 68a3eafa 681ab143 0108f104  `......hC..h....
I/DEBUG   ( 3908): 4091a524 0c0cf852 f7fd1818 60a5ea5a b1136823  R.......Z..`#h..
I/DEBUG   ( 3908): 
I/DEBUG   ( 3908): code around lr:
I/DEBUG   ( 3908): 40928c08 bd7ceece 0000adf0 0000ae9c 6ac3b570  ..|.........p..j
I/DEBUG   ( 3908): 40928c18 b14b4604 ffc6f7ff b12d6ae5 f7f14628  .FK......j-.(F..
I/DEBUG   ( 3908): 40928c28 4628fc6d eea2f7ee 0048f104 ff10f7ff  m.(F......H.....
I/DEBUG   ( 3908): 40928c38 0038f104 ea42f7ef 0034f104 ee84f7ee  ..8...B...4.....
I/DEBUG   ( 3908): 40928c48 0030f104 ee80f7ee bd704620 b5f72963  ..0..... Fp.c)..
I/DEBUG   ( 3908): 
I/DEBUG   ( 3908): memory map around addr 6f542e8d:
I/DEBUG   ( 3908): 4aea3000-4afa2000 
I/DEBUG   ( 3908): (no map for address)
I/DEBUG   ( 3908): b0001000-b0009000 /system/bin/linker
I/DEBUG   ( 3908): 
I/DEBUG   ( 3908): stack:
I/DEBUG   ( 3908):     bed18578  00000000  
I/DEBUG   ( 3908):     bed1857c  001ac660  [heap]
I/DEBUG   ( 3908):     bed18580  401a14b0  
I/DEBUG   ( 3908):     bed18584  4081a05d  /system/lib/libdvm.so
I/DEBUG   ( 3908):     bed18588  23400019  
I/DEBUG   ( 3908):     bed1858c  46179c28  
I/DEBUG   ( 3908):     bed18590  001ac660  [heap]
I/DEBUG   ( 3908):     bed18594  001ac690  [heap]
I/DEBUG   ( 3908):     bed18598  401a14b0  
I/DEBUG   ( 3908):     bed1859c  4081a05d  /system/lib/libdvm.so
I/DEBUG   ( 3908):     bed185a0  23400019  
I/DEBUG   ( 3908):     bed185a4  46179c28  
I/DEBUG   ( 3908):     bed185a8  00000000  
I/DEBUG   ( 3908):     bed185ac  40928c0b  /system/lib/libmedia.so
I/DEBUG   ( 3908):     bed185b0  df0027ad  
I/DEBUG   ( 3908):     bed185b4  00000000  
I/DEBUG   ( 3908): #00 bed185b8  001ac660  [heap]
I/DEBUG   ( 3908):     bed185bc  6f542e61  
I/DEBUG   ( 3908):     bed185c0  401a14b0  
I/DEBUG   ( 3908):     bed185c4  40928c2b  /system/lib/libmedia.so
I/DEBUG   ( 3908): #01 bed185c8  001ac660  [heap]
I/DEBUG   ( 3908):     bed185cc  0000f2c8  [heap]
I/DEBUG   ( 3908):     bed185d0  401a14b0  
I/DEBUG   ( 3908):     bed185d4  4017a1d7  /system/lib/libandroid_runtime.so
I/BootReceiver(  304): Copying /data/tombstones/tombstone_03 to DropBox (SYSTEM_TOMBSTONE)
I/ActivityManager(  304): Process com.android.phone (pid 4022) has died.
W/ActivityManager(  304): Canceling start item Intent { cmp=com.android.phone/.BluetoothHeadsetService } in service ComponentInfo{com.android.phone/com.android.phone.BluetoothHeadsetService}
W/ActivityManager(  304): Scheduling restart of crashed service com.android.phone/.BluetoothHeadsetService in 4776ms
I/WindowManager(  304): SCREENLAYOUT_SIZE (1:small, 2:normal, 3:large, 4:xlarge) 2
I/ActivityManager(  304): Start proc com.android.phone for restart com.android.phone: pid=4071 uid=1001 gids={3002, 3001, 3003, 1015}
I/ActivityThread( 4071): Pub mms: com.android.providers.telephony.MmsProvider
I/ActivityThread( 4071): Pub sms: com.android.providers.telephony.SmsProvider
I/ActivityThread( 4071): Pub telephony: com.android.providers.telephony.TelephonyProvider
W/TelephonyProvider( 4071): onCreate: confFile=/system/etc/apns-conf.xml oldCheckSum=3358775275
W/TelephonyProvider( 4071): onCreate: newCheckSum=3358775275
I/ActivityThread( 4071): Pub icc: com.android.phone.IccProvider
I/ActivityThread( 4071): Pub mms-sms: com.android.providers.telephony.MmsSmsProvider
D/PhoneApp( 4071): non dsds PhoneApp:
D/CallManager( 4071): registerPhone(CDMA Handler (com.android.internal.telephony.PhoneProxy) {41282ac8})
D/PhoneStatusBarPolicy(  472): updateSimState for subscription :0
D/PhoneStatusBarPolicy(  472): updateSimState for subscription :0
D/PhoneInterfaceManager( 4071):  Registering for UNSOL OEM HOOK Responses to deliver external apps
D/Bluetooth HS/HF( 4071): CDMA call state: IDLE prev state:IDLE
E/ToneGenerator( 4071): Unable to marshal AudioFlinger
E/ToneGenerator( 4071): ToneGenerator init failed 
F/libc    ( 4071): Fatal signal 11 (SIGSEGV) at 0x004d0091 (code=1)
I/DEBUG   ( 3908): *** *** *** *** *** *** *** *** *** *** *** *** *** *** *** ***
I/DEBUG   ( 3908): Build fingerprint: 'qcom/msm8660_surf/msm8660_surf:4.0.3/IML74K/eng.joey.20120210.232528:eng/test-keys'
I/DEBUG   ( 3908): pid: 4071, tid: 4071  >>> com.android.phone <<<
I/DEBUG   ( 3908): signal 11 (SIGSEGV), code 1 (SEGV_MAPERR), fault addr 004d0091
I/DEBUG   ( 3908):  r0 004d0065  r1 001df478  r2 001df448  r3 bed18188
I/DEBUG   ( 3908):  r4 001df448  r5 004d0065  r6 401a14b0  r7 4081a05d
I/DEBUG   ( 3908):  r8 24000019  r9 46179c28  10 00000000  fp bed18604
I/DEBUG   ( 3908):  ip 4094e048  sp bed185b8  lr 40928c2b  pc 4091a506  cpsr 60000030
I/DEBUG   ( 3908):  d0  662074696e692061  d1  7541206c61687369
I/DEBUG   ( 3908):  d2  000000040000036c  d3  4a52402800000065
I/DEBUG   ( 3908):  d4  0076007200650053  d5  004d006500630069
I/DEBUG   ( 3908):  d6  00670061006e0061  d7  0000000000720065
I/DEBUG   ( 3908):  d8  0000000000000000  d9  0000000000000000
I/DEBUG   ( 3908):  d10 0000000000000000  d11 0000000000000000
I/DEBUG   ( 3908):  d12 0000000000000000  d13 0000000000000000
I/DEBUG   ( 3908):  d14 0000000000000000  d15 0000000000000000
I/DEBUG   ( 3908):  d16 3fd43d135cda918c  d17 3ffc63194c570da5
I/DEBUG   ( 3908):  d18 4000000000000000  d19 3fcce7359d4792d9
I/DEBUG   ( 3908):  d20 3f11504c292739d4  d21 bebbb371092382c4
I/DEBUG   ( 3908):  d22 3ff0000000000000  d23 3ff43d135cda918c
I/DEBUG   ( 3908):  d24 3e66376972bea4d0  d25 3fc39a09d078c69f
I/DEBUG   ( 3908):  d26 0000000000000000  d27 0000000000000000
I/DEBUG   ( 3908):  d28 0000000000000000  d29 0000000000000000
I/DEBUG   ( 3908):  d30 0000000000000000  d31 0000000000000000
I/DEBUG   ( 3908):  scr 20000012
I/DEBUG   ( 3908): 
I/DEBUG   ( 3908):          #00  pc 00037506  /system/lib/libmedia.so (_ZN7android10AudioTrackD2Ev)
I/DEBUG   ( 3908):          #01  pc 00045c26  /system/lib/libmedia.so (_ZN7android13ToneGeneratorD1Ev)
I/DEBUG   ( 3908):          #02  pc 0006e1d4  /system/lib/libandroid_runtime.so
I/DEBUG   ( 3908):          #03  pc 0001ecb0  /system/lib/libdvm.so (dvmPlatformInvoke)
I/DEBUG   ( 3908):          #04  pc 0005884a  /system/lib/libdvm.so (_Z16dvmCallJNIMethodPKjP6JValuePK6MethodP6Thread)
I/DEBUG   ( 3908): 
I/DEBUG   ( 3908): code around pc:
I/DEBUG   ( 3908): 4091a4e4 463b9308 f8cd9506 f7ff901c 62e0fe81  ..;F...........b
I/DEBUG   ( 3908): 4091a4f4 f7fe4628 4620fced e8bdb00d bf0083f0  (F.... F........
I/DEBUG   ( 3908): 4091a504 6ac5b570 2d004604 f7ffd134 68a0fc89  p..j.F.-4......h
I/DEBUG   ( 3908): 4091a514 f7fdb160 68a3eafa 681ab143 0108f104  `......hC..h....
I/DEBUG   ( 3908): 4091a524 0c0cf852 f7fd1818 60a5ea5a b1136823  R.......Z..`#h..
I/DEBUG   ( 3908): 
I/DEBUG   ( 3908): code around lr:
I/DEBUG   ( 3908): 40928c08 bd7ceece 0000adf0 0000ae9c 6ac3b570  ..|.........p..j
I/DEBUG   ( 3908): 40928c18 b14b4604 ffc6f7ff b12d6ae5 f7f14628  .FK......j-.(F..
I/DEBUG   ( 3908): 40928c28 4628fc6d eea2f7ee 0048f104 ff10f7ff  m.(F......H.....
I/DEBUG   ( 3908): 40928c38 0038f104 ea42f7ef 0034f104 ee84f7ee  ..8...B...4.....
I/DEBUG   ( 3908): 40928c48 0030f104 ee80f7ee bd704620 b5f72963  ..0..... Fp.c)..
I/DEBUG   ( 3908): 
I/DEBUG   ( 3908): memory map around addr 004d0091:
I/DEBUG   ( 3908): 0000b000-0023b000 [heap]
I/DEBUG   ( 3908): (no map for address)
I/DEBUG   ( 3908): 10000000-10001000 
I/DEBUG   ( 3908): 
I/DEBUG   ( 3908): stack:
I/DEBUG   ( 3908):     bed18578  00000000  
I/DEBUG   ( 3908):     bed1857c  001df448  [heap]
I/DEBUG   ( 3908):     bed18580  401a14b0  
I/DEBUG   ( 3908):     bed18584  4081a05d  /system/lib/libdvm.so
I/DEBUG   ( 3908):     bed18588  24000019  
I/DEBUG   ( 3908):     bed1858c  46179c28  
I/DEBUG   ( 3908):     bed18590  001df448  [heap]
I/DEBUG   ( 3908):     bed18594  001df478  [heap]
I/DEBUG   ( 3908):     bed18598  401a14b0  
I/DEBUG   ( 3908):     bed1859c  4081a05d  /system/lib/libdvm.so
I/DEBUG   ( 3908):     bed185a0  24000019  
I/DEBUG   ( 3908):     bed185a4  46179c28  
I/DEBUG   ( 3908):     bed185a8  00000000  
I/DEBUG   ( 3908):     bed185ac  40928c0b  /system/lib/libmedia.so
I/DEBUG   ( 3908):     bed185b0  df0027ad  
I/DEBUG   ( 3908):     bed185b4  00000000  
I/DEBUG   ( 3908): #00 bed185b8  001df448  [heap]
I/DEBUG   ( 3908):     bed185bc  004d0065  
I/DEBUG   ( 3908):     bed185c0  401a14b0  
I/DEBUG   ( 3908):     bed185c4  40928c2b  /system/lib/libmedia.so
I/DEBUG   ( 3908): #01 bed185c8  001df448  [heap]
I/DEBUG   ( 3908):     bed185cc  0000f2c8  [heap]
I/DEBUG   ( 3908):     bed185d0  401a14b0  
I/DEBUG   ( 3908):     bed185d4  4017a1d7  /system/lib/libandroid_runtime.so
I/BootReceiver(  304): Copying /data/tombstones/tombstone_04 to DropBox (SYSTEM_TOMBSTONE)
I/ActivityManager(  304): Process com.android.phone (pid 4071) has died.
W/ActivityManager(  304): Canceling start item Intent { cmp=com.android.phone/.BluetoothHeadsetService } in service ComponentInfo{com.android.phone/com.android.phone.BluetoothHeadsetService}
W/ActivityManager(  304): Scheduling restart of crashed service com.android.phone/.BluetoothHeadsetService in 4616ms
I/WindowManager(  304): SCREENLAYOUT_SIZE (1:small, 2:normal, 3:large, 4:xlarge) 2
I/ActivityManager(  304): Start proc com.android.phone for restart com.android.phone: pid=4114 uid=1001 gids={3002, 3001, 3003, 1015}
I/ActivityThread( 4114): Pub mms: com.android.providers.telephony.MmsProvider
I/ActivityThread( 4114): Pub sms: com.android.providers.telephony.SmsProvider
I/ActivityThread( 4114): Pub telephony: com.android.providers.telephony.TelephonyProvider
W/TelephonyProvider( 4114): onCreate: confFile=/system/etc/apns-conf.xml oldCheckSum=3358775275
W/TelephonyProvider( 4114): onCreate: newCheckSum=3358775275
I/ActivityThread( 4114): Pub icc: com.android.phone.IccProvider
I/ActivityThread( 4114): Pub mms-sms: com.android.providers.telephony.MmsSmsProvider
D/PhoneApp( 4114): non dsds PhoneApp:
D/CallManager( 4114): registerPhone(CDMA Handler (com.android.internal.telephony.PhoneProxy) {412cb4a0})
D/PhoneStatusBarPolicy(  472): updateSimState for subscription :0
D/PhoneStatusBarPolicy(  472): updateSimState for subscription :0
D/PhoneInterfaceManager( 4114):  Registering for UNSOL OEM HOOK Responses to deliver external apps
D/Bluetooth HS/HF( 4114): CDMA call state: IDLE prev state:IDLE
E/ToneGenerator( 4114): Unable to marshal AudioFlinger
E/ToneGenerator( 4114): ToneGenerator init failed 
F/libc    ( 4114): Fatal signal 11 (SIGSEGV) at 0x6f542e8d (code=1)
I/DEBUG   ( 3908): *** *** *** *** *** *** *** *** *** *** *** *** *** *** *** ***
I/DEBUG   ( 3908): Build fingerprint: 'qcom/msm8660_surf/msm8660_surf:4.0.3/IML74K/eng.joey.20120210.232528:eng/test-keys'
I/DEBUG   ( 3908): pid: 4114, tid: 4114  >>> com.android.phone <<<
I/DEBUG   ( 3908): signal 11 (SIGSEGV), code 1 (SEGV_MAPERR), fault addr 6f542e8d
I/DEBUG   ( 3908):  r0 6f542e61  r1 001cd1c8  r2 001cd198  r3 bed18188
I/DEBUG   ( 3908):  r4 001cd198  r5 6f542e61  r6 401a14b0  r7 4081a05d
I/DEBUG   ( 3908):  r8 25200019  r9 46179c28  10 00000000  fp bed18604
I/DEBUG   ( 3908):  ip 4094e048  sp bed185b8  lr 40928c2b  pc 4091a506  cpsr 60000030
I/DEBUG   ( 3908):  d0  662074696e692061  d1  7541206c61687369
I/DEBUG   ( 3908):  d2  000000040000036c  d3  4a52402800000065
I/DEBUG   ( 3908):  d4  006f006900640075  d5  0069006c006f0050
I/DEBUG   ( 3908):  d6  0065005300790063  d7  0063006900760072
I/DEBUG   ( 3908):  d8  0000000000000000  d9  0000000000000000
I/DEBUG   ( 3908):  d10 0000000000000000  d11 0000000000000000
I/DEBUG   ( 3908):  d12 0000000000000000  d13 0000000000000000
I/DEBUG   ( 3908):  d14 0000000000000000  d15 0000000000000000
I/DEBUG   ( 3908):  d16 3fd43d135cda918c  d17 3ffc63194c570da5
I/DEBUG   ( 3908):  d18 4000000000000000  d19 3fcce7359d4792d9
I/DEBUG   ( 3908):  d20 3f11504c292739d4  d21 bebbb371092382c4
I/DEBUG   ( 3908):  d22 3ff0000000000000  d23 3ff43d135cda918c
I/DEBUG   ( 3908):  d24 3e66376972bea4d0  d25 3fc39a09d078c69f
I/DEBUG   ( 3908):  d26 0000000000000000  d27 0000000000000000
I/DEBUG   ( 3908):  d28 0000000000000000  d29 0000000000000000
I/DEBUG   ( 3908):  d30 0000000000000000  d31 0000000000000000
I/DEBUG   ( 3908):  scr 20000012
I/DEBUG   ( 3908): 
I/DEBUG   ( 3908):          #00  pc 00037506  /system/lib/libmedia.so (_ZN7android10AudioTrackD2Ev)
I/DEBUG   ( 3908):          #01  pc 00045c26  /system/lib/libmedia.so (_ZN7android13ToneGeneratorD1Ev)
I/DEBUG   ( 3908):          #02  pc 0006e1d4  /system/lib/libandroid_runtime.so
I/DEBUG   ( 3908):          #03  pc 0001ecb0  /system/lib/libdvm.so (dvmPlatformInvoke)
I/DEBUG   ( 3908):          #04  pc 0005884a  /system/lib/libdvm.so (_Z16dvmCallJNIMethodPKjP6JValuePK6MethodP6Thread)
I/DEBUG   ( 3908): 
I/DEBUG   ( 3908): code around pc:
I/DEBUG   ( 3908): 4091a4e4 463b9308 f8cd9506 f7ff901c 62e0fe81  ..;F...........b
I/DEBUG   ( 3908): 4091a4f4 f7fe4628 4620fced e8bdb00d bf0083f0  (F.... F........
I/DEBUG   ( 3908): 4091a504 6ac5b570 2d004604 f7ffd134 68a0fc89  p..j.F.-4......h
I/DEBUG   ( 3908): 4091a514 f7fdb160 68a3eafa 681ab143 0108f104  `......hC..h....
I/DEBUG   ( 3908): 4091a524 0c0cf852 f7fd1818 60a5ea5a b1136823  R.......Z..`#h..
I/DEBUG   ( 3908): 
I/DEBUG   ( 3908): code around lr:
I/DEBUG   ( 3908): 40928c08 bd7ceece 0000adf0 0000ae9c 6ac3b570  ..|.........p..j
I/DEBUG   ( 3908): 40928c18 b14b4604 ffc6f7ff b12d6ae5 f7f14628  .FK......j-.(F..
I/DEBUG   ( 3908): 40928c28 4628fc6d eea2f7ee 0048f104 ff10f7ff  m.(F......H.....
I/DEBUG   ( 3908): 40928c38 0038f104 ea42f7ef 0034f104 ee84f7ee  ..8...B...4.....
I/DEBUG   ( 3908): 40928c48 0030f104 ee80f7ee bd704620 b5f72963  ..0..... Fp.c)..
I/DEBUG   ( 3908): 
I/DEBUG   ( 3908): memory map around addr 6f542e8d:
I/DEBUG   ( 3908): 4aea3000-4afa2000 
I/DEBUG   ( 3908): (no map for address)
I/DEBUG   ( 3908): b0001000-b0009000 /system/bin/linker
I/DEBUG   ( 3908): 
I/DEBUG   ( 3908): stack:
I/DEBUG   ( 3908):     bed18578  00000000  
I/DEBUG   ( 3908):     bed1857c  001cd198  [heap]
I/DEBUG   ( 3908):     bed18580  401a14b0  
I/DEBUG   ( 3908):     bed18584  4081a05d  /system/lib/libdvm.so
I/DEBUG   ( 3908):     bed18588  25200019  
I/DEBUG   ( 3908):     bed1858c  46179c28  
I/DEBUG   ( 3908):     bed18590  001cd198  [heap]
I/DEBUG   ( 3908):     bed18594  001cd1c8  [heap]
I/DEBUG   ( 3908):     bed18598  401a14b0  
I/DEBUG   ( 3908):     bed1859c  4081a05d  /system/lib/libdvm.so
I/DEBUG   ( 3908):     bed185a0  25200019  
I/DEBUG   ( 3908):     bed185a4  46179c28  
I/DEBUG   ( 3908):     bed185a8  00000000  
I/DEBUG   ( 3908):     bed185ac  40928c0b  /system/lib/libmedia.so
I/DEBUG   ( 3908):     bed185b0  df0027ad  
I/DEBUG   ( 3908):     bed185b4  00000000  
I/DEBUG   ( 3908): #00 bed185b8  001cd198  [heap]
I/DEBUG   ( 3908):     bed185bc  6f542e61  
I/DEBUG   ( 3908):     bed185c0  401a14b0  
I/DEBUG   ( 3908):     bed185c4  40928c2b  /system/lib/libmedia.so
I/DEBUG   ( 3908): #01 bed185c8  001cd198  [heap]
I/DEBUG   ( 3908):     bed185cc  0000f2c8  [heap]
I/DEBUG   ( 3908):     bed185d0  401a14b0  
I/DEBUG   ( 3908):     bed185d4  4017a1d7  /system/lib/libandroid_runtime.so
I/BootReceiver(  304): Copying /data/tombstones/tombstone_05 to DropBox (SYSTEM_TOMBSTONE)
I/ActivityManager(  304): Process com.android.phone (pid 4114) has died.
W/ActivityManager(  304): Canceling start item Intent { cmp=com.android.phone/.BluetoothHeadsetService } in service ComponentInfo{com.android.phone/com.android.phone.BluetoothHeadsetService}
W/ActivityManager(  304): Scheduling restart of crashed service com.android.phone/.BluetoothHeadsetService in 4862ms
I/WindowManager(  304): SCREENLAYOUT_SIZE (1:small, 2:normal, 3:large, 4:xlarge) 2
I/ActivityManager(  304): Start proc com.android.phone for restart com.android.phone: pid=4163 uid=1001 gids={3002, 3001, 3003, 1015}
I/ActivityThread( 4163): Pub mms: com.android.providers.telephony.MmsProvider
I/ActivityThread( 4163): Pub sms: com.android.providers.telephony.SmsProvider
I/ActivityThread( 4163): Pub telephony: com.android.providers.telephony.TelephonyProvider
W/TelephonyProvider( 4163): onCreate: confFile=/system/etc/apns-conf.xml oldCheckSum=3358775275
W/TelephonyProvider( 4163): onCreate: newCheckSum=3358775275
I/ActivityThread( 4163): Pub icc: com.android.phone.IccProvider
I/ActivityThread( 4163): Pub mms-sms: com.android.providers.telephony.MmsSmsProvider
D/PhoneApp( 4163): non dsds PhoneApp:
D/CallManager( 4163): registerPhone(CDMA Handler (com.android.internal.telephony.PhoneProxy) {41283d90})
D/PhoneStatusBarPolicy(  472): updateSimState for subscription :0
D/PhoneStatusBarPolicy(  472): updateSimState for subscription :0
D/PhoneInterfaceManager( 4163):  Registering for UNSOL OEM HOOK Responses to deliver external apps
D/Bluetooth HS/HF( 4163): CDMA call state: IDLE prev state:IDLE
E/ToneGenerator( 4163): Unable to marshal AudioFlinger
E/ToneGenerator( 4163): ToneGenerator init failed 
F/libc    ( 4163): Fatal signal 11 (SIGSEGV) at 0x0076009e (code=1)
I/DEBUG   ( 3908): *** *** *** *** *** *** *** *** *** *** *** *** *** *** *** ***
I/DEBUG   ( 3908): Build fingerprint: 'qcom/msm8660_surf/msm8660_surf:4.0.3/IML74K/eng.joey.20120210.232528:eng/test-keys'
I/DEBUG   ( 3908): pid: 4163, tid: 4163  >>> com.android.phone <<<
I/DEBUG   ( 3908): signal 11 (SIGSEGV), code 1 (SEGV_MAPERR), fault addr 0076009e
I/DEBUG   ( 3908):  r0 00760072  r1 001cd158  r2 001cd128  r3 bed18188
I/DEBUG   ( 3908):  r4 001cd128  r5 00760072  r6 401a14b0  r7 4081a05d
I/DEBUG   ( 3908):  r8 25f00019  r9 46179c28  10 00000000  fp bed18604
I/DEBUG   ( 3908):  ip 4094e048  sp bed185b8  lr 40928c2b  pc 4091a506  cpsr 60000030
I/DEBUG   ( 3908):  d0  662074696e692061  d1  7541206c61687369
I/DEBUG   ( 3908):  d2  000000040000036c  d3  4a52402800000065
I/DEBUG   ( 3908):  d4  004d006500630069  d5  00670061006e0061
I/DEBUG   ( 3908):  d6  0000000000720065  d7  64696f7200000012
I/DEBUG   ( 3908):  d8  0000000000000000  d9  0000000000000000
I/DEBUG   ( 3908):  d10 0000000000000000  d11 0000000000000000
I/DEBUG   ( 3908):  d12 0000000000000000  d13 0000000000000000
I/DEBUG   ( 3908):  d14 0000000000000000  d15 0000000000000000
I/DEBUG   ( 3908):  d16 3fd43d135cda918c  d17 3ffc63194c570da5
I/DEBUG   ( 3908):  d18 4000000000000000  d19 3fcce7359d4792d9
I/DEBUG   ( 3908):  d20 3f11504c292739d4  d21 bebbb371092382c4
I/DEBUG   ( 3908):  d22 3ff0000000000000  d23 3ff43d135cda918c
I/DEBUG   ( 3908):  d24 3e66376972bea4d0  d25 3fc39a09d078c69f
I/DEBUG   ( 3908):  d26 0000000000000000  d27 0000000000000000
I/DEBUG   ( 3908):  d28 0000000000000000  d29 0000000000000000
I/DEBUG   ( 3908):  d30 0000000000000000  d31 0000000000000000
I/DEBUG   ( 3908):  scr 20000012
I/DEBUG   ( 3908): 
I/DEBUG   ( 3908):          #00  pc 00037506  /system/lib/libmedia.so (_ZN7android10AudioTrackD2Ev)
I/DEBUG   ( 3908):          #01  pc 00045c26  /system/lib/libmedia.so (_ZN7android13ToneGeneratorD1Ev)
I/DEBUG   ( 3908):          #02  pc 0006e1d4  /system/lib/libandroid_runtime.so
I/DEBUG   ( 3908):          #03  pc 0001ecb0  /system/lib/libdvm.so (dvmPlatformInvoke)
I/DEBUG   ( 3908):          #04  pc 0005884a  /system/lib/libdvm.so (_Z16dvmCallJNIMethodPKjP6JValuePK6MethodP6Thread)
I/DEBUG   ( 3908): 
I/DEBUG   ( 3908): code around pc:
I/DEBUG   ( 3908): 4091a4e4 463b9308 f8cd9506 f7ff901c 62e0fe81  ..;F...........b
I/DEBUG   ( 3908): 4091a4f4 f7fe4628 4620fced e8bdb00d bf0083f0  (F.... F........
I/DEBUG   ( 3908): 4091a504 6ac5b570 2d004604 f7ffd134 68a0fc89  p..j.F.-4......h
I/DEBUG   ( 3908): 4091a514 f7fdb160 68a3eafa 681ab143 0108f104  `......hC..h....
I/DEBUG   ( 3908): 4091a524 0c0cf852 f7fd1818 60a5ea5a b1136823  R.......Z..`#h..
I/DEBUG   ( 3908): 
I/DEBUG   ( 3908): code around lr:
I/DEBUG   ( 3908): 40928c08 bd7ceece 0000adf0 0000ae9c 6ac3b570  ..|.........p..j
I/DEBUG   ( 3908): 40928c18 b14b4604 ffc6f7ff b12d6ae5 f7f14628  .FK......j-.(F..
I/DEBUG   ( 3908): 40928c28 4628fc6d eea2f7ee 0048f104 ff10f7ff  m.(F......H.....
I/DEBUG   ( 3908): 40928c38 0038f104 ea42f7ef 0034f104 ee84f7ee  ..8...B...4.....
I/DEBUG   ( 3908): 40928c48 0030f104 ee80f7ee bd704620 b5f72963  ..0..... Fp.c)..
I/DEBUG   ( 3908): 
I/DEBUG   ( 3908): memory map around addr 0076009e:
I/DEBUG   ( 3908): 0000b000-0023b000 [heap]
I/DEBUG   ( 3908): (no map for address)
I/DEBUG   ( 3908): 10000000-10001000 
I/DEBUG   ( 3908): 
I/DEBUG   ( 3908): stack:
I/DEBUG   ( 3908):     bed18578  00000000  
I/DEBUG   ( 3908):     bed1857c  001cd128  [heap]
I/DEBUG   ( 3908):     bed18580  401a14b0  
I/DEBUG   ( 3908):     bed18584  4081a05d  /system/lib/libdvm.so
I/DEBUG   ( 3908):     bed18588  25f00019  
I/DEBUG   ( 3908):     bed1858c  46179c28  
I/DEBUG   ( 3908):     bed18590  001cd128  [heap]
I/DEBUG   ( 3908):     bed18594  001cd158  [heap]
I/DEBUG   ( 3908):     bed18598  401a14b0  
I/DEBUG   ( 3908):     bed1859c  4081a05d  /system/lib/libdvm.so
I/DEBUG   ( 3908):     bed185a0  25f00019  
I/DEBUG   ( 3908):     bed185a4  46179c28  
I/DEBUG   ( 3908):     bed185a8  00000000  
I/DEBUG   ( 3908):     bed185ac  40928c0b  /system/lib/libmedia.so
I/DEBUG   ( 3908):     bed185b0  df0027ad  
I/DEBUG   ( 3908):     bed185b4  00000000  
I/DEBUG   ( 3908): #00 bed185b8  001cd128  [heap]
I/DEBUG   ( 3908):     bed185bc  00760072  
I/DEBUG   ( 3908):     bed185c0  401a14b0  
I/DEBUG   ( 3908):     bed185c4  40928c2b  /system/lib/libmedia.so
I/DEBUG   ( 3908): #01 bed185c8  001cd128  [heap]
I/DEBUG   ( 3908):     bed185cc  0000f2c8  [heap]
I/DEBUG   ( 3908):     bed185d0  401a14b0  
I/DEBUG   ( 3908):     bed185d4  4017a1d7  /system/lib/libandroid_runtime.so
I/BootReceiver(  304): Copying /data/tombstones/tombstone_06 to DropBox (SYSTEM_TOMBSTONE)
I/ActivityManager(  304): Process com.android.phone (pid 4163) has died.
W/ActivityManager(  304): Canceling start item Intent { cmp=com.android.phone/.BluetoothHeadsetService } in service ComponentInfo{com.android.phone/com.android.phone.BluetoothHeadsetService}
W/ActivityManager(  304): Scheduling restart of crashed service com.android.phone/.BluetoothHeadsetService in 4802ms
I/WindowManager(  304): SCREENLAYOUT_SIZE (1:small, 2:normal, 3:large, 4:xlarge) 2
I/ActivityManager(  304): Start proc com.android.phone for restart com.android.phone: pid=4212 uid=1001 gids={3002, 3001, 3003, 1015}
I/ActivityThread( 4212): Pub mms: com.android.providers.telephony.MmsProvider
I/ActivityThread( 4212): Pub sms: com.android.providers.telephony.SmsProvider
I/ActivityThread( 4212): Pub telephony: com.android.providers.telephony.TelephonyProvider
W/TelephonyProvider( 4212): onCreate: confFile=/system/etc/apns-conf.xml oldCheckSum=3358775275
W/TelephonyProvider( 4212): onCreate: newCheckSum=3358775275
I/ActivityThread( 4212): Pub icc: com.android.phone.IccProvider
I/ActivityThread( 4212): Pub mms-sms: com.android.providers.telephony.MmsSmsProvider
D/PhoneApp( 4212): non dsds PhoneApp:
D/CallManager( 4212): registerPhone(CDMA Handler (com.android.internal.telephony.PhoneProxy) {412f3990})
D/PhoneStatusBarPolicy(  472): updateSimState for subscription :0
D/PhoneStatusBarPolicy(  472): updateSimState for subscription :0
D/PhoneInterfaceManager( 4212):  Registering for UNSOL OEM HOOK Responses to deliver external apps
D/Bluetooth HS/HF( 4212): CDMA call state: IDLE prev state:IDLE
E/ToneGenerator( 4212): Unable to marshal AudioFlinger
E/ToneGenerator( 4212): ToneGenerator init failed 
F/libc    ( 4212): Fatal signal 11 (SIGSEGV) at 0x6f542e8d (code=1)
I/DEBUG   ( 3908): *** *** *** *** *** *** *** *** *** *** *** *** *** *** *** ***
I/DEBUG   ( 3908): Build fingerprint: 'qcom/msm8660_surf/msm8660_surf:4.0.3/IML74K/eng.joey.20120210.232528:eng/test-keys'
I/DEBUG   ( 3908): pid: 4212, tid: 4212  >>> com.android.phone <<<
I/DEBUG   ( 3908): signal 11 (SIGSEGV), code 1 (SEGV_MAPERR), fault addr 6f542e8d
I/DEBUG   ( 3908):  r0 6f542e61  r1 001ac738  r2 001ac708  r3 bed18188
I/DEBUG   ( 3908):  r4 001ac708  r5 6f542e61  r6 401a14b0  r7 4081a05d
I/DEBUG   ( 3908):  r8 26c00019  r9 46179c28  10 00000000  fp bed18604
I/DEBUG   ( 3908):  ip 4094e048  sp bed185b8  lr 40928c2b  pc 4091a506  cpsr 60000030
I/DEBUG   ( 3908):  d0  662074696e692061  d1  7541206c61687369
I/DEBUG   ( 3908):  d2  000000040000036c  d3  4a52402800000065
I/DEBUG   ( 3908):  d4  0076007200650053  d5  004d006500630069
I/DEBUG   ( 3908):  d6  00670061006e0061  d7  0000000000720065
I/DEBUG   ( 3908):  d8  0000000000000000  d9  0000000000000000
I/DEBUG   ( 3908):  d10 0000000000000000  d11 0000000000000000
I/DEBUG   ( 3908):  d12 0000000000000000  d13 0000000000000000
I/DEBUG   ( 3908):  d14 0000000000000000  d15 0000000000000000
I/DEBUG   ( 3908):  d16 3fd43d135cda918c  d17 3ffc63194c570da5
I/DEBUG   ( 3908):  d18 4000000000000000  d19 3fcce7359d4792d9
I/DEBUG   ( 3908):  d20 3f11504c292739d4  d21 bebbb371092382c4
I/DEBUG   ( 3908):  d22 3ff0000000000000  d23 3ff43d135cda918c
I/DEBUG   ( 3908):  d24 3e66376972bea4d0  d25 3fc39a09d078c69f
I/DEBUG   ( 3908):  d26 0000000000000000  d27 0000000000000000
I/DEBUG   ( 3908):  d28 0000000000000000  d29 0000000000000000
I/DEBUG   ( 3908):  d30 0000000000000000  d31 0000000000000000
I/DEBUG   ( 3908):  scr 20000012
I/DEBUG   ( 3908): 
I/DEBUG   ( 3908):          #00  pc 00037506  /system/lib/libmedia.so (_ZN7android10AudioTrackD2Ev)
I/DEBUG   ( 3908):          #01  pc 00045c26  /system/lib/libmedia.so (_ZN7android13ToneGeneratorD1Ev)
I/DEBUG   ( 3908):          #02  pc 0006e1d4  /system/lib/libandroid_runtime.so
I/DEBUG   ( 3908):          #03  pc 0001ecb0  /system/lib/libdvm.so (dvmPlatformInvoke)
I/DEBUG   ( 3908):          #04  pc 0005884a  /system/lib/libdvm.so (_Z16dvmCallJNIMethodPKjP6JValuePK6MethodP6Thread)
I/DEBUG   ( 3908): 
I/DEBUG   ( 3908): code around pc:
I/DEBUG   ( 3908): 4091a4e4 463b9308 f8cd9506 f7ff901c 62e0fe81  ..;F...........b
I/DEBUG   ( 3908): 4091a4f4 f7fe4628 4620fced e8bdb00d bf0083f0  (F.... F........
I/DEBUG   ( 3908): 4091a504 6ac5b570 2d004604 f7ffd134 68a0fc89  p..j.F.-4......h
I/DEBUG   ( 3908): 4091a514 f7fdb160 68a3eafa 681ab143 0108f104  `......hC..h....
I/DEBUG   ( 3908): 4091a524 0c0cf852 f7fd1818 60a5ea5a b1136823  R.......Z..`#h..
I/DEBUG   ( 3908): 
I/DEBUG   ( 3908): code around lr:
I/DEBUG   ( 3908): 40928c08 bd7ceece 0000adf0 0000ae9c 6ac3b570  ..|.........p..j
I/DEBUG   ( 3908): 40928c18 b14b4604 ffc6f7ff b12d6ae5 f7f14628  .FK......j-.(F..
I/DEBUG   ( 3908): 40928c28 4628fc6d eea2f7ee 0048f104 ff10f7ff  m.(F......H.....
I/DEBUG   ( 3908): 40928c38 0038f104 ea42f7ef 0034f104 ee84f7ee  ..8...B...4.....
I/DEBUG   ( 3908): 40928c48 0030f104 ee80f7ee bd704620 b5f72963  ..0..... Fp.c)..
I/DEBUG   ( 3908): 
I/DEBUG   ( 3908): memory map around addr 6f542e8d:
I/DEBUG   ( 3908): 4aea3000-4afa2000 
I/DEBUG   ( 3908): (no map for address)
I/DEBUG   ( 3908): b0001000-b0009000 /system/bin/linker
I/DEBUG   ( 3908): 
I/DEBUG   ( 3908): stack:
I/DEBUG   ( 3908):     bed18578  00000000  
I/DEBUG   ( 3908):     bed1857c  001ac708  [heap]
I/DEBUG   ( 3908):     bed18580  401a14b0  
I/DEBUG   ( 3908):     bed18584  4081a05d  /system/lib/libdvm.so
I/DEBUG   ( 3908):     bed18588  26c00019  
I/DEBUG   ( 3908):     bed1858c  46179c28  
I/DEBUG   ( 3908):     bed18590  001ac708  [heap]
I/DEBUG   ( 3908):     bed18594  001ac738  [heap]
I/DEBUG   ( 3908):     bed18598  401a14b0  
I/DEBUG   ( 3908):     bed1859c  4081a05d  /system/lib/libdvm.so
I/DEBUG   ( 3908):     bed185a0  26c00019  
I/DEBUG   ( 3908):     bed185a4  46179c28  
I/DEBUG   ( 3908):     bed185a8  00000000  
I/DEBUG   ( 3908):     bed185ac  40928c0b  /system/lib/libmedia.so
I/DEBUG   ( 3908):     bed185b0  df0027ad  
I/DEBUG   ( 3908):     bed185b4  00000000  
I/DEBUG   ( 3908): #00 bed185b8  001ac708  [heap]
I/DEBUG   ( 3908):     bed185bc  6f542e61  
I/DEBUG   ( 3908):     bed185c0  401a14b0  
I/DEBUG   ( 3908):     bed185c4  40928c2b  /system/lib/libmedia.so
I/DEBUG   ( 3908): #01 bed185c8  001ac708  [heap]
I/DEBUG   ( 3908):     bed185cc  0000f2c8  [heap]
I/DEBUG   ( 3908):     bed185d0  401a14b0  
I/DEBUG   ( 3908):     bed185d4  4017a1d7  /system/lib/libandroid_runtime.so
I/BootReceiver(  304): Copying /data/tombstones/tombstone_07 to DropBox (SYSTEM_TOMBSTONE)
I/ActivityManager(  304): Process com.android.phone (pid 4212) has died.
W/ActivityManager(  304): Canceling start item Intent { cmp=com.android.phone/.BluetoothHeadsetService } in service ComponentInfo{com.android.phone/com.android.phone.BluetoothHeadsetService}
W/ActivityManager(  304): Scheduling restart of crashed service com.android.phone/.BluetoothHeadsetService in 4728ms
I/WindowManager(  304): SCREENLAYOUT_SIZE (1:small, 2:normal, 3:large, 4:xlarge) 2
I/ActivityManager(  304): Start proc com.android.phone for restart com.android.phone: pid=4255 uid=1001 gids={3002, 3001, 3003, 1015}
I/ActivityThread( 4255): Pub mms: com.android.providers.telephony.MmsProvider
I/ActivityThread( 4255): Pub sms: com.android.providers.telephony.SmsProvider
I/ActivityThread( 4255): Pub telephony: com.android.providers.telephony.TelephonyProvider
W/TelephonyProvider( 4255): onCreate: confFile=/system/etc/apns-conf.xml oldCheckSum=3358775275
W/TelephonyProvider( 4255): onCreate: newCheckSum=3358775275
I/ActivityThread( 4255): Pub icc: com.android.phone.IccProvider
I/ActivityThread( 4255): Pub mms-sms: com.android.providers.telephony.MmsSmsProvider
D/PhoneApp( 4255): non dsds PhoneApp:
D/PhoneStatusBarPolicy(  472): updateSimState for subscription :0
D/CallManager( 4255): registerPhone(CDMA Handler (com.android.internal.telephony.PhoneProxy) {412eba88})
D/PhoneStatusBarPolicy(  472): updateSimState for subscription :0
D/PhoneInterfaceManager( 4255):  Registering for UNSOL OEM HOOK Responses to deliver external apps
D/Bluetooth HS/HF( 4255): CDMA call state: IDLE prev state:IDLE
E/ToneGenerator( 4255): Unable to marshal AudioFlinger
E/ToneGenerator( 4255): ToneGenerator init failed 
F/libc    ( 4255): Fatal signal 11 (SIGSEGV) at 0x0065007f (code=1)
I/DEBUG   ( 3908): *** *** *** *** *** *** *** *** *** *** *** *** *** *** *** ***
I/DEBUG   ( 3908): Build fingerprint: 'qcom/msm8660_surf/msm8660_surf:4.0.3/IML74K/eng.joey.20120210.232528:eng/test-keys'
I/DEBUG   ( 3908): pid: 4255, tid: 4255  >>> com.android.phone <<<
I/DEBUG   ( 3908): signal 11 (SIGSEGV), code 1 (SEGV_MAPERR), fault addr 0065007f
I/DEBUG   ( 3908):  r0 00650053  r1 001ac700  r2 001ac6d0  r3 bed18188
I/DEBUG   ( 3908):  r4 001ac6d0  r5 00650053  r6 401a14b0  r7 4081a05d
I/DEBUG   ( 3908):  r8 27900019  r9 46179c28  10 00000000  fp bed18604
I/DEBUG   ( 3908):  ip 4094e048  sp bed185b8  lr 40928c2b  pc 4091a506  cpsr 60000030
I/DEBUG   ( 3908):  d0  662074696e692061  d1  7541206c61687369
I/DEBUG   ( 3908):  d2  000000040000036c  d3  4a52402800000065
I/DEBUG   ( 3908):  d4  006f006900640075  d5  0069006c006f0050
I/DEBUG   ( 3908):  d6  0065005300790063  d7  0063006900760072
I/DEBUG   ( 3908):  d8  0000000000000000  d9  0000000000000000
I/DEBUG   ( 3908):  d10 0000000000000000  d11 0000000000000000
I/DEBUG   ( 3908):  d12 0000000000000000  d13 0000000000000000
I/DEBUG   ( 3908):  d14 0000000000000000  d15 0000000000000000
I/DEBUG   ( 3908):  d16 3fd43d135cda918c  d17 3ffc63194c570da5
I/DEBUG   ( 3908):  d18 4000000000000000  d19 3fcce7359d4792d9
I/DEBUG   ( 3908):  d20 3f11504c292739d4  d21 bebbb371092382c4
I/DEBUG   ( 3908):  d22 3ff0000000000000  d23 3ff43d135cda918c
I/DEBUG   ( 3908):  d24 3e66376972bea4d0  d25 3fc39a09d078c69f
I/DEBUG   ( 3908):  d26 0000000000000000  d27 0000000000000000
I/DEBUG   ( 3908):  d28 0000000000000000  d29 0000000000000000
I/DEBUG   ( 3908):  d30 0000000000000000  d31 0000000000000000
I/DEBUG   ( 3908):  scr 20000012
I/DEBUG   ( 3908): 
I/DEBUG   ( 3908):          #00  pc 00037506  /system/lib/libmedia.so (_ZN7android10AudioTrackD2Ev)
I/DEBUG   ( 3908):          #01  pc 00045c26  /system/lib/libmedia.so (_ZN7android13ToneGeneratorD1Ev)
I/DEBUG   ( 3908):          #02  pc 0006e1d4  /system/lib/libandroid_runtime.so
I/DEBUG   ( 3908):          #03  pc 0001ecb0  /system/lib/libdvm.so (dvmPlatformInvoke)
I/DEBUG   ( 3908):          #04  pc 0005884a  /system/lib/libdvm.so (_Z16dvmCallJNIMethodPKjP6JValuePK6MethodP6Thread)
I/DEBUG   ( 3908): 
I/DEBUG   ( 3908): code around pc:
I/DEBUG   ( 3908): 4091a4e4 463b9308 f8cd9506 f7ff901c 62e0fe81  ..;F...........b
I/DEBUG   ( 3908): 4091a4f4 f7fe4628 4620fced e8bdb00d bf0083f0  (F.... F........
I/DEBUG   ( 3908): 4091a504 6ac5b570 2d004604 f7ffd134 68a0fc89  p..j.F.-4......h
I/DEBUG   ( 3908): 4091a514 f7fdb160 68a3eafa 681ab143 0108f104  `......hC..h....
I/DEBUG   ( 3908): 4091a524 0c0cf852 f7fd1818 60a5ea5a b1136823  R.......Z..`#h..
I/DEBUG   ( 3908): 
I/DEBUG   ( 3908): code around lr:
I/DEBUG   ( 3908): 40928c08 bd7ceece 0000adf0 0000ae9c 6ac3b570  ..|.........p..j
I/DEBUG   ( 3908): 40928c18 b14b4604 ffc6f7ff b12d6ae5 f7f14628  .FK......j-.(F..
I/DEBUG   ( 3908): 40928c28 4628fc6d eea2f7ee 0048f104 ff10f7ff  m.(F......H.....
I/DEBUG   ( 3908): 40928c38 0038f104 ea42f7ef 0034f104 ee84f7ee  ..8...B...4.....
I/DEBUG   ( 3908): 40928c48 0030f104 ee80f7ee bd704620 b5f72963  ..0..... Fp.c)..
I/DEBUG   ( 3908): 
I/DEBUG   ( 3908): memory map around addr 0065007f:
I/DEBUG   ( 3908): 0000b000-0023b000 [heap]
I/DEBUG   ( 3908): (no map for address)
I/DEBUG   ( 3908): 10000000-10001000 
I/DEBUG   ( 3908): 
I/DEBUG   ( 3908): stack:
I/DEBUG   ( 3908):     bed18578  00000000  
I/DEBUG   ( 3908):     bed1857c  001ac6d0  [heap]
I/DEBUG   ( 3908):     bed18580  401a14b0  
I/DEBUG   ( 3908):     bed18584  4081a05d  /system/lib/libdvm.so
I/DEBUG   ( 3908):     bed18588  27900019  
I/DEBUG   ( 3908):     bed1858c  46179c28  
I/DEBUG   ( 3908):     bed18590  001ac6d0  [heap]
I/DEBUG   ( 3908):     bed18594  001ac700  [heap]
I/DEBUG   ( 3908):     bed18598  401a14b0  
I/DEBUG   ( 3908):     bed1859c  4081a05d  /system/lib/libdvm.so
I/DEBUG   ( 3908):     bed185a0  27900019  
I/DEBUG   ( 3908):     bed185a4  46179c28  
I/DEBUG   ( 3908):     bed185a8  00000000  
I/DEBUG   ( 3908):     bed185ac  40928c0b  /system/lib/libmedia.so
I/DEBUG   ( 3908):     bed185b0  df0027ad  
I/DEBUG   ( 3908):     bed185b4  00000000  
I/DEBUG   ( 3908): #00 bed185b8  001ac6d0  [heap]
I/DEBUG   ( 3908):     bed185bc  00650053  
I/DEBUG   ( 3908):     bed185c0  401a14b0  
I/DEBUG   ( 3908):     bed185c4  40928c2b  /system/lib/libmedia.so
I/DEBUG   ( 3908): #01 bed185c8  001ac6d0  [heap]
I/DEBUG   ( 3908):     bed185cc  0000f2c8  [heap]
I/DEBUG   ( 3908):     bed185d0  401a14b0  
I/DEBUG   ( 3908):     bed185d4  4017a1d7  /system/lib/libandroid_runtime.so
I/BootReceiver(  304): Copying /data/tombstones/tombstone_08 to DropBox (SYSTEM_TOMBSTONE)
I/ActivityManager(  304): Process com.android.phone (pid 4255) has died.
W/ActivityManager(  304): Canceling start item Intent { cmp=com.android.phone/.BluetoothHeadsetService } in service ComponentInfo{com.android.phone/com.android.phone.BluetoothHeadsetService}
W/ActivityManager(  304): Scheduling restart of crashed service com.android.phone/.BluetoothHeadsetService in 5200ms
I/WindowManager(  304): SCREENLAYOUT_SIZE (1:small, 2:normal, 3:large, 4:xlarge) 2
I/ActivityManager(  304): Start proc com.android.phone for restart com.android.phone: pid=4305 uid=1001 gids={3002, 3001, 3003, 1015}
I/ActivityThread( 4305): Pub mms: com.android.providers.telephony.MmsProvider
I/ActivityThread( 4305): Pub sms: com.android.providers.telephony.SmsProvider
I/ActivityThread( 4305): Pub telephony: com.android.providers.telephony.TelephonyProvider
W/TelephonyProvider( 4305): onCreate: confFile=/system/etc/apns-conf.xml oldCheckSum=3358775275
W/TelephonyProvider( 4305): onCreate: newCheckSum=3358775275
I/ActivityThread( 4305): Pub icc: com.android.phone.IccProvider
I/ActivityThread( 4305): Pub mms-sms: com.android.providers.telephony.MmsSmsProvider
D/PhoneApp( 4305): non dsds PhoneApp:
D/CallManager( 4305): registerPhone(CDMA Handler (com.android.internal.telephony.PhoneProxy) {412ed4a8})
D/PhoneStatusBarPolicy(  472): updateSimState for subscription :0
D/PhoneInterfaceManager( 4305):  Registering for UNSOL OEM HOOK Responses to deliver external apps
D/PhoneStatusBarPolicy(  472): updateSimState for subscription :0
D/Bluetooth HS/HF( 4305): CDMA call state: IDLE prev state:IDLE
E/ToneGenerator( 4305): Unable to marshal AudioFlinger
E/ToneGenerator( 4305): ToneGenerator init failed 
F/libc    ( 4305): Fatal signal 11 (SIGSEGV) at 0x542f6195 (code=1)
I/DEBUG   ( 3908): *** *** *** *** *** *** *** *** *** *** *** *** *** *** *** ***
