I/DEBUG   ( 3908): Build fingerprint: 'qcom/msm8660_surf/msm8660_surf:4.0.3/IML74K/eng.joey.20120210.232528:eng/test-keys'
I/DEBUG   ( 3908): pid: 4305, tid: 4305  >>> com.android.phone <<<
I/DEBUG   ( 3908): signal 11 (SIGSEGV), code 1 (SEGV_MAPERR), fault addr 542f6195
I/DEBUG   ( 3908):  r0 542f6169  r1 001fd4d8  r2 001fd4a8  r3 bed18188
I/DEBUG   ( 3908):  r4 001fd4a8  r5 542f6169  r6 401a14b0  r7 4081a05d
I/DEBUG   ( 3908):  r8 28700019  r9 46179c28  10 00000000  fp bed18604
I/DEBUG   ( 3908):  ip 4094e048  sp bed185b8  lr 40928c2b  pc 4091a506  cpsr 60000030
I/DEBUG   ( 3908):  d0  662074696e692061  d1  7541206c61687369
I/DEBUG   ( 3908):  d2  000000040000036c  d3  4a52402800000065
I/DEBUG   ( 3908):  d4  004d006500630069  d5  00670061006e0061
I/DEBUG   ( 3908):  d6  0000000000720065  d7  4850c6d000000012
I/DEBUG   ( 3908):  d8  0000000000000000  d9  0000000000000000
I/DEBUG   ( 3908):  d10 0000000000000000  d11 0000000000000000
I/DEBUG   ( 3908):  d12 0000000000000000  d13 0000000000000000
I/DEBUG   ( 3908):  d14 0000000000000000  d15 0000000000000000
I/DEBUG   ( 3908):  d16 3fd43d135cda918c  d17 3ffc63194c570da5
I/DEBUG   ( 3908):  d18 4000000000000000  d19 3fcce7359d4792d9
I/DEBUG   ( 3908):  d20 3f11504c292739d4  d21 bebbb371092382c4
I/DEBUG   ( 3908):  d22 3ff0000000000000  d23 3ff43d135cda918c
I/DEBUG   ( 3908):  d24 3e66376972bea4d0  d25 3fc39a09d078c69f
I/DEBUG   ( 3908):  d26 0000000000000000  d27 0000000000000000
I/DEBUG   ( 3908):  d28 0000000000000000  d29 0000000000000000
I/DEBUG   ( 3908):  d30 0000000000000000  d31 0000000000000000
I/DEBUG   ( 3908):  scr 20000012
I/DEBUG   ( 3908): 
I/DEBUG   ( 3908):          #00  pc 00037506  /system/lib/libmedia.so (_ZN7android10AudioTrackD2Ev)
I/DEBUG   ( 3908):          #01  pc 00045c26  /system/lib/libmedia.so (_ZN7android13ToneGeneratorD1Ev)
I/DEBUG   ( 3908):          #02  pc 0006e1d4  /system/lib/libandroid_runtime.so
I/DEBUG   ( 3908):          #03  pc 0001ecb0  /system/lib/libdvm.so (dvmPlatformInvoke)
I/DEBUG   ( 3908):          #04  pc 0005884a  /system/lib/libdvm.so (_Z16dvmCallJNIMethodPKjP6JValuePK6MethodP6Thread)
I/DEBUG   ( 3908): 
I/DEBUG   ( 3908): code around pc:
I/DEBUG   ( 3908): 4091a4e4 463b9308 f8cd9506 f7ff901c 62e0fe81  ..;F...........b
I/DEBUG   ( 3908): 4091a4f4 f7fe4628 4620fced e8bdb00d bf0083f0  (F.... F........
I/DEBUG   ( 3908): 4091a504 6ac5b570 2d004604 f7ffd134 68a0fc89  p..j.F.-4......h
I/DEBUG   ( 3908): 4091a514 f7fdb160 68a3eafa 681ab143 0108f104  `......hC..h....
I/DEBUG   ( 3908): 4091a524 0c0cf852 f7fd1818 60a5ea5a b1136823  R.......Z..`#h..
I/DEBUG   ( 3908): 
I/DEBUG   ( 3908): code around lr:
I/DEBUG   ( 3908): 40928c08 bd7ceece 0000adf0 0000ae9c 6ac3b570  ..|.........p..j
I/DEBUG   ( 3908): 40928c18 b14b4604 ffc6f7ff b12d6ae5 f7f14628  .FK......j-.(F..
I/DEBUG   ( 3908): 40928c28 4628fc6d eea2f7ee 0048f104 ff10f7ff  m.(F......H.....
I/DEBUG   ( 3908): 40928c38 0038f104 ea42f7ef 0034f104 ee84f7ee  ..8...B...4.....
I/DEBUG   ( 3908): 40928c48 0030f104 ee80f7ee bd704620 b5f72963  ..0..... Fp.c)..
I/DEBUG   ( 3908): 
I/DEBUG   ( 3908): memory map around addr 542f6195:
I/DEBUG   ( 3908): 4aea3000-4afa2000 
I/DEBUG   ( 3908): (no map for address)
I/DEBUG   ( 3908): b0001000-b0009000 /system/bin/linker
I/DEBUG   ( 3908): 
I/DEBUG   ( 3908): stack:
I/DEBUG   ( 3908):     bed18578  00000000  
I/DEBUG   ( 3908):     bed1857c  001fd4a8  [heap]
I/DEBUG   ( 3908):     bed18580  401a14b0  
I/DEBUG   ( 3908):     bed18584  4081a05d  /system/lib/libdvm.so
I/DEBUG   ( 3908):     bed18588  28700019  
I/DEBUG   ( 3908):     bed1858c  46179c28  
I/DEBUG   ( 3908):     bed18590  001fd4a8  [heap]
I/DEBUG   ( 3908):     bed18594  001fd4d8  [heap]
I/DEBUG   ( 3908):     bed18598  401a14b0  
I/DEBUG   ( 3908):     bed1859c  4081a05d  /system/lib/libdvm.so
I/DEBUG   ( 3908):     bed185a0  28700019  
I/DEBUG   ( 3908):     bed185a4  46179c28  
I/DEBUG   ( 3908):     bed185a8  00000000  
I/DEBUG   ( 3908):     bed185ac  40928c0b  /system/lib/libmedia.so
I/DEBUG   ( 3908):     bed185b0  df0027ad  
I/DEBUG   ( 3908):     bed185b4  00000000  
I/DEBUG   ( 3908): #00 bed185b8  001fd4a8  [heap]
I/DEBUG   ( 3908):     bed185bc  542f6169  
I/DEBUG   ( 3908):     bed185c0  401a14b0  
I/DEBUG   ( 3908):     bed185c4  40928c2b  /system/lib/libmedia.so
I/DEBUG   ( 3908): #01 bed185c8  001fd4a8  [heap]
I/DEBUG   ( 3908):     bed185cc  0000f2c8  [heap]
I/DEBUG   ( 3908):     bed185d0  401a14b0  
I/DEBUG   ( 3908):     bed185d4  4017a1d7  /system/lib/libandroid_runtime.so
I/BootReceiver(  304): Copying /data/tombstones/tombstone_09 to DropBox (SYSTEM_TOMBSTONE)
I/ActivityManager(  304): Process com.android.phone (pid 4305) has died.
W/ActivityManager(  304): Canceling start item Intent { cmp=com.android.phone/.BluetoothHeadsetService } in service ComponentInfo{com.android.phone/com.android.phone.BluetoothHeadsetService}
W/ActivityManager(  304): Scheduling restart of crashed service com.android.phone/.BluetoothHeadsetService in 4646ms
I/ActivityManager(  304): Start proc com.android.phone for restart com.android.phone: pid=4348 uid=1001 gids={3002, 3001, 3003, 1015}
I/WindowManager(  304): SCREENLAYOUT_SIZE (1:small, 2:normal, 3:large, 4:xlarge) 2
I/ActivityThread( 4348): Pub mms: com.android.providers.telephony.MmsProvider
I/ActivityThread( 4348): Pub sms: com.android.providers.telephony.SmsProvider
I/ActivityThread( 4348): Pub telephony: com.android.providers.telephony.TelephonyProvider
W/TelephonyProvider( 4348): onCreate: confFile=/system/etc/apns-conf.xml oldCheckSum=3358775275
W/TelephonyProvider( 4348): onCreate: newCheckSum=3358775275
I/ActivityThread( 4348): Pub icc: com.android.phone.IccProvider
I/ActivityThread( 4348): Pub mms-sms: com.android.providers.telephony.MmsSmsProvider
D/PhoneApp( 4348): non dsds PhoneApp:
D/CallManager( 4348): registerPhone(CDMA Handler (com.android.internal.telephony.PhoneProxy) {412eae58})
D/PhoneInterfaceManager( 4348):  Registering for UNSOL OEM HOOK Responses to deliver external apps
D/PhoneStatusBarPolicy(  472): updateSimState for subscription :0
D/PhoneStatusBarPolicy(  472): updateSimState for subscription :0
D/Bluetooth HS/HF( 4348): CDMA call state: IDLE prev state:IDLE
E/ToneGenerator( 4348): Unable to marshal AudioFlinger
E/ToneGenerator( 4348): ToneGenerator init failed 
F/libc    ( 4348): Fatal signal 11 (SIGSEGV) at 0x6f542e8d (code=1)
I/DEBUG   ( 3908): *** *** *** *** *** *** *** *** *** *** *** *** *** *** *** ***
I/DEBUG   ( 3908): Build fingerprint: 'qcom/msm8660_surf/msm8660_surf:4.0.3/IML74K/eng.joey.20120210.232528:eng/test-keys'
I/DEBUG   ( 3908): pid: 4348, tid: 4348  >>> com.android.phone <<<
I/DEBUG   ( 3908): signal 11 (SIGSEGV), code 1 (SEGV_MAPERR), fault addr 6f542e8d
I/DEBUG   ( 3908):  r0 6f542e61  r1 001ac778  r2 001ac748  r3 bed18188
I/DEBUG   ( 3908):  r4 001ac748  r5 6f542e61  r6 401a14b0  r7 4081a05d
I/DEBUG   ( 3908):  r8 29300019  r9 46179c28  10 00000000  fp bed18604
I/DEBUG   ( 3908):  ip 4094e048  sp bed185b8  lr 40928c2b  pc 4091a506  cpsr 60000030
I/DEBUG   ( 3908):  d0  662074696e692061  d1  7541206c61687369
I/DEBUG   ( 3908):  d2  000000040000036c  d3  4a52402800000065
I/DEBUG   ( 3908):  d4  004d006500630069  d5  00670061006e0061
I/DEBUG   ( 3908):  d6  0000000000720065  d7  484f339000000012
I/DEBUG   ( 3908):  d8  0000000000000000  d9  0000000000000000
I/DEBUG   ( 3908):  d10 0000000000000000  d11 0000000000000000
I/DEBUG   ( 3908):  d12 0000000000000000  d13 0000000000000000
I/DEBUG   ( 3908):  d14 0000000000000000  d15 0000000000000000
I/DEBUG   ( 3908):  d16 3fd43d135cda918c  d17 3ffc63194c570da5
I/DEBUG   ( 3908):  d18 4000000000000000  d19 3fcce7359d4792d9
I/DEBUG   ( 3908):  d20 3f11504c292739d4  d21 bebbb371092382c4
I/DEBUG   ( 3908):  d22 3ff0000000000000  d23 3ff43d135cda918c
I/DEBUG   ( 3908):  d24 3e66376972bea4d0  d25 3fc39a09d078c69f
I/DEBUG   ( 3908):  d26 0000000000000000  d27 0000000000000000
I/DEBUG   ( 3908):  d28 0000000000000000  d29 0000000000000000
I/DEBUG   ( 3908):  d30 0000000000000000  d31 0000000000000000
I/DEBUG   ( 3908):  scr 20000012
I/DEBUG   ( 3908): 
I/DEBUG   ( 3908):          #00  pc 00037506  /system/lib/libmedia.so (_ZN7android10AudioTrackD2Ev)
I/DEBUG   ( 3908):          #01  pc 00045c26  /system/lib/libmedia.so (_ZN7android13ToneGeneratorD1Ev)
I/DEBUG   ( 3908):          #02  pc 0006e1d4  /system/lib/libandroid_runtime.so
I/DEBUG   ( 3908):          #03  pc 0001ecb0  /system/lib/libdvm.so (dvmPlatformInvoke)
I/DEBUG   ( 3908):          #04  pc 0005884a  /system/lib/libdvm.so (_Z16dvmCallJNIMethodPKjP6JValuePK6MethodP6Thread)
I/DEBUG   ( 3908): 
I/DEBUG   ( 3908): code around pc:
I/DEBUG   ( 3908): 4091a4e4 463b9308 f8cd9506 f7ff901c 62e0fe81  ..;F...........b
I/DEBUG   ( 3908): 4091a4f4 f7fe4628 4620fced e8bdb00d bf0083f0  (F.... F........
I/DEBUG   ( 3908): 4091a504 6ac5b570 2d004604 f7ffd134 68a0fc89  p..j.F.-4......h
I/DEBUG   ( 3908): 4091a514 f7fdb160 68a3eafa 681ab143 0108f104  `......hC..h....
I/DEBUG   ( 3908): 4091a524 0c0cf852 f7fd1818 60a5ea5a b1136823  R.......Z..`#h..
I/DEBUG   ( 3908): 
I/DEBUG   ( 3908): code around lr:
I/DEBUG   ( 3908): 40928c08 bd7ceece 0000adf0 0000ae9c 6ac3b570  ..|.........p..j
I/DEBUG   ( 3908): 40928c18 b14b4604 ffc6f7ff b12d6ae5 f7f14628  .FK......j-.(F..
I/DEBUG   ( 3908): 40928c28 4628fc6d eea2f7ee 0048f104 ff10f7ff  m.(F......H.....
I/DEBUG   ( 3908): 40928c38 0038f104 ea42f7ef 0034f104 ee84f7ee  ..8...B...4.....
I/DEBUG   ( 3908): 40928c48 0030f104 ee80f7ee bd704620 b5f72963  ..0..... Fp.c)..
I/DEBUG   ( 3908): 
I/DEBUG   ( 3908): memory map around addr 6f542e8d:
I/DEBUG   ( 3908): 4aea3000-4afa2000 
I/DEBUG   ( 3908): (no map for address)
I/DEBUG   ( 3908): b0001000-b0009000 /system/bin/linker
I/DEBUG   ( 3908): 
I/DEBUG   ( 3908): stack:
I/DEBUG   ( 3908):     bed18578  00000000  
I/DEBUG   ( 3908):     bed1857c  001ac748  [heap]
I/DEBUG   ( 3908):     bed18580  401a14b0  
I/DEBUG   ( 3908):     bed18584  4081a05d  /system/lib/libdvm.so
I/DEBUG   ( 3908):     bed18588  29300019  
I/DEBUG   ( 3908):     bed1858c  46179c28  
I/DEBUG   ( 3908):     bed18590  001ac748  [heap]
I/DEBUG   ( 3908):     bed18594  001ac778  [heap]
I/DEBUG   ( 3908):     bed18598  401a14b0  
I/DEBUG   ( 3908):     bed1859c  4081a05d  /system/lib/libdvm.so
I/DEBUG   ( 3908):     bed185a0  29300019  
I/DEBUG   ( 3908):     bed185a4  46179c28  
I/DEBUG   ( 3908):     bed185a8  00000000  
I/DEBUG   ( 3908):     bed185ac  40928c0b  /system/lib/libmedia.so
I/DEBUG   ( 3908):     bed185b0  df0027ad  
I/DEBUG   ( 3908):     bed185b4  00000000  
I/DEBUG   ( 3908): #00 bed185b8  001ac748  [heap]
I/DEBUG   ( 3908):     bed185bc  6f542e61  
I/DEBUG   ( 3908):     bed185c0  401a14b0  
I/DEBUG   ( 3908):     bed185c4  40928c2b  /system/lib/libmedia.so
I/DEBUG   ( 3908): #01 bed185c8  001ac748  [heap]
I/DEBUG   ( 3908):     bed185cc  0000f2c8  [heap]
I/DEBUG   ( 3908):     bed185d0  401a14b0  
I/DEBUG   ( 3908):     bed185d4  4017a1d7  /system/lib/libandroid_runtime.so
I/BootReceiver(  304): Copying /data/tombstones/tombstone_00 to DropBox (SYSTEM_TOMBSTONE)
I/ActivityManager(  304): Process com.android.phone (pid 4348) has died.
W/ActivityManager(  304): Canceling start item Intent { cmp=com.android.phone/.BluetoothHeadsetService } in service ComponentInfo{com.android.phone/com.android.phone.BluetoothHeadsetService}
W/ActivityManager(  304): Scheduling restart of crashed service com.android.phone/.BluetoothHeadsetService in 5388ms
I/ActivityManager(  304): Start proc com.android.phone for restart com.android.phone: pid=4397 uid=1001 gids={3002, 3001, 3003, 1015}
I/WindowManager(  304): SCREENLAYOUT_SIZE (1:small, 2:normal, 3:large, 4:xlarge) 2
I/ActivityThread( 4397): Pub mms: com.android.providers.telephony.MmsProvider
I/ActivityThread( 4397): Pub sms: com.android.providers.telephony.SmsProvider
I/ActivityThread( 4397): Pub telephony: com.android.providers.telephony.TelephonyProvider
W/TelephonyProvider( 4397): onCreate: confFile=/system/etc/apns-conf.xml oldCheckSum=3358775275
W/TelephonyProvider( 4397): onCreate: newCheckSum=3358775275
I/ActivityThread( 4397): Pub icc: com.android.phone.IccProvider
I/ActivityThread( 4397): Pub mms-sms: com.android.providers.telephony.MmsSmsProvider
D/PhoneApp( 4397): non dsds PhoneApp:
D/CallManager( 4397): registerPhone(CDMA Handler (com.android.internal.telephony.PhoneProxy) {412d8e90})
D/PhoneStatusBarPolicy(  472): updateSimState for subscription :0
D/PhoneInterfaceManager( 4397):  Registering for UNSOL OEM HOOK Responses to deliver external apps
D/PhoneStatusBarPolicy(  472): updateSimState for subscription :0
D/Bluetooth HS/HF( 4397): CDMA call state: IDLE prev state:IDLE
E/ToneGenerator( 4397): Unable to marshal AudioFlinger
E/ToneGenerator( 4397): ToneGenerator init failed 
F/libc    ( 4397): Fatal signal 11 (SIGSEGV) at 0x004d0091 (code=1)
I/DEBUG   ( 3908): *** *** *** *** *** *** *** *** *** *** *** *** *** *** *** ***
I/DEBUG   ( 3908): Build fingerprint: 'qcom/msm8660_surf/msm8660_surf:4.0.3/IML74K/eng.joey.20120210.232528:eng/test-keys'
I/DEBUG   ( 3908): pid: 4397, tid: 4397  >>> com.android.phone <<<
I/DEBUG   ( 3908): signal 11 (SIGSEGV), code 1 (SEGV_MAPERR), fault addr 004d0091
I/DEBUG   ( 3908):  r0 004d0065  r1 001cd158  r2 001cd128  r3 bed18188
I/DEBUG   ( 3908):  r4 001cd128  r5 004d0065  r6 401a14b0  r7 4081a05d
I/DEBUG   ( 3908):  r8 29c00019  r9 46179c28  10 00000000  fp bed18604
I/DEBUG   ( 3908):  ip 4094e048  sp bed185b8  lr 40928c2b  pc 4091a506  cpsr 60000030
I/DEBUG   ( 3908):  d0  662074696e692061  d1  7541206c61687369
I/DEBUG   ( 3908):  d2  000000040000036c  d3  4a52402800000065
I/DEBUG   ( 3908):  d4  004d006500630069  d5  00670061006e0061
I/DEBUG   ( 3908):  d6  0000000000720065  d7  4850255000000012
I/DEBUG   ( 3908):  d8  0000000000000000  d9  0000000000000000
I/DEBUG   ( 3908):  d10 0000000000000000  d11 0000000000000000
I/DEBUG   ( 3908):  d12 0000000000000000  d13 0000000000000000
I/DEBUG   ( 3908):  d14 0000000000000000  d15 0000000000000000
I/DEBUG   ( 3908):  d16 3fd43d135cda918c  d17 3ffc63194c570da5
I/DEBUG   ( 3908):  d18 4000000000000000  d19 3fcce7359d4792d9
I/DEBUG   ( 3908):  d20 3f11504c292739d4  d21 bebbb371092382c4
I/DEBUG   ( 3908):  d22 3ff0000000000000  d23 3ff43d135cda918c
I/DEBUG   ( 3908):  d24 3e66376972bea4d0  d25 3fc39a09d078c69f
I/DEBUG   ( 3908):  d26 0000000000000000  d27 0000000000000000
I/DEBUG   ( 3908):  d28 0000000000000000  d29 0000000000000000
I/DEBUG   ( 3908):  d30 0000000000000000  d31 0000000000000000
I/DEBUG   ( 3908):  scr 20000012
I/DEBUG   ( 3908): 
I/DEBUG   ( 3908):          #00  pc 00037506  /system/lib/libmedia.so (_ZN7android10AudioTrackD2Ev)
I/DEBUG   ( 3908):          #01  pc 00045c26  /system/lib/libmedia.so (_ZN7android13ToneGeneratorD1Ev)
I/DEBUG   ( 3908):          #02  pc 0006e1d4  /system/lib/libandroid_runtime.so
I/DEBUG   ( 3908):          #03  pc 0001ecb0  /system/lib/libdvm.so (dvmPlatformInvoke)
I/DEBUG   ( 3908):          #04  pc 0005884a  /system/lib/libdvm.so (_Z16dvmCallJNIMethodPKjP6JValuePK6MethodP6Thread)
I/DEBUG   ( 3908): 
I/DEBUG   ( 3908): code around pc:
I/DEBUG   ( 3908): 4091a4e4 463b9308 f8cd9506 f7ff901c 62e0fe81  ..;F...........b
I/DEBUG   ( 3908): 4091a4f4 f7fe4628 4620fced e8bdb00d bf0083f0  (F.... F........
I/DEBUG   ( 3908): 4091a504 6ac5b570 2d004604 f7ffd134 68a0fc89  p..j.F.-4......h
I/DEBUG   ( 3908): 4091a514 f7fdb160 68a3eafa 681ab143 0108f104  `......hC..h....
I/DEBUG   ( 3908): 4091a524 0c0cf852 f7fd1818 60a5ea5a b1136823  R.......Z..`#h..
I/DEBUG   ( 3908): 
I/DEBUG   ( 3908): code around lr:
I/DEBUG   ( 3908): 40928c08 bd7ceece 0000adf0 0000ae9c 6ac3b570  ..|.........p..j
I/DEBUG   ( 3908): 40928c18 b14b4604 ffc6f7ff b12d6ae5 f7f14628  .FK......j-.(F..
I/DEBUG   ( 3908): 40928c28 4628fc6d eea2f7ee 0048f104 ff10f7ff  m.(F......H.....
I/DEBUG   ( 3908): 40928c38 0038f104 ea42f7ef 0034f104 ee84f7ee  ..8...B...4.....
I/DEBUG   ( 3908): 40928c48 0030f104 ee80f7ee bd704620 b5f72963  ..0..... Fp.c)..
I/DEBUG   ( 3908): 
I/DEBUG   ( 3908): memory map around addr 004d0091:
I/DEBUG   ( 3908): 0000b000-00239000 [heap]
I/DEBUG   ( 3908): (no map for address)
I/DEBUG   ( 3908): 10000000-10001000 
I/DEBUG   ( 3908): 
I/DEBUG   ( 3908): stack:
I/DEBUG   ( 3908):     bed18578  00000000  
I/DEBUG   ( 3908):     bed1857c  001cd128  [heap]
I/DEBUG   ( 3908):     bed18580  401a14b0  
I/DEBUG   ( 3908):     bed18584  4081a05d  /system/lib/libdvm.so
I/DEBUG   ( 3908):     bed18588  29c00019  
I/DEBUG   ( 3908):     bed1858c  46179c28  
I/DEBUG   ( 3908):     bed18590  001cd128  [heap]
I/DEBUG   ( 3908):     bed18594  001cd158  [heap]
I/DEBUG   ( 3908):     bed18598  401a14b0  
I/DEBUG   ( 3908):     bed1859c  4081a05d  /system/lib/libdvm.so
I/DEBUG   ( 3908):     bed185a0  29c00019  
I/DEBUG   ( 3908):     bed185a4  46179c28  
I/DEBUG   ( 3908):     bed185a8  00000000  
I/DEBUG   ( 3908):     bed185ac  40928c0b  /system/lib/libmedia.so
I/DEBUG   ( 3908):     bed185b0  df0027ad  
I/DEBUG   ( 3908):     bed185b4  00000000  
I/DEBUG   ( 3908): #00 bed185b8  001cd128  [heap]
I/DEBUG   ( 3908):     bed185bc  004d0065  
I/DEBUG   ( 3908):     bed185c0  401a14b0  
I/DEBUG   ( 3908):     bed185c4  40928c2b  /system/lib/libmedia.so
I/DEBUG   ( 3908): #01 bed185c8  001cd128  [heap]
I/DEBUG   ( 3908):     bed185cc  0000f2c8  [heap]
I/DEBUG   ( 3908):     bed185d0  401a14b0  
I/DEBUG   ( 3908):     bed185d4  4017a1d7  /system/lib/libandroid_runtime.so
I/BootReceiver(  304): Copying /data/tombstones/tombstone_01 to DropBox (SYSTEM_TOMBSTONE)
I/ActivityManager(  304): Process com.android.phone (pid 4397) has died.
W/ActivityManager(  304): Canceling start item Intent { cmp=com.android.phone/.BluetoothHeadsetService } in service ComponentInfo{com.android.phone/com.android.phone.BluetoothHeadsetService}
W/ActivityManager(  304): Scheduling restart of crashed service com.android.phone/.BluetoothHeadsetService in 5534ms
I/WindowManager(  304): SCREENLAYOUT_SIZE (1:small, 2:normal, 3:large, 4:xlarge) 2
I/ActivityManager(  304): Start proc com.android.phone for restart com.android.phone: pid=4441 uid=1001 gids={3002, 3001, 3003, 1015}
I/ActivityThread( 4441): Pub mms: com.android.providers.telephony.MmsProvider
I/ActivityThread( 4441): Pub sms: com.android.providers.telephony.SmsProvider
I/ActivityThread( 4441): Pub telephony: com.android.providers.telephony.TelephonyProvider
W/TelephonyProvider( 4441): onCreate: confFile=/system/etc/apns-conf.xml oldCheckSum=3358775275
W/TelephonyProvider( 4441): onCreate: newCheckSum=3358775275
I/ActivityThread( 4441): Pub icc: com.android.phone.IccProvider
I/ActivityThread( 4441): Pub mms-sms: com.android.providers.telephony.MmsSmsProvider
D/PhoneApp( 4441): non dsds PhoneApp:
D/PhoneStatusBarPolicy(  472): updateSimState for subscription :0
D/CallManager( 4441): registerPhone(CDMA Handler (com.android.internal.telephony.PhoneProxy) {412eb1c0})
D/PhoneInterfaceManager( 4441):  Registering for UNSOL OEM HOOK Responses to deliver external apps
D/PhoneStatusBarPolicy(  472): updateSimState for subscription :0
D/Bluetooth HS/HF( 4441): CDMA call state: IDLE prev state:IDLE
E/ToneGenerator( 4441): Unable to marshal AudioFlinger
E/ToneGenerator( 4441): ToneGenerator init failed 
F/libc    ( 4441): Fatal signal 11 (SIGSEGV) at 0x69000200 (code=1)
I/DEBUG   ( 3908): *** *** *** *** *** *** *** *** *** *** *** *** *** *** *** ***
I/DEBUG   ( 3908): Build fingerprint: 'qcom/msm8660_surf/msm8660_surf:4.0.3/IML74K/eng.joey.20120210.232528:eng/test-keys'
I/DEBUG   ( 3908): pid: 4441, tid: 4441  >>> com.android.phone <<<
I/DEBUG   ( 3908): signal 11 (SIGSEGV), code 1 (SEGV_MAPERR), fault addr 69000200
I/DEBUG   ( 3908):  r0 ffffffff  r1 69000200  r2 00140014  r3 001e1f38
I/DEBUG   ( 3908):  r4 ffffffff  r5 69000200  r6 4004c518  r7 4081a05d
I/DEBUG   ( 3908):  r8 2aa00019  r9 46179c28  10 00000000  fp bed18604
I/DEBUG   ( 3908):  ip 400c9078  sp bed18590  lr 400820e8  pc 400820e8  cpsr 00000010
I/DEBUG   ( 3908):  d0  662074696e692061  d1  7541206c61687369
I/DEBUG   ( 3908):  d2  000000040000036c  d3  4a52402800000065
I/DEBUG   ( 3908):  d4  004d006500630069  d5  00670061006e0061
I/DEBUG   ( 3908):  d6  0000000000720065  d7  0016000000000012
I/DEBUG   ( 3908):  d8  0000000000000000  d9  0000000000000000
I/DEBUG   ( 3908):  d10 0000000000000000  d11 0000000000000000
I/DEBUG   ( 3908):  d12 0000000000000000  d13 0000000000000000
I/DEBUG   ( 3908):  d14 0000000000000000  d15 0000000000000000
I/DEBUG   ( 3908):  d16 3fd43d135cda918c  d17 3ffc63194c570da5
I/DEBUG   ( 3908):  d18 4000000000000000  d19 3fcce7359d4792d9
I/DEBUG   ( 3908):  d20 3f11504c292739d4  d21 bebbb371092382c4
I/DEBUG   ( 3908):  d22 3ff0000000000000  d23 3ff43d135cda918c
I/DEBUG   ( 3908):  d24 3e66376972bea4d0  d25 3fc39a09d078c69f
I/DEBUG   ( 3908):  d26 0000000000000000  d27 0000000000000000
I/DEBUG   ( 3908):  d28 0000000000000000  d29 0000000000000000
I/DEBUG   ( 3908):  d30 0000000000000000  d31 0000000000000000
I/DEBUG   ( 3908):  scr 20000012
I/DEBUG   ( 3908): 
I/DEBUG   ( 3908):          #00  pc 000050e8  /system/lib/libcutils.so (android_atomic_add)
I/DEBUG   ( 3908):          #01  pc 0001a058  /system/lib/libutils.so (_ZNK7android7RefBase9decStrongEPKv)
I/DEBUG   ( 3908):          #02  pc 00035ee8  /system/lib/libmedia.so (_ZN7android2spINS_11IAudioTrackEED1Ev)
I/DEBUG   ( 3908):          #03  pc 00037584  /system/lib/libmedia.so (_ZN7android10AudioTrackD2Ev)
I/DEBUG   ( 3908):          #04  pc 00045c26  /system/lib/libmedia.so (_ZN7android13ToneGeneratorD1Ev)
I/DEBUG   ( 3908):          #05  pc 0006e1d4  /system/lib/libandroid_runtime.so
I/DEBUG   ( 3908):          #06  pc 0001ecb0  /system/lib/libdvm.so (dvmPlatformInvoke)
I/DEBUG   ( 3908):          #07  pc 0005884a  /system/lib/libdvm.so (_Z16dvmCallJNIMethodPKjP6JValuePK6MethodP6Thread)
I/DEBUG   ( 3908): 
I/DEBUG   ( 3908): code around pc:
I/DEBUG   ( 3908): 400820c8 e1853f92 e3530000 1afffffa e8bd8070  .?....S.....p...
I/DEBUG   ( 3908): 400820d8 e92d4070 e1a04000 e1a05001 ebffffd1  p@-..@...P......
I/DEBUG   ( 3908): 400820e8 e1950f9f e0802004 e1853f92 e3530000  ..... ...?....S.
I/DEBUG   ( 3908): 400820f8 1afffffa e8bd8070 e1a01000 e3e00000  ....p...........
I/DEBUG   ( 3908): 40082108 eafffff2 e1a01000 e3a00001 eaffffef  ................
I/DEBUG   ( 3908): 
I/DEBUG   ( 3908): memory map around addr 69000200:
I/DEBUG   ( 3908): 4aea3000-4afa2000 
I/DEBUG   ( 3908): (no map for address)
I/DEBUG   ( 3908): b0001000-b0009000 /system/bin/linker
I/DEBUG   ( 3908): 
I/DEBUG   ( 3908): stack:
I/DEBUG   ( 3908):     bed18550  4087df60  /system/lib/libdvm.so
I/DEBUG   ( 3908):     bed18554  4620cd78  /dev/ashmem/dalvik-LinearAlloc (deleted)
I/DEBUG   ( 3908):     bed18558  2aa00019  
I/DEBUG   ( 3908):     bed1855c  e8e9af60  
I/DEBUG   ( 3908):     bed18560  2aa00019  
I/DEBUG   ( 3908):     bed18564  bed185a4  [stack]
I/DEBUG   ( 3908):     bed18568  4620cd78  /dev/ashmem/dalvik-LinearAlloc (deleted)
I/DEBUG   ( 3908):     bed1856c  0000f2c8  [heap]
I/DEBUG   ( 3908):     bed18570  40827491  /system/lib/libdvm.so
I/DEBUG   ( 3908):     bed18574  2aa00019  
I/DEBUG   ( 3908):     bed18578  00000000  
I/DEBUG   ( 3908):     bed1857c  001cf248  [heap]
I/DEBUG   ( 3908):     bed18580  00008000  /system/bin/app_process
I/DEBUG   ( 3908):     bed18584  00008000  /system/bin/app_process
I/DEBUG   ( 3908):     bed18588  df0027ad  
I/DEBUG   ( 3908):     bed1858c  00000000  
I/DEBUG   ( 3908): #00 bed18590  69000200  
I/DEBUG   ( 3908):     bed18594  001e290f  [heap]
I/DEBUG   ( 3908):     bed18598  4004c518  
I/DEBUG   ( 3908):     bed1859c  400b505b  /system/lib/libutils.so
I/DEBUG   ( 3908): #01 bed185a0  4004c518  
I/DEBUG   ( 3908):     bed185a4  001ac7c0  [heap]
I/DEBUG   ( 3908):     bed185a8  401a14b0  
I/DEBUG   ( 3908):     bed185ac  40918eeb  /system/lib/libmedia.so
I/BootReceiver(  304): Copying /data/tombstones/tombstone_02 to DropBox (SYSTEM_TOMBSTONE)
I/ActivityManager(  304): Process com.android.phone (pid 4441) has died.
W/ActivityManager(  304): Canceling start item Intent { cmp=com.android.phone/.BluetoothHeadsetService } in service ComponentInfo{com.android.phone/com.android.phone.BluetoothHeadsetService}
W/ActivityManager(  304): Scheduling restart of crashed service com.android.phone/.BluetoothHeadsetService in 4820ms
I/WindowManager(  304): SCREENLAYOUT_SIZE (1:small, 2:normal, 3:large, 4:xlarge) 2
I/ActivityManager(  304): Start proc com.android.phone for restart com.android.phone: pid=4490 uid=1001 gids={3002, 3001, 3003, 1015}
I/ActivityThread( 4490): Pub mms: com.android.providers.telephony.MmsProvider
I/ActivityThread( 4490): Pub sms: com.android.providers.telephony.SmsProvider
I/ActivityThread( 4490): Pub telephony: com.android.providers.telephony.TelephonyProvider
W/TelephonyProvider( 4490): onCreate: confFile=/system/etc/apns-conf.xml oldCheckSum=3358775275
W/TelephonyProvider( 4490): onCreate: newCheckSum=3358775275
I/ActivityThread( 4490): Pub icc: com.android.phone.IccProvider
I/ActivityThread( 4490): Pub mms-sms: com.android.providers.telephony.MmsSmsProvider
D/PhoneApp( 4490): non dsds PhoneApp:
D/PhoneStatusBarPolicy(  472): updateSimState for subscription :0
D/CallManager( 4490): registerPhone(CDMA Handler (com.android.internal.telephony.PhoneProxy) {412c74f0})
D/PhoneInterfaceManager( 4490):  Registering for UNSOL OEM HOOK Responses to deliver external apps
D/PhoneStatusBarPolicy(  472): updateSimState for subscription :0
D/Bluetooth HS/HF( 4490): CDMA call state: IDLE prev state:IDLE
E/ToneGenerator( 4490): Unable to marshal AudioFlinger
E/ToneGenerator( 4490): ToneGenerator init failed 
F/libc    ( 4490): Fatal signal 11 (SIGSEGV) at 0x6f542e8d (code=1)
I/DEBUG   ( 3908): *** *** *** *** *** *** *** *** *** *** *** *** *** *** *** ***
I/DEBUG   ( 3908): Build fingerprint: 'qcom/msm8660_surf/msm8660_surf:4.0.3/IML74K/eng.joey.20120210.232528:eng/test-keys'
I/DEBUG   ( 3908): pid: 4490, tid: 4490  >>> com.android.phone <<<
I/DEBUG   ( 3908): signal 11 (SIGSEGV), code 1 (SEGV_MAPERR), fault addr 6f542e8d
I/DEBUG   ( 3908):  r0 6f542e61  r1 0016cb38  r2 0016cb08  r3 bed18188
I/DEBUG   ( 3908):  r4 0016cb08  r5 6f542e61  r6 401a14b0  r7 4081a05d
I/DEBUG   ( 3908):  r8 2be00019  r9 46179c28  10 00000000  fp bed18604
I/DEBUG   ( 3908):  ip 4094e048  sp bed185b8  lr 40928c2b  pc 4091a506  cpsr 60000030
I/DEBUG   ( 3908):  d0  662074696e692061  d1  7541206c61687369
I/DEBUG   ( 3908):  d2  000000040000036c  d3  4a52402800000065
I/DEBUG   ( 3908):  d4  004d006500630069  d5  00670061006e0061
I/DEBUG   ( 3908):  d6  0000000000720065  d7  0068007000000012
I/DEBUG   ( 3908):  d8  0000000000000000  d9  0000000000000000
I/DEBUG   ( 3908):  d10 0000000000000000  d11 0000000000000000
I/DEBUG   ( 3908):  d12 0000000000000000  d13 0000000000000000
I/DEBUG   ( 3908):  d14 0000000000000000  d15 0000000000000000
I/DEBUG   ( 3908):  d16 3fd43d135cda918c  d17 3ffc63194c570da5
I/DEBUG   ( 3908):  d18 4000000000000000  d19 3fcce7359d4792d9
I/DEBUG   ( 3908):  d20 3f11504c292739d4  d21 bebbb371092382c4
I/DEBUG   ( 3908):  d22 3ff0000000000000  d23 3ff43d135cda918c
I/DEBUG   ( 3908):  d24 3e66376972bea4d0  d25 3fc39a09d078c69f
I/DEBUG   ( 3908):  d26 0000000000000000  d27 0000000000000000
I/DEBUG   ( 3908):  d28 0000000000000000  d29 0000000000000000
I/DEBUG   ( 3908):  d30 0000000000000000  d31 0000000000000000
I/DEBUG   ( 3908):  scr 20000012
I/DEBUG   ( 3908): 
I/DEBUG   ( 3908):          #00  pc 00037506  /system/lib/libmedia.so (_ZN7android10AudioTrackD2Ev)
I/DEBUG   ( 3908):          #01  pc 00045c26  /system/lib/libmedia.so (_ZN7android13ToneGeneratorD1Ev)
I/DEBUG   ( 3908):          #02  pc 0006e1d4  /system/lib/libandroid_runtime.so
I/DEBUG   ( 3908):          #03  pc 0001ecb0  /system/lib/libdvm.so (dvmPlatformInvoke)
I/DEBUG   ( 3908):          #04  pc 0005884a  /system/lib/libdvm.so (_Z16dvmCallJNIMethodPKjP6JValuePK6MethodP6Thread)
I/DEBUG   ( 3908): 
I/DEBUG   ( 3908): code around pc:
I/DEBUG   ( 3908): 4091a4e4 463b9308 f8cd9506 f7ff901c 62e0fe81  ..;F...........b
I/DEBUG   ( 3908): 4091a4f4 f7fe4628 4620fced e8bdb00d bf0083f0  (F.... F........
I/DEBUG   ( 3908): 4091a504 6ac5b570 2d004604 f7ffd134 68a0fc89  p..j.F.-4......h
I/DEBUG   ( 3908): 4091a514 f7fdb160 68a3eafa 681ab143 0108f104  `......hC..h....
I/DEBUG   ( 3908): 4091a524 0c0cf852 f7fd1818 60a5ea5a b1136823  R.......Z..`#h..
I/DEBUG   ( 3908): 
I/DEBUG   ( 3908): code around lr:
I/DEBUG   ( 3908): 40928c08 bd7ceece 0000adf0 0000ae9c 6ac3b570  ..|.........p..j
I/DEBUG   ( 3908): 40928c18 b14b4604 ffc6f7ff b12d6ae5 f7f14628  .FK......j-.(F..
I/DEBUG   ( 3908): 40928c28 4628fc6d eea2f7ee 0048f104 ff10f7ff  m.(F......H.....
I/DEBUG   ( 3908): 40928c38 0038f104 ea42f7ef 0034f104 ee84f7ee  ..8...B...4.....
I/DEBUG   ( 3908): 40928c48 0030f104 ee80f7ee bd704620 b5f72963  ..0..... Fp.c)..
I/DEBUG   ( 3908): 
I/DEBUG   ( 3908): memory map around addr 6f542e8d:
I/DEBUG   ( 3908): 4aea3000-4afa2000 
I/DEBUG   ( 3908): (no map for address)
I/DEBUG   ( 3908): b0001000-b0009000 /system/bin/linker
I/DEBUG   ( 3908): 
I/DEBUG   ( 3908): stack:
I/DEBUG   ( 3908):     bed18578  00000000  
I/DEBUG   ( 3908):     bed1857c  0016cb08  [heap]
I/DEBUG   ( 3908):     bed18580  401a14b0  
I/DEBUG   ( 3908):     bed18584  4081a05d  /system/lib/libdvm.so
I/DEBUG   ( 3908):     bed18588  2be00019  
I/DEBUG   ( 3908):     bed1858c  46179c28  
I/DEBUG   ( 3908):     bed18590  0016cb08  [heap]
I/DEBUG   ( 3908):     bed18594  0016cb38  [heap]
I/DEBUG   ( 3908):     bed18598  401a14b0  
I/DEBUG   ( 3908):     bed1859c  4081a05d  /system/lib/libdvm.so
I/DEBUG   ( 3908):     bed185a0  2be00019  
I/DEBUG   ( 3908):     bed185a4  46179c28  
I/DEBUG   ( 3908):     bed185a8  00000000  
I/DEBUG   ( 3908):     bed185ac  40928c0b  /system/lib/libmedia.so
I/DEBUG   ( 3908):     bed185b0  df0027ad  
I/DEBUG   ( 3908):     bed185b4  00000000  
I/DEBUG   ( 3908): #00 bed185b8  0016cb08  [heap]
I/DEBUG   ( 3908):     bed185bc  6f542e61  
I/DEBUG   ( 3908):     bed185c0  401a14b0  
I/DEBUG   ( 3908):     bed185c4  40928c2b  /system/lib/libmedia.so
I/DEBUG   ( 3908): #01 bed185c8  0016cb08  [heap]
I/DEBUG   ( 3908):     bed185cc  0000f2c8  [heap]
I/DEBUG   ( 3908):     bed185d0  401a14b0  
I/DEBUG   ( 3908):     bed185d4  4017a1d7  /system/lib/libandroid_runtime.so
I/BootReceiver(  304): Copying /data/tombstones/tombstone_03 to DropBox (SYSTEM_TOMBSTONE)
I/ActivityManager(  304): Process com.android.phone (pid 4490) has died.
W/ActivityManager(  304): Canceling start item Intent { cmp=com.android.phone/.BluetoothHeadsetService } in service ComponentInfo{com.android.phone/com.android.phone.BluetoothHeadsetService}
W/ActivityManager(  304): Scheduling restart of crashed service com.android.phone/.BluetoothHeadsetService in 4652ms
I/ActivityManager(  304): Start proc com.android.phone for restart com.android.phone: pid=4534 uid=1001 gids={3002, 3001, 3003, 1015}
I/WindowManager(  304): SCREENLAYOUT_SIZE (1:small, 2:normal, 3:large, 4:xlarge) 2
I/ActivityThread( 4534): Pub mms: com.android.providers.telephony.MmsProvider
I/ActivityThread( 4534): Pub sms: com.android.providers.telephony.SmsProvider
I/ActivityThread( 4534): Pub telephony: com.android.providers.telephony.TelephonyProvider
W/TelephonyProvider( 4534): onCreate: confFile=/system/etc/apns-conf.xml oldCheckSum=3358775275
W/TelephonyProvider( 4534): onCreate: newCheckSum=3358775275
I/ActivityThread( 4534): Pub icc: com.android.phone.IccProvider
I/ActivityThread( 4534): Pub mms-sms: com.android.providers.telephony.MmsSmsProvider
D/PhoneApp( 4534): non dsds PhoneApp:
D/CallManager( 4534): registerPhone(CDMA Handler (com.android.internal.telephony.PhoneProxy) {412ecd88})
D/PhoneStatusBarPolicy(  472): updateSimState for subscription :0
D/PhoneStatusBarPolicy(  472): updateSimState for subscription :0
D/PhoneInterfaceManager( 4534):  Registering for UNSOL OEM HOOK Responses to deliver external apps
D/Bluetooth HS/HF( 4534): CDMA call state: IDLE prev state:IDLE
E/ToneGenerator( 4534): Unable to marshal AudioFlinger
E/ToneGenerator( 4534): ToneGenerator init failed 
F/libc    ( 4534): Fatal signal 11 (SIGSEGV) at 0x6f542e8d (code=1)
I/DEBUG   ( 3908): *** *** *** *** *** *** *** *** *** *** *** *** *** *** *** ***
I/DEBUG   ( 3908): Build fingerprint: 'qcom/msm8660_surf/msm8660_surf:4.0.3/IML74K/eng.joey.20120210.232528:eng/test-keys'
I/DEBUG   ( 3908): pid: 4534, tid: 4534  >>> com.android.phone <<<
I/DEBUG   ( 3908): signal 11 (SIGSEGV), code 1 (SEGV_MAPERR), fault addr 6f542e8d
I/DEBUG   ( 3908):  r0 6f542e61  r1 0016ca30  r2 0016ca00  r3 bed18188
I/DEBUG   ( 3908):  r4 0016ca00  r5 6f542e61  r6 401a14b0  r7 4081a05d
I/DEBUG   ( 3908):  r8 2c200019  r9 46179c28  10 00000000  fp bed18604
I/DEBUG   ( 3908):  ip 4094e048  sp bed185b8  lr 40928c2b  pc 4091a506  cpsr 60000030
I/DEBUG   ( 3908):  d0  662074696e692061  d1  7541206c61687369
I/DEBUG   ( 3908):  d2  000000040000036c  d3  4a52402800000065
I/DEBUG   ( 3908):  d4  0076007200650053  d5  004d006500630069
I/DEBUG   ( 3908):  d6  00670061006e0061  d7  0000000000720065
I/DEBUG   ( 3908):  d8  0000000000000000  d9  0000000000000000
I/DEBUG   ( 3908):  d10 0000000000000000  d11 0000000000000000
I/DEBUG   ( 3908):  d12 0000000000000000  d13 0000000000000000
I/DEBUG   ( 3908):  d14 0000000000000000  d15 0000000000000000
I/DEBUG   ( 3908):  d16 3fd43d135cda918c  d17 3ffc63194c570da5
I/DEBUG   ( 3908):  d18 4000000000000000  d19 3fcce7359d4792d9
I/DEBUG   ( 3908):  d20 3f11504c292739d4  d21 bebbb371092382c4
I/DEBUG   ( 3908):  d22 3ff0000000000000  d23 3ff43d135cda918c
I/DEBUG   ( 3908):  d24 3e66376972bea4d0  d25 3fc39a09d078c69f
I/DEBUG   ( 3908):  d26 0000000000000000  d27 0000000000000000
I/DEBUG   ( 3908):  d28 0000000000000000  d29 0000000000000000
I/DEBUG   ( 3908):  d30 0000000000000000  d31 0000000000000000
I/DEBUG   ( 3908):  scr 20000012
I/DEBUG   ( 3908): 
I/DEBUG   ( 3908):          #00  pc 00037506  /system/lib/libmedia.so (_ZN7android10AudioTrackD2Ev)
I/DEBUG   ( 3908):          #01  pc 00045c26  /system/lib/libmedia.so (_ZN7android13ToneGeneratorD1Ev)
I/DEBUG   ( 3908):          #02  pc 0006e1d4  /system/lib/libandroid_runtime.so
I/DEBUG   ( 3908):          #03  pc 0001ecb0  /system/lib/libdvm.so (dvmPlatformInvoke)
I/DEBUG   ( 3908):          #04  pc 0005884a  /system/lib/libdvm.so (_Z16dvmCallJNIMethodPKjP6JValuePK6MethodP6Thread)
I/DEBUG   ( 3908): 
I/DEBUG   ( 3908): code around pc:
I/DEBUG   ( 3908): 4091a4e4 463b9308 f8cd9506 f7ff901c 62e0fe81  ..;F...........b
I/DEBUG   ( 3908): 4091a4f4 f7fe4628 4620fced e8bdb00d bf0083f0  (F.... F........
I/DEBUG   ( 3908): 4091a504 6ac5b570 2d004604 f7ffd134 68a0fc89  p..j.F.-4......h
I/DEBUG   ( 3908): 4091a514 f7fdb160 68a3eafa 681ab143 0108f104  `......hC..h....
I/DEBUG   ( 3908): 4091a524 0c0cf852 f7fd1818 60a5ea5a b1136823  R.......Z..`#h..
I/DEBUG   ( 3908): 
I/DEBUG   ( 3908): code around lr:
I/DEBUG   ( 3908): 40928c08 bd7ceece 0000adf0 0000ae9c 6ac3b570  ..|.........p..j
I/DEBUG   ( 3908): 40928c18 b14b4604 ffc6f7ff b12d6ae5 f7f14628  .FK......j-.(F..
I/DEBUG   ( 3908): 40928c28 4628fc6d eea2f7ee 0048f104 ff10f7ff  m.(F......H.....
I/DEBUG   ( 3908): 40928c38 0038f104 ea42f7ef 0034f104 ee84f7ee  ..8...B...4.....
I/DEBUG   ( 3908): 40928c48 0030f104 ee80f7ee bd704620 b5f72963  ..0..... Fp.c)..
I/DEBUG   ( 3908): 
I/DEBUG   ( 3908): memory map around addr 6f542e8d:
I/DEBUG   ( 3908): 4aea3000-4afa2000 
I/DEBUG   ( 3908): (no map for address)
I/DEBUG   ( 3908): b0001000-b0009000 /system/bin/linker
I/DEBUG   ( 3908): 
I/DEBUG   ( 3908): stack:
I/DEBUG   ( 3908):     bed18578  00000000  
I/DEBUG   ( 3908):     bed1857c  0016ca00  [heap]
I/DEBUG   ( 3908):     bed18580  401a14b0  
I/DEBUG   ( 3908):     bed18584  4081a05d  /system/lib/libdvm.so
I/DEBUG   ( 3908):     bed18588  2c200019  
I/DEBUG   ( 3908):     bed1858c  46179c28  
I/DEBUG   ( 3908):     bed18590  0016ca00  [heap]
I/DEBUG   ( 3908):     bed18594  0016ca30  [heap]
I/DEBUG   ( 3908):     bed18598  401a14b0  
I/DEBUG   ( 3908):     bed1859c  4081a05d  /system/lib/libdvm.so
I/DEBUG   ( 3908):     bed185a0  2c200019  
I/DEBUG   ( 3908):     bed185a4  46179c28  
I/DEBUG   ( 3908):     bed185a8  00000000  
I/DEBUG   ( 3908):     bed185ac  40928c0b  /system/lib/libmedia.so
I/DEBUG   ( 3908):     bed185b0  df0027ad  
I/DEBUG   ( 3908):     bed185b4  00000000  
I/DEBUG   ( 3908): #00 bed185b8  0016ca00  [heap]
I/DEBUG   ( 3908):     bed185bc  6f542e61  
I/DEBUG   ( 3908):     bed185c0  401a14b0  
I/DEBUG   ( 3908):     bed185c4  40928c2b  /system/lib/libmedia.so
I/DEBUG   ( 3908): #01 bed185c8  0016ca00  [heap]
I/DEBUG   ( 3908):     bed185cc  0000f2c8  [heap]
I/DEBUG   ( 3908):     bed185d0  401a14b0  
I/DEBUG   ( 3908):     bed185d4  4017a1d7  /system/lib/libandroid_runtime.so
I/BootReceiver(  304): Copying /data/tombstones/tombstone_04 to DropBox (SYSTEM_TOMBSTONE)
I/ActivityManager(  304): Process com.android.phone (pid 4534) has died.
W/ActivityManager(  304): Canceling start item Intent { cmp=com.android.phone/.BluetoothHeadsetService } in service ComponentInfo{com.android.phone/com.android.phone.BluetoothHeadsetService}
W/ActivityManager(  304): Scheduling restart of crashed service com.android.phone/.BluetoothHeadsetService in 4900ms
I/WindowManager(  304): SCREENLAYOUT_SIZE (1:small, 2:normal, 3:large, 4:xlarge) 2
I/ActivityManager(  304): Start proc com.android.phone for restart com.android.phone: pid=4583 uid=1001 gids={3002, 3001, 3003, 1015}
I/ActivityThread( 4583): Pub mms: com.android.providers.telephony.MmsProvider
I/ActivityThread( 4583): Pub sms: com.android.providers.telephony.SmsProvider
I/ActivityThread( 4583): Pub telephony: com.android.providers.telephony.TelephonyProvider
W/TelephonyProvider( 4583): onCreate: confFile=/system/etc/apns-conf.xml oldCheckSum=3358775275
W/TelephonyProvider( 4583): onCreate: newCheckSum=3358775275
I/ActivityThread( 4583): Pub icc: com.android.phone.IccProvider
I/ActivityThread( 4583): Pub mms-sms: com.android.providers.telephony.MmsSmsProvider
D/PhoneApp( 4583): non dsds PhoneApp:
D/CallManager( 4583): registerPhone(CDMA Handler (com.android.internal.telephony.PhoneProxy) {41282a28})
D/PhoneInterfaceManager( 4583):  Registering for UNSOL OEM HOOK Responses to deliver external apps
D/PhoneStatusBarPolicy(  472): updateSimState for subscription :0
D/PhoneStatusBarPolicy(  472): updateSimState for subscription :0
D/Bluetooth HS/HF( 4583): CDMA call state: IDLE prev state:IDLE
E/ToneGenerator( 4583): Unable to marshal AudioFlinger
E/ToneGenerator( 4583): ToneGenerator init failed 
F/libc    ( 4583): Fatal signal 11 (SIGSEGV) at 0x6f542e8d (code=1)
I/DEBUG   ( 3908): *** *** *** *** *** *** *** *** *** *** *** *** *** *** *** ***
I/DEBUG   ( 3908): Build fingerprint: 'qcom/msm8660_surf/msm8660_surf:4.0.3/IML74K/eng.joey.20120210.232528:eng/test-keys'
I/DEBUG   ( 3908): pid: 4583, tid: 4583  >>> com.android.phone <<<
I/DEBUG   ( 3908): signal 11 (SIGSEGV), code 1 (SEGV_MAPERR), fault addr 6f542e8d
I/DEBUG   ( 3908):  r0 6f542e61  r1 00170b98  r2 00170b68  r3 bed18188
I/DEBUG   ( 3908):  r4 00170b68  r5 6f542e61  r6 401a14b0  r7 4081a05d
I/DEBUG   ( 3908):  r8 2d700019  r9 46179c28  10 00000000  fp bed18604
I/DEBUG   ( 3908):  ip 4094e048  sp bed185b8  lr 40928c2b  pc 4091a506  cpsr 60000030
I/DEBUG   ( 3908):  d0  662074696e692061  d1  7541206c61687369
I/DEBUG   ( 3908):  d2  000000040000036c  d3  4a52402800000065
I/DEBUG   ( 3908):  d4  004d006500630069  d5  00670061006e0061
I/DEBUG   ( 3908):  d6  0000000000720065  d7  0000000400000012
I/DEBUG   ( 3908):  d8  0000000000000000  d9  0000000000000000
I/DEBUG   ( 3908):  d10 0000000000000000  d11 0000000000000000
I/DEBUG   ( 3908):  d12 0000000000000000  d13 0000000000000000
I/DEBUG   ( 3908):  d14 0000000000000000  d15 0000000000000000
I/DEBUG   ( 3908):  d16 3fd43d135cda918c  d17 3ffc63194c570da5
I/DEBUG   ( 3908):  d18 4000000000000000  d19 3fcce7359d4792d9
I/DEBUG   ( 3908):  d20 3f11504c292739d4  d21 bebbb371092382c4
I/DEBUG   ( 3908):  d22 3ff0000000000000  d23 3ff43d135cda918c
I/DEBUG   ( 3908):  d24 3e66376972bea4d0  d25 3fc39a09d078c69f
I/DEBUG   ( 3908):  d26 0000000000000000  d27 0000000000000000
I/DEBUG   ( 3908):  d28 0000000000000000  d29 0000000000000000
I/DEBUG   ( 3908):  d30 0000000000000000  d31 0000000000000000
I/DEBUG   ( 3908):  scr 20000012
I/DEBUG   ( 3908): 
I/DEBUG   ( 3908):          #00  pc 00037506  /system/lib/libmedia.so (_ZN7android10AudioTrackD2Ev)
I/DEBUG   ( 3908):          #01  pc 00045c26  /system/lib/libmedia.so (_ZN7android13ToneGeneratorD1Ev)
I/DEBUG   ( 3908):          #02  pc 0006e1d4  /system/lib/libandroid_runtime.so
I/DEBUG   ( 3908):          #03  pc 0001ecb0  /system/lib/libdvm.so (dvmPlatformInvoke)
I/DEBUG   ( 3908):          #04  pc 0005884a  /system/lib/libdvm.so (_Z16dvmCallJNIMethodPKjP6JValuePK6MethodP6Thread)
I/DEBUG   ( 3908): 
I/DEBUG   ( 3908): code around pc:
I/DEBUG   ( 3908): 4091a4e4 463b9308 f8cd9506 f7ff901c 62e0fe81  ..;F...........b
I/DEBUG   ( 3908): 4091a4f4 f7fe4628 4620fced e8bdb00d bf0083f0  (F.... F........
I/DEBUG   ( 3908): 4091a504 6ac5b570 2d004604 f7ffd134 68a0fc89  p..j.F.-4......h
I/DEBUG   ( 3908): 4091a514 f7fdb160 68a3eafa 681ab143 0108f104  `......hC..h....
I/DEBUG   ( 3908): 4091a524 0c0cf852 f7fd1818 60a5ea5a b1136823  R.......Z..`#h..
I/DEBUG   ( 3908): 
I/DEBUG   ( 3908): code around lr:
I/DEBUG   ( 3908): 40928c08 bd7ceece 0000adf0 0000ae9c 6ac3b570  ..|.........p..j
I/DEBUG   ( 3908): 40928c18 b14b4604 ffc6f7ff b12d6ae5 f7f14628  .FK......j-.(F..
I/DEBUG   ( 3908): 40928c28 4628fc6d eea2f7ee 0048f104 ff10f7ff  m.(F......H.....
I/DEBUG   ( 3908): 40928c38 0038f104 ea42f7ef 0034f104 ee84f7ee  ..8...B...4.....
I/DEBUG   ( 3908): 40928c48 0030f104 ee80f7ee bd704620 b5f72963  ..0..... Fp.c)..
I/DEBUG   ( 3908): 
I/DEBUG   ( 3908): memory map around addr 6f542e8d:
I/DEBUG   ( 3908): 4afa7000-4b0a6000 
I/DEBUG   ( 3908): (no map for address)
I/DEBUG   ( 3908): b0001000-b0009000 /system/bin/linker
I/DEBUG   ( 3908): 
I/DEBUG   ( 3908): stack:
I/DEBUG   ( 3908):     bed18578  00000000  
I/DEBUG   ( 3908):     bed1857c  00170b68  [heap]
I/DEBUG   ( 3908):     bed18580  401a14b0  
I/DEBUG   ( 3908):     bed18584  4081a05d  /system/lib/libdvm.so
I/DEBUG   ( 3908):     bed18588  2d700019  
I/DEBUG   ( 3908):     bed1858c  46179c28  
I/DEBUG   ( 3908):     bed18590  00170b68  [heap]
I/DEBUG   ( 3908):     bed18594  00170b98  [heap]
I/DEBUG   ( 3908):     bed18598  401a14b0  
I/DEBUG   ( 3908):     bed1859c  4081a05d  /system/lib/libdvm.so
I/DEBUG   ( 3908):     bed185a0  2d700019  
I/DEBUG   ( 3908):     bed185a4  46179c28  
I/DEBUG   ( 3908):     bed185a8  00000000  
I/DEBUG   ( 3908):     bed185ac  40928c0b  /system/lib/libmedia.so
I/DEBUG   ( 3908):     bed185b0  df0027ad  
I/DEBUG   ( 3908):     bed185b4  00000000  
I/DEBUG   ( 3908): #00 bed185b8  00170b68  [heap]
I/DEBUG   ( 3908):     bed185bc  6f542e61  
I/DEBUG   ( 3908):     bed185c0  401a14b0  
I/DEBUG   ( 3908):     bed185c4  40928c2b  /system/lib/libmedia.so
I/DEBUG   ( 3908): #01 bed185c8  00170b68  [heap]
I/DEBUG   ( 3908):     bed185cc  0000f2c8  [heap]
I/DEBUG   ( 3908):     bed185d0  401a14b0  
I/DEBUG   ( 3908):     bed185d4  4017a1d7  /system/lib/libandroid_runtime.so
I/BootReceiver(  304): Copying /data/tombstones/tombstone_05 to DropBox (SYSTEM_TOMBSTONE)
I/ActivityManager(  304): Process com.android.phone (pid 4583) has died.
W/ActivityManager(  304): Canceling start item Intent { cmp=com.android.phone/.BluetoothHeadsetService } in service ComponentInfo{com.android.phone/com.android.phone.BluetoothHeadsetService}
W/ActivityManager(  304): Scheduling restart of crashed service com.android.phone/.BluetoothHeadsetService in 5106ms
I/WindowManager(  304): SCREENLAYOUT_SIZE (1:small, 2:normal, 3:large, 4:xlarge) 2
I/ActivityManager(  304): Start proc com.android.phone for restart com.android.phone: pid=4633 uid=1001 gids={3002, 3001, 3003, 1015}
I/ActivityThread( 4633): Pub mms: com.android.providers.telephony.MmsProvider
I/ActivityThread( 4633): Pub sms: com.android.providers.telephony.SmsProvider
I/ActivityThread( 4633): Pub telephony: com.android.providers.telephony.TelephonyProvider
W/TelephonyProvider( 4633): onCreate: confFile=/system/etc/apns-conf.xml oldCheckSum=3358775275
W/TelephonyProvider( 4633): onCreate: newCheckSum=3358775275
I/ActivityThread( 4633): Pub icc: com.android.phone.IccProvider
I/ActivityThread( 4633): Pub mms-sms: com.android.providers.telephony.MmsSmsProvider
D/PhoneApp( 4633): non dsds PhoneApp:
D/CallManager( 4633): registerPhone(CDMA Handler (com.android.internal.telephony.PhoneProxy) {412cb400})
D/PhoneStatusBarPolicy(  472): updateSimState for subscription :0
D/PhoneStatusBarPolicy(  472): updateSimState for subscription :0
D/PhoneInterfaceManager( 4633):  Registering for UNSOL OEM HOOK Responses to deliver external apps
D/Bluetooth HS/HF( 4633): CDMA call state: IDLE prev state:IDLE
E/ToneGenerator( 4633): Unable to marshal AudioFlinger
E/ToneGenerator( 4633): ToneGenerator init failed 
F/libc    ( 4633): Fatal signal 11 (SIGSEGV) at 0x6f542e8d (code=1)
I/DEBUG   ( 3908): *** *** *** *** *** *** *** *** *** *** *** *** *** *** *** ***
I/DEBUG   ( 3908): Build fingerprint: 'qcom/msm8660_surf/msm8660_surf:4.0.3/IML74K/eng.joey.20120210.232528:eng/test-keys'
I/DEBUG   ( 3908): pid: 4633, tid: 4633  >>> com.android.phone <<<
I/DEBUG   ( 3908): signal 11 (SIGSEGV), code 1 (SEGV_MAPERR), fault addr 6f542e8d
I/DEBUG   ( 3908):  r0 6f542e61  r1 0016caa0  r2 0016ca70  r3 bed18188
I/DEBUG   ( 3908):  r4 0016ca70  r5 6f542e61  r6 401a14b0  r7 4081a05d
I/DEBUG   ( 3908):  r8 2dc00019  r9 46179c28  10 00000000  fp bed18604
I/DEBUG   ( 3908):  ip 4094e048  sp bed185b8  lr 40928c2b  pc 4091a506  cpsr 60000030
I/DEBUG   ( 3908):  d0  662074696e692061  d1  7541206c61687369
I/DEBUG   ( 3908):  d2  000000040000036c  d3  4a52402800000065
I/DEBUG   ( 3908):  d4  006f006900640075  d5  0069006c006f0050
I/DEBUG   ( 3908):  d6  0065005300790063  d7  0063006900760072
I/DEBUG   ( 3908):  d8  0000000000000000  d9  0000000000000000
I/DEBUG   ( 3908):  d10 0000000000000000  d11 0000000000000000
I/DEBUG   ( 3908):  d12 0000000000000000  d13 0000000000000000
I/DEBUG   ( 3908):  d14 0000000000000000  d15 0000000000000000
I/DEBUG   ( 3908):  d16 3fd43d135cda918c  d17 3ffc63194c570da5
I/DEBUG   ( 3908):  d18 4000000000000000  d19 3fcce7359d4792d9
I/DEBUG   ( 3908):  d20 3f11504c292739d4  d21 bebbb371092382c4
I/DEBUG   ( 3908):  d22 3ff0000000000000  d23 3ff43d135cda918c
I/DEBUG   ( 3908):  d24 3e66376972bea4d0  d25 3fc39a09d078c69f
I/DEBUG   ( 3908):  d26 0000000000000000  d27 0000000000000000
I/DEBUG   ( 3908):  d28 0000000000000000  d29 0000000000000000
I/DEBUG   ( 3908):  d30 0000000000000000  d31 0000000000000000
I/DEBUG   ( 3908):  scr 20000012
I/DEBUG   ( 3908): 
I/DEBUG   ( 3908):          #00  pc 00037506  /system/lib/libmedia.so (_ZN7android10AudioTrackD2Ev)
I/DEBUG   ( 3908):          #01  pc 00045c26  /system/lib/libmedia.so (_ZN7android13ToneGeneratorD1Ev)
I/DEBUG   ( 3908):          #02  pc 0006e1d4  /system/lib/libandroid_runtime.so
I/DEBUG   ( 3908):          #03  pc 0001ecb0  /system/lib/libdvm.so (dvmPlatformInvoke)
I/DEBUG   ( 3908):          #04  pc 0005884a  /system/lib/libdvm.so (_Z16dvmCallJNIMethodPKjP6JValuePK6MethodP6Thread)
I/DEBUG   ( 3908): 
I/DEBUG   ( 3908): code around pc:
I/DEBUG   ( 3908): 4091a4e4 463b9308 f8cd9506 f7ff901c 62e0fe81  ..;F...........b
I/DEBUG   ( 3908): 4091a4f4 f7fe4628 4620fced e8bdb00d bf0083f0  (F.... F........
I/DEBUG   ( 3908): 4091a504 6ac5b570 2d004604 f7ffd134 68a0fc89  p..j.F.-4......h
I/DEBUG   ( 3908): 4091a514 f7fdb160 68a3eafa 681ab143 0108f104  `......hC..h....
I/DEBUG   ( 3908): 4091a524 0c0cf852 f7fd1818 60a5ea5a b1136823  R.......Z..`#h..
I/DEBUG   ( 3908): 
I/DEBUG   ( 3908): code around lr:
I/DEBUG   ( 3908): 40928c08 bd7ceece 0000adf0 0000ae9c 6ac3b570  ..|.........p..j
I/DEBUG   ( 3908): 40928c18 b14b4604 ffc6f7ff b12d6ae5 f7f14628  .FK......j-.(F..
I/DEBUG   ( 3908): 40928c28 4628fc6d eea2f7ee 0048f104 ff10f7ff  m.(F......H.....
I/DEBUG   ( 3908): 40928c38 0038f104 ea42f7ef 0034f104 ee84f7ee  ..8...B...4.....
I/DEBUG   ( 3908): 40928c48 0030f104 ee80f7ee bd704620 b5f72963  ..0..... Fp.c)..
I/DEBUG   ( 3908): 
I/DEBUG   ( 3908): memory map around addr 6f542e8d:
I/DEBUG   ( 3908): 4aea3000-4afa2000 
I/DEBUG   ( 3908): (no map for address)
I/DEBUG   ( 3908): b0001000-b0009000 /system/bin/linker
I/DEBUG   ( 3908): 
I/DEBUG   ( 3908): stack:
I/DEBUG   ( 3908):     bed18578  00000000  
I/DEBUG   ( 3908):     bed1857c  0016ca70  [heap]
I/DEBUG   ( 3908):     bed18580  401a14b0  
I/DEBUG   ( 3908):     bed18584  4081a05d  /system/lib/libdvm.so
I/DEBUG   ( 3908):     bed18588  2dc00019  
I/DEBUG   ( 3908):     bed1858c  46179c28  
I/DEBUG   ( 3908):     bed18590  0016ca70  [heap]
I/DEBUG   ( 3908):     bed18594  0016caa0  [heap]
I/DEBUG   ( 3908):     bed18598  401a14b0  
I/DEBUG   ( 3908):     bed1859c  4081a05d  /system/lib/libdvm.so
I/DEBUG   ( 3908):     bed185a0  2dc00019  
I/DEBUG   ( 3908):     bed185a4  46179c28  
I/DEBUG   ( 3908):     bed185a8  00000000  
I/DEBUG   ( 3908):     bed185ac  40928c0b  /system/lib/libmedia.so
I/DEBUG   ( 3908):     bed185b0  df0027ad  
I/DEBUG   ( 3908):     bed185b4  00000000  
I/DEBUG   ( 3908): #00 bed185b8  0016ca70  [heap]
