W/StagefrightMetadataRetriever(  131): setDataSource(/mnt/sdcard/Won't Back Down.mp3) 0x1a88180
W/ThrottleService(  269): unable to find stats for iface rmnet0
E/ThrottleService(  269): Error reading data file
W/StagefrightMetadataRetriever(  131): setDataSource(27, 0, 6422157) 0x1a88180
W/StagefrightMetadataRetriever(  131): setDataSource(/mnt/sdcard/._04 Until I Fall Away.m4a) 0x1a88180
E/MediaScannerJNI(  525): An error occurred while scanning file '/mnt/sdcard/._04 Until I Fall Away.m4a'.
W/StagefrightMetadataRetriever(  131): setDataSource(/mnt/sdcard/01 Cold Wind Blows.mp3) 0x1a88180
W/StagefrightMetadataRetriever(  131): setDataSource(/mnt/sdcard/04 Until I Fall Away.m4a) 0x1a88180
W/StagefrightMetadataRetriever(  131): setDataSource(27, 0, 8151211) 0x1a88180
W/StagefrightMetadataRetriever(  131): setDataSource(/mnt/sdcard/02 Talkin 2 Myself (Prod. By DJ Kahlil).mp3) 0x1a867a8
W/StagefrightMetadataRetriever(  131): setDataSource(/mnt/sdcard/03 Not Afraid (Dirty).mp3) 0x1a88180
W/StagefrightMetadataRetriever(  131): setDataSource(/mnt/sdcard/01 Mix.m4a) 0x1a88180
W/StagefrightMetadataRetriever(  131): setDataSource(27, 0, 8482119) 0x1a88180
E/MetadataRetrieverClient(  131): failed to extract an album art
W/StagefrightMetadataRetriever(  131): setDataSource(/mnt/sdcard/02 Little Pieces.m4a) 0x1a88180
W/StagefrightMetadataRetriever(  131): setDataSource(/mnt/sdcard/04 Wont Back Down (Prod. By DJ Kahlil).mp3) 0x1a88180
W/StagefrightMetadataRetriever(  131): setDataSource(/mnt/sdcard/01 Replay.m4a) 0x1a88180
W/StagefrightMetadataRetriever(  131): setDataSource(27, 0, 6537921) 0x1a88180
W/StagefrightMetadataRetriever(  131): setDataSource(/mnt/sdcard/05 W.T.P..mp3) 0x1a873b8
W/StagefrightMetadataRetriever(  131): setDataSource(/mnt/sdcard/03 If I Ask You Nicely.m4a) 0x1a862e8
W/StagefrightMetadataRetriever(  131): setDataSource(/mnt/sdcard/06 Going Through Changes (Prod. By DJ Kahlil).mp3) 0x1a862e8
W/StagefrightMetadataRetriever(  131): setDataSource(/mnt/sdcard/._18 'Till I Collapse.m4a) 0x1a862e8
E/MediaScannerJNI(  525): An error occurred while scanning file '/mnt/sdcard/._18 'Till I Collapse.m4a'.
W/StagefrightMetadataRetriever(  131): setDataSource(/mnt/sdcard/07 Not Afraid (Prod. by Boi-1da).mp3) 0x1a862e8
W/StagefrightMetadataRetriever(  131): setDataSource(/mnt/sdcard/08 Seduction (Prod. By DJ Kahlil).mp3) 0x1a862e8
W/StagefrightMetadataRetriever(  131): setDataSource(/mnt/sdcard/04 Lost Track.m4a) 0x1a862e8
W/StagefrightMetadataRetriever(  131): setDataSource(/mnt/sdcard/09 No Love (Prod. By Just Blaze).mp3) 0x1a862e8
W/StagefrightMetadataRetriever(  131): setDataSource(/mnt/sdcard/10 Space Bound.mp3) 0x1a862e8
W/StagefrightMetadataRetriever(  131): setDataSource(/mnt/sdcard/05 Win Park Slope.m4a) 0x1a862e8
W/StagefrightMetadataRetriever(  131): setDataSource(/mnt/sdcard/11 Cinderella Man.mp3) 0x1a862e8
W/StagefrightMetadataRetriever(  131): setDataSource(/mnt/sdcard/12 25 To Life.mp3) 0x1a862e8
W/StagefrightMetadataRetriever(  131): setDataSource(/mnt/sdcard/06 Bone Tired.m4a) 0x1a862e8
W/StagefrightMetadataRetriever(  131): setDataSource(/mnt/sdcard/13 So Bad (Prod. by Dr. Dre).mp3) 0x1a862e8
W/StagefrightMetadataRetriever(  131): setDataSource(/mnt/sdcard/03 Swim.m4a) 0x1a862e8
W/StagefrightMetadataRetriever(  131): setDataSource(27, 0, 8851915) 0x1a862e8
W/StagefrightMetadataRetriever(  131): setDataSource(/mnt/sdcard/08 C'mon.m4a) 0x1a862e8
W/StagefrightMetadataRetriever(  131): setDataSource(27, 0, 8024207) 0x1a862e8
W/StagefrightMetadataRetriever(  131): setDataSource(/mnt/sdcard/14 Almost Famous.mp3) 0x1a862e8
W/StagefrightMetadataRetriever(  131): setDataSource(/mnt/sdcard/07 Airstream Driver.m4a) 0x1a85ea0
W/StagefrightMetadataRetriever(  131): setDataSource(/mnt/sdcard/15 Love The Way You Lie (Prod. By Alex Da Kid).mp3) 0x1a85ea0
W/StagefrightMetadataRetriever(  131): setDataSource(/mnt/sdcard/01 Diane.m4a) 0x1a85ea0
W/StagefrightMetadataRetriever(  131): setDataSource(27, 0, 7963773) 0x1a85ea0
W/StagefrightMetadataRetriever(  131): setDataSource(/mnt/sdcard/16 You're Never Over.mp3) 0x1a86970
W/StagefrightMetadataRetriever(  131): setDataSource(/mnt/sdcard/08 Natural Reaction.m4a) 0x1a85ea0
W/StagefrightMetadataRetriever(  131): setDataSource(/mnt/sdcard/17 Untitled.mp3) 0x1a85ea0
W/StagefrightMetadataRetriever(  131): setDataSource(/mnt/sdcard/11 Cinderella Man.m4a) 0x1a85ea0
W/StagefrightMetadataRetriever(  131): setDataSource(27, 0, 9772433) 0x1a85ea0
W/StagefrightMetadataRetriever(  131): setDataSource(/mnt/sdcard/09 Very Strange.m4a) 0x1a87c40
W/StagefrightMetadataRetriever(  131): setDataSource(/mnt/sdcard/18 'Till I Collapse.m4a) 0x1a878a0
W/StagefrightMetadataRetriever(  131): setDataSource(27, 0, 10416611) 0x1a878a0
W/StagefrightMetadataRetriever(  131): setDataSource(/mnt/sdcard/07 Shake That.mp3) 0x1a878a0
W/StagefrightMetadataRetriever(  131): setDataSource(/mnt/sdcard/10 Other Plans.m4a) 0x1a878a0
W/StagefrightMetadataRetriever(  131): setDataSource(/mnt/sdcard/._01 Do You Love Me.m4a) 0x1a878a0
E/MediaScannerJNI(  525): An error occurred while scanning file '/mnt/sdcard/._01 Do You Love Me.m4a'.
W/StagefrightMetadataRetriever(  131): setDataSource(/mnt/sdcard/11 Sunset Gates.m4a) 0x1a878a0
W/StagefrightMetadataRetriever(  131): setDataSource(/mnt/sdcard/01 Coney Island.m4a) 0x1a878a0
W/StagefrightMetadataRetriever(  131): setDataSource(27, 0, 5861315) 0x1a878a0
W/StagefrightMetadataRetriever(  131): setDataSource(/mnt/sdcard/._01 Lightning Rod.m4a) 0x1a878a0
E/MediaScannerJNI(  525): An error occurred while scanning file '/mnt/sdcard/._01 Lightning Rod.m4a'.
W/StagefrightMetadataRetriever(  131): setDataSource(/mnt/sdcard/06 Feel Good Inc..m4a) 0x1a878a0
W/StagefrightMetadataRetriever(  131): setDataSource(27, 0, 7197619) 0x1a878a0
W/StagefrightMetadataRetriever(  131): setDataSource(/mnt/sdcard/._02 Satellite.m4a) 0x1a878a0
E/MediaScannerJNI(  525): An error occurred while scanning file '/mnt/sdcard/._02 Satellite.m4a'.
W/StagefrightMetadataRetriever(  131): setDataSource(/mnt/sdcard/01 American Idiot.m4a) 0x1a878a0
W/StagefrightMetadataRetriever(  131): setDataSource(27, 0, 2842458) 0x1a878a0
E/MetadataRetrieverClient(  131): failed to extract an album art
W/StagefrightMetadataRetriever(  131): setDataSource(/mnt/sdcard/._05 The Captain.m4a) 0x1a878a0
E/MediaScannerJNI(  525): An error occurred while scanning file '/mnt/sdcard/._05 The Captain.m4a'.
W/StagefrightMetadataRetriever(  131): setDataSource(/mnt/sdcard/02 Jesus Of Suburbia _ City Of The Damned _ I Don't Care _ Dearly Beloved _ Tales Of Another Broken Home.m4a) 0x1a878a0
W/StagefrightMetadataRetriever(  131): setDataSource(/mnt/sdcard/._15 Good Riddance (Time of Your Life).m4a) 0x1a878a0
E/MediaScannerJNI(  525): An error occurred while scanning file '/mnt/sdcard/._15 Good Riddance (Time of Your Life).m4a'.
W/StagefrightMetadataRetriever(  131): setDataSource(/mnt/sdcard/._04 One Man Wrecking Machine.m4a) 0x1a878a0
E/MediaScannerJNI(  525): An error occurred while scanning file '/mnt/sdcard/._04 One Man Wrecking Machine.m4a'.
W/StagefrightMetadataRetriever(  131): setDataSource(/mnt/sdcard/03 Holiday.m4a) 0x1a878a0
W/StagefrightMetadataRetriever(  131): setDataSource(/mnt/sdcard/._07 Ruby Falls.m4a) 0x1a878a0
E/MediaScannerJNI(  525): An error occurred while scanning file '/mnt/sdcard/._07 Ruby Falls.m4a'.
W/StagefrightMetadataRetriever(  131): setDataSource(/mnt/sdcard/04 Boulevard Of Broken Dreams.m4a) 0x1a878a0
W/StagefrightMetadataRetriever(  131): setDataSource(/mnt/sdcard/._06 The New Underground.m4a) 0x1a878a0
E/MediaScannerJNI(  525): An error occurred while scanning file '/mnt/sdcard/._06 The New Underground.m4a'.
W/StagefrightMetadataRetriever(  131): setDataSource(/mnt/sdcard/05 Are We The Waiting.m4a) 0x1a878a0
W/StagefrightMetadataRetriever(  131): setDataSource(/mnt/sdcard/._08 C'mon.m4a) 0x1a878a0
E/MediaScannerJNI(  525): An error occurred while scanning file '/mnt/sdcard/._08 C'mon.m4a'.
W/StagefrightMetadataRetriever(  131): setDataSource(/mnt/sdcard/06 St. Jimmy.m4a) 0x1a878a0
W/StagefrightMetadataRetriever(  131): setDataSource(/mnt/sdcard/._09 Empire State.m4a) 0x1a878a0
E/MediaScannerJNI(  525): An error occurred while scanning file '/mnt/sdcard/._09 Empire State.m4a'.
W/StagefrightMetadataRetriever(  131): setDataSource(/mnt/sdcard/07 Give Me Novacaine.m4a) 0x1a878a0
W/StagefrightMetadataRetriever(  131): setDataSource(/mnt/sdcard/._10 Dear Valentine.m4a) 0x1a878a0
E/MediaScannerJNI(  525): An error occurred while scanning file '/mnt/sdcard/._10 Dear Valentine.m4a'.
W/StagefrightMetadataRetriever(  131): setDataSource(/mnt/sdcard/08 She's A Rebel.m4a) 0x1a878a0
W/StagefrightMetadataRetriever(  131): setDataSource(/mnt/sdcard/._12 Hang On.m4a) 0x1a878a0
E/MediaScannerJNI(  525): An error occurred while scanning file '/mnt/sdcard/._12 Hang On.m4a'.
W/StagefrightMetadataRetriever(  131): setDataSource(/mnt/sdcard/09 Extraordinary Girl.m4a) 0x1a878a0
W/StagefrightMetadataRetriever(  131): setDataSource(/mnt/sdcard/._11 The Beginning of the End.m4a) 0x1a878a0
E/MediaScannerJNI(  525): An error occurred while scanning file '/mnt/sdcard/._11 The Beginning of the End.m4a'.
W/StagefrightMetadataRetriever(  131): setDataSource(/mnt/sdcard/10 Letterbomb.m4a) 0x1a878a0
W/StagefrightMetadataRetriever(  131): setDataSource(/mnt/sdcard/._01 Diane.m4a) 0x1a878a0
E/MediaScannerJNI(  525): An error occurred while scanning file '/mnt/sdcard/._01 Diane.m4a'.
W/StagefrightMetadataRetriever(  131): setDataSource(/mnt/sdcard/11 Wake Me Up When September Ends.m4a) 0x1a878a0
W/StagefrightMetadataRetriever(  131): setDataSource(/mnt/sdcard/._02 Careful.m4a) 0x1a878a0
E/MediaScannerJNI(  525): An error occurred while scanning file '/mnt/sdcard/._02 Careful.m4a'.
W/StagefrightMetadataRetriever(  131): setDataSource(/mnt/sdcard/12 Homecoming _ The Death Of St. Jimmy _ East 12th St. _ Nobody Likes You _ Rock And Roll Girlfriend _ We're Coming Home Again.m4a) 0x1a878a0
W/StagefrightMetadataRetriever(  131): setDataSource(/mnt/sdcard/._03 Amsterdam.m4a) 0x1a878a0
E/MediaScannerJNI(  525): An error occurred while scanning file '/mnt/sdcard/._03 Amsterdam.m4a'.
W/StagefrightMetadataRetriever(  131): setDataSource(/mnt/sdcard/._04 Backyard.m4a) 0x1a878a0
E/MediaScannerJNI(  525): An error occurred while scanning file '/mnt/sdcard/._04 Backyard.m4a'.
W/StagefrightMetadataRetriever(  131): setDataSource(/mnt/sdcard/._05 Homecoming King.m4a) 0x1a878a0
E/MediaScannerJNI(  525): An error occurred while scanning file '/mnt/sdcard/._05 Homecoming King.m4a'.
W/StagefrightMetadataRetriever(  131): setDataSource(/mnt/sdcard/._06 Ramona.m4a) 0x1a878a0
E/MediaScannerJNI(  525): An error occurred while scanning file '/mnt/sdcard/._06 Ramona.m4a'.
W/StagefrightMetadataRetriever(  131): setDataSource(/mnt/sdcard/13 Whatsername.m4a) 0x1a878a0
W/StagefrightMetadataRetriever(  131): setDataSource(/mnt/sdcard/03 Furry Walls.m4a) 0x1a878a0
W/StagefrightMetadataRetriever(  131): setDataSource(27, 0, 7124554) 0x1a878a0
W/StagefrightMetadataRetriever(  131): setDataSource(/mnt/sdcard/15 Good Riddance (Time of Your Life).m4a) 0x1a877d8
W/StagefrightMetadataRetriever(  131): setDataSource(27, 0, 5527412) 0x1a878a0
W/StagefrightMetadataRetriever(  131): setDataSource(/mnt/sdcard/._07 Jesus On the Radio (Daddy On the Phone).m4a) 0x1a877d8
E/MediaScannerJNI(  525): An error occurred while scanning file '/mnt/sdcard/._07 Jesus On the Radio (Daddy On the Phone).m4a'.
W/StagefrightMetadataRetriever(  131): setDataSource(/mnt/sdcard/03 Know Your Enemy.m4a) 0x1a878a0
W/StagefrightMetadataRetriever(  131): setDataSource(27, 0, 6766916) 0x1a878a0
W/StagefrightMetadataRetriever(  131): setDataSource(/mnt/sdcard/._06 The Clap.m4a) 0x1a878a0
E/MediaScannerJNI(  525): An error occurred while scanning file '/mnt/sdcard/._06 The Clap.m4a'.
W/StagefrightMetadataRetriever(  131): setDataSource(/mnt/sdcard/16 21 Guns.m4a) 0x1a878a0
W/StagefrightMetadataRetriever(  131): setDataSource(/mnt/sdcard/._14 Two at a Time.m4a) 0x1a878a0
E/MediaScannerJNI(  525): An error occurred while scanning file '/mnt/sdcard/._14 Two at a Time.m4a'.
W/StagefrightMetadataRetriever(  131): setDataSource(/mnt/sdcard/02 Come On.m4a) 0x1a878a0
W/StagefrightMetadataRetriever(  131): setDataSource(27, 0, 8053064) 0x1a878a0
W/StagefrightMetadataRetriever(  131): setDataSource(/mnt/sdcard/04 Going Up.m4a) 0x1a878a0
W/StagefrightMetadataRetriever(  131): setDataSource(/mnt/sdcard/06 No Sugar Tonight_New Mother Nature.m4a) 0x1a878a0
W/StagefrightMetadataRetriever(  131): setDataSource(27, 0, 4743547) 0x1a878a0
W/StagefrightMetadataRetriever(  131): setDataSource(/mnt/sdcard/._08 Keep It Together.m4a) 0x1a87d00
E/MediaScannerJNI(  525): An error occurred while scanning file '/mnt/sdcard/._08 Keep It Together.m4a'.
E/MetadataRetrieverClient(  131): failed to extract an album art
W/StagefrightMetadataRetriever(  131): setDataSource(/mnt/sdcard/02 Human.m4a) 0x1a878a0
W/StagefrightMetadataRetriever(  131): setDataSource(27, 0, 8483378) 0x1a878a0
W/StagefrightMetadataRetriever(  131): setDataSource(/mnt/sdcard/01 Do You Love Me.m4a) 0x1bcc020
W/StagefrightMetadataRetriever(  131): setDataSource(27, 0, 7896380) 0x1bcecb8
W/StagefrightMetadataRetriever(  131): setDataSource(/mnt/sdcard/._01 Holiday From Real.m4a) 0x1a87d00
E/MediaScannerJNI(  525): An error occurred while scanning file '/mnt/sdcard/._01 Holiday From Real.m4a'.
W/StagefrightMetadataRetriever(  131): setDataSource(/mnt/sdcard/Bad Bad World.mp3) 0x1bcecb8
W/StagefrightMetadataRetriever(  131): setDataSource(27, 0, 4337019) 0x1bcecb8
E/MetadataRetrieverClient(  131): failed to extract an album art
W/StagefrightMetadataRetriever(  131): setDataSource(/mnt/sdcard/06 The Clap.m4a) 0x1bcecb8
W/StagefrightMetadataRetriever(  131): setDataSource(/mnt/sdcard/This Could All Be Yours.mp3) 0x1bcecb8
W/StagefrightMetadataRetriever(  131): setDataSource(27, 0, 5066880) 0x1bcecb8
W/StagefrightMetadataRetriever(  131): setDataSource(/mnt/sdcard/._02 The Mixed Tape.m4a) 0x1bcc020
E/MediaScannerJNI(  525): An error occurred while scanning file '/mnt/sdcard/._02 The Mixed Tape.m4a'.
W/StagefrightMetadataRetriever(  131): setDataSource(/mnt/sdcard/01 Lightning Rod.m4a) 0x1bcc020
W/StagefrightMetadataRetriever(  131): setDataSource(/mnt/sdcard/._02 The Mixed Tape 2.m4a) 0x1bcc020
E/MediaScannerJNI(  525): An error occurred while scanning file '/mnt/sdcard/._02 The Mixed Tape 2.m4a'.
W/StagefrightMetadataRetriever(  131): setDataSource(/mnt/sdcard/02 Satellite.m4a) 0x1bcc020
W/StagefrightMetadataRetriever(  131): setDataSource(/mnt/sdcard/03 Manifest Destiny.m4a) 0x1bcc020
W/StagefrightMetadataRetriever(  131): setDataSource(/mnt/sdcard/._03 Bruised.m4a) 0x1bcc020
E/MediaScannerJNI(  525): An error occurred while scanning file '/mnt/sdcard/._03 Bruised.m4a'.
W/StagefrightMetadataRetriever(  131): setDataSource(/mnt/sdcard/04 One Man Wrecking Machine.m4a) 0x1bcc020
W/StagefrightMetadataRetriever(  131): setDataSource(/mnt/sdcard/01 Holiday From Real.m4a) 0x1bcc020
W/StagefrightMetadataRetriever(  131): setDataSource(27, 0, 6399892) 0x1bcc020
E/MetadataRetrieverClient(  131): failed to extract an album art
W/StagefrightMetadataRetriever(  131): setDataSource(/mnt/sdcard/05 The Captain.m4a) 0x1bcc020
W/StagefrightMetadataRetriever(  131): setDataSource(/mnt/sdcard/01 Whatcha Say.m4a) 0x1bcc020
W/StagefrightMetadataRetriever(  131): setDataSource(27, 0, 7658615) 0x1bcc020
W/StagefrightMetadataRetriever(  131): setDataSource(/mnt/sdcard/06 The New Underground.m4a) 0x1a87d00
W/StagefrightMetadataRetriever(  131): setDataSource(/mnt/sdcard/02 The Mixed Tape.m4a) 0x1bcdb50
W/StagefrightMetadataRetriever(  131): setDataSource(/mnt/sdcard/07 Ruby Falls.m4a) 0x1bcdb50
W/StagefrightMetadataRetriever(  131): setDataSource(/mnt/sdcard/._01 Whatcha Say.m4a) 0x1bcdb50
E/MediaScannerJNI(  525): An error occurred while scanning file '/mnt/sdcard/._01 Whatcha Say.m4a'.
W/StagefrightMetadataRetriever(  131): setDataSource(/mnt/sdcard/02 The Mixed Tape 1.m4a) 0x1bcdb50
W/StagefrightMetadataRetriever(  131): setDataSource(27, 0, 6900260) 0x1bcdb50
W/StagefrightMetadataRetriever(  131): setDataSource(/mnt/sdcard/09 Empire State.m4a) 0x1a878a0
W/StagefrightMetadataRetriever(  131): setDataSource(/mnt/sdcard/._04 I'm Ready.m4a) 0x1bd0b08
E/MediaScannerJNI(  525): An error occurred while scanning file '/mnt/sdcard/._04 I'm Ready.m4a'.
W/StagefrightMetadataRetriever(  131): setDataSource(/mnt/sdcard/10 Dear Valentine.m4a) 0x1bd0b08
W/StagefrightMetadataRetriever(  131): setDataSource(/mnt/sdcard/02 The Mixed Tape 2.m4a) 0x1bd0b08
W/StagefrightMetadataRetriever(  131): setDataSource(/mnt/sdcard/11 The Beginning of the End.m4a) 0x1bd0b08
W/StagefrightMetadataRetriever(  131): setDataSource(/mnt/sdcard/._05 La La Lie.m4a) 0x1bd0b08
E/MediaScannerJNI(  525): An error occurred while scanning file '/mnt/sdcard/._05 La La Lie.m4a'.
W/StagefrightMetadataRetriever(  131): setDataSource(/mnt/sdcard/12 Hang On.m4a) 0x1bd0b08
W/StagefrightMetadataRetriever(  131): setDataSource(/mnt/sdcard/03 Bruised.m4a) 0x1bd0b08
W/StagefrightMetadataRetriever(  131): setDataSource(/mnt/sdcard/._06 Dark Blue.m4a) 0x1bd0b08
E/MediaScannerJNI(  525): An error occurred while scanning file '/mnt/sdcard/._06 Dark Blue.m4a'.
W/StagefrightMetadataRetriever(  131): setDataSource(/mnt/sdcard/02 Careful.m4a) 0x1bd0b08
W/StagefrightMetadataRetriever(  131): setDataSource(/mnt/sdcard/04 I'm Ready.m4a) 0x1bd0b08
W/StagefrightMetadataRetriever(  131): setDataSource(/mnt/sdcard/03 Amsterdam.m4a) 0x1bd0b08
W/StagefrightMetadataRetriever(  131): setDataSource(/mnt/sdcard/04 Backyard.m4a) 0x1bd0b08
W/StagefrightMetadataRetriever(  131): setDataSource(/mnt/sdcard/05 La La Lie.m4a) 0x1bd0b08
W/StagefrightMetadataRetriever(  131): setDataSource(/mnt/sdcard/05 Homecoming King.m4a) 0x1bd0b08
W/StagefrightMetadataRetriever(  131): setDataSource(/mnt/sdcard/._09 Rescued.m4a) 0x1bd0b08
E/MediaScannerJNI(  525): An error occurred while scanning file '/mnt/sdcard/._09 Rescued.m4a'.
W/StagefrightMetadataRetriever(  131): setDataSource(/mnt/sdcard/06 Ramona.m4a) 0x1bd0b08
W/StagefrightMetadataRetriever(  131): setDataSource(/mnt/sdcard/06 Dark Blue.m4a) 0x1bd0b08
W/StagefrightMetadataRetriever(  131): setDataSource(/mnt/sdcard/07 Jesus On the Radio (Daddy On the Phone).m4a) 0x1bd0b08
W/StagefrightMetadataRetriever(  131): setDataSource(/mnt/sdcard/._11 Into The Airwaves.m4a) 0x1bd0b08
E/MediaScannerJNI(  525): An error occurred while scanning file '/mnt/sdcard/._11 Into The Airwaves.m4a'.
W/StagefrightMetadataRetriever(  131): setDataSource(/mnt/sdcard/03 Swim 1.m4a) 0x1bd0b08
W/StagefrightMetadataRetriever(  131): setDataSource(27, 0, 8724112) 0x1bd0b08
E/MetadataRetrieverClient(  131): failed to extract an album art
W/StagefrightMetadataRetriever(  131): setDataSource(/mnt/sdcard/08 Keep It Together.m4a) 0x1bd0b08
W/StagefrightMetadataRetriever(  131): setDataSource(/mnt/sdcard/06 Dark Blue 1.m4a) 0x1bd0b08
W/StagefrightMetadataRetriever(  131): setDataSource(/mnt/sdcard/09 Come Downstairs and Say Hello.m4a) 0x1bd0b08
W/StagefrightMetadataRetriever(  131): setDataSource(/mnt/sdcard/._09 Come Downstairs and Say Hello.m4a) 0x1bd0b08
E/MediaScannerJNI(  525): An error occurred while scanning file '/mnt/sdcard/._09 Come Downstairs and Say Hello.m4a'.
W/StagefrightMetadataRetriever(  131): setDataSource(/mnt/sdcard/10 Red Oyster Cult.m4a) 0x1bd0b08
W/StagefrightMetadataRetriever(  131): setDataSource(/mnt/sdcard/._10 Red Oyster Cult.m4a) 0x1bd0b08
E/MediaScannerJNI(  525): An error occurred while scanning file '/mnt/sdcard/._10 Red Oyster Cult.m4a'.
W/StagefrightMetadataRetriever(  131): setDataSource(/mnt/sdcard/11 Long Way Down.m4a) 0x1bd0b08
W/StagefrightMetadataRetriever(  131): setDataSource(/mnt/sdcard/._11 Long Way Down.m4a) 0x1bd0b08
E/MediaScannerJNI(  525): An error occurred while scanning file '/mnt/sdcard/._11 Long Way Down.m4a'.
W/StagefrightMetadataRetriever(  131): setDataSource(/mnt/sdcard/12 I Hope Tomorrow Is Like Today.m4a) 0x1bd0b08
W/StagefrightMetadataRetriever(  131): setDataSource(/mnt/sdcard/._12 I Hope Tomorrow Is Like Today.m4a) 0x1bd0b08
E/MediaScannerJNI(  525): An error occurred while scanning file '/mnt/sdcard/._12 I Hope Tomorrow Is Like Today.m4a'.
W/StagefrightMetadataRetriever(  131): setDataSource(/mnt/sdcard/13 Silence.m4a) 0x1bd0b08
W/StagefrightMetadataRetriever(  131): setDataSource(/mnt/sdcard/._13 Silence.m4a) 0x1bd0b08
E/MediaScannerJNI(  525): An error occurred while scanning file '/mnt/sdcard/._13 Silence.m4a'.
W/StagefrightMetadataRetriever(  131): setDataSource(/mnt/sdcard/14 Two at a Time.m4a) 0x1bd0b08
W/StagefrightMetadataRetriever(  131): setDataSource(/mnt/sdcard/._01 Crashin.m4a) 0x1bd0b08
E/MediaScannerJNI(  525): An error occurred while scanning file '/mnt/sdcard/._01 Crashin.m4a'.
W/StagefrightMetadataRetriever(  131): setDataSource(/mnt/sdcard/Two Points For Honesty.mp3) 0x1bd0b08
W/StagefrightMetadataRetriever(  131): setDataSource(27, 0, 5095424) 0x1bd0b08
E/MetadataRetrieverClient(  131): failed to extract an album art
W/StagefrightMetadataRetriever(  131): setDataSource(/mnt/sdcard/06 Dark Blue 2.m4a) 0x1bd0b08
W/StagefrightMetadataRetriever(  131): setDataSource(/mnt/sdcard/02 Barrel Of A Gun (LP Version).mp3) 0x1bd0b08
W/StagefrightMetadataRetriever(  131): setDataSource(/mnt/sdcard/02 Spinning 1.m4a) 0x1bd0b08
W/StagefrightMetadataRetriever(  131): setDataSource(/mnt/sdcard/02 Either Way.mp3) 0x1bd0b08
W/StagefrightMetadataRetriever(  131): setDataSource(/mnt/sdcard/06 Suicide Blonde.m4a) 0x1bd0b08
W/StagefrightMetadataRetriever(  131): setDataSource(/mnt/sdcard/04 Fa Fa (LP Version).mp3) 0x1bd0b08
W/StagefrightMetadataRetriever(  131): setDataSource(/mnt/sdcard/07 So Long Jimmy.m4a) 0x1bd0b08
W/StagefrightMetadataRetriever(  131): setDataSource(27, 0, 4294689) 0x1bd0b08
W/StagefrightMetadataRetriever(  131): setDataSource(/mnt/sdcard/11 Parachute.mp3) 0x1bcd250
E/MetadataRetrieverClient(  131): failed to extract an album art
W/StagefrightMetadataRetriever(  131): setDataSource(27, 0, 4972809) 0x1bd0b08
E/MetadataRetrieverClient(  131): failed to extract an album art
W/StagefrightMetadataRetriever(  131): setDataSource(/mnt/sdcard/01 Heartbreak Warfare.m4a) 0x1bd0b08
W/StagefrightMetadataRetriever(  131): setDataSource(27, 0, 9368837) 0x1bd0b08
W/StagefrightMetadataRetriever(  131): setDataSource(/mnt/sdcard/._06 Dark Blue 2.m4a) 0x1bcca10
E/MediaScannerJNI(  525): An error occurred while scanning file '/mnt/sdcard/._06 Dark Blue 2.m4a'.
W/StagefrightMetadataRetriever(  131): setDataSource(/mnt/sdcard/07 Miss Delaney.m4a) 0x1bd0b08
W/StagefrightMetadataRetriever(  131): setDataSource(/mnt/sdcard/._07 Miss Delaney.m4a) 0x1bd0b08
E/MediaScannerJNI(  525): An error occurred while scanning file '/mnt/sdcard/._07 Miss Delaney.m4a'.
W/StagefrightMetadataRetriever(  131): setDataSource(/mnt/sdcard/08 Kill The Messenger.m4a) 0x1bd0b08
W/StagefrightMetadataRetriever(  131): setDataSource(/mnt/sdcard/._08 Kill The Messenger.m4a) 0x1bd0b08
E/MediaScannerJNI(  525): An error occurred while scanning file '/mnt/sdcard/._08 Kill The Messenger.m4a'.
W/StagefrightMetadataRetriever(  131): setDataSource(/mnt/sdcard/09 Rescued.m4a) 0x1bd0b08
W/StagefrightMetadataRetriever(  131): setDataSource(/mnt/sdcard/10 MFEO_ Part 1- Made For Each Other, Part 2 - You Can Breathe.m4a) 0x1bd0b08
W/StagefrightMetadataRetriever(  131): setDataSource(/mnt/sdcard/._10 MFEO_ Part 1- Made For Each Other, Part 2 - You Can Breathe.m4a) 0x1bd0b08
E/MediaScannerJNI(  525): An error occurred while scanning file '/mnt/sdcard/._10 MFEO_ Part 1- Made For Each Other, Part 2 - You Can Breathe.m4a'.
W/StagefrightMetadataRetriever(  131): setDataSource(/mnt/sdcard/11 Into The Airwaves.m4a) 0x1bd0b08
W/StagefrightMetadataRetriever(  131): setDataSource(/mnt/sdcard/._03 Swim 1.m4a) 0x1bd0b08
E/MediaScannerJNI(  525): An error occurred while scanning file '/mnt/sdcard/._03 Swim 1.m4a'.
W/StagefrightMetadataRetriever(  131): setDataSource(/mnt/sdcard/01 Crashin.m4a) 0x1bd0b08
W/StagefrightMetadataRetriever(  131): setDataSource(/mnt/sdcard/02 Why Georgia.m4a) 0x1bd0b08
W/StagefrightMetadataRetriever(  131): setDataSource(27, 0, 4345942) 0x1bd0b08
E/MetadataRetrieverClient(  131): failed to extract an album art
W/StagefrightMetadataRetriever(  131): setDataSource(/mnt/sdcard/01 Crashin'.m4a) 0x1bd0b08
W/StagefrightMetadataRetriever(  131): setDataSource(/mnt/sdcard/08 Who's Crying Now.m4a) 0x1bd0b08
W/StagefrightMetadataRetriever(  131): setDataSource(27, 0, 10328166) 0x1bd0b08
W/StagefrightMetadataRetriever(  131): setDataSource(/mnt/sdcard/02 Spinning.m4a) 0x1bcca10
W/StagefrightMetadataRetriever(  131): setDataSource(/mnt/sdcard/07 83.m4a) 0x1bcca10
W/StagefrightMetadataRetriever(  131): setDataSource(/mnt/sdcard/._02 Spinning 1.m4a) 0x1bcca10
E/MediaScannerJNI(  525): An error occurred while scanning file '/mnt/sdcard/._02 Spinning 1.m4a'.
W/StagefrightMetadataRetriever(  131): setDataSource(/mnt/sdcard/._01 Mambo No. 5 (A Little Bit Of...).m4a) 0x1bcca10
E/MediaScannerJNI(  525): An error occurred while scanning file '/mnt/sdcard/._01 Mambo No. 5 (A Little Bit Of...).m4a'.
W/StagefrightMetadataRetriever(  131): setDataSource(/mnt/sdcard/._07 Atari.m4a) 0x1bcca10
E/MediaScannerJNI(  525): An error occurred while scanning file '/mnt/sdcard/._07 Atari.m4a'.
W/StagefrightMetadataRetriever(  131): setDataSource(/mnt/sdcard/03 Summertime.mp3) 0x1bcca10
W/StagefrightMetadataRetriever(  131): setDataSource(27, 0, 3935967) 0x1bcca10
E/MetadataRetrieverClient(  131): failed to extract an album art
W/StagefrightMetadataRetriever(  131): setDataSource(/mnt/sdcard/01 Misery.m4a) 0x1bcca10
W/StagefrightMetadataRetriever(  131): setDataSource(27, 0, 7759720) 0x1bcca10
W/StagefrightMetadataRetriever(  131): setDataSource(/mnt/sdcard/03 Power [Explicit].mp3) 0x1bcca10
W/StagefrightMetadataRetriever(  131): setDataSource(27, 0, 9476938) 0x1bcca10
W/StagefrightMetadataRetriever(  131): setDataSource(/mnt/sdcard/._06 Suicide Blonde 1.m4a) 0x1bcca10
E/MediaScannerJNI(  525): An error occurred while scanning file '/mnt/sdcard/._06 Suicide Blonde 1.m4a'.
W/StagefrightMetadataRetriever(  131): setDataSource(/mnt/sdcard/06 Suicide Blonde 1.m4a) 0x1bcca10
W/StagefrightMetadataRetriever(  131): setDataSource(/mnt/sdcard/02 Since U Been Gone.m4a) 0x1bcca10
W/StagefrightMetadataRetriever(  131): setDataSource(27, 0, 3076138) 0x1bcca10
W/StagefrightMetadataRetriever(  131): setDataSource(/mnt/sdcard/07 Annie Use Your Telescope.m4a) 0x1bd2788
E/MetadataRetrieverClient(  131): failed to extract an album art
W/StagefrightMetadataRetriever(  131): setDataSource(/mnt/sdcard/._07 Annie Use Your Telescope.m4a) 0x1bd2788
E/MediaScannerJNI(  525): An error occurred while scanning file '/mnt/sdcard/._07 Annie Use Your Telescope.m4a'.
W/StagefrightMetadataRetriever(  131): setDataSource(/mnt/sdcard/08 Bloodshot.m4a) 0x1bd2788
W/StagefrightMetadataRetriever(  131): setDataSource(/mnt/sdcard/._08 Bloodshot.m4a) 0x1bd2788
E/MediaScannerJNI(  525): An error occurred while scanning file '/mnt/sdcard/._08 Bloodshot.m4a'.
W/StagefrightMetadataRetriever(  131): setDataSource(/mnt/sdcard/09 Drop Out - The So Unknown.m4a) 0x1bd2788
W/StagefrightMetadataRetriever(  131): setDataSource(/mnt/sdcard/._09 Drop Out - The So Unknown.m4a) 0x1bd2788
E/MediaScannerJNI(  525): An error occurred while scanning file '/mnt/sdcard/._09 Drop Out - The So Unknown.m4a'.
W/StagefrightMetadataRetriever(  131): setDataSource(/mnt/sdcard/10 Hammers And Strings (A Lullaby).m4a) 0x1bd2788
W/StagefrightMetadataRetriever(  131): setDataSource(/mnt/sdcard/._10 Hammers And Strings (A Lullaby).m4a) 0x1bd2788
E/MediaScannerJNI(  525): An error occurred while scanning file '/mnt/sdcard/._10 Hammers And Strings (A Lullaby).m4a'.
W/StagefrightMetadataRetriever(  131): setDataSource(/mnt/sdcard/11 The Resolution.m4a) 0x1bd2788
W/StagefrightMetadataRetriever(  131): setDataSource(/mnt/sdcard/._11 The Resolution 1.m4a) 0x1bd2788
E/MediaScannerJNI(  525): An error occurred while scanning file '/mnt/sdcard/._11 The Resolution 1.m4a'.
W/StagefrightMetadataRetriever(  131): setDataSource(/mnt/sdcard/11 The Resolution 1.m4a) 0x1bd2788
W/StagefrightMetadataRetriever(  131): setDataSource(/mnt/sdcard/._12 Orphans.m4a) 0x1bd2788
E/MediaScannerJNI(  525): An error occurred while scanning file '/mnt/sdcard/._12 Orphans.m4a'.
W/StagefrightMetadataRetriever(  131): setDataSource(/mnt/sdcard/12 Orphans.m4a) 0x1bd2788
W/StagefrightMetadataRetriever(  131): setDataSource(/mnt/sdcard/13 Heartless.m4a) 0x1bd2788
W/StagefrightMetadataRetriever(  131): setDataSource(27, 0, 8051085) 0x1bd2788
W/StagefrightMetadataRetriever(  131): setDataSource(/mnt/sdcard/13 Caves.m4a) 0x1bd2788
W/StagefrightMetadataRetriever(  131): setDataSource(/mnt/sdcard/._13 Caves.m4a) 0x1bd2788
E/MediaScannerJNI(  525): An error occurred while scanning file '/mnt/sdcard/._13 Caves.m4a'.
W/StagefrightMetadataRetriever(  131): setDataSource(/mnt/sdcard/14 Miss California.m4a) 0x1bd2788
W/StagefrightMetadataRetriever(  131): setDataSource(/mnt/sdcard/14 Miss California 1.m4a) 0x1bd2788
W/StagefrightMetadataRetriever(  131): setDataSource(/mnt/sdcard/._14 Miss California 1.m4a) 0x1bd2788
E/MediaScannerJNI(  525): An error occurred while scanning file '/mnt/sdcard/._14 Miss California 1.m4a'.
W/StagefrightMetadataRetriever(  131): setDataSource(/mnt/sdcard/02 Give a Little More.m4a) 0x1bd2788
W/StagefrightMetadataRetriever(  131): setDataSource(27, 0, 6840799) 0x1bd2788
W/StagefrightMetadataRetriever(  131): setDataSource(/mnt/sdcard/03 Fountian Of Sorrow.m4a) 0x1bd2788
W/StagefrightMetadataRetriever(  131): setDataSource(27, 0, 6696551) 0x1bd2788
W/StagefrightMetadataRetriever(  131): setDataSource(/mnt/sdcard/._01 Stay the Night.m4a) 0x1bce068
E/MediaScannerJNI(  525): An error occurred while scanning file '/mnt/sdcard/._01 Stay the Night.m4a'.
E/MetadataRetrieverClient(  131): failed to extract an album art
W/StagefrightMetadataRetriever(  131): setDataSource(/mnt/sdcard/07 Atari.m4a) 0x1bd2788
W/StagefrightMetadataRetriever(  131): setDataSource(27, 0, 6692918) 0x1bd2788
W/StagefrightMetadataRetriever(  131): setDataSource(/mnt/sdcard/07 All the Above (feat. T-Pain).m4a) 0x1bd2788
W/StagefrightMetadataRetriever(  131): setDataSource(27, 0, 10617323) 0x1bd2788
W/StagefrightMetadataRetriever(  131): setDataSource(/mnt/sdcard/01 High.m4a) 0x1bd2788
W/StagefrightMetadataRetriever(  131): setDataSource(/mnt/sdcard/03 Shiver.m4a) 0x1bd2788
W/StagefrightMetadataRetriever(  131): setDataSource(27, 0, 2922777) 0x1bd2788
E/MetadataRetrieverClient(  131): failed to extract an album art
W/StagefrightMetadataRetriever(  131): setDataSource(/mnt/sdcard/02 You're Beautiful.m4a) 0x1bd2788
W/StagefrightMetadataRetriever(  131): setDataSource(/mnt/sdcard/01 Rooftops.mp3) 0x1bd2788
W/StagefrightMetadataRetriever(  131): setDataSource(27, 0, 5413293) 0x1bd2788
E/MetadataRetrieverClient(  131): failed to extract an album art
W/StagefrightMetadataRetriever(  131): setDataSource(/mnt/sdcard/03 Wisemen.m4a) 0x1bd2788
W/StagefrightMetadataRetriever(  131): setDataSource(/mnt/sdcard/._02 Give a Little More.m4a) 0x1bd2788
E/MediaScannerJNI(  525): An error occurred while scanning file '/mnt/sdcard/._02 Give a Little More.m4a'.
W/StagefrightMetadataRetriever(  131): setDataSource(/mnt/sdcard/09 Secret.m4a) 0x1bd2788
W/StagefrightMetadataRetriever(  131): setDataSource(/mnt/sdcard/01 Stay the Night.m4a) 0x1bd2788
W/StagefrightMetadataRetriever(  131): setDataSource(27, 0, 7378482) 0x1bd2788
W/StagefrightMetadataRetriever(  131): setDataSource(/mnt/sdcard/03 Stutter.m4a) 0x1bd2788
W/StagefrightMetadataRetriever(  131): setDataSource(/mnt/sdcard/._03 Lucky (feat. Colbie Caillat).m4a) 0x1bd2788
E/MediaScannerJNI(  525): An error occurred while scanning file '/mnt/sdcard/._03 Lucky (feat. Colbie Caillat).m4a'.
W/StagefrightMetadataRetriever(  131): setDataSource(/mnt/sdcard/._15 Young Forever (feat. Mr. Hudson).m4a) 0x1bd2788
E/MediaScannerJNI(  525): An error occurred while scanning file '/mnt/sdcard/._15 Young Forever (feat. Mr. Hudson).m4a'.
W/StagefrightMetadataRetriever(  131): setDataSource(/mnt/sdcard/03 Lucky (feat. Colbie Caillat).m4a) 0x1bd2788
W/StagefrightMetadataRetriever(  131): setDataSource(27, 0, 6529133) 0x1bd2788
W/StagefrightMetadataRetriever(  131): setDataSource(/mnt/sdcard/06 Monster [Explicit].mp3) 0x1bd2788
W/StagefrightMetadataRetriever(  131): setDataSource(/mnt/sdcard/04 Your Body Is A Wonderland.m4a) 0x1bd2788
W/StagefrightMetadataRetriever(  131): setDataSource(/mnt/sdcard/01 Down (feat. Lil Wayne).m4a) 0x1bd2788
W/StagefrightMetadataRetriever(  131): setDataSource(27, 0, 7419180) 0x1bd2788
W/StagefrightMetadataRetriever(  131): setDataSource(/mnt/sdcard/08 Walk Away.m4a) 0x1bd2788
W/StagefrightMetadataRetriever(  131): setDataSource(/mnt/sdcard/05 Empire State of Mind (feat. Alicia Keys).m4a) 0x1bd2788
W/StagefrightMetadataRetriever(  131): setDataSource(27, 0, 9714434) 0x1bd2788
W/StagefrightMetadataRetriever(  131): setDataSource(/mnt/sdcard/._01 Run This Town (feat. Rihanna & Kanye West).m4a) 0x1bd2788
E/MediaScannerJNI(  525): An error occurred while scanning file '/mnt/sdcard/._01 Run This Town (feat. Rihanna & Kanye West).m4a'.
W/StagefrightMetadataRetriever(  131): setDataSource(/mnt/sdcard/03 Heartless.m4a) 0x1bd2788
W/StagefrightMetadataRetriever(  131): setDataSource(27, 0, 7217988) 0x1bd2788
W/StagefrightMetadataRetriever(  131): setDataSource(/mnt/sdcard/15 Young Forever (feat. Mr. Hudson).m4a) 0x1bd2788
W/StagefrightMetadataRetriever(  131): setDataSource(/mnt/sdcard/09 Love Song For No One.m4a) 0x1bd2788
W/StagefrightMetadataRetriever(  131): setDataSource(/mnt/sdcard/01 Run This Town (feat. Rihanna & Kanye West).m4a) 0x1bd2788
W/StagefrightMetadataRetriever(  131): setDataSource(27, 0, 9618739) 0x1bd2788
W/StagefrightMetadataRetriever(  131): setDataSource(/mnt/sdcard/._13 Heartless.m4a) 0x1bd2788
E/MediaScannerJNI(  525): An error occurred while scanning file '/mnt/sdcard/._13 Heartless.m4a'.
W/StagefrightMetadataRetriever(  131): setDataSource(/mnt/sdcard/04 Bulletproof.m4a) 0x1bd2788
W/StagefrightMetadataRetriever(  131): setDataSource(27, 0, 7507631) 0x1bd2788
W/StagefrightMetadataRetriever(  131): setDataSource(/mnt/sdcard/04 Jack and Diane.m4a) 0x1bd2788
W/StagefrightMetadataRetriever(  131): setDataSource(27, 0, 8794983) 0x1bd2788
W/StagefrightMetadataRetriever(  131): setDataSource(/mnt/sdcard/._03 Stutter.m4a) 0x1bd2788
E/MediaScannerJNI(  525): An error occurred while scanning file '/mnt/sdcard/._03 Stutter.m4a'.
W/StagefrightMetadataRetriever(  131): setDataSource(/mnt/sdcard/06 I Saw Mommy Kissing Santa Claus.m4a) 0x1bd2788
W/StagefrightMetadataRetriever(  131): setDataSource(27, 0, 5682179) 0x1bd2788
W/StagefrightMetadataRetriever(  131): setDataSource(/mnt/sdcard/._06 I Saw Mommy Kissing Santa Claus.m4a) 0x1bd2788
E/MediaScannerJNI(  525): An error occurred while scanning file '/mnt/sdcard/._06 I Saw Mommy Kissing Santa Claus.m4a'.
W/StagefrightMetadataRetriever(  131): setDataSource(/mnt/sdcard/04 Poker Face.m4a) 0x1bd2788
W/StagefrightMetadataRetriever(  131): setDataSource(27, 0, 8290008) 0x1bd2788
W/StagefrightMetadataRetriever(  131): setDataSource(/mnt/sdcard/02 Mr. Brightside.m4a) 0x1bd2788
W/StagefrightMetadataRetriever(  131): setDataSource(27, 0, 7851057) 0x1bd2788
W/StagefrightMetadataRetriever(  131): setDataSource(/mnt/sdcard/04 Somebody Told Me.m4a) 0x1bd2788
W/StagefrightMetadataRetriever(  131): setDataSource(/mnt/sdcard/01 Just Dance.m4a) 0x1bd2788
W/StagefrightMetadataRetriever(  131): setDataSource(/mnt/sdcard/03 When You Were Young.m4a) 0x1bd2788
W/StagefrightMetadataRetriever(  131): setDataSource(27, 0, 3552078) 0x1bd2788
E/MetadataRetrieverClient(  131): failed to extract an album art
W/StagefrightMetadataRetriever(  131): setDataSource(/mnt/sdcard/01 Baby, It's Cold Outside.m4a) 0x1bd2788
W/StagefrightMetadataRetriever(  131): setDataSource(27, 0, 7325373) 0x1bd2788
W/StagefrightMetadataRetriever(  131): setDataSource(/mnt/sdcard/06 Read My Mind.mp3) 0x1bd2788
W/StagefrightMetadataRetriever(  131): setDataSource(/mnt/sdcard/._01 Baby, It's Cold Outside.m4a) 0x1bd2788
E/MediaScannerJNI(  525): An error occurred while scanning file '/mnt/sdcard/._01 Baby, It's Cold Outside.m4a'.
W/StagefrightMetadataRetriever(  131): setDataSource(/mnt/sdcard/._01 Misery.m4a) 0x1bd2788
E/MediaScannerJNI(  525): An error occurred while scanning file '/mnt/sdcard/._01 Misery.m4a'.
W/StagefrightMetadataRetriever(  131): setDataSource(/mnt/sdcard/01 Pictures of You.m4a) 0x1bd2788
W/StagefrightMetadataRetriever(  131): setDataSource(27, 0, 6263250) 0x1bd2788
W/StagefrightMetadataRetriever(  131): setDataSource(/mnt/sdcard/04 Again.m4a) 0x1bd2788
W/StagefrightMetadataRetriever(  131): setDataSource(27, 0, 7457348) 0x1bd2788
W/StagefrightMetadataRetriever(  131): setDataSource(/mnt/sdcard/01 Harder To Breathe.m4a) 0x1bd2788
W/StagefrightMetadataRetriever(  131): setDataSource(/mnt/sdcard/02 This Love.m4a) 0x1bd2788
W/StagefrightMetadataRetriever(  131): setDataSource(/mnt/sdcard/Crawler.mp3) 0x1bd2788
W/StagefrightMetadataRetriever(  131): setDataSource(/mnt/sdcard/04 She Will Be Loved.m4a) 0x1bd2788
W/StagefrightMetadataRetriever(  131): setDataSource(27, 0, 8935441) 0x1bd2788
W/StagefrightMetadataRetriever(  131): setDataSource(/mnt/sdcard/02 Come On Get Higher.m4a) 0x1bd2788
W/StagefrightMetadataRetriever(  131): setDataSource(27, 0, 7382766) 0x1bd2788
W/StagefrightMetadataRetriever(  131): setDataSource(/mnt/sdcard/05 Tangled.m4a) 0x1bd1420
W/StagefrightMetadataRetriever(  131): setDataSource(/mnt/sdcard/06 What I've Done.m4a) 0x1c05d68
W/StagefrightMetadataRetriever(  131): setDataSource(27, 0, 7318675) 0x1c05d68
W/StagefrightMetadataRetriever(  131): setDataSource(/mnt/sdcard/Tired.mp3) 0x1c05d68
W/StagefrightMetadataRetriever(  131): setDataSource(/mnt/sdcard/01 New Divide.m4a) 0x1c05d68
W/StagefrightMetadataRetriever(  131): setDataSource(27, 0, 8995591) 0x1c05d68
W/StagefrightMetadataRetriever(  131): setDataSource(/mnt/sdcard/06 The Sun.m4a) 0x1c05d68
W/StagefrightMetadataRetriever(  131): setDataSource(/mnt/sdcard/01 Mambo No. 5 (A Little Bit Of...).m4a) 0x1c05d68
W/StagefrightMetadataRetriever(  131): setDataSource(27, 0, 8495067) 0x1c05d68
W/StagefrightMetadataRetriever(  131): setDataSource(/mnt/sdcard/03 3 AM.m4a) 0x1c05d68
W/StagefrightMetadataRetriever(  131): setDataSource(27, 0, 3672866) 0x1c05d68
E/MetadataRetrieverClient(  131): failed to extract an album art
W/StagefrightMetadataRetriever(  131): setDataSource(/mnt/sdcard/You Snuck Your Way Right Into My Heart.m4a) 0x1c05d68
W/StagefrightMetadataRetriever(  131): setDataSource(27, 0, 5762697) 0x1c05d68
W/StagefrightMetadataRetriever(  131): setDataSource(/mnt/sdcard/07 Must get Out.m4a) 0x1c05d68
W/StagefrightMetadataRetriever(  131): setDataSource(/mnt/sdcard/09 Fireflies.m4a) 0x1c05d68
W/StagefrightMetadataRetriever(  131): setDataSource(27, 0, 8049756) 0x1c05d68
W/StagefrightMetadataRetriever(  131): setDataSource(/mnt/sdcard/08 Sunday Mornings.m4a) 0x1c05d68
W/StagefrightMetadataRetriever(  131): setDataSource(/mnt/sdcard/Bullets Cover (Originally done by Augustana).mp3) 0x1c05d68
W/StagefrightMetadataRetriever(  131): setDataSource(/mnt/sdcard/10 Through With You.m4a) 0x1c05d68
W/StagefrightMetadataRetriever(  131): setDataSource(/mnt/sdcard/11 Not Coming Home.m4a) 0x1c05d68
W/StagefrightMetadataRetriever(  131): setDataSource(/mnt/sdcard/._11 Vanilla Twilight.m4a) 0x1c05d68
E/MediaScannerJNI(  525): An error occurred while scanning file '/mnt/sdcard/._11 Vanilla Twilight.m4a'.
W/StagefrightMetadataRetriever(  131): setDataSource(/mnt/sdcard/12 Sweetest Goodbye.m4a) 0x1c05d68
W/StagefrightMetadataRetriever(  131): setDataSource(/mnt/sdcard/._Bullets Cover (Originally done by Augustana).mp3) 0x1c05d68
E/MediaScannerJNI(  525): An error occurred while scanning file '/mnt/sdcard/._Bullets Cover (Originally done by Augustana).mp3'.
W/StagefrightMetadataRetriever(  131): setDataSource(/mnt/sdcard/Your Love.mp3) 0x1c05d68
W/StagefrightMetadataRetriever(  131): setDataSource(27, 0, 3305856) 0x1c05d68
E/MetadataRetrieverClient(  131): failed to extract an album art
W/StagefrightMetadataRetriever(  131): setDataSource(/mnt/sdcard/Closer To Love-- Piano Remix.m4a) 0x1c05d68
W/StagefrightMetadataRetriever(  131): setDataSource(27, 0, 3742815) 0x1c05d68
E/MetadataRetrieverClient(  131): failed to extract an album art
W/StagefrightMetadataRetriever(  131): setDataSource(/mnt/sdcard/._07 Kristy, Are You Doing Okay_.m4a) 0x1c05d68
E/MediaScannerJNI(  525): An error occurred while scanning file '/mnt/sdcard/._07 Kristy, Are You Doing Okay_.m4a'.
W/StagefrightMetadataRetriever(  131): setDataSource(/mnt/sdcard/01 Real World.m4a) 0x1c05d68
W/StagefrightMetadataRetriever(  131): setDataSource(/mnt/sdcard/04 Apologize.m4a) 0x1c05d68
W/StagefrightMetadataRetriever(  131): setDataSource(27, 0, 7076065) 0x1c05d68
W/StagefrightMetadataRetriever(  131): setDataSource(/mnt/sdcard/02 Long Day.m4a) 0x1c05d68
W/StagefrightMetadataRetriever(  131): setDataSource(/mnt/sdcard/04 Push.m4a) 0x1c05d68
W/StagefrightMetadataRetriever(  131): setDataSource(/mnt/sdcard/02 1901.m4a) 0x1c05d68
W/StagefrightMetadataRetriever(  131): setDataSource(/mnt/sdcard/05 Girl Like That.m4a) 0x1c05d68
W/StagefrightMetadataRetriever(  131): setDataSource(/mnt/sdcard/11 Vanilla Twilight.m4a) 0x1c05d68
W/StagefrightMetadataRetriever(  131): setDataSource(/mnt/sdcard/03 One Day.m4a) 0x1c05d68
W/StagefrightMetadataRetriever(  131): setDataSource(27, 0, 7514556) 0x1c05d68
W/StagefrightMetadataRetriever(  131): setDataSource(/mnt/sdcard/California.mp3) 0x1c05d68
W/StagefrightMetadataRetriever(  131): setDataSource(27, 0, 4620224) 0x1c05d68
E/MetadataRetrieverClient(  131): failed to extract an album art
W/StagefrightMetadataRetriever(  131): setDataSource(/mnt/sdcard/Telephone.mp3) 0x1c05d68
W/StagefrightMetadataRetriever(  131): setDataSource(/mnt/sdcard/07 Kristy, Are You Doing Okay_.m4a) 0x1c05d68
W/StagefrightMetadataRetriever(  131): setDataSource(/mnt/sdcard/01 Secrets.mp3) 0x1c05d68
W/StagefrightMetadataRetriever(  131): setDataSource(27, 0, 6653541) 0x1c05d68
E/MetadataRetrieverClient(  131): failed to extract an album art
W/StagefrightMetadataRetriever(  131): setDataSource(/mnt/sdcard/02 All the Right Moves.m4a) 0x1c05d68
W/StagefrightMetadataRetriever(  131): setDataSource(27, 0, 8634363) 0x1c05d68
W/StagefrightMetadataRetriever(  131): setDataSource(/mnt/sdcard/07 Funhouse.m4a) 0x1c05d68
W/StagefrightMetadataRetriever(  131): setDataSource(27, 0, 7205202) 0x1c05d68
W/StagefrightMetadataRetriever(  131): setDataSource(/mnt/sdcard/._07 Funhouse.m4a) 0x1c05d68
E/MediaScannerJNI(  525): An error occurred while scanning file '/mnt/sdcard/._07 Funhouse.m4a'.
W/StagefrightMetadataRetriever(  131): setDataSource(/mnt/sdcard/01 Roxanne.m4a) 0x1c05d68
W/StagefrightMetadataRetriever(  131): setDataSource(27, 0, 6794877) 0x1c05d68
W/StagefrightMetadataRetriever(  131): setDataSource(/mnt/sdcard/._08 Expiration Date.m4a) 0x1c05d68
E/MediaScannerJNI(  525): An error occurred while scanning file '/mnt/sdcard/._08 Expiration Date.m4a'.
W/StagefrightMetadataRetriever(  131): setDataSource(/mnt/sdcard/01 Rhythm of Love.mp3) 0x1c05d68
W/StagefrightMetadataRetriever(  131): setDataSource(27, 0, 4975077) 0x1c05d68
E/MetadataRetrieverClient(  131): failed to extract an album art
W/StagefrightMetadataRetriever(  131): setDataSource(/mnt/sdcard/01 Heartbreaker.m4a) 0x1c05d68
W/StagefrightMetadataRetriever(  131): setDataSource(27, 0, 7220197) 0x1c05d68
W/StagefrightMetadataRetriever(  131): setDataSource(/mnt/sdcard/MrsRobinson.mp3) 0x1c05d68
W/StagefrightMetadataRetriever(  131): setDataSource(27, 0, 5729260) 0x1c05d68
E/MetadataRetrieverClient(  131): failed to extract an album art
W/StagefrightMetadataRetriever(  131): setDataSource(/mnt/sdcard/08 Expiration Date.m4a) 0x1c05d68
W/StagefrightMetadataRetriever(  131): setDataSource(27, 0, 6429009) 0x1c05d68
W/StagefrightMetadataRetriever(  131): setDataSource(/mnt/sdcard/September.mp3) 0x1c05d68
W/StagefrightMetadataRetriever(  131): setDataSource(/mnt/sdcard/13 Disturbia.m4a) 0x1c05d68
W/StagefrightMetadataRetriever(  131): setDataSource(27, 0, 8235780) 0x1c05d68
W/StagefrightMetadataRetriever(  131): setDataSource(/mnt/sdcard/02 Such Great Heights.m4a) 0x1c05d68
W/StagefrightMetadataRetriever(  131): setDataSource(27, 0, 9083734) 0x1c05d68
W/StagefrightMetadataRetriever(  131): setDataSource(/mnt/sdcard/02 Lazing On A Sunday Afternoon.m4a) 0x1c05d68
W/StagefrightMetadataRetriever(  131): setDataSource(27, 0, 1127933) 0x1c05d68
E/MetadataRetrieverClient(  131): failed to extract an album art
W/StagefrightMetadataRetriever(  131): setDataSource(/mnt/sdcard/03 Don't Stop the Music.m4a) 0x1c05d68
W/StagefrightMetadataRetriever(  131): setDataSource(/mnt/sdcard/02 Snow ((Hey Oh)).mp3) 0x1c05d68
W/StagefrightMetadataRetriever(  131): setDataSource(27, 0, 5345833) 0x1c05d68
E/MetadataRetrieverClient(  131): failed to extract an album art
W/StagefrightMetadataRetriever(  131): setDataSource(/mnt/sdcard/01 2+2=5 (The Lukewarm).m4a) 0x1c05d68
W/StagefrightMetadataRetriever(  131): setDataSource(27, 0, 3197269) 0x1c05d68
E/MetadataRetrieverClient(  131): failed to extract an album art
W/StagefrightMetadataRetriever(  131): setDataSource(/mnt/sdcard/01 Flying Without Wings.m4a) 0x1c05d68
W/StagefrightMetadataRetriever(  131): setDataSource(27, 0, 3628743) 0x1c05d68
E/MetadataRetrieverClient(  131): failed to extract an album art
W/StagefrightMetadataRetriever(  131): setDataSource(/mnt/sdcard/02 Sit Down, Stand Up (Snakes & Ladders).m4a) 0x1c05d68
W/StagefrightMetadataRetriever(  131): setDataSource(/mnt/sdcard/14 Take a Bow.m4a) 0x1c05d68
W/StagefrightMetadataRetriever(  131): setDataSource(/mnt/sdcard/03 Sail To The Moon (Brush The Cobwebs Of The Sky).m4a) 0x1c05d68
W/StagefrightMetadataRetriever(  131): setDataSource(/mnt/sdcard/01 We Cry.m4a) 0x1c05d68
W/StagefrightMetadataRetriever(  131): setDataSource(27, 0, 7859057) 0x1c05d68
W/StagefrightMetadataRetriever(  131): setDataSource(/mnt/sdcard/01 Umbrella.mp3) 0x1c05d68
W/StagefrightMetadataRetriever(  131): setDataSource(27, 0, 3658363) 0x1c05d68
E/MetadataRetrieverClient(  131): failed to extract an album art
W/StagefrightMetadataRetriever(  131): setDataSource(/mnt/sdcard/04 Backdrifts (Honeymoon Is Over).m4a) 0x1c05d68
W/StagefrightMetadataRetriever(  131): setDataSource(/mnt/sdcard/11 Streetcorner Symphony.m4a) 0x1c05d68
W/StagefrightMetadataRetriever(  131): setDataSource(27, 0, 4022805) 0x1c05d68
E/MetadataRetrieverClient(  131): failed to extract an album art
W/StagefrightMetadataRetriever(  131): setDataSource(/mnt/sdcard/05 Go To Sleep (Little Man Being Erased).m4a) 0x1c05d68
W/StagefrightMetadataRetriever(  131): setDataSource(/mnt/sdcard/08 Fall.m4a) 0x1c05d68
W/StagefrightMetadataRetriever(  131): setDataSource(27, 0, 7761822) 0x1c05d68
W/StagefrightMetadataRetriever(  131): setDataSource(/mnt/sdcard/06 Where I End And You Begin (The Sky Is Falling In).m4a) 0x1c05d68
W/StagefrightMetadataRetriever(  131): setDataSource(/mnt/sdcard/07 We Suck Young Blood (Your Time Is Up).m4a) 0x1c05d68
W/StagefrightMetadataRetriever(  131): setDataSource(/mnt/sdcard/02 Before the Worst.m4a) 0x1c05d68
W/StagefrightMetadataRetriever(  131): setDataSource(/mnt/sdcard/._08 Fall.m4a) 0x1c05d68
E/MediaScannerJNI(  525): An error occurred while scanning file '/mnt/sdcard/._08 Fall.m4a'.
W/StagefrightMetadataRetriever(  131): setDataSource(/mnt/sdcard/08 The Gloaming (Softly Open Our Mouths In The Cold).m4a) 0x1c05d68
W/StagefrightMetadataRetriever(  131): setDataSource(/mnt/sdcard/02 Fall for You.m4a) 0x1c05d68
W/StagefrightMetadataRetriever(  131): setDataSource(27, 0, 6292928) 0x1c05d68
W/StagefrightMetadataRetriever(  131): setDataSource(/mnt/sdcard/09 There There (The Boney King Of Nowhere).m4a) 0x1c05d68
W/StagefrightMetadataRetriever(  131): setDataSource(/mnt/sdcard/11 Why Don't You & I.m4a) 0x1c05d68
W/StagefrightMetadataRetriever(  131): setDataSource(27, 0, 4427276) 0x1c05d68
E/MetadataRetrieverClient(  131): failed to extract an album art
W/StagefrightMetadataRetriever(  131): setDataSource(/mnt/sdcard/02 Space.m4a) 0x1c05d68
W/StagefrightMetadataRetriever(  131): setDataSource(27, 0, 6254461) 0x1c05d68
W/StagefrightMetadataRetriever(  131): setDataSource(/mnt/sdcard/10 I Will (No Man's Land).m4a) 0x1c05d68
W/StagefrightMetadataRetriever(  131): setDataSource(/mnt/sdcard/04 The Man Who Can't Be Moved.m4a) 0x1c05d68
W/StagefrightMetadataRetriever(  131): setDataSource(/mnt/sdcard/11 A Punch Up At A Wedding (No No No No No No No No).m4a) 0x1c05d68
W/StagefrightMetadataRetriever(  131): setDataSource(/mnt/sdcard/05 Breakeven.m4a) 0x1c05d68
W/StagefrightMetadataRetriever(  131): setDataSource(/mnt/sdcard/12 Myxomatosis (Judge, Jury & Executioner).m4a) 0x1c05d68
W/StagefrightMetadataRetriever(  131): setDataSource(/mnt/sdcard/._02 Fall for You.m4a) 0x1c05d68
E/MediaScannerJNI(  525): An error occurred while scanning file '/mnt/sdcard/._02 Fall for You.m4a'.
W/StagefrightMetadataRetriever(  131): setDataSource(/mnt/sdcard/04 Jumper.m4a) 0x1c05d68
W/StagefrightMetadataRetriever(  131): setDataSource(27, 0, 9431968) 0x1c05d68
W/StagefrightMetadataRetriever(  131): setDataSource(/mnt/sdcard/13 Scatterbrain (As Dead As Leaves).m4a) 0x1c05d68
W/StagefrightMetadataRetriever(  131): setDataSource(/mnt/sdcard/03 Second Chance.m4a) 0x1c05d68
