D/Bluetooth HS/HF(  996): CDMA call state: IDLE prev state:IDLE
E/ToneGenerator(  996): Unable to marshal AudioFlinger
E/ToneGenerator(  996): ToneGenerator init failed 
F/libc    (  996): Fatal signal 11 (SIGSEGV) at 0x6f542e8d (code=1)
I/DEBUG   (  797): *** *** *** *** *** *** *** *** *** *** *** *** *** *** *** ***
I/DEBUG   (  797): Build fingerprint: 'qcom/msm8660_surf/msm8660_surf:4.0.3/IML74K/eng.joey.20120210.232528:eng/test-keys'
I/DEBUG   (  797): pid: 996, tid: 996  >>> com.android.phone <<<
I/DEBUG   (  797): signal 11 (SIGSEGV), code 1 (SEGV_MAPERR), fault addr 6f542e8d
I/DEBUG   (  797):  r0 6f542e61  r1 001f5c30  r2 001f5c00  r3 bea28188
I/DEBUG   (  797):  r4 001f5c00  r5 6f542e61  r6 401a14b0  r7 4081905d
I/DEBUG   (  797):  r8 df000019  r9 46178c28  10 00000000  fp bea28604
I/DEBUG   (  797):  ip 4094d048  sp bea285b8  lr 40927c2b  pc 40919506  cpsr 60000030
I/DEBUG   (  797):  d0  662074696e692061  d1  7541206c61687369
I/DEBUG   (  797):  d2  000000040000036c  d3  4a54d02800000065
I/DEBUG   (  797):  d4  0076007200650053  d5  004d006500630069
I/DEBUG   (  797):  d6  00670061006e0061  d7  0000000000720065
I/DEBUG   (  797):  d8  0000000000000000  d9  0000000000000000
I/DEBUG   (  797):  d10 0000000000000000  d11 0000000000000000
I/DEBUG   (  797):  d12 0000000000000000  d13 0000000000000000
I/DEBUG   (  797):  d14 0000000000000000  d15 0000000000000000
I/DEBUG   (  797):  d16 3fd43d135cda918c  d17 3ffc63194c570da5
I/DEBUG   (  797):  d18 4000000000000000  d19 3fcce7359d4792d9
I/DEBUG   (  797):  d20 3f11504c292739d4  d21 bebbb371092382c4
I/DEBUG   (  797):  d22 3ff0000000000000  d23 3ff43d135cda918c
I/DEBUG   (  797):  d24 3e66376972bea4d0  d25 3fc39a09d078c69f
I/DEBUG   (  797):  d26 0000000000000000  d27 0000000000000000
I/DEBUG   (  797):  d28 0000000000000000  d29 0000000000000000
I/DEBUG   (  797):  d30 0000000000000000  d31 0000000000000000
I/DEBUG   (  797):  scr 20000012
I/DEBUG   (  797): 
I/DEBUG   (  797):          #00  pc 00037506  /system/lib/libmedia.so (_ZN7android10AudioTrackD2Ev)
I/DEBUG   (  797):          #01  pc 00045c26  /system/lib/libmedia.so (_ZN7android13ToneGeneratorD1Ev)
I/DEBUG   (  797):          #02  pc 0006e1d4  /system/lib/libandroid_runtime.so
I/DEBUG   (  797):          #03  pc 0001ecb0  /system/lib/libdvm.so (dvmPlatformInvoke)
I/DEBUG   (  797):          #04  pc 0005884a  /system/lib/libdvm.so (_Z16dvmCallJNIMethodPKjP6JValuePK6MethodP6Thread)
I/DEBUG   (  797): 
I/DEBUG   (  797): code around pc:
I/DEBUG   (  797): 409194e4 463b9308 f8cd9506 f7ff901c 62e0fe81  ..;F...........b
I/DEBUG   (  797): 409194f4 f7fe4628 4620fced e8bdb00d bf0083f0  (F.... F........
I/DEBUG   (  797): 40919504 6ac5b570 2d004604 f7ffd134 68a0fc89  p..j.F.-4......h
I/DEBUG   (  797): 40919514 f7fdb160 68a3eafa 681ab143 0108f104  `......hC..h....
I/DEBUG   (  797): 40919524 0c0cf852 f7fd1818 60a5ea5a b1136823  R.......Z..`#h..
I/DEBUG   (  797): 
I/DEBUG   (  797): code around lr:
I/DEBUG   (  797): 40927c08 bd7ceece 0000adf0 0000ae9c 6ac3b570  ..|.........p..j
I/DEBUG   (  797): 40927c18 b14b4604 ffc6f7ff b12d6ae5 f7f14628  .FK......j-.(F..
I/DEBUG   (  797): 40927c28 4628fc6d eea2f7ee 0048f104 ff10f7ff  m.(F......H.....
I/DEBUG   (  797): 40927c38 0038f104 ea42f7ef 0034f104 ee84f7ee  ..8...B...4.....
I/DEBUG   (  797): 40927c48 0030f104 ee80f7ee bd704620 b5f72963  ..0..... Fp.c)..
I/DEBUG   (  797): 
I/DEBUG   (  797): memory map around addr 6f542e8d:
I/DEBUG   (  797): 4aecc000-4afcb000 
I/DEBUG   (  797): (no map for address)
I/DEBUG   (  797): b0001000-b0009000 /system/bin/linker
I/DEBUG   (  797): 
I/DEBUG   (  797): stack:
I/DEBUG   (  797):     bea28578  00000000  
I/DEBUG   (  797):     bea2857c  001f5c00  [heap]
I/DEBUG   (  797):     bea28580  401a14b0  
I/DEBUG   (  797):     bea28584  4081905d  /system/lib/libdvm.so
I/DEBUG   (  797):     bea28588  df000019  
I/DEBUG   (  797):     bea2858c  46178c28  
I/DEBUG   (  797):     bea28590  001f5c00  [heap]
I/DEBUG   (  797):     bea28594  001f5c30  [heap]
I/DEBUG   (  797):     bea28598  401a14b0  
I/DEBUG   (  797):     bea2859c  4081905d  /system/lib/libdvm.so
I/DEBUG   (  797):     bea285a0  df000019  
I/DEBUG   (  797):     bea285a4  46178c28  
I/DEBUG   (  797):     bea285a8  00000000  
I/DEBUG   (  797):     bea285ac  40927c0b  /system/lib/libmedia.so
I/DEBUG   (  797):     bea285b0  df0027ad  
I/DEBUG   (  797):     bea285b4  00000000  
I/DEBUG   (  797): #00 bea285b8  001f5c00  [heap]
I/DEBUG   (  797):     bea285bc  6f542e61  
I/DEBUG   (  797):     bea285c0  401a14b0  
I/DEBUG   (  797):     bea285c4  40927c2b  /system/lib/libmedia.so
I/DEBUG   (  797): #01 bea285c8  001f5c00  [heap]
I/DEBUG   (  797):     bea285cc  0000f2c8  [heap]
I/DEBUG   (  797):     bea285d0  401a14b0  
I/DEBUG   (  797):     bea285d4  4017a1d7  /system/lib/libandroid_runtime.so
E/DataRouter(  163): [*] Connect_RILD() returns 4 retrycount 22
I/BootReceiver(  258): Copying /data/tombstones/tombstone_02 to DropBox (SYSTEM_TOMBSTONE)
I/ActivityManager(  258): Process com.android.phone (pid 996) has died.
W/ActivityManager(  258): Canceling start item Intent { cmp=com.android.phone/.BluetoothHeadsetService } in service ComponentInfo{com.android.phone/com.android.phone.BluetoothHeadsetService}
W/ActivityManager(  258): Scheduling restart of crashed service com.android.phone/.BluetoothHeadsetService in 4744ms
I/ActivityManager(  258): Start proc com.android.phone for restart com.android.phone: pid=1017 uid=1001 gids={3002, 3001, 3003, 1015}
I/ActivityThread( 1017): Pub mms: com.android.providers.telephony.MmsProvider
I/ActivityThread( 1017): Pub sms: com.android.providers.telephony.SmsProvider
I/ActivityThread( 1017): Pub telephony: com.android.providers.telephony.TelephonyProvider
W/TelephonyProvider( 1017): onCreate: confFile=/system/etc/apns-conf.xml oldCheckSum=3358775275
W/TelephonyProvider( 1017): onCreate: newCheckSum=3358775275
I/ActivityThread( 1017): Pub icc: com.android.phone.IccProvider
I/ActivityThread( 1017): Pub mms-sms: com.android.providers.telephony.MmsSmsProvider
D/PhoneApp( 1017): non dsds PhoneApp:
D/CallManager( 1017): registerPhone(CDMA Handler (com.android.internal.telephony.PhoneProxy) {412d4118})
D/PhoneStatusBarPolicy(  373): updateSimState for subscription :0
D/PhoneInterfaceManager( 1017):  Registering for UNSOL OEM HOOK Responses to deliver external apps
D/PhoneStatusBarPolicy(  373): updateSimState for subscription :0
D/Bluetooth HS/HF( 1017): CDMA call state: IDLE prev state:IDLE
E/ToneGenerator( 1017): Unable to marshal AudioFlinger
E/ToneGenerator( 1017): ToneGenerator init failed 
F/libc    ( 1017): Fatal signal 11 (SIGSEGV) at 0x6f542e8d (code=1)
E/DataRouter(  163): [*] Connect_RILD() returns 4 retrycount 23
I/DEBUG   (  797): *** *** *** *** *** *** *** *** *** *** *** *** *** *** *** ***
I/DEBUG   (  797): Build fingerprint: 'qcom/msm8660_surf/msm8660_surf:4.0.3/IML74K/eng.joey.20120210.232528:eng/test-keys'
I/DEBUG   (  797): pid: 1017, tid: 1017  >>> com.android.phone <<<
I/DEBUG   (  797): signal 11 (SIGSEGV), code 1 (SEGV_MAPERR), fault addr 6f542e8d
I/DEBUG   (  797):  r0 6f542e61  r1 001b7510  r2 001b74e0  r3 bea28188
I/DEBUG   (  797):  r4 001b74e0  r5 6f542e61  r6 401a14b0  r7 4081905d
I/DEBUG   (  797):  r8 df600019  r9 46178c28  10 00000000  fp bea28604
I/DEBUG   (  797):  ip 4094d048  sp bea285b8  lr 40927c2b  pc 40919506  cpsr 60000030
I/DEBUG   (  797):  d0  662074696e692061  d1  7541206c61687369
I/DEBUG   (  797):  d2  000000040000036c  d3  4a54d02800000065
I/DEBUG   (  797):  d4  006f006900640075  d5  0069006c006f0050
I/DEBUG   (  797):  d6  0065005300790063  d7  0063006900760072
I/DEBUG   (  797):  d8  0000000000000000  d9  0000000000000000
I/DEBUG   (  797):  d10 0000000000000000  d11 0000000000000000
I/DEBUG   (  797):  d12 0000000000000000  d13 0000000000000000
I/DEBUG   (  797):  d14 0000000000000000  d15 0000000000000000
I/DEBUG   (  797):  d16 3fd43d135cda918c  d17 3ffc63194c570da5
I/DEBUG   (  797):  d18 4000000000000000  d19 3fcce7359d4792d9
I/DEBUG   (  797):  d20 3f11504c292739d4  d21 bebbb371092382c4
I/DEBUG   (  797):  d22 3ff0000000000000  d23 3ff43d135cda918c
I/DEBUG   (  797):  d24 3e66376972bea4d0  d25 3fc39a09d078c69f
I/DEBUG   (  797):  d26 0000000000000000  d27 0000000000000000
I/DEBUG   (  797):  d28 0000000000000000  d29 0000000000000000
I/DEBUG   (  797):  d30 0000000000000000  d31 0000000000000000
I/DEBUG   (  797):  scr 20000012
I/DEBUG   (  797): 
I/DEBUG   (  797):          #00  pc 00037506  /system/lib/libmedia.so (_ZN7android10AudioTrackD2Ev)
I/DEBUG   (  797):          #01  pc 00045c26  /system/lib/libmedia.so (_ZN7android13ToneGeneratorD1Ev)
I/DEBUG   (  797):          #02  pc 0006e1d4  /system/lib/libandroid_runtime.so
I/DEBUG   (  797):          #03  pc 0001ecb0  /system/lib/libdvm.so (dvmPlatformInvoke)
I/DEBUG   (  797):          #04  pc 0005884a  /system/lib/libdvm.so (_Z16dvmCallJNIMethodPKjP6JValuePK6MethodP6Thread)
I/DEBUG   (  797): 
I/DEBUG   (  797): code around pc:
I/DEBUG   (  797): 409194e4 463b9308 f8cd9506 f7ff901c 62e0fe81  ..;F...........b
I/DEBUG   (  797): 409194f4 f7fe4628 4620fced e8bdb00d bf0083f0  (F.... F........
I/DEBUG   (  797): 40919504 6ac5b570 2d004604 f7ffd134 68a0fc89  p..j.F.-4......h
I/DEBUG   (  797): 40919514 f7fdb160 68a3eafa 681ab143 0108f104  `......hC..h....
I/DEBUG   (  797): 40919524 0c0cf852 f7fd1818 60a5ea5a b1136823  R.......Z..`#h..
I/DEBUG   (  797): 
I/DEBUG   (  797): code around lr:
I/DEBUG   (  797): 40927c08 bd7ceece 0000adf0 0000ae9c 6ac3b570  ..|.........p..j
I/DEBUG   (  797): 40927c18 b14b4604 ffc6f7ff b12d6ae5 f7f14628  .FK......j-.(F..
I/DEBUG   (  797): 40927c28 4628fc6d eea2f7ee 0048f104 ff10f7ff  m.(F......H.....
I/DEBUG   (  797): 40927c38 0038f104 ea42f7ef 0034f104 ee84f7ee  ..8...B...4.....
I/DEBUG   (  797): 40927c48 0030f104 ee80f7ee bd704620 b5f72963  ..0..... Fp.c)..
I/DEBUG   (  797): 
I/DEBUG   (  797): memory map around addr 6f542e8d:
I/DEBUG   (  797): 4aecc000-4afcb000 
I/DEBUG   (  797): (no map for address)
I/DEBUG   (  797): b0001000-b0009000 /system/bin/linker
I/DEBUG   (  797): 
I/DEBUG   (  797): stack:
I/DEBUG   (  797):     bea28578  00000000  
I/DEBUG   (  797):     bea2857c  001b74e0  [heap]
I/DEBUG   (  797):     bea28580  401a14b0  
I/DEBUG   (  797):     bea28584  4081905d  /system/lib/libdvm.so
I/DEBUG   (  797):     bea28588  df600019  
I/DEBUG   (  797):     bea2858c  46178c28  
I/DEBUG   (  797):     bea28590  001b74e0  [heap]
I/DEBUG   (  797):     bea28594  001b7510  [heap]
I/DEBUG   (  797):     bea28598  401a14b0  
I/DEBUG   (  797):     bea2859c  4081905d  /system/lib/libdvm.so
I/DEBUG   (  797):     bea285a0  df600019  
I/DEBUG   (  797):     bea285a4  46178c28  
I/DEBUG   (  797):     bea285a8  00000000  
I/DEBUG   (  797):     bea285ac  40927c0b  /system/lib/libmedia.so
I/DEBUG   (  797):     bea285b0  df0027ad  
I/DEBUG   (  797):     bea285b4  00000000  
I/DEBUG   (  797): #00 bea285b8  001b74e0  [heap]
I/DEBUG   (  797):     bea285bc  6f542e61  
I/DEBUG   (  797):     bea285c0  401a14b0  
I/DEBUG   (  797):     bea285c4  40927c2b  /system/lib/libmedia.so
I/DEBUG   (  797): #01 bea285c8  001b74e0  [heap]
I/DEBUG   (  797):     bea285cc  0000f2c8  [heap]
I/DEBUG   (  797):     bea285d0  401a14b0  
I/DEBUG   (  797):     bea285d4  4017a1d7  /system/lib/libandroid_runtime.so
E/DataRouter(  163): [*] Connect_RILD() returns 4 retrycount 24
I/BootReceiver(  258): Copying /data/tombstones/tombstone_03 to DropBox (SYSTEM_TOMBSTONE)
I/ActivityManager(  258): Process com.android.phone (pid 1017) has died.
W/ActivityManager(  258): Canceling start item Intent { cmp=com.android.phone/.BluetoothHeadsetService } in service ComponentInfo{com.android.phone/com.android.phone.BluetoothHeadsetService}
W/ActivityManager(  258): Scheduling restart of crashed service com.android.phone/.BluetoothHeadsetService in 5170ms
I/ActivityManager(  258): Start proc com.android.phone for restart com.android.phone: pid=1044 uid=1001 gids={3002, 3001, 3003, 1015}
I/ActivityThread( 1044): Pub mms: com.android.providers.telephony.MmsProvider
I/ActivityThread( 1044): Pub sms: com.android.providers.telephony.SmsProvider
I/ActivityThread( 1044): Pub telephony: com.android.providers.telephony.TelephonyProvider
W/TelephonyProvider( 1044): onCreate: confFile=/system/etc/apns-conf.xml oldCheckSum=3358775275
W/TelephonyProvider( 1044): onCreate: newCheckSum=3358775275
I/ActivityThread( 1044): Pub icc: com.android.phone.IccProvider
I/ActivityThread( 1044): Pub mms-sms: com.android.providers.telephony.MmsSmsProvider
D/PhoneApp( 1044): non dsds PhoneApp:
D/PhoneStatusBarPolicy(  373): updateSimState for subscription :0
D/CallManager( 1044): registerPhone(CDMA Handler (com.android.internal.telephony.PhoneProxy) {412d6580})
D/PhoneInterfaceManager( 1044):  Registering for UNSOL OEM HOOK Responses to deliver external apps
D/PhoneStatusBarPolicy(  373): updateSimState for subscription :0
D/Bluetooth HS/HF( 1044): CDMA call state: IDLE prev state:IDLE
E/ToneGenerator( 1044): Unable to marshal AudioFlinger
E/ToneGenerator( 1044): ToneGenerator init failed 
F/libc    ( 1044): Fatal signal 11 (SIGSEGV) at 0x6f542e8d (code=1)
I/DEBUG   (  797): *** *** *** *** *** *** *** *** *** *** *** *** *** *** *** ***
I/DEBUG   (  797): Build fingerprint: 'qcom/msm8660_surf/msm8660_surf:4.0.3/IML74K/eng.joey.20120210.232528:eng/test-keys'
I/DEBUG   (  797): pid: 1044, tid: 1044  >>> com.android.phone <<<
I/DEBUG   (  797): signal 11 (SIGSEGV), code 1 (SEGV_MAPERR), fault addr 6f542e8d
I/DEBUG   (  797):  r0 6f542e61  r1 001b7510  r2 001b74e0  r3 bea28188
I/DEBUG   (  797):  r4 001b74e0  r5 6f542e61  r6 401a14b0  r7 4081905d
I/DEBUG   (  797):  r8 e0400019  r9 46178c28  10 00000000  fp bea28604
I/DEBUG   (  797):  ip 4094d048  sp bea285b8  lr 40927c2b  pc 40919506  cpsr 60000030
I/DEBUG   (  797):  d0  662074696e692061  d1  7541206c61687369
I/DEBUG   (  797):  d2  000000040000036c  d3  4a54d02800000065
I/DEBUG   (  797):  d4  006f006900640075  d5  0069006c006f0050
I/DEBUG   (  797):  d6  0065005300790063  d7  0063006900760072
I/DEBUG   (  797):  d8  0000000000000000  d9  0000000000000000
I/DEBUG   (  797):  d10 0000000000000000  d11 0000000000000000
I/DEBUG   (  797):  d12 0000000000000000  d13 0000000000000000
I/DEBUG   (  797):  d14 0000000000000000  d15 0000000000000000
I/DEBUG   (  797):  d16 3fd43d135cda918c  d17 3ffc63194c570da5
I/DEBUG   (  797):  d18 4000000000000000  d19 3fcce7359d4792d9
I/DEBUG   (  797):  d20 3f11504c292739d4  d21 bebbb371092382c4
I/DEBUG   (  797):  d22 3ff0000000000000  d23 3ff43d135cda918c
I/DEBUG   (  797):  d24 3e66376972bea4d0  d25 3fc39a09d078c69f
I/DEBUG   (  797):  d26 0000000000000000  d27 0000000000000000
I/DEBUG   (  797):  d28 0000000000000000  d29 0000000000000000
I/DEBUG   (  797):  d30 0000000000000000  d31 0000000000000000
I/DEBUG   (  797):  scr 20000012
I/DEBUG   (  797): 
I/DEBUG   (  797):          #00  pc 00037506  /system/lib/libmedia.so (_ZN7android10AudioTrackD2Ev)
I/DEBUG   (  797):          #01  pc 00045c26  /system/lib/libmedia.so (_ZN7android13ToneGeneratorD1Ev)
I/DEBUG   (  797):          #02  pc 0006e1d4  /system/lib/libandroid_runtime.so
I/DEBUG   (  797):          #03  pc 0001ecb0  /system/lib/libdvm.so (dvmPlatformInvoke)
I/DEBUG   (  797):          #04  pc 0005884a  /system/lib/libdvm.so (_Z16dvmCallJNIMethodPKjP6JValuePK6MethodP6Thread)
I/DEBUG   (  797): 
I/DEBUG   (  797): code around pc:
I/DEBUG   (  797): 409194e4 463b9308 f8cd9506 f7ff901c 62e0fe81  ..;F...........b
I/DEBUG   (  797): 409194f4 f7fe4628 4620fced e8bdb00d bf0083f0  (F.... F........
I/DEBUG   (  797): 40919504 6ac5b570 2d004604 f7ffd134 68a0fc89  p..j.F.-4......h
I/DEBUG   (  797): 40919514 f7fdb160 68a3eafa 681ab143 0108f104  `......hC..h....
I/DEBUG   (  797): 40919524 0c0cf852 f7fd1818 60a5ea5a b1136823  R.......Z..`#h..
I/DEBUG   (  797): 
I/DEBUG   (  797): code around lr:
I/DEBUG   (  797): 40927c08 bd7ceece 0000adf0 0000ae9c 6ac3b570  ..|.........p..j
I/DEBUG   (  797): 40927c18 b14b4604 ffc6f7ff b12d6ae5 f7f14628  .FK......j-.(F..
I/DEBUG   (  797): 40927c28 4628fc6d eea2f7ee 0048f104 ff10f7ff  m.(F......H.....
I/DEBUG   (  797): 40927c38 0038f104 ea42f7ef 0034f104 ee84f7ee  ..8...B...4.....
I/DEBUG   (  797): 40927c48 0030f104 ee80f7ee bd704620 b5f72963  ..0..... Fp.c)..
I/DEBUG   (  797): 
I/DEBUG   (  797): memory map around addr 6f542e8d:
I/DEBUG   (  797): 4aecc000-4afcb000 
I/DEBUG   (  797): (no map for address)
I/DEBUG   (  797): b0001000-b0009000 /system/bin/linker
I/DEBUG   (  797): 
I/DEBUG   (  797): stack:
I/DEBUG   (  797):     bea28578  00000000  
I/DEBUG   (  797):     bea2857c  001b74e0  [heap]
I/DEBUG   (  797):     bea28580  401a14b0  
I/DEBUG   (  797):     bea28584  4081905d  /system/lib/libdvm.so
I/DEBUG   (  797):     bea28588  e0400019  
I/DEBUG   (  797):     bea2858c  46178c28  
I/DEBUG   (  797):     bea28590  001b74e0  [heap]
I/DEBUG   (  797):     bea28594  001b7510  [heap]
I/DEBUG   (  797):     bea28598  401a14b0  
I/DEBUG   (  797):     bea2859c  4081905d  /system/lib/libdvm.so
I/DEBUG   (  797):     bea285a0  e0400019  
I/DEBUG   (  797):     bea285a4  46178c28  
I/DEBUG   (  797):     bea285a8  00000000  
I/DEBUG   (  797):     bea285ac  40927c0b  /system/lib/libmedia.so
I/DEBUG   (  797):     bea285b0  df0027ad  
I/DEBUG   (  797):     bea285b4  00000000  
I/DEBUG   (  797): #00 bea285b8  001b74e0  [heap]
I/DEBUG   (  797):     bea285bc  6f542e61  
I/DEBUG   (  797):     bea285c0  401a14b0  
I/DEBUG   (  797):     bea285c4  40927c2b  /system/lib/libmedia.so
I/DEBUG   (  797): #01 bea285c8  001b74e0  [heap]
I/DEBUG   (  797):     bea285cc  0000f2c8  [heap]
I/DEBUG   (  797):     bea285d0  401a14b0  
I/DEBUG   (  797):     bea285d4  4017a1d7  /system/lib/libandroid_runtime.so
E/DataRouter(  163): [*] Connect_RILD() returns 4 retrycount 25
I/BootReceiver(  258): Copying /data/tombstones/tombstone_04 to DropBox (SYSTEM_TOMBSTONE)
I/ActivityManager(  258): Process com.android.phone (pid 1044) has died.
W/ActivityManager(  258): Canceling start item Intent { cmp=com.android.phone/.BluetoothHeadsetService } in service ComponentInfo{com.android.phone/com.android.phone.BluetoothHeadsetService}
W/ActivityManager(  258): Scheduling restart of crashed service com.android.phone/.BluetoothHeadsetService in 4718ms
I/ActivityManager(  258): Start proc com.android.phone for restart com.android.phone: pid=1070 uid=1001 gids={3002, 3001, 3003, 1015}
I/ActivityThread( 1070): Pub mms: com.android.providers.telephony.MmsProvider
I/ActivityThread( 1070): Pub sms: com.android.providers.telephony.SmsProvider
I/ActivityThread( 1070): Pub telephony: com.android.providers.telephony.TelephonyProvider
W/TelephonyProvider( 1070): onCreate: confFile=/system/etc/apns-conf.xml oldCheckSum=3358775275
W/TelephonyProvider( 1070): onCreate: newCheckSum=3358775275
I/ActivityThread( 1070): Pub icc: com.android.phone.IccProvider
I/ActivityThread( 1070): Pub mms-sms: com.android.providers.telephony.MmsSmsProvider
D/PhoneApp( 1070): non dsds PhoneApp:
D/CallManager( 1070): registerPhone(CDMA Handler (com.android.internal.telephony.PhoneProxy) {412d7dc8})
D/PhoneStatusBarPolicy(  373): updateSimState for subscription :0
D/PhoneInterfaceManager( 1070):  Registering for UNSOL OEM HOOK Responses to deliver external apps
D/PhoneStatusBarPolicy(  373): updateSimState for subscription :0
D/Bluetooth HS/HF( 1070): CDMA call state: IDLE prev state:IDLE
E/ToneGenerator( 1070): Unable to marshal AudioFlinger
E/ToneGenerator( 1070): ToneGenerator init failed 
F/libc    ( 1070): Fatal signal 11 (SIGSEGV) at 0x0000005d (code=1)
I/DEBUG   (  797): *** *** *** *** *** *** *** *** *** *** *** *** *** *** *** ***
I/DEBUG   (  797): Build fingerprint: 'qcom/msm8660_surf/msm8660_surf:4.0.3/IML74K/eng.joey.20120210.232528:eng/test-keys'
I/DEBUG   (  797): pid: 1070, tid: 1070  >>> com.android.phone <<<
I/DEBUG   (  797): signal 11 (SIGSEGV), code 1 (SEGV_MAPERR), fault addr 0000005d
I/DEBUG   (  797):  r0 00000031  r1 0016e268  r2 0016e238  r3 bea28188
I/DEBUG   (  797):  r4 0016e238  r5 00000031  r6 401a14b0  r7 4081905d
I/DEBUG   (  797):  r8 e1600019  r9 46178c28  10 00000000  fp bea28604
I/DEBUG   (  797):  ip 4094d048  sp bea285b8  lr 40927c2b  pc 40919506  cpsr 60000030
I/DEBUG   (  797):  d0  662074696e692061  d1  7541206c61687369
I/DEBUG   (  797):  d2  000000040000036c  d3  4a54d02800000065
I/DEBUG   (  797):  d4  006f006900640075  d5  0069006c006f0050
I/DEBUG   (  797):  d6  0065005300790063  d7  0063006900760072
I/DEBUG   (  797):  d8  0000000000000000  d9  0000000000000000
I/DEBUG   (  797):  d10 0000000000000000  d11 0000000000000000
I/DEBUG   (  797):  d12 0000000000000000  d13 0000000000000000
I/DEBUG   (  797):  d14 0000000000000000  d15 0000000000000000
I/DEBUG   (  797):  d16 3fd43d135cda918c  d17 3ffc63194c570da5
I/DEBUG   (  797):  d18 4000000000000000  d19 3fcce7359d4792d9
I/DEBUG   (  797):  d20 3f11504c292739d4  d21 bebbb371092382c4
I/DEBUG   (  797):  d22 3ff0000000000000  d23 3ff43d135cda918c
I/DEBUG   (  797):  d24 3e66376972bea4d0  d25 3fc39a09d078c69f
I/DEBUG   (  797):  d26 0000000000000000  d27 0000000000000000
I/DEBUG   (  797):  d28 0000000000000000  d29 0000000000000000
I/DEBUG   (  797):  d30 0000000000000000  d31 0000000000000000
I/DEBUG   (  797):  scr 20000012
I/DEBUG   (  797): 
E/DataRouter(  163): [*] Connect_RILD() returns 4 retrycount 26
I/DEBUG   (  797):          #00  pc 00037506  /system/lib/libmedia.so (_ZN7android10AudioTrackD2Ev)
I/DEBUG   (  797):          #01  pc 00045c26  /system/lib/libmedia.so (_ZN7android13ToneGeneratorD1Ev)
I/DEBUG   (  797):          #02  pc 0006e1d4  /system/lib/libandroid_runtime.so
I/DEBUG   (  797):          #03  pc 0001ecb0  /system/lib/libdvm.so (dvmPlatformInvoke)
I/DEBUG   (  797):          #04  pc 0005884a  /system/lib/libdvm.so (_Z16dvmCallJNIMethodPKjP6JValuePK6MethodP6Thread)
I/DEBUG   (  797): 
I/DEBUG   (  797): code around pc:
I/DEBUG   (  797): 409194e4 463b9308 f8cd9506 f7ff901c 62e0fe81  ..;F...........b
I/DEBUG   (  797): 409194f4 f7fe4628 4620fced e8bdb00d bf0083f0  (F.... F........
I/DEBUG   (  797): 40919504 6ac5b570 2d004604 f7ffd134 68a0fc89  p..j.F.-4......h
I/DEBUG   (  797): 40919514 f7fdb160 68a3eafa 681ab143 0108f104  `......hC..h....
I/DEBUG   (  797): 40919524 0c0cf852 f7fd1818 60a5ea5a b1136823  R.......Z..`#h..
I/DEBUG   (  797): 
I/DEBUG   (  797): code around lr:
I/DEBUG   (  797): 40927c08 bd7ceece 0000adf0 0000ae9c 6ac3b570  ..|.........p..j
I/DEBUG   (  797): 40927c18 b14b4604 ffc6f7ff b12d6ae5 f7f14628  .FK......j-.(F..
I/DEBUG   (  797): 40927c28 4628fc6d eea2f7ee 0048f104 ff10f7ff  m.(F......H.....
I/DEBUG   (  797): 40927c38 0038f104 ea42f7ef 0034f104 ee84f7ee  ..8...B...4.....
I/DEBUG   (  797): 40927c48 0030f104 ee80f7ee bd704620 b5f72963  ..0..... Fp.c)..
I/DEBUG   (  797): 
I/DEBUG   (  797): stack:
I/DEBUG   (  797):     bea28578  00000000  
I/DEBUG   (  797):     bea2857c  0016e238  [heap]
I/DEBUG   (  797):     bea28580  401a14b0  
I/DEBUG   (  797):     bea28584  4081905d  /system/lib/libdvm.so
I/DEBUG   (  797):     bea28588  e1600019  
I/DEBUG   (  797):     bea2858c  46178c28  
I/DEBUG   (  797):     bea28590  0016e238  [heap]
I/DEBUG   (  797):     bea28594  0016e268  [heap]
I/DEBUG   (  797):     bea28598  401a14b0  
I/DEBUG   (  797):     bea2859c  4081905d  /system/lib/libdvm.so
I/DEBUG   (  797):     bea285a0  e1600019  
I/DEBUG   (  797):     bea285a4  46178c28  
I/DEBUG   (  797):     bea285a8  00000000  
I/DEBUG   (  797):     bea285ac  40927c0b  /system/lib/libmedia.so
I/DEBUG   (  797):     bea285b0  df0027ad  
I/DEBUG   (  797):     bea285b4  00000000  
I/DEBUG   (  797): #00 bea285b8  0016e238  [heap]
I/DEBUG   (  797):     bea285bc  00000031  
I/DEBUG   (  797):     bea285c0  401a14b0  
I/DEBUG   (  797):     bea285c4  40927c2b  /system/lib/libmedia.so
I/DEBUG   (  797): #01 bea285c8  0016e238  [heap]
I/DEBUG   (  797):     bea285cc  0000f2c8  [heap]
I/DEBUG   (  797):     bea285d0  401a14b0  
I/DEBUG   (  797):     bea285d4  4017a1d7  /system/lib/libandroid_runtime.so
I/BootReceiver(  258): Copying /data/tombstones/tombstone_05 to DropBox (SYSTEM_TOMBSTONE)
I/ActivityManager(  258): Process com.android.phone (pid 1070) has died.
W/ActivityManager(  258): Canceling start item Intent { cmp=com.android.phone/.BluetoothHeadsetService } in service ComponentInfo{com.android.phone/com.android.phone.BluetoothHeadsetService}
W/ActivityManager(  258): Scheduling restart of crashed service com.android.phone/.BluetoothHeadsetService in 5190ms
E/DataRouter(  163): [*] Connect_RILD() returns 4 retrycount 27
I/ActivityManager(  258): Start proc com.android.phone for restart com.android.phone: pid=1092 uid=1001 gids={3002, 3001, 3003, 1015}
I/ActivityThread( 1092): Pub mms: com.android.providers.telephony.MmsProvider
I/ActivityThread( 1092): Pub sms: com.android.providers.telephony.SmsProvider
I/ActivityThread( 1092): Pub telephony: com.android.providers.telephony.TelephonyProvider
W/TelephonyProvider( 1092): onCreate: confFile=/system/etc/apns-conf.xml oldCheckSum=3358775275
W/TelephonyProvider( 1092): onCreate: newCheckSum=3358775275
I/ActivityThread( 1092): Pub icc: com.android.phone.IccProvider
I/ActivityThread( 1092): Pub mms-sms: com.android.providers.telephony.MmsSmsProvider
D/PhoneApp( 1092): non dsds PhoneApp:
D/CallManager( 1092): registerPhone(CDMA Handler (com.android.internal.telephony.PhoneProxy) {412e69d0})
D/PhoneStatusBarPolicy(  373): updateSimState for subscription :0
D/PhoneStatusBarPolicy(  373): updateSimState for subscription :0
D/PhoneInterfaceManager( 1092):  Registering for UNSOL OEM HOOK Responses to deliver external apps
D/Bluetooth HS/HF( 1092): CDMA call state: IDLE prev state:IDLE
E/ToneGenerator( 1092): Unable to marshal AudioFlinger
E/ToneGenerator( 1092): ToneGenerator init failed 
F/libc    ( 1092): Fatal signal 11 (SIGSEGV) at 0x6f542e8d (code=1)
I/DEBUG   (  797): *** *** *** *** *** *** *** *** *** *** *** *** *** *** *** ***
I/DEBUG   (  797): Build fingerprint: 'qcom/msm8660_surf/msm8660_surf:4.0.3/IML74K/eng.joey.20120210.232528:eng/test-keys'
I/DEBUG   (  797): pid: 1092, tid: 1092  >>> com.android.phone <<<
I/DEBUG   (  797): signal 11 (SIGSEGV), code 1 (SEGV_MAPERR), fault addr 6f542e8d
I/DEBUG   (  797):  r0 6f542e61  r1 001b7590  r2 001b7560  r3 bea28188
I/DEBUG   (  797):  r4 001b7560  r5 6f542e61  r6 401a14b0  r7 4081905d
I/DEBUG   (  797):  r8 e2000019  r9 46178c28  10 00000000  fp bea28604
I/DEBUG   (  797):  ip 4094d048  sp bea285b8  lr 40927c2b  pc 40919506  cpsr 60000030
I/DEBUG   (  797):  d0  662074696e692061  d1  7541206c61687369
I/DEBUG   (  797):  d2  000000040000036c  d3  4a54d02800000065
I/DEBUG   (  797):  d4  006f006900640075  d5  0069006c006f0050
I/DEBUG   (  797):  d6  0065005300790063  d7  0063006900760072
I/DEBUG   (  797):  d8  0000000000000000  d9  0000000000000000
I/DEBUG   (  797):  d10 0000000000000000  d11 0000000000000000
I/DEBUG   (  797):  d12 0000000000000000  d13 0000000000000000
I/DEBUG   (  797):  d14 0000000000000000  d15 0000000000000000
I/DEBUG   (  797):  d16 3fd43d135cda918c  d17 3ffc63194c570da5
I/DEBUG   (  797):  d18 4000000000000000  d19 3fcce7359d4792d9
I/DEBUG   (  797):  d20 3f11504c292739d4  d21 bebbb371092382c4
I/DEBUG   (  797):  d22 3ff0000000000000  d23 3ff43d135cda918c
I/DEBUG   (  797):  d24 3e66376972bea4d0  d25 3fc39a09d078c69f
I/DEBUG   (  797):  d26 0000000000000000  d27 0000000000000000
I/DEBUG   (  797):  d28 0000000000000000  d29 0000000000000000
I/DEBUG   (  797):  d30 0000000000000000  d31 0000000000000000
I/DEBUG   (  797):  scr 20000012
I/DEBUG   (  797): 
I/DEBUG   (  797):          #00  pc 00037506  /system/lib/libmedia.so (_ZN7android10AudioTrackD2Ev)
I/DEBUG   (  797):          #01  pc 00045c26  /system/lib/libmedia.so (_ZN7android13ToneGeneratorD1Ev)
I/DEBUG   (  797):          #02  pc 0006e1d4  /system/lib/libandroid_runtime.so
I/DEBUG   (  797):          #03  pc 0001ecb0  /system/lib/libdvm.so (dvmPlatformInvoke)
I/DEBUG   (  797):          #04  pc 0005884a  /system/lib/libdvm.so (_Z16dvmCallJNIMethodPKjP6JValuePK6MethodP6Thread)
I/DEBUG   (  797): 
I/DEBUG   (  797): code around pc:
I/DEBUG   (  797): 409194e4 463b9308 f8cd9506 f7ff901c 62e0fe81  ..;F...........b
I/DEBUG   (  797): 409194f4 f7fe4628 4620fced e8bdb00d bf0083f0  (F.... F........
I/DEBUG   (  797): 40919504 6ac5b570 2d004604 f7ffd134 68a0fc89  p..j.F.-4......h
I/DEBUG   (  797): 40919514 f7fdb160 68a3eafa 681ab143 0108f104  `......hC..h....
I/DEBUG   (  797): 40919524 0c0cf852 f7fd1818 60a5ea5a b1136823  R.......Z..`#h..
I/DEBUG   (  797): 
I/DEBUG   (  797): code around lr:
I/DEBUG   (  797): 40927c08 bd7ceece 0000adf0 0000ae9c 6ac3b570  ..|.........p..j
I/DEBUG   (  797): 40927c18 b14b4604 ffc6f7ff b12d6ae5 f7f14628  .FK......j-.(F..
I/DEBUG   (  797): 40927c28 4628fc6d eea2f7ee 0048f104 ff10f7ff  m.(F......H.....
I/DEBUG   (  797): 40927c38 0038f104 ea42f7ef 0034f104 ee84f7ee  ..8...B...4.....
I/DEBUG   (  797): 40927c48 0030f104 ee80f7ee bd704620 b5f72963  ..0..... Fp.c)..
I/DEBUG   (  797): 
I/DEBUG   (  797): memory map around addr 6f542e8d:
I/DEBUG   (  797): 4aecc000-4afcb000 
I/DEBUG   (  797): (no map for address)
I/DEBUG   (  797): b0001000-b0009000 /system/bin/linker
I/DEBUG   (  797): 
I/DEBUG   (  797): stack:
I/DEBUG   (  797):     bea28578  00000000  
I/DEBUG   (  797):     bea2857c  001b7560  [heap]
I/DEBUG   (  797):     bea28580  401a14b0  
I/DEBUG   (  797):     bea28584  4081905d  /system/lib/libdvm.so
I/DEBUG   (  797):     bea28588  e2000019  
I/DEBUG   (  797):     bea2858c  46178c28  
I/DEBUG   (  797):     bea28590  001b7560  [heap]
I/DEBUG   (  797):     bea28594  001b7590  [heap]
I/DEBUG   (  797):     bea28598  401a14b0  
I/DEBUG   (  797):     bea2859c  4081905d  /system/lib/libdvm.so
I/DEBUG   (  797):     bea285a0  e2000019  
I/DEBUG   (  797):     bea285a4  46178c28  
I/DEBUG   (  797):     bea285a8  00000000  
I/DEBUG   (  797):     bea285ac  40927c0b  /system/lib/libmedia.so
I/DEBUG   (  797):     bea285b0  df0027ad  
I/DEBUG   (  797):     bea285b4  00000000  
I/DEBUG   (  797): #00 bea285b8  001b7560  [heap]
I/DEBUG   (  797):     bea285bc  6f542e61  
I/DEBUG   (  797):     bea285c0  401a14b0  
I/DEBUG   (  797):     bea285c4  40927c2b  /system/lib/libmedia.so
I/DEBUG   (  797): #01 bea285c8  001b7560  [heap]
I/DEBUG   (  797):     bea285cc  0000f2c8  [heap]
I/DEBUG   (  797):     bea285d0  401a14b0  
I/DEBUG   (  797):     bea285d4  4017a1d7  /system/lib/libandroid_runtime.so
E/DataRouter(  163): [*] Connect_RILD() returns 4 retrycount 28
I/BootReceiver(  258): Copying /data/tombstones/tombstone_06 to DropBox (SYSTEM_TOMBSTONE)
I/ActivityManager(  258): Process com.android.phone (pid 1092) has died.
W/ActivityManager(  258): Canceling start item Intent { cmp=com.android.phone/.BluetoothHeadsetService } in service ComponentInfo{com.android.phone/com.android.phone.BluetoothHeadsetService}
W/ActivityManager(  258): Scheduling restart of crashed service com.android.phone/.BluetoothHeadsetService in 5342ms
I/ActivityManager(  258): Start proc com.android.phone for restart com.android.phone: pid=1118 uid=1001 gids={3002, 3001, 3003, 1015}
I/ActivityThread( 1118): Pub mms: com.android.providers.telephony.MmsProvider
I/ActivityThread( 1118): Pub sms: com.android.providers.telephony.SmsProvider
I/ActivityThread( 1118): Pub telephony: com.android.providers.telephony.TelephonyProvider
W/TelephonyProvider( 1118): onCreate: confFile=/system/etc/apns-conf.xml oldCheckSum=3358775275
W/TelephonyProvider( 1118): onCreate: newCheckSum=3358775275
I/ActivityThread( 1118): Pub icc: com.android.phone.IccProvider
I/ActivityThread( 1118): Pub mms-sms: com.android.providers.telephony.MmsSmsProvider
D/PhoneApp( 1118): non dsds PhoneApp:
D/CallManager( 1118): registerPhone(CDMA Handler (com.android.internal.telephony.PhoneProxy) {412e3400})
D/PhoneStatusBarPolicy(  373): updateSimState for subscription :0
D/PhoneInterfaceManager( 1118):  Registering for UNSOL OEM HOOK Responses to deliver external apps
D/PhoneStatusBarPolicy(  373): updateSimState for subscription :0
D/Bluetooth HS/HF( 1118): CDMA call state: IDLE prev state:IDLE
E/ToneGenerator( 1118): Unable to marshal AudioFlinger
E/ToneGenerator( 1118): ToneGenerator init failed 
F/libc    ( 1118): Fatal signal 11 (SIGSEGV) at 0x6f542e8d (code=1)
I/DEBUG   (  797): *** *** *** *** *** *** *** *** *** *** *** *** *** *** *** ***
I/DEBUG   (  797): Build fingerprint: 'qcom/msm8660_surf/msm8660_surf:4.0.3/IML74K/eng.joey.20120210.232528:eng/test-keys'
I/DEBUG   (  797): pid: 1118, tid: 1118  >>> com.android.phone <<<
I/DEBUG   (  797): signal 11 (SIGSEGV), code 1 (SEGV_MAPERR), fault addr 6f542e8d
I/DEBUG   (  797):  r0 6f542e61  r1 001b7590  r2 001b7560  r3 bea28188
I/DEBUG   (  797):  r4 001b7560  r5 6f542e61  r6 401a14b0  r7 4081905d
I/DEBUG   (  797):  r8 e2e00019  r9 46178c28  10 00000000  fp bea28604
I/DEBUG   (  797):  ip 4094d048  sp bea285b8  lr 40927c2b  pc 40919506  cpsr 60000030
I/DEBUG   (  797):  d0  662074696e692061  d1  7541206c61687369
I/DEBUG   (  797):  d2  000000040000036c  d3  4a54d02800000065
I/DEBUG   (  797):  d4  006f006900640075  d5  0069006c006f0050
I/DEBUG   (  797):  d6  0065005300790063  d7  0063006900760072
I/DEBUG   (  797):  d8  0000000000000000  d9  0000000000000000
I/DEBUG   (  797):  d10 0000000000000000  d11 0000000000000000
I/DEBUG   (  797):  d12 0000000000000000  d13 0000000000000000
I/DEBUG   (  797):  d14 0000000000000000  d15 0000000000000000
I/DEBUG   (  797):  d16 3fd43d135cda918c  d17 3ffc63194c570da5
I/DEBUG   (  797):  d18 4000000000000000  d19 3fcce7359d4792d9
I/DEBUG   (  797):  d20 3f11504c292739d4  d21 bebbb371092382c4
I/DEBUG   (  797):  d22 3ff0000000000000  d23 3ff43d135cda918c
I/DEBUG   (  797):  d24 3e66376972bea4d0  d25 3fc39a09d078c69f
I/DEBUG   (  797):  d26 0000000000000000  d27 0000000000000000
I/DEBUG   (  797):  d28 0000000000000000  d29 0000000000000000
I/DEBUG   (  797):  d30 0000000000000000  d31 0000000000000000
I/DEBUG   (  797):  scr 20000012
I/DEBUG   (  797): 
I/DEBUG   (  797):          #00  pc 00037506  /system/lib/libmedia.so (_ZN7android10AudioTrackD2Ev)
I/DEBUG   (  797):          #01  pc 00045c26  /system/lib/libmedia.so (_ZN7android13ToneGeneratorD1Ev)
I/DEBUG   (  797):          #02  pc 0006e1d4  /system/lib/libandroid_runtime.so
I/DEBUG   (  797):          #03  pc 0001ecb0  /system/lib/libdvm.so (dvmPlatformInvoke)
I/DEBUG   (  797):          #04  pc 0005884a  /system/lib/libdvm.so (_Z16dvmCallJNIMethodPKjP6JValuePK6MethodP6Thread)
I/DEBUG   (  797): 
I/DEBUG   (  797): code around pc:
I/DEBUG   (  797): 409194e4 463b9308 f8cd9506 f7ff901c 62e0fe81  ..;F...........b
I/DEBUG   (  797): 409194f4 f7fe4628 4620fced e8bdb00d bf0083f0  (F.... F........
I/DEBUG   (  797): 40919504 6ac5b570 2d004604 f7ffd134 68a0fc89  p..j.F.-4......h
I/DEBUG   (  797): 40919514 f7fdb160 68a3eafa 681ab143 0108f104  `......hC..h....
I/DEBUG   (  797): 40919524 0c0cf852 f7fd1818 60a5ea5a b1136823  R.......Z..`#h..
I/DEBUG   (  797): 
I/DEBUG   (  797): code around lr:
I/DEBUG   (  797): 40927c08 bd7ceece 0000adf0 0000ae9c 6ac3b570  ..|.........p..j
I/DEBUG   (  797): 40927c18 b14b4604 ffc6f7ff b12d6ae5 f7f14628  .FK......j-.(F..
I/DEBUG   (  797): 40927c28 4628fc6d eea2f7ee 0048f104 ff10f7ff  m.(F......H.....
I/DEBUG   (  797): 40927c38 0038f104 ea42f7ef 0034f104 ee84f7ee  ..8...B...4.....
I/DEBUG   (  797): 40927c48 0030f104 ee80f7ee bd704620 b5f72963  ..0..... Fp.c)..
I/DEBUG   (  797): 
I/DEBUG   (  797): memory map around addr 6f542e8d:
I/DEBUG   (  797): 4aecc000-4afcb000 
I/DEBUG   (  797): (no map for address)
I/DEBUG   (  797): b0001000-b0009000 /system/bin/linker
I/DEBUG   (  797): 
I/DEBUG   (  797): stack:
I/DEBUG   (  797):     bea28578  00000000  
I/DEBUG   (  797):     bea2857c  001b7560  [heap]
I/DEBUG   (  797):     bea28580  401a14b0  
I/DEBUG   (  797):     bea28584  4081905d  /system/lib/libdvm.so
I/DEBUG   (  797):     bea28588  e2e00019  
I/DEBUG   (  797):     bea2858c  46178c28  
I/DEBUG   (  797):     bea28590  001b7560  [heap]
I/DEBUG   (  797):     bea28594  001b7590  [heap]
I/DEBUG   (  797):     bea28598  401a14b0  
I/DEBUG   (  797):     bea2859c  4081905d  /system/lib/libdvm.so
I/DEBUG   (  797):     bea285a0  e2e00019  
I/DEBUG   (  797):     bea285a4  46178c28  
I/DEBUG   (  797):     bea285a8  00000000  
I/DEBUG   (  797):     bea285ac  40927c0b  /system/lib/libmedia.so
I/DEBUG   (  797):     bea285b0  df0027ad  
I/DEBUG   (  797):     bea285b4  00000000  
I/DEBUG   (  797): #00 bea285b8  001b7560  [heap]
I/DEBUG   (  797):     bea285bc  6f542e61  
I/DEBUG   (  797):     bea285c0  401a14b0  
I/DEBUG   (  797):     bea285c4  40927c2b  /system/lib/libmedia.so
I/DEBUG   (  797): #01 bea285c8  001b7560  [heap]
I/DEBUG   (  797):     bea285cc  0000f2c8  [heap]
I/DEBUG   (  797):     bea285d0  401a14b0  
I/DEBUG   (  797):     bea285d4  4017a1d7  /system/lib/libandroid_runtime.so
E/DataRouter(  163): [*] Connect_RILD() returns 4 retrycount 29
I/BootReceiver(  258): Copying /data/tombstones/tombstone_07 to DropBox (SYSTEM_TOMBSTONE)
I/ActivityManager(  258): Process com.android.phone (pid 1118) has died.
W/ActivityManager(  258): Canceling start item Intent { cmp=com.android.phone/.BluetoothHeadsetService } in service ComponentInfo{com.android.phone/com.android.phone.BluetoothHeadsetService}
W/ActivityManager(  258): Scheduling restart of crashed service com.android.phone/.BluetoothHeadsetService in 5136ms
I/ActivityManager(  258): Start proc com.android.phone for restart com.android.phone: pid=1140 uid=1001 gids={3002, 3001, 3003, 1015}
I/ActivityThread( 1140): Pub mms: com.android.providers.telephony.MmsProvider
I/ActivityThread( 1140): Pub sms: com.android.providers.telephony.SmsProvider
I/ActivityThread( 1140): Pub telephony: com.android.providers.telephony.TelephonyProvider
W/TelephonyProvider( 1140): onCreate: confFile=/system/etc/apns-conf.xml oldCheckSum=3358775275
W/TelephonyProvider( 1140): onCreate: newCheckSum=3358775275
I/ActivityThread( 1140): Pub icc: com.android.phone.IccProvider
I/ActivityThread( 1140): Pub mms-sms: com.android.providers.telephony.MmsSmsProvider
E/DataRouter(  163): [*] Connect_RILD() returns 4 retrycount 30
D/PhoneApp( 1140): non dsds PhoneApp:
D/CallManager( 1140): registerPhone(CDMA Handler (com.android.internal.telephony.PhoneProxy) {412b8a88})
D/PhoneStatusBarPolicy(  373): updateSimState for subscription :0
D/PhoneStatusBarPolicy(  373): updateSimState for subscription :0
D/PhoneInterfaceManager( 1140):  Registering for UNSOL OEM HOOK Responses to deliver external apps
D/Bluetooth HS/HF( 1140): CDMA call state: IDLE prev state:IDLE
E/ToneGenerator( 1140): Unable to marshal AudioFlinger
E/ToneGenerator( 1140): ToneGenerator init failed 
F/libc    ( 1140): Fatal signal 11 (SIGSEGV) at 0x0076009e (code=1)
I/DEBUG   (  797): *** *** *** *** *** *** *** *** *** *** *** *** *** *** *** ***
I/DEBUG   (  797): Build fingerprint: 'qcom/msm8660_surf/msm8660_surf:4.0.3/IML74K/eng.joey.20120210.232528:eng/test-keys'
I/DEBUG   (  797): pid: 1140, tid: 1140  >>> com.android.phone <<<
I/DEBUG   (  797): signal 11 (SIGSEGV), code 1 (SEGV_MAPERR), fault addr 0076009e
I/DEBUG   (  797):  r0 00760072  r1 001eec38  r2 001eec08  r3 bea28188
I/DEBUG   (  797):  r4 001eec08  r5 00760072  r6 401a14b0  r7 4081905d
I/DEBUG   (  797):  r8 e3800019  r9 46178c28  10 00000000  fp bea28604
I/DEBUG   (  797):  ip 4094d048  sp bea285b8  lr 40927c2b  pc 40919506  cpsr 60000030
I/DEBUG   (  797):  d0  662074696e692061  d1  7541206c61687369
I/DEBUG   (  797):  d2  000000040000036c  d3  4a54d02800000065
I/DEBUG   (  797):  d4  004d006500630069  d5  00670061006e0061
I/DEBUG   (  797):  d6  0000000000720065  d7  6e6f687000000012
I/DEBUG   (  797):  d8  0000000000000000  d9  0000000000000000
I/DEBUG   (  797):  d10 0000000000000000  d11 0000000000000000
I/DEBUG   (  797):  d12 0000000000000000  d13 0000000000000000
I/DEBUG   (  797):  d14 0000000000000000  d15 0000000000000000
I/DEBUG   (  797):  d16 3fd43d135cda918c  d17 3ffc63194c570da5
I/DEBUG   (  797):  d18 4000000000000000  d19 3fcce7359d4792d9
I/DEBUG   (  797):  d20 3f11504c292739d4  d21 bebbb371092382c4
I/DEBUG   (  797):  d22 3ff0000000000000  d23 3ff43d135cda918c
I/DEBUG   (  797):  d24 3e66376972bea4d0  d25 3fc39a09d078c69f
I/DEBUG   (  797):  d26 0000000000000000  d27 0000000000000000
I/DEBUG   (  797):  d28 0000000000000000  d29 0000000000000000
I/DEBUG   (  797):  d30 0000000000000000  d31 0000000000000000
I/DEBUG   (  797):  scr 20000012
I/DEBUG   (  797): 
I/DEBUG   (  797):          #00  pc 00037506  /system/lib/libmedia.so (_ZN7android10AudioTrackD2Ev)
I/DEBUG   (  797):          #01  pc 00045c26  /system/lib/libmedia.so (_ZN7android13ToneGeneratorD1Ev)
I/DEBUG   (  797):          #02  pc 0006e1d4  /system/lib/libandroid_runtime.so
I/DEBUG   (  797):          #03  pc 0001ecb0  /system/lib/libdvm.so (dvmPlatformInvoke)
I/DEBUG   (  797):          #04  pc 0005884a  /system/lib/libdvm.so (_Z16dvmCallJNIMethodPKjP6JValuePK6MethodP6Thread)
I/DEBUG   (  797): 
I/DEBUG   (  797): code around pc:
I/DEBUG   (  797): 409194e4 463b9308 f8cd9506 f7ff901c 62e0fe81  ..;F...........b
I/DEBUG   (  797): 409194f4 f7fe4628 4620fced e8bdb00d bf0083f0  (F.... F........
I/DEBUG   (  797): 40919504 6ac5b570 2d004604 f7ffd134 68a0fc89  p..j.F.-4......h
I/DEBUG   (  797): 40919514 f7fdb160 68a3eafa 681ab143 0108f104  `......hC..h....
I/DEBUG   (  797): 40919524 0c0cf852 f7fd1818 60a5ea5a b1136823  R.......Z..`#h..
I/DEBUG   (  797): 
I/DEBUG   (  797): code around lr:
I/DEBUG   (  797): 40927c08 bd7ceece 0000adf0 0000ae9c 6ac3b570  ..|.........p..j
I/DEBUG   (  797): 40927c18 b14b4604 ffc6f7ff b12d6ae5 f7f14628  .FK......j-.(F..
I/DEBUG   (  797): 40927c28 4628fc6d eea2f7ee 0048f104 ff10f7ff  m.(F......H.....
I/DEBUG   (  797): 40927c38 0038f104 ea42f7ef 0034f104 ee84f7ee  ..8...B...4.....
I/DEBUG   (  797): 40927c48 0030f104 ee80f7ee bd704620 b5f72963  ..0..... Fp.c)..
I/DEBUG   (  797): 
I/DEBUG   (  797): memory map around addr 0076009e:
I/DEBUG   (  797): 0000b000-00210000 [heap]
I/DEBUG   (  797): (no map for address)
I/DEBUG   (  797): 10000000-10001000 
I/DEBUG   (  797): 
I/DEBUG   (  797): stack:
I/DEBUG   (  797):     bea28578  00000000  
I/DEBUG   (  797):     bea2857c  001eec08  [heap]
I/DEBUG   (  797):     bea28580  401a14b0  
I/DEBUG   (  797):     bea28584  4081905d  /system/lib/libdvm.so
I/DEBUG   (  797):     bea28588  e3800019  
I/DEBUG   (  797):     bea2858c  46178c28  
I/DEBUG   (  797):     bea28590  001eec08  [heap]
I/DEBUG   (  797):     bea28594  001eec38  [heap]
I/DEBUG   (  797):     bea28598  401a14b0  
I/DEBUG   (  797):     bea2859c  4081905d  /system/lib/libdvm.so
I/DEBUG   (  797):     bea285a0  e3800019  
I/DEBUG   (  797):     bea285a4  46178c28  
I/DEBUG   (  797):     bea285a8  00000000  
I/DEBUG   (  797):     bea285ac  40927c0b  /system/lib/libmedia.so
I/DEBUG   (  797):     bea285b0  df0027ad  
I/DEBUG   (  797):     bea285b4  00000000  
I/DEBUG   (  797): #00 bea285b8  001eec08  [heap]
I/DEBUG   (  797):     bea285bc  00760072  
I/DEBUG   (  797):     bea285c0  401a14b0  
I/DEBUG   (  797):     bea285c4  40927c2b  /system/lib/libmedia.so
I/DEBUG   (  797): #01 bea285c8  001eec08  [heap]
I/DEBUG   (  797):     bea285cc  0000f2c8  [heap]
I/DEBUG   (  797):     bea285d0  401a14b0  
I/DEBUG   (  797):     bea285d4  4017a1d7  /system/lib/libandroid_runtime.so
E/DataRouter(  163): [*] Connect_RILD() returns 4 retrycount 31
I/BootReceiver(  258): Copying /data/tombstones/tombstone_08 to DropBox (SYSTEM_TOMBSTONE)
I/ActivityManager(  258): Process com.android.phone (pid 1140) has died.
W/ActivityManager(  258): Canceling start item Intent { cmp=com.android.phone/.BluetoothHeadsetService } in service ComponentInfo{com.android.phone/com.android.phone.BluetoothHeadsetService}
W/ActivityManager(  258): Scheduling restart of crashed service com.android.phone/.BluetoothHeadsetService in 4832ms
I/ActivityManager(  258): Start proc com.android.phone for restart com.android.phone: pid=1168 uid=1001 gids={3002, 3001, 3003, 1015}
I/ActivityThread( 1168): Pub mms: com.android.providers.telephony.MmsProvider
I/ActivityThread( 1168): Pub sms: com.android.providers.telephony.SmsProvider
I/ActivityThread( 1168): Pub telephony: com.android.providers.telephony.TelephonyProvider
W/TelephonyProvider( 1168): onCreate: confFile=/system/etc/apns-conf.xml oldCheckSum=3358775275
W/TelephonyProvider( 1168): onCreate: newCheckSum=3358775275
I/ActivityThread( 1168): Pub icc: com.android.phone.IccProvider
I/ActivityThread( 1168): Pub mms-sms: com.android.providers.telephony.MmsSmsProvider
D/PhoneApp( 1168): non dsds PhoneApp:
D/CallManager( 1168): registerPhone(CDMA Handler (com.android.internal.telephony.PhoneProxy) {412fca50})
D/PhoneInterfaceManager( 1168):  Registering for UNSOL OEM HOOK Responses to deliver external apps
D/PhoneStatusBarPolicy(  373): updateSimState for subscription :0
D/PhoneStatusBarPolicy(  373): updateSimState for subscription :0
D/Bluetooth HS/HF( 1168): CDMA call state: IDLE prev state:IDLE
E/ToneGenerator( 1168): Unable to marshal AudioFlinger
E/ToneGenerator( 1168): ToneGenerator init failed 
F/libc    ( 1168): Fatal signal 11 (SIGSEGV) at 0x004d0091 (code=1)
I/DEBUG   (  797): *** *** *** *** *** *** *** *** *** *** *** *** *** *** *** ***
I/DEBUG   (  797): Build fingerprint: 'qcom/msm8660_surf/msm8660_surf:4.0.3/IML74K/eng.joey.20120210.232528:eng/test-keys'
I/DEBUG   (  797): pid: 1168, tid: 1168  >>> com.android.phone <<<
I/DEBUG   (  797): signal 11 (SIGSEGV), code 1 (SEGV_MAPERR), fault addr 004d0091
I/DEBUG   (  797):  r0 004d0065  r1 001b75f8  r2 001b75c8  r3 bea28188
I/DEBUG   (  797):  r4 001b75c8  r5 004d0065  r6 401a14b0  r7 4081905d
I/DEBUG   (  797):  r8 e4600019  r9 46178c28  10 00000000  fp bea28604
I/DEBUG   (  797):  ip 4094d048  sp bea285b8  lr 40927c2b  pc 40919506  cpsr 60000030
I/DEBUG   (  797):  d0  662074696e692061  d1  7541206c61687369
I/DEBUG   (  797):  d2  000000040000036c  d3  4a54d02800000065
I/DEBUG   (  797):  d4  0076007200650053  d5  004d006500630069
I/DEBUG   (  797):  d6  00670061006e0061  d7  0000000000720065
I/DEBUG   (  797):  d8  0000000000000000  d9  0000000000000000
I/DEBUG   (  797):  d10 0000000000000000  d11 0000000000000000
I/DEBUG   (  797):  d12 0000000000000000  d13 0000000000000000
I/DEBUG   (  797):  d14 0000000000000000  d15 0000000000000000
I/DEBUG   (  797):  d16 3fd43d135cda918c  d17 3ffc63194c570da5
I/DEBUG   (  797):  d18 4000000000000000  d19 3fcce7359d4792d9
I/DEBUG   (  797):  d20 3f11504c292739d4  d21 bebbb371092382c4
I/DEBUG   (  797):  d22 3ff0000000000000  d23 3ff43d135cda918c
I/DEBUG   (  797):  d24 3e66376972bea4d0  d25 3fc39a09d078c69f
I/DEBUG   (  797):  d26 0000000000000000  d27 0000000000000000
I/DEBUG   (  797):  d28 0000000000000000  d29 0000000000000000
I/DEBUG   (  797):  d30 0000000000000000  d31 0000000000000000
I/DEBUG   (  797):  scr 20000012
I/DEBUG   (  797): 
I/DEBUG   (  797):          #00  pc 00037506  /system/lib/libmedia.so (_ZN7android10AudioTrackD2Ev)
I/DEBUG   (  797):          #01  pc 00045c26  /system/lib/libmedia.so (_ZN7android13ToneGeneratorD1Ev)
I/DEBUG   (  797):          #02  pc 0006e1d4  /system/lib/libandroid_runtime.so
I/DEBUG   (  797):          #03  pc 0001ecb0  /system/lib/libdvm.so (dvmPlatformInvoke)
I/DEBUG   (  797):          #04  pc 0005884a  /system/lib/libdvm.so (_Z16dvmCallJNIMethodPKjP6JValuePK6MethodP6Thread)
I/DEBUG   (  797): 
I/DEBUG   (  797): code around pc:
I/DEBUG   (  797): 409194e4 463b9308 f8cd9506 f7ff901c 62e0fe81  ..;F...........b
I/DEBUG   (  797): 409194f4 f7fe4628 4620fced e8bdb00d bf0083f0  (F.... F........
I/DEBUG   (  797): 40919504 6ac5b570 2d004604 f7ffd134 68a0fc89  p..j.F.-4......h
I/DEBUG   (  797): 40919514 f7fdb160 68a3eafa 681ab143 0108f104  `......hC..h....
I/DEBUG   (  797): 40919524 0c0cf852 f7fd1818 60a5ea5a b1136823  R.......Z..`#h..
I/DEBUG   (  797): 
I/DEBUG   (  797): code around lr:
I/DEBUG   (  797): 40927c08 bd7ceece 0000adf0 0000ae9c 6ac3b570  ..|.........p..j
I/DEBUG   (  797): 40927c18 b14b4604 ffc6f7ff b12d6ae5 f7f14628  .FK......j-.(F..
I/DEBUG   (  797): 40927c28 4628fc6d eea2f7ee 0048f104 ff10f7ff  m.(F......H.....
I/DEBUG   (  797): 40927c38 0038f104 ea42f7ef 0034f104 ee84f7ee  ..8...B...4.....
I/DEBUG   (  797): 40927c48 0030f104 ee80f7ee bd704620 b5f72963  ..0..... Fp.c)..
I/DEBUG   (  797): 
I/DEBUG   (  797): memory map around addr 004d0091:
I/DEBUG   (  797): 0000b000-00210000 [heap]
I/DEBUG   (  797): (no map for address)
I/DEBUG   (  797): 10000000-10001000 
I/DEBUG   (  797): 
I/DEBUG   (  797): stack:
I/DEBUG   (  797):     bea28578  00000000  
I/DEBUG   (  797):     bea2857c  001b75c8  [heap]
I/DEBUG   (  797):     bea28580  401a14b0  
I/DEBUG   (  797):     bea28584  4081905d  /system/lib/libdvm.so
I/DEBUG   (  797):     bea28588  e4600019  
I/DEBUG   (  797):     bea2858c  46178c28  
I/DEBUG   (  797):     bea28590  001b75c8  [heap]
I/DEBUG   (  797):     bea28594  001b75f8  [heap]
I/DEBUG   (  797):     bea28598  401a14b0  
I/DEBUG   (  797):     bea2859c  4081905d  /system/lib/libdvm.so
I/DEBUG   (  797):     bea285a0  e4600019  
I/DEBUG   (  797):     bea285a4  46178c28  
