E/libgenlock(  614): genlock_release_lock: GENLOCK_IOC_RELEASE failed (err=Invalid argument)
W/GraphicBufferMapper(  614): unregisterBuffer(0x11f2160) failed 2 (Unknown error: -2)
D/memalloc(  128): free_buffer:Freeing buffer size=798720 base=0x422f4000 fd=42 PID=128
D/memalloc(  128): unmap_buffer: Unmapping buffer at address 0x422f4000
E/libgenlock(  128): genlock_release_lock: GENLOCK_IOC_RELEASE failed (err=Invalid argument)
E/msm8660.gralloc(  128): free_impl: genlock_release_lock failed
W/memalloc(  128): Falling back to ashmem
D/memalloc(  945): map_buffer: Mapping buffer fd=52 size=1536000 PID=945
D/memalloc(  945): map_buffer: Successfully mapped 1536000 bytes
W/IInputConnectionWrapper(  945): showStatusIcon on inactive InputConnection
I/ActivityManager(  269): Displayed com.android.wallpaper.livepicker/.LiveWallpaperActivity: +562ms
W/memalloc(  128): Falling back to ashmem
D/memalloc(  945): map_buffer: Mapping buffer fd=55 size=1536000 PID=945
D/memalloc(  945): map_buffer: Successfully mapped 1536000 bytes
D/memalloc(  269): unmap_buffer: Unmapping buffer at address 0x5ebd5000
E/libgenlock(  269): genlock_release_lock: GENLOCK_IOC_RELEASE failed (err=Invalid argument)
W/GraphicBufferMapper(  269): unregisterBuffer(0x11e9020) failed 2 (Unknown error: -2)
D/memalloc(  128): free_buffer:Freeing buffer size=1536000 base=0x428fc000 fd=60 PID=128
D/memalloc(  128): unmap_buffer: Unmapping buffer at address 0x428fc000
E/libgenlock(  128): genlock_release_lock: GENLOCK_IOC_RELEASE failed (err=Invalid argument)
E/msm8660.gralloc(  128): free_impl: genlock_release_lock failed
D/memalloc(  128): free_buffer:Freeing buffer size=1536000 base=0x42006000 fd=30 PID=128
D/memalloc(  128): unmap_buffer: Unmapping buffer at address 0x42006000
E/libgenlock(  128): genlock_release_lock: GENLOCK_IOC_RELEASE failed (err=Invalid argument)
E/msm8660.gralloc(  128): free_impl: genlock_release_lock failed
E/AudioFlinger(  131): createTrack_l() Bad parameter: sampleRate 44100 format 1, channelMask 0x00000001 "for output 0x1a45418 with format 1
E/AudioTrack(  269): AudioFlinger could not create track, status: -22
E/SoundPool(  269): Error creating AudioTrack
I/ActivityManager(  269): START {cmp=com.android.wallpaper.livepicker/.LiveWallpaperPreview (has extras)} from pid 945
I/WindowManager(  269): SCREENLAYOUT_SIZE (1:small, 2:normal, 3:large, 4:xlarge) 2
W/memalloc(  128): Falling back to ashmem
I/ActivityManager(  269): Start proc com.android.phasebeam for service com.android.phasebeam/.PhaseBeamWallpaper: pid=961 uid=10030 gids={}
D/memalloc(  945): map_buffer: Mapping buffer fd=71 size=1536000 PID=945
D/memalloc(  945): map_buffer: Successfully mapped 1536000 bytes
I/PackageManager(  269): Running dexopt on: com.android.phasebeam
W/memalloc(  128): Falling back to ashmem
D/memalloc(  945): map_buffer: Mapping buffer fd=74 size=1536000 PID=945
D/memalloc(  945): map_buffer: Successfully mapped 1536000 bytes
D/memalloc(  945): unmap_buffer: Unmapping buffer at address 0x5b64a000
E/libgenlock(  945): genlock_release_lock: GENLOCK_IOC_RELEASE failed (err=Invalid argument)
W/GraphicBufferMapper(  945): unregisterBuffer(0x109cf68) failed 2 (Unknown error: -2)
D/memalloc(  128): free_buffer:Freeing buffer size=1536000 base=0x42a73000 fd=42 PID=128
D/memalloc(  128): unmap_buffer: Unmapping buffer at address 0x42a73000
E/libgenlock(  128): genlock_release_lock: GENLOCK_IOC_RELEASE failed (err=Invalid argument)
E/msm8660.gralloc(  128): free_impl: genlock_release_lock failed
D/memalloc(  945): unmap_buffer: Unmapping buffer at address 0x5b352000
E/libgenlock(  945): genlock_release_lock: GENLOCK_IOC_RELEASE failed (err=Invalid argument)
W/GraphicBufferMapper(  945): unregisterBuffer(0x1011fd0) failed 2 (Unknown error: -2)
I/ActivityManager(  269): Displayed com.android.wallpaper.livepicker/.LiveWallpaperPreview: +334ms
V/RenderScript(  961): rsContextCreateGL dev=0x1064468
V/RenderScript(  961): 0x107b608 Launching thread(s), CPUs 2
V/RenderScript(  961): 0x107b608 initEGL start
V/RenderScript(  961): 0x107b608 initGLThread end
V/RenderScript(  961): 0x107b608 rsContextCreateGL ret
D/memalloc(  128): free_buffer:Freeing buffer size=1536000 base=0x422f4000 fd=33 PID=128
D/memalloc(  128): unmap_buffer: Unmapping buffer at address 0x422f4000
E/libgenlock(  128): genlock_release_lock: GENLOCK_IOC_RELEASE failed (err=Invalid argument)
E/msm8660.gralloc(  128): free_impl: genlock_release_lock failed
W/memalloc(  128): Falling back to ashmem
D/memalloc(  961): map_buffer: Mapping buffer fd=48 size=1536000 PID=961
D/memalloc(  961): map_buffer: Successfully mapped 1536000 bytes
V/ScriptC (  961): Create script for resource = phasebeam
W/bcc     (  961): Unable to open /data/data/com.android.phasebeam/cache/phasebeam.o in read mode.  (reason: No such file or directory)
E/bcc     (  961): Symbol not found: init
W/memalloc(  128): Falling back to ashmem
D/memalloc(  961): map_buffer: Mapping buffer fd=51 size=1536000 PID=961
D/memalloc(  961): map_buffer: Successfully mapped 1536000 bytes
W/memalloc(  128): Falling back to ashmem
D/memalloc(  961): map_buffer: Mapping buffer fd=54 size=1536000 PID=961
D/memalloc(  961): map_buffer: Successfully mapped 1536000 bytes
W/memalloc(  128): Falling back to ashmem
D/memalloc(  945): map_buffer: Mapping buffer fd=54 size=1536000 PID=945
D/memalloc(  945): map_buffer: Successfully mapped 1536000 bytes
E/AudioFlinger(  131): createTrack_l() Bad parameter: sampleRate 44100 format 1, channelMask 0x00000001 "for output 0x1a45418 with format 1
E/AudioTrack(  269): AudioFlinger could not create track, status: -22
E/SoundPool(  269): Error creating AudioTrack
V/RenderScript(  961): rsContextCreateGL dev=0x116d680
V/RenderScript(  961): 0x11829c0 Launching thread(s), CPUs 2
V/RenderScript(  961): 0x11829c0 initEGL start
V/RenderScript(  961): 0x11829c0 initGLThread end
V/RenderScript(  961): 0x11829c0 rsContextCreateGL ret
W/memalloc(  128): Falling back to ashmem
D/memalloc(  961): map_buffer: Mapping buffer fd=57 size=1536000 PID=961
D/memalloc(  961): map_buffer: Successfully mapped 1536000 bytes
V/ScriptC (  961): Create script for resource = phasebeam
E/bcc     (  961): Symbol not found: init
I/WindowManager(  269): SCREENLAYOUT_SIZE (1:small, 2:normal, 3:large, 4:xlarge) 2
I/WindowManager(  269): SCREENLAYOUT_SIZE (1:small, 2:normal, 3:large, 4:xlarge) 2
W/memalloc(  128): Falling back to ashmem
D/memalloc(  614): map_buffer: Mapping buffer fd=51 size=1536000 PID=614
D/memalloc(  614): map_buffer: Successfully mapped 1536000 bytes
W/memalloc(  128): Falling back to ashmem
D/memalloc(  961): map_buffer: Mapping buffer fd=63 size=1536000 PID=961
D/memalloc(  961): map_buffer: Successfully mapped 1536000 bytes
D/memalloc(  945): unmap_buffer: Unmapping buffer at address 0x5b352000
E/libgenlock(  945): genlock_release_lock: GENLOCK_IOC_RELEASE failed (err=Invalid argument)
W/GraphicBufferMapper(  945): unregisterBuffer(0xff9da8) failed 2 (Unknown error: -2)
D/memalloc(  128): free_buffer:Freeing buffer size=1536000 base=0x42df5000 fd=63 PID=128
D/memalloc(  128): unmap_buffer: Unmapping buffer at address 0x42df5000
E/libgenlock(  128): genlock_release_lock: GENLOCK_IOC_RELEASE failed (err=Invalid argument)
E/msm8660.gralloc(  128): free_impl: genlock_release_lock failed
D/memalloc(  945): unmap_buffer: Unmapping buffer at address 0x5be3e000
E/libgenlock(  945): genlock_release_lock: GENLOCK_IOC_RELEASE failed (err=Invalid argument)
W/GraphicBufferMapper(  945): unregisterBuffer(0x1024080) failed 2 (Unknown error: -2)
D/memalloc(  945): unmap_buffer: Unmapping buffer at address 0x5c00e000
E/libgenlock(  945): genlock_release_lock: GENLOCK_IOC_RELEASE failed (err=Invalid argument)
W/GraphicBufferMapper(  945): unregisterBuffer(0x10581a0) failed 2 (Unknown error: -2)
W/memalloc(  128): Falling back to ashmem
D/memalloc(  961): map_buffer: Mapping buffer fd=66 size=1536000 PID=961
D/memalloc(  961): map_buffer: Successfully mapped 1536000 bytes
D/memalloc(  128): free_buffer:Freeing buffer size=3072000 base=0x419be000 fd=27 PID=128
D/memalloc(  128): unmap_buffer: Unmapping buffer at address 0x419be000
E/libgenlock(  128): genlock_release_lock: GENLOCK_IOC_RELEASE failed (err=Invalid argument)
E/msm8660.gralloc(  128): free_impl: genlock_release_lock failed
D/memalloc(  961): unmap_buffer: Unmapping buffer at address 0x5ba4b000
E/libgenlock(  961): genlock_release_lock: GENLOCK_IOC_RELEASE failed (err=Invalid argument)
W/GraphicBufferMapper(  961): unregisterBuffer(0x109bc20) failed 2 (Unknown error: -2)
D/memalloc(  961): unmap_buffer: Unmapping buffer at address 0x5bc02000
E/libgenlock(  961): genlock_release_lock: GENLOCK_IOC_RELEASE failed (err=Invalid argument)
W/GraphicBufferMapper(  961): unregisterBuffer(0x11470e0) failed 2 (Unknown error: -2)
D/memalloc(  961): unmap_buffer: Unmapping buffer at address 0x5be0a000
E/libgenlock(  961): genlock_release_lock: GENLOCK_IOC_RELEASE failed (err=Invalid argument)
W/GraphicBufferMapper(  961): unregisterBuffer(0x1106600) failed 2 (Unknown error: -2)
D/memalloc(  128): free_buffer:Freeing buffer size=1536000 base=0x42a73000 fd=42 PID=128
D/memalloc(  128): unmap_buffer: Unmapping buffer at address 0x42a73000
W/WindowManager(  269): Force-removing child win Window{412ee868 com.android.phasebeam.PhaseBeamWallpaper paused=false} from container Window{4160afa8 com.android.wallpaper.livepicker/com.android.wallpaper.livepicker.LiveWallpaperPreview paused=false}
D/memalloc(  128): free_buffer:Freeing buffer size=1536000 base=0x42006000 fd=30 PID=128
D/memalloc(  128): unmap_buffer: Unmapping buffer at address 0x42006000
E/libgenlock(  128): genlock_release_lock: GENLOCK_IOC_RELEASE failed (err=Invalid argument)
E/msm8660.gralloc(  128): free_impl: genlock_release_lock failed
D/memalloc(  128): free_buffer:Freeing buffer size=1536000 base=0x42c72000 fd=60 PID=128
D/memalloc(  128): unmap_buffer: Unmapping buffer at address 0x42c72000
E/libgenlock(  128): genlock_release_lock: GENLOCK_IOC_RELEASE failed (err=Invalid argument)
E/msm8660.gralloc(  128): free_impl: genlock_release_lock failed
D/memalloc(  128): free_buffer:Freeing buffer size=1536000 base=0x428fc000 fd=57 PID=128
D/memalloc(  128): unmap_buffer: Unmapping buffer at address 0x428fc000
W/WindowManager(  269): Force-removing child win Window{41692b00 Media:com.android.wallpaper.livepicker/com.android.wallpaper.livepicker.LiveWallpaperPreview paused=false} from container Window{4160afa8 com.android.wallpaper.livepicker/com.android.wallpaper.livepicker.LiveWallpaperPreview paused=false}
E/libgenlock(  128): genlock_release_lock: GENLOCK_IOC_RELEASE failed (err=Invalid argument)
E/msm8660.gralloc(  128): free_impl: genlock_release_lock failed
E/libgenlock(  128): genlock_release_lock: GENLOCK_IOC_RELEASE failed (err=Invalid argument)
E/msm8660.gralloc(  128): free_impl: genlock_release_lock failed
D/RenderScript_jni(  961): MessageThread exiting.
V/RenderScript(  961): 0x107b608 rsContextDestroy
V/RenderScript(  961): 0x107b608 Context::~Context
V/RenderScript(  961): 0x107b608 RS Thread exiting
E/InputQueue-JNI(  945): channel '41692b00 Media:com.android.wallpaper.livepicker/com.android.wallpaper.livepicker.LiveWallpaperPreview (client)' ~ Publisher closed input channel or an error occurred.  events=0x8
V/RenderScript(  961): 0x107b608 RS Thread exited
V/RenderScript(  961): 0x107b608 Context::~Context done
V/RenderScript(  961): 0x107b608 rsContextDestroy done
W/WindowManager(  269): Failed looking up window
W/WindowManager(  269): java.lang.IllegalArgumentException: Requested window android.os.BinderProxy@418b2cc0 does not exist
W/WindowManager(  269): 	at com.android.server.wm.WindowManagerService.windowForClientLocked(WindowManagerService.java:7224)
W/WindowManager(  269): 	at com.android.server.wm.WindowManagerService.windowForClientLocked(WindowManagerService.java:7215)
W/WindowManager(  269): 	at com.android.server.wm.WindowManagerService.removeWindow(WindowManagerService.java:2209)
W/WindowManager(  269): 	at com.android.server.wm.Session.remove(Session.java:149)
W/WindowManager(  269): 	at android.view.IWindowSession$Stub.onTransact(IWindowSession.java:124)
W/WindowManager(  269): 	at com.android.server.wm.Session.onTransact(Session.java:111)
W/WindowManager(  269): 	at android.os.Binder.execTransact(Binder.java:338)
W/WindowManager(  269): 	at com.android.server.SystemServer.init1(Native Method)
W/WindowManager(  269): 	at com.android.server.SystemServer.main(SystemServer.java:844)
W/WindowManager(  269): 	at java.lang.reflect.Method.invokeNative(Native Method)
W/WindowManager(  269): 	at java.lang.reflect.Method.invoke(Method.java:511)
W/WindowManager(  269): 	at com.android.internal.os.ZygoteInit$MethodAndArgsCaller.run(ZygoteInit.java:784)
W/WindowManager(  269): 	at com.android.internal.os.ZygoteInit.main(ZygoteInit.java:551)
W/WindowManager(  269): 	at dalvik.system.NativeStart.main(Native Method)
D/memalloc(  128): free_buffer:Freeing buffer size=1536000 base=0x422f4000 fd=33 PID=128
D/memalloc(  128): unmap_buffer: Unmapping buffer at address 0x422f4000
E/libgenlock(  128): genlock_release_lock: GENLOCK_IOC_RELEASE failed (err=Invalid argument)
E/msm8660.gralloc(  128): free_impl: genlock_release_lock failed
W/WindowManager(  269): Failed looking up window
W/WindowManager(  269): java.lang.IllegalArgumentException: Requested window android.os.BinderProxy@41585818 does not exist
W/WindowManager(  269): 	at com.android.server.wm.WindowManagerService.windowForClientLocked(WindowManagerService.java:7224)
W/WindowManager(  269): 	at com.android.server.wm.WindowManagerService.windowForClientLocked(WindowManagerService.java:7215)
W/WindowManager(  269): 	at com.android.server.wm.WindowManagerService.removeWindow(WindowManagerService.java:2209)
W/WindowManager(  269): 	at com.android.server.wm.Session.remove(Session.java:149)
W/WindowManager(  269): 	at android.view.IWindowSession$Stub.onTransact(IWindowSession.java:124)
W/WindowManager(  269): 	at com.android.server.wm.Session.onTransact(Session.java:111)
W/WindowManager(  269): 	at android.os.Binder.execTransact(Binder.java:338)
W/WindowManager(  269): 	at dalvik.system.NativeStart.run(Native Method)
W/PowerUI (  407): unknown intent: Intent { act=android.intent.action.ACTION_POWER_CONNECTED flg=0x10000010 }
W/memalloc(  128): Falling back to ashmem
D/memalloc(  614): map_buffer: Mapping buffer fd=57 size=1536000 PID=614
D/memalloc(  614): map_buffer: Successfully mapped 1536000 bytes
W/ThrottleService(  269): unable to find stats for iface rmnet0
I/power   (  269): *** set_screen_state 0
I/CpuGovernorService(  269): Increased sampling rate.
E/msm8660.hwcomposer(  128): hwc_set invalid list or module
V/TransportControlView(  269): Create TCV com.android.internal.widget.TransportControlView@4146e140
D/PhoneStatusBar(  407): disable: < expand icons alerts ticker system_info back home RECENT* clock >
D/PhoneStatusBar(  407): disable: < expand icons alerts ticker system_info BACK* HOME* RECENT CLOCK* >
W/memalloc(  128): Falling back to ashmem
D/memalloc(  269): map_buffer: Mapping buffer fd=257 size=1474560 PID=269
D/memalloc(  269): map_buffer: Successfully mapped 1474560 bytes
W/memalloc(  128): Falling back to ashmem
D/memalloc(  269): map_buffer: Mapping buffer fd=260 size=1474560 PID=269
D/memalloc(  269): map_buffer: Successfully mapped 1474560 bytes
I/power   (  269): *** set_screen_state 1
I/WindowManager(  269): SCREENLAYOUT_SIZE (1:small, 2:normal, 3:large, 4:xlarge) 2
I/CpuGovernorService(  269): Decreased sampling rate.
I/WindowManager(  269): Lock screen displayed!
E/AudioFlinger(  131): createTrack_l() Bad parameter: sampleRate 44100 format 1, channelMask 0x00000001 "for output 0x1a45418 with format 1
E/AudioTrack(  269): AudioFlinger could not create track, status: -22
E/SoundPool(  269): Error creating AudioTrack
D/PhoneStatusBar(  407): disable: < expand icons alerts ticker system_info BACK HOME recent* CLOCK >
W/InputManagerService(  269): Window already focused, ignoring focus gain of: com.android.internal.view.IInputMethodClient$Stub$Proxy@41504928
D/PhoneStatusBar(  407): disable: < expand icons alerts ticker system_info back* home* recent clock* >
D/memalloc(  269): unmap_buffer: Unmapping buffer at address 0x5ebd5000
E/libgenlock(  269): genlock_release_lock: GENLOCK_IOC_RELEASE failed (err=Invalid argument)
W/GraphicBufferMapper(  269): unregisterBuffer(0x11a7638) failed 2 (Unknown error: -2)
D/memalloc(  128): free_buffer:Freeing buffer size=1474560 base=0x41b35000 fd=30 PID=128
D/memalloc(  128): unmap_buffer: Unmapping buffer at address 0x41b35000
E/libgenlock(  128): genlock_release_lock: GENLOCK_IOC_RELEASE failed (err=Invalid argument)
E/msm8660.gralloc(  128): free_impl: genlock_release_lock failed
D/memalloc(  269): unmap_buffer: Unmapping buffer at address 0x60a68000
E/libgenlock(  269): genlock_release_lock: GENLOCK_IOC_RELEASE failed (err=Invalid argument)
W/GraphicBufferMapper(  269): unregisterBuffer(0x1138440) failed 2 (Unknown error: -2)
D/memalloc(  128): free_buffer:Freeing buffer size=1474560 base=0x42006000 fd=33 PID=128
D/memalloc(  128): unmap_buffer: Unmapping buffer at address 0x42006000
E/libgenlock(  128): genlock_release_lock: GENLOCK_IOC_RELEASE failed (err=Invalid argument)
E/msm8660.gralloc(  128): free_impl: genlock_release_lock failed
E/AudioFlinger(  131): createTrack_l() Bad parameter: sampleRate 44100 format 1, channelMask 0x00000001 "for output 0x1a45418 with format 1
E/AudioTrack(  269): AudioFlinger could not create track, status: -22
E/SoundPool(  269): Error creating AudioTrack
W/memalloc(  128): Falling back to ashmem
D/memalloc(  614): map_buffer: Mapping buffer fd=61 size=425984 PID=614
D/memalloc(  614): map_buffer: Successfully mapped 425984 bytes
W/memalloc(  128): Falling back to ashmem
D/memalloc(  614): map_buffer: Mapping buffer fd=67 size=425984 PID=614
D/memalloc(  614): map_buffer: Successfully mapped 425984 bytes
E/AudioFlinger(  131): createTrack_l() Bad parameter: sampleRate 44100 format 1, channelMask 0x00000001 "for output 0x1a45418 with format 1
E/AudioTrack(  269): AudioFlinger could not create track, status: -22
E/SoundPool(  269): Error creating AudioTrack
I/ActivityManager(  269): START {act=android.settings.SETTINGS flg=0x10200000 cmp=com.android.settings/.Settings} from pid 614
I/WindowManager(  269): SCREENLAYOUT_SIZE (1:small, 2:normal, 3:large, 4:xlarge) 2
D/memalloc(  614): unmap_buffer: Unmapping buffer at address 0x5b898000
E/libgenlock(  614): genlock_release_lock: GENLOCK_IOC_RELEASE failed (err=Invalid argument)
W/GraphicBufferMapper(  614): unregisterBuffer(0x11fa3a8) failed 2 (Unknown error: -2)
D/memalloc(  128): free_buffer:Freeing buffer size=425984 base=0x4184b000 fd=30 PID=128
D/memalloc(  128): unmap_buffer: Unmapping buffer at address 0x4184b000
E/libgenlock(  128): genlock_release_lock: GENLOCK_IOC_RELEASE failed (err=Invalid argument)
E/msm8660.gralloc(  128): free_impl: genlock_release_lock failed
D/memalloc(  614): unmap_buffer: Unmapping buffer at address 0x5be61000
E/libgenlock(  614): genlock_release_lock: GENLOCK_IOC_RELEASE failed (err=Invalid argument)
W/GraphicBufferMapper(  614): unregisterBuffer(0x11fa620) failed 2 (Unknown error: -2)
W/memalloc(  128): Falling back to ashmem
D/memalloc(  495): map_buffer: Mapping buffer fd=47 size=1536000 PID=495
D/memalloc(  495): map_buffer: Successfully mapped 1536000 bytes
D/memalloc(  614): unmap_buffer: Unmapping buffer at address 0x5b721000
E/libgenlock(  614): genlock_release_lock: GENLOCK_IOC_RELEASE failed (err=Invalid argument)
W/GraphicBufferMapper(  614): unregisterBuffer(0x10a6750) failed 2 (Unknown error: -2)
D/memalloc(  128): free_buffer:Freeing buffer size=1536000 base=0x419be000 fd=27 PID=128
D/memalloc(  128): unmap_buffer: Unmapping buffer at address 0x419be000
E/libgenlock(  128): genlock_release_lock: GENLOCK_IOC_RELEASE failed (err=Invalid argument)
E/msm8660.gralloc(  128): free_impl: genlock_release_lock failed
D/memalloc(  614): unmap_buffer: Unmapping buffer at address 0x5b4aa000
E/libgenlock(  614): genlock_release_lock: GENLOCK_IOC_RELEASE failed (err=Invalid argument)
W/GraphicBufferMapper(  614): unregisterBuffer(0x11834c0) failed 2 (Unknown error: -2)
W/memalloc(  128): Falling back to ashmem
D/memalloc(  495): map_buffer: Mapping buffer fd=50 size=1536000 PID=495
D/memalloc(  495): map_buffer: Successfully mapped 1536000 bytes
D/memalloc(  128): free_buffer:Freeing buffer size=425984 base=0x41b35000 fd=33 PID=128
D/memalloc(  128): unmap_buffer: Unmapping buffer at address 0x41b35000
E/libgenlock(  128): genlock_release_lock: GENLOCK_IOC_RELEASE failed (err=Invalid argument)
E/msm8660.gralloc(  128): free_impl: genlock_release_lock failed
D/memalloc(  128): free_buffer:Freeing buffer size=1536000 base=0x431d8000 fd=69 PID=128
D/memalloc(  128): unmap_buffer: Unmapping buffer at address 0x431d8000
E/libgenlock(  128): genlock_release_lock: GENLOCK_IOC_RELEASE failed (err=Invalid argument)
E/msm8660.gralloc(  128): free_impl: genlock_release_lock failed
E/AudioFlinger(  131): createTrack_l() Bad parameter: sampleRate 44100 format 1, channelMask 0x00000001 "for output 0x1a45418 with format 1
E/AudioTrack(  269): AudioFlinger could not create track, status: -22
E/SoundPool(  269): Error creating AudioTrack
I/ActivityManager(  269): START {act=android.intent.action.MAIN cmp=com.android.settings/.SubSettings (has extras)} from pid 495
I/WindowManager(  269): SCREENLAYOUT_SIZE (1:small, 2:normal, 3:large, 4:xlarge) 2
W/memalloc(  128): Falling back to ashmem
D/memalloc(  495): map_buffer: Mapping buffer fd=66 size=1536000 PID=495
D/memalloc(  495): map_buffer: Successfully mapped 1536000 bytes
I/ActivityManager(  269): Displayed com.android.settings/.SubSettings: +364ms
W/memalloc(  128): Falling back to ashmem
D/memalloc(  495): map_buffer: Mapping buffer fd=69 size=1536000 PID=495
D/memalloc(  495): map_buffer: Successfully mapped 1536000 bytes
D/memalloc(  495): unmap_buffer: Unmapping buffer at address 0x5b6af000
E/libgenlock(  495): genlock_release_lock: GENLOCK_IOC_RELEASE failed (err=Invalid argument)
W/GraphicBufferMapper(  495): unregisterBuffer(0x1075898) failed 2 (Unknown error: -2)
D/memalloc(  128): free_buffer:Freeing buffer size=1536000 base=0x419be000 fd=27 PID=128
D/memalloc(  128): unmap_buffer: Unmapping buffer at address 0x419be000
E/libgenlock(  128): genlock_release_lock: GENLOCK_IOC_RELEASE failed (err=Invalid argument)
E/msm8660.gralloc(  128): free_impl: genlock_release_lock failed
D/memalloc(  495): unmap_buffer: Unmapping buffer at address 0x5b49c000
E/libgenlock(  495): genlock_release_lock: GENLOCK_IOC_RELEASE failed (err=Invalid argument)
W/GraphicBufferMapper(  495): unregisterBuffer(0x109f150) failed 2 (Unknown error: -2)
D/memalloc(  128): free_buffer:Freeing buffer size=1536000 base=0x41b9d000 fd=30 PID=128
D/memalloc(  128): unmap_buffer: Unmapping buffer at address 0x41b9d000
E/libgenlock(  128): genlock_release_lock: GENLOCK_IOC_RELEASE failed (err=Invalid argument)
E/msm8660.gralloc(  128): free_impl: genlock_release_lock failed
I/power   (  269): *** set_screen_state 0
I/CpuGovernorService(  269): Increased sampling rate.
E/msm8660.hwcomposer(  128): hwc_set invalid list or module
V/TransportControlView(  269): Create TCV com.android.internal.widget.TransportControlView@4169e090
D/PhoneStatusBar(  407): disable: < expand icons alerts ticker system_info back home RECENT* clock >
D/PhoneStatusBar(  407): disable: < expand icons alerts ticker system_info BACK* HOME* RECENT CLOCK* >
W/memalloc(  128): Falling back to ashmem
D/memalloc(  269): map_buffer: Mapping buffer fd=260 size=1474560 PID=269
D/memalloc(  269): map_buffer: Successfully mapped 1474560 bytes
W/memalloc(  128): Falling back to ashmem
D/memalloc(  269): map_buffer: Mapping buffer fd=265 size=1474560 PID=269
D/memalloc(  269): map_buffer: Successfully mapped 1474560 bytes
