W/ActivityManager( 6235): 	at com.android.server.am.ActivityManagerService.processNextBroadcast(ActivityManagerService.java:13085)
W/ActivityManager( 6235): 	at com.android.server.am.ActivityManagerService.access$100(ActivityManagerService.java:153)
W/ActivityManager( 6235): 	at com.android.server.am.ActivityManagerService$2.handleMessage(ActivityManagerService.java:996)
W/ActivityManager( 6235): 	at android.os.Handler.dispatchMessage(Handler.java:99)
W/ActivityManager( 6235): 	at android.os.Looper.loop(Looper.java:137)
W/ActivityManager( 6235): 	at com.android.server.am.ActivityManagerService$AThread.run(ActivityManagerService.java:1417)
I/ActivityManager( 6235): No longer want com.android.smspush (pid 20720): hidden #1
I/ActivityManager( 6235): Start proc com.android.smspush for service com.android.smspush/.WapPushManager: pid=20775 uid=10043 gids={}
D/PhoneStatusBarPolicy( 6324): updateSimState for subscription :0
D/PhoneStatusBarPolicy( 6324): updateSimState for subscription :0
I/ActivityManager( 6235): Start proc android.process.acore for content provider com.android.providers.contacts/.CallLogProvider: pid=20789 uid=10000 gids={3003, 1015}
I/WindowManager( 6235): Lock screen displayed!
I/BootReceiver( 6235): Copying /data/tombstones/tombstone_02 to DropBox (SYSTEM_TOMBSTONE)
I/ActivityManager( 6235): Process com.android.phone (pid 20756) has died.
W/ActivityManager( 6235): Canceling start item Intent { cmp=com.android.phone/.BluetoothHeadsetService } in service ComponentInfo{com.android.phone/com.android.phone.BluetoothHeadsetService}
W/ActivityManager( 6235): Scheduling restart of crashed service com.android.phone/.BluetoothHeadsetService in 5842ms
I/ActivityManager( 6235): Start proc com.android.phone for restart com.android.phone: pid=20842 uid=1001 gids={3002, 3001, 3003, 1015}
I/ActivityManager( 6235): No longer want android.process.acore (pid 20789): hidden #1
W/ActivityManager( 6235): Failure sending broadcast Intent { act=android.intent.action.SCREEN_ON flg=0x40000010 }
W/ActivityManager( 6235): android.os.DeadObjectException
W/ActivityManager( 6235): 	at android.os.BinderProxy.transact(Native Method)
W/ActivityManager( 6235): 	at android.content.IIntentReceiver$Stub$Proxy.performReceive(IIntentReceiver.java:121)
W/ActivityManager( 6235): 	at com.android.server.am.ActivityManagerService.performReceiveLocked(ActivityManagerService.java:12816)
W/ActivityManager( 6235): 	at com.android.server.am.ActivityManagerService.deliverToRegisteredReceiverLocked(ActivityManagerService.java:12878)
W/ActivityManager( 6235): 	at com.android.server.am.ActivityManagerService.processNextBroadcast(ActivityManagerService.java:13085)
W/ActivityManager( 6235): 	at com.android.server.am.ActivityManagerService.access$100(ActivityManagerService.java:153)
W/ActivityManager( 6235): 	at com.android.server.am.ActivityManagerService$2.handleMessage(ActivityManagerService.java:996)
W/ActivityManager( 6235): 	at android.os.Handler.dispatchMessage(Handler.java:99)
W/ActivityManager( 6235): 	at android.os.Looper.loop(Looper.java:137)
W/ActivityManager( 6235): 	at com.android.server.am.ActivityManagerService$AThread.run(ActivityManagerService.java:1417)
I/ActivityManager( 6235): Start proc com.android.settings for broadcast com.android.settings/.widget.SettingsAppWidgetProvider: pid=20855 uid=1000 gids={1015, 3002, 3001, 3003}
I/ActivityManager( 6235): No longer want com.android.smspush (pid 20775): hidden #1
I/ActivityManager( 6235): No longer want com.android.settings (pid 20855): hidden #1
I/ActivityManager( 6235): Start proc com.android.smspush for service com.android.smspush/.WapPushManager: pid=20874 uid=10043 gids={}
D/PhoneStatusBarPolicy( 6324): updateSimState for subscription :0
D/PhoneStatusBarPolicy( 6324): updateSimState for subscription :0
I/ActivityManager( 6235): Start proc android.process.acore for content provider com.android.providers.contacts/.CallLogProvider: pid=20888 uid=10000 gids={3003, 1015}
I/WindowManager( 6235): Lock screen displayed!
I/BootReceiver( 6235): Copying /data/tombstones/tombstone_03 to DropBox (SYSTEM_TOMBSTONE)
I/ActivityManager( 6235): Process com.android.phone (pid 20842) has died.
W/ActivityManager( 6235): Canceling start item Intent { cmp=com.android.phone/.BluetoothHeadsetService } in service ComponentInfo{com.android.phone/com.android.phone.BluetoothHeadsetService}
W/ActivityManager( 6235): Scheduling restart of crashed service com.android.phone/.BluetoothHeadsetService in 6068ms
I/ActivityManager( 6235): Start proc com.android.phone for restart com.android.phone: pid=20915 uid=1001 gids={3002, 3001, 3003, 1015}
I/ActivityManager( 6235): No longer want android.process.acore (pid 20888): hidden #1
W/ActivityManager( 6235): Failure sending broadcast Intent { act=android.intent.action.SCREEN_OFF flg=0x40000010 }
W/ActivityManager( 6235): android.os.DeadObjectException
W/ActivityManager( 6235): 	at android.os.BinderProxy.transact(Native Method)
W/ActivityManager( 6235): 	at android.content.IIntentReceiver$Stub$Proxy.performReceive(IIntentReceiver.java:121)
W/ActivityManager( 6235): 	at com.android.server.am.ActivityManagerService.performReceiveLocked(ActivityManagerService.java:12816)
W/ActivityManager( 6235): 	at com.android.server.am.ActivityManagerService.deliverToRegisteredReceiverLocked(ActivityManagerService.java:12878)
W/ActivityManager( 6235): 	at com.android.server.am.ActivityManagerService.processNextBroadcast(ActivityManagerService.java:13085)
W/ActivityManager( 6235): 	at com.android.server.am.ActivityManagerService.access$100(ActivityManagerService.java:153)
W/ActivityManager( 6235): 	at com.android.server.am.ActivityManagerService$2.handleMessage(ActivityManagerService.java:996)
W/ActivityManager( 6235): 	at android.os.Handler.dispatchMessage(Handler.java:99)
W/ActivityManager( 6235): 	at android.os.Looper.loop(Looper.java:137)
W/ActivityManager( 6235): 	at com.android.server.am.ActivityManagerService$AThread.run(ActivityManagerService.java:1417)
I/ActivityManager( 6235): No longer want com.android.smspush (pid 20874): hidden #1
W/ActivityManager( 6235): Failure sending broadcast Intent { act=android.intent.action.SCREEN_ON flg=0x40000010 }
W/ActivityManager( 6235): android.os.DeadObjectException
W/ActivityManager( 6235): 	at android.os.BinderProxy.transact(Native Method)
W/ActivityManager( 6235): 	at android.content.IIntentReceiver$Stub$Proxy.performReceive(IIntentReceiver.java:121)
W/ActivityManager( 6235): 	at com.android.server.am.ActivityManagerService.performReceiveLocked(ActivityManagerService.java:12816)
W/ActivityManager( 6235): 	at com.android.server.am.ActivityManagerService.deliverToRegisteredReceiverLocked(ActivityManagerService.java:12878)
W/ActivityManager( 6235): 	at com.android.server.am.ActivityManagerService.processNextBroadcast(ActivityManagerService.java:13085)
W/ActivityManager( 6235): 	at com.android.server.am.ActivityManagerService.finishReceiver(ActivityManagerService.java:12627)
W/ActivityManager( 6235): 	at android.app.ActivityManagerNative.onTransact(ActivityManagerNative.java:336)
W/ActivityManager( 6235): 	at com.android.server.am.ActivityManagerService.onTransact(ActivityManagerService.java:1551)
W/ActivityManager( 6235): 	at android.os.Binder.execTransact(Binder.java:338)
W/ActivityManager( 6235): 	at dalvik.system.NativeStart.run(Native Method)
W/ActivityManager( 6235): Failure sending broadcast Intent { act=android.intent.action.SCREEN_ON flg=0x40000010 }
W/ActivityManager( 6235): android.os.DeadObjectException
W/ActivityManager( 6235): 	at android.os.BinderProxy.transact(Native Method)
W/ActivityManager( 6235): 	at android.content.IIntentReceiver$Stub$Proxy.performReceive(IIntentReceiver.java:121)
W/ActivityManager( 6235): 	at com.android.server.am.ActivityManagerService.performReceiveLocked(ActivityManagerService.java:12816)
W/ActivityManager( 6235): 	at com.android.server.am.ActivityManagerService.deliverToRegisteredReceiverLocked(ActivityManagerService.java:12878)
W/ActivityManager( 6235): 	at com.android.server.am.ActivityManagerService.processNextBroadcast(ActivityManagerService.java:13085)
W/ActivityManager( 6235): 	at com.android.server.am.ActivityManagerService.access$100(ActivityManagerService.java:153)
W/ActivityManager( 6235): 	at com.android.server.am.ActivityManagerService$2.handleMessage(ActivityManagerService.java:996)
W/ActivityManager( 6235): 	at android.os.Handler.dispatchMessage(Handler.java:99)
W/ActivityManager( 6235): 	at android.os.Looper.loop(Looper.java:137)
W/ActivityManager( 6235): 	at com.android.server.am.ActivityManagerService$AThread.run(ActivityManagerService.java:1417)
I/ActivityManager( 6235): Start proc com.android.settings for broadcast com.android.settings/.widget.SettingsAppWidgetProvider: pid=20929 uid=1000 gids={1015, 3002, 3001, 3003}
I/ActivityManager( 6235): No longer want com.android.settings (pid 20929): hidden #1
I/ActivityManager( 6235): Start proc com.android.smspush for service com.android.smspush/.WapPushManager: pid=20954 uid=10043 gids={}
D/PhoneStatusBarPolicy( 6324): updateSimState for subscription :0
D/PhoneStatusBarPolicy( 6324): updateSimState for subscription :0
I/ActivityManager( 6235): Start proc android.process.acore for content provider com.android.providers.contacts/.CallLogProvider: pid=20969 uid=10000 gids={3003, 1015}
I/BootReceiver( 6235): Copying /data/tombstones/tombstone_04 to DropBox (SYSTEM_TOMBSTONE)
I/ActivityManager( 6235): Process com.android.phone (pid 20915) has died.
W/ActivityManager( 6235): Canceling start item Intent { cmp=com.android.phone/.BluetoothHeadsetService } in service ComponentInfo{com.android.phone/com.android.phone.BluetoothHeadsetService}
W/ActivityManager( 6235): Scheduling restart of crashed service com.android.phone/.BluetoothHeadsetService in 5070ms
I/ActivityManager( 6235): Start proc com.android.phone for restart com.android.phone: pid=20987 uid=1001 gids={3002, 3001, 3003, 1015}
I/ActivityManager( 6235): No longer want com.android.smspush (pid 20954): hidden #1
I/ActivityManager( 6235): No longer want android.process.acore (pid 20969): hidden #2
I/ActivityManager( 6235): Start proc com.android.smspush for service com.android.smspush/.WapPushManager: pid=21010 uid=10043 gids={}
D/PhoneStatusBarPolicy( 6324): updateSimState for subscription :0
D/PhoneStatusBarPolicy( 6324): updateSimState for subscription :0
I/ActivityManager( 6235): Start proc android.process.acore for content provider com.android.providers.contacts/.CallLogProvider: pid=21024 uid=10000 gids={3003, 1015}
D/PhoneStatusBar( 6324): disable: < expand icons alerts ticker system_info BACK HOME recent* CLOCK >
W/InputManagerService( 6235): Window already focused, ignoring focus gain of: com.android.internal.view.IInputMethodClient$Stub$Proxy@41482560
D/PhoneStatusBar( 6324): disable: < expand icons alerts ticker system_info back* home* recent clock* >
I/ActivityThread(21024): Removing dead content provider: settings
I/ActivityThread(16338): Removing dead content provider: settings
I/ActivityThread( 6350): Removing dead content provider: settings
I/ActivityThread( 6324): Removing dead content provider: settings
I/ActivityThread( 6386): Removing dead content provider: settings
I/SystemServer(21098): Entered the Android system server!
I/SystemServer(21098): Entropy Service
I/SystemServer(21098): Power Manager
I/SystemServer(21098): Activity Manager
I/ActivityManager(21098): Memory class: 64
I/ActivityManager(21098): Enabled StrictMode logging for AThread's Looper
I/SystemServer(21098): Telephony Registry
I/SystemServer(21098): Package Manager
W/PackageManager(21098): Running ENG build: no pre-dexopt!
W/PackageManager(21098): Library not found: /system/framework/com.android.future.usb.accessory.jar
W/PackageParser(21098): No actions in intent filter at /system/app/Bluetooth.apk Binary XML file line #135
W/PackageParser(21098): No actions in intent filter at /system/app/Bluetooth.apk Binary XML file line #204
W/PackageParser(21098): No actions in intent filter at /system/app/Bluetooth.apk Binary XML file line #223
W/PackageManager(21098): Package com.android.browser desires unavailable shared library com.android.qualcomm.modemwarmup; ignoring!
W/PackageManager(21098): Package com.android.camera desires unavailable shared library com.google.android.media.effects; ignoring!
W/PackageParser(21098): No actions in intent filter at /system/app/Contacts.apk Binary XML file line #525
W/PackageManager(21098): Package com.android.gallery3d desires unavailable shared library com.google.android.media.effects; ignoring!
W/PackageParser(21098): Unknown element under <manifest>: uses-permission_group at /system/app/QualcommSoftAP.apk Binary XML file line #9
I/Installer(21098): connecting...
I/PackageManager(21098): Time to scan packages: 0.427 seconds
W/PackageManager(21098): Unknown permission com.google.android.googleapps.permission.GOOGLE_AUTH.mail in package com.android.contacts
W/PackageManager(21098): Unknown permission android.permission.ADD_SYSTEM_SERVICE in package com.android.phone
W/PackageManager(21098): Unknown permission com.google.android.googleapps.permission.GOOGLE_AUTH in package com.android.providers.calendar
W/PackageManager(21098): Unknown permission com.google.android.googleapps.permission.GOOGLE_AUTH.cl in package com.android.providers.calendar
W/PackageManager(21098): Unknown permission android.permission.MMS_PUSH in package com.android.bluetooth
W/PackageManager(21098): Unknown permission com.google.android.googleapps.permission.GOOGLE_AUTH.mail in package com.android.calendar
W/PackageManager(21098): Not granting permission android.permission.SEND_DOWNLOAD_COMPLETED_INTENTS to package com.android.browser (protectionLevel=2 flags=0x9be45)
W/PackageManager(21098): Unknown permission android.permission.READ_EXTERNAL_STORAGE in package com.android.videoeditor
W/PackageManager(21098): Unknown permission com.google.android.googleapps.permission.GOOGLE_AUTH in package com.android.settings
W/PackageManager(21098): Unknown permission com.google.android.googleapps.permission.GOOGLE_AUTH in package com.android.providers.contacts
W/PackageManager(21098): Unknown permission com.google.android.googleapps.permission.GOOGLE_AUTH.cp in package com.android.providers.contacts
W/PackageManager(21098): Unknown permission com.google.android.googleapps.permission.ACCESS_GOOGLE_PASSWORD in package com.android.development
W/PackageManager(21098): Unknown permission com.google.android.googleapps.permission.GOOGLE_AUTH in package com.android.development
W/PackageManager(21098): Unknown permission com.google.android.googleapps.permission.GOOGLE_AUTH.ALL_SERVICES in package com.android.development
W/PackageManager(21098): Unknown permission com.google.android.googleapps.permission.GOOGLE_AUTH.YouTubeUser in package com.android.development
W/PackageManager(21098): Not granting permission android.permission.DEVICE_POWER to package com.android.deskclock (protectionLevel=2 flags=0x8be45)
I/SystemServer(21098): Account Manager
I/SystemServer(21098): Content Manager
I/SystemServer(21098): System Content Providers
I/SystemServer(21098): Lights Service
I/SystemServer(21098): Battery Service
I/SystemServer(21098): Vibrator Service
I/SystemServer(21098): Alarm Manager
I/SystemServer(21098): Init Watchdog
I/SystemServer(21098): Window Manager
I/InputManager(21098): Initializing input manager
W/StatusBarManager(21098): warning: no STATUS_BAR_SERVICE
I/InputManager(21098): Starting input manager
I/WindowManager(21098): Enabled StrictMode logging for WMThread's Looper
I/SystemServer(21098): Bluetooth Service
I/WindowManager(21098): Enabled StrictMode for PolicyThread's Looper
I/SystemServer(21098): DynamicMemoryManager Service
I/SystemServer(21098): Input Method Service
W/InputManagerService(21098): Couldn't create dir.: /data/system/inputmethod
I/SystemServer(21098): Accessibility Manager
W/ActivityManager(21098): Unable to write /sys/module/lowmemorykiller/parameters/adj
W/ActivityManager(21098): Unable to write /sys/module/lowmemorykiller/parameters/minfree
I/ActivityManager(21098): Config changed: {1.0 0mcc0mnc en_US layoutdir=0 sw320dp w320dp h508dp nrml long port ?uimode ?night -touch -keyb/v/h -nav/h s.2}
I/SystemServer(21098): Device Policy
I/SystemServer(21098): Status Bar
I/SystemServer(21098): Clipboard Service
I/SystemServer(21098): NetworkManagement Service
I/SystemServer(21098): Text Service Manager Service
I/SystemServer(21098): NetworkStats Service
I/SystemServer(21098): NetworkPolicy Service
I/SystemServer(21098): Wi-Fi P2pService
I/SystemServer(21098): Wi-Fi Service
I/SystemServer(21098): Connectivity Service
D/ConnectivityService(21098): ConnectivityService starting up
E/MobileDataStateTracker(21098): default: Ignoring feature request because could not acquire PhoneService
E/MobileDataStateTracker(21098): default: Could not enable APN type "default"
D/NetworkManagementService(21098): Registering observer
D/NetworkManagementService(21098): Registering observer
I/WifiService(21098): WifiService starting up with Wi-Fi enabled
V/ConnectivityService(21098): CNE is starting up
E/ConnectivityService(21098): Could not make vendor Cne obj falling back to reference cne
I/SystemServer(21098): Throttle Service
I/SystemServer(21098): Mount Service
D/MountService(21098): got storage path: /mnt/sdcard description: USB storage primary: true removable: false emulated: false mtpReserve: 0 allowMassStorage: false maxFileSize: 0
I/SystemServer(21098): Notification Manager
I/SystemServer(21098): HDMI Service
I/SystemServer(21098): Device Storage Monitor
I/SystemServer(21098): Location Manager
I/SystemServer(21098): Country Detector
I/SystemServer(21098): Search Service
D/VoldCmdListener(  146): volume list
I/SystemServer(21098): DropBox Service
I/MountService(21098): Media already mounted on daemon connection
D/MountService(21098): volume state changed for /mnt/sdcard (null -> mounted)
I/SystemServer(21098): Wallpaper Service
D/VoldCmdListener(  146): asec list
W/PackageManager(21098): Unknown permission com.google.android.googleapps.permission.GOOGLE_AUTH.mail in package com.android.contacts
W/PackageManager(21098): Unknown permission android.permission.ADD_SYSTEM_SERVICE in package com.android.phone
W/PackageManager(21098): Unknown permission com.google.android.googleapps.permission.GOOGLE_AUTH in package com.android.providers.calendar
W/PackageManager(21098): Unknown permission com.google.android.googleapps.permission.GOOGLE_AUTH.cl in package com.android.providers.calendar
W/PackageManager(21098): Unknown permission android.permission.MMS_PUSH in package com.android.bluetooth
W/PackageManager(21098): Unknown permission com.google.android.googleapps.permission.GOOGLE_AUTH.mail in package com.android.calendar
W/PackageManager(21098): Not granting permission android.permission.SEND_DOWNLOAD_COMPLETED_INTENTS to package com.android.browser (protectionLevel=2 flags=0x9be45)
W/PackageManager(21098): Unknown permission android.permission.READ_EXTERNAL_STORAGE in package com.android.videoeditor
W/PackageManager(21098): Unknown permission com.google.android.googleapps.permission.GOOGLE_AUTH in package com.android.settings
W/PackageManager(21098): Unknown permission com.google.android.googleapps.permission.GOOGLE_AUTH in package com.android.providers.contacts
W/PackageManager(21098): Unknown permission com.google.android.googleapps.permission.GOOGLE_AUTH.cp in package com.android.providers.contacts
W/PackageManager(21098): Unknown permission com.google.android.googleapps.permission.ACCESS_GOOGLE_PASSWORD in package com.android.development
W/PackageManager(21098): Unknown permission com.google.android.googleapps.permission.GOOGLE_AUTH in package com.android.development
W/PackageManager(21098): Unknown permission com.google.android.googleapps.permission.GOOGLE_AUTH.ALL_SERVICES in package com.android.development
W/PackageManager(21098): Unknown permission com.google.android.googleapps.permission.GOOGLE_AUTH.YouTubeUser in package com.android.development
W/PackageManager(21098): Not granting permission android.permission.DEVICE_POWER to package com.android.deskclock (protectionLevel=2 flags=0x8be45)
I/SystemServer(21098): Audio Service
I/ActivityManager(21098): Config changed: {1.0 0mcc0mnc en_US layoutdir=0 sw320dp w320dp h508dp nrml long port ?uimode ?night finger -keyb/v/h -nav/h s.3}
I/SystemServer(21098): Dock Observer
I/SystemServer(21098): Wired Accessory Observer
I/SystemServer(21098): USB Service
I/SystemServer(21098): UI Mode Manager Service
I/SystemServer(21098): Backup Service
V/BackupManagerService(21098): Initializing package tracking
V/BackupManagerService(21098): No ancestral data
V/BackupManagerService(21098): addPackageParticipantsLocked: null
I/BackupManagerService(21098): New app android never backed up; scheduling
I/BackupManagerService(21098): New app com.android.browser never backed up; scheduling
I/BackupManagerService(21098): New app com.android.calendar never backed up; scheduling
I/BackupManagerService(21098): New app com.android.inputmethod.latin never backed up; scheduling
I/BackupManagerService(21098): New app com.android.providers.settings never backed up; scheduling
I/BackupManagerService(21098): New app com.android.providers.userdictionary never backed up; scheduling
I/BackupManagerService(21098): New app com.android.sharedstoragebackup never backed up; scheduling
V/BackupManagerService(21098): Registering transport android/com.android.internal.backup.LocalTransport = com.android.internal.backup.LocalTransport@41453cd8
V/BackupManagerService(21098): Starting with transport android/com.android.internal.backup.LocalTransport
V/BackupManagerService(21098): Google transport not present
I/BackupManagerService(21098): Found stale backup journal, scheduling
I/BackupManagerService(21098):   android
I/BackupManagerService(21098):   com.android.browser
I/BackupManagerService(21098):   com.android.calendar
I/BackupManagerService(21098):   com.android.inputmethod.latin
I/BackupManagerService(21098):   com.android.providers.settings
I/BackupManagerService(21098):   com.android.providers.userdictionary
I/BackupManagerService(21098):   com.android.sharedstoragebackup
I/BackupManagerService(21098): Backup enabled => false
I/BackupManagerService(21098): Opting out of backup
I/SystemServer(21098): AppWidget Service
I/SystemServer(21098): Recognition Service
I/SystemServer(21098): DiskStats Service
I/SystemServer(21098): AtCmdFwd Service
I/SystemServer(21098): SamplingProfiler Service
I/SystemServer(21098): NetworkTimeUpdateService
D/PowerManagerService(21098): system ready!
I/ActivityManager(21098): System now ready
I/SystemServer(21098): Making services ready
D/SystemServer(21098): Starting service: Intent { cmp=com.android.systemui/.SystemUIService }
I/ActivityManager(21098): Start proc com.android.systemui for service com.android.systemui/.SystemUIService: pid=21194 uid=1000 gids={1015, 3002, 3001, 3003}
D/NetworkManagementService(21098): not enabling bandwidth control
W/NetworkStats(21098): problem reading network stats: java.lang.IllegalStateException: problem parsing idx 1
D/NetworkManagementService(21098): Registering observer
D/NetworkManagementService(21098): Registering observer
I/ActivityManager(21098): Config changed: {1.0 0mcc0mnc en_US layoutdir=0 sw320dp w320dp h508dp nrml long port finger -keyb/v/h -nav/h s.4}
W/RecognitionManagerService(21098): no available voice recognition services found
D/SystemUIService(21194): loading: class com.android.systemui.statusbar.phone.PhoneStatusBar
D/SystemUIService(21194): running: com.android.systemui.statusbar.phone.PhoneStatusBar@412bcb08
I/ActivityManager(21098): Start proc com.android.phasebeam for service com.android.phasebeam/.PhaseBeamWallpaper: pid=21209 uid=10030 gids={}
W/InputManagerService(21098): Ignoring setImeWindowStatus of uid 1000 token: null
I/ActivityManager(21098): Start proc com.android.inputmethod.latin for service com.android.inputmethod.latin/.LatinIME: pid=21222 uid=10019 gids={}
D/NetworkManagementService(21098): Registering observer
I/ActivityManager(21098): Start proc com.android.phone for added application com.android.phone: pid=21239 uid=1001 gids={3002, 3001, 3003, 1015}
I/ActivityManager(21098): START {act=android.intent.action.MAIN cat=[android.intent.category.HOME] flg=0x10000000 cmp=com.android.launcher/com.android.launcher2.Launcher} from pid 0
I/ActivityManager(21098): Start proc com.android.launcher for activity com.android.launcher/com.android.launcher2.Launcher: pid=21250 uid=10020 gids={}
I/SystemServer(21098): Enabled StrictMode for system server main thread.
E/ActivityThread(21222): Failed to find provider info for com.android.inputmethod.latin.dictionarypack
I/StatusBarManagerService(21098): registerStatusBar bar=com.android.internal.statusbar.IStatusBar$Stub$Proxy@4152f968
D/PhoneStatusBar(21194): disable: < expand icons alerts ticker system_info BACK* HOME* RECENT* CLOCK* >
D/StorageNotification(21194): Startup with UMS connection false (media state mounted)
D/SystemUIService(21194): loading: class com.android.systemui.power.PowerUI
D/SystemUIService(21194): running: com.android.systemui.power.PowerUI@413186a8
I/StorageNotification(21194): UMS connection changed to false (media state mounted)
D/WifiService(21098): New client listening to asynchronous messages
I/ActivityManager(21098): Start proc android.process.acore for content provider com.android.providers.userdictionary/.UserDictionaryProvider: pid=21285 uid=10000 gids={3003, 1015}
I/ActivityManager(21098): Start proc com.android.smspush for service com.android.smspush/.WapPushManager: pid=21309 uid=10043 gids={}
D/PhoneStatusBarPolicy(21194): updateSimState for subscription :0
D/PhoneStatusBarPolicy(21194): updateSimState for subscription :0
D/PowerManagerService(21098): bootCompleted
V/DevicePolicyManagerService(21098): Sending password expiration notifications for action android.intent.action.BOOT_COMPLETED
I/ActivityManager(21098): Start proc com.android.contacts for broadcast com.android.contacts/.calllog.CallLogReceiver: pid=21337 uid=10000 gids={3003, 1015}
V/WiredAccessoryObserver(21098): init()
W/WiredAccessoryObserver(21098): This kernel does not have wired headset support
W/WiredAccessoryObserver(21098): This kernel does not have wired headset support
I/ActivityManager(21098): Process com.android.phone (pid 21239) has died.
W/ActivityManager(21098): Scheduling restart of crashed service com.android.phone/.BluetoothHeadsetService in 6192ms
I/ActivityManager(21098): Start proc com.android.phone for restart com.android.phone: pid=21380 uid=1001 gids={3002, 3001, 3003, 1015}
I/ActivityManager(21098): Start proc com.android.providers.calendar for broadcast com.android.providers.calendar/.CalendarReceiver: pid=21395 uid=10006 gids={3003, 1015}
I/BootReceiver(21098): Copying /data/tombstones/tombstone_05 to DropBox (SYSTEM_TOMBSTONE)
I/ActivityManager(21098): Start proc com.android.deskclock for broadcast com.android.deskclock/.AlarmInitReceiver: pid=21415 uid=10010 gids={}
I/BootReceiver(21098): Copying /data/tombstones/tombstone_06 to DropBox (SYSTEM_TOMBSTONE)
I/ActivityManager(21098): Start proc android.process.media for broadcast com.android.providers.downloads/.DownloadReceiver: pid=21440 uid=10012 gids={1015, 1023, 1024, 2001, 3003, 3007}
D/PhoneStatusBarPolicy(21194): updateSimState for subscription :0
D/PhoneStatusBarPolicy(21194): updateSimState for subscription :0
I/BootReceiver(21098): Copying /data/tombstones/tombstone_07 to DropBox (SYSTEM_TOMBSTONE)
I/BootReceiver(21098): Copying /data/tombstones/tombstone_08 to DropBox (SYSTEM_TOMBSTONE)
I/BootReceiver(21098): Copying /data/tombstones/tombstone_09 to DropBox (SYSTEM_TOMBSTONE)
I/ActivityManager(21098): Start proc com.android.email for broadcast com.android.email/.service.EmailBroadcastReceiver: pid=21470 uid=10013 gids={3003, 1015}
I/ActivityManager(21098): Start proc com.android.exchange for service com.android.exchange/.ExchangeService: pid=21499 uid=10014 gids={3003, 1015}
I/ActivityManager(21098): Start proc com.android.mms for broadcast com.android.mms/.transaction.MmsSystemEventReceiver: pid=21525 uid=10024 gids={3003, 1015}
D/CountryDetectorService(21098): The first listener is added
W/ActivityManager(21098): Permission Denial: receiving Intent { act=android.intent.action.BOOT_COMPLETED flg=0x10 } to com.android.musicfx requires android.permission.RECEIVE_BOOT_COMPLETED due to sender null (uid 1000)
I/BootReceiver(21098): Copying /data/tombstones/tombstone_00 to DropBox (SYSTEM_TOMBSTONE)
I/ActivityManager(21098): Process com.android.phone (pid 21380) has died.
W/ActivityManager(21098): Scheduling restart of crashed service com.android.phone/.BluetoothHeadsetService in 5624ms
I/ActivityManager(21098): Start proc com.android.phone for restart com.android.phone: pid=21570 uid=1001 gids={3002, 3001, 3003, 1015}
I/ActivityManager(21098): Start proc com.android.voicedialer for broadcast com.android.voicedialer/.VoiceDialerReceiver: pid=21583 uid=10042 gids={3002}
I/ActivityManager(21098): Start proc com.android.settings for broadcast com.android.settings/.widget.SettingsAppWidgetProvider: pid=21597 uid=1000 gids={1015, 3002, 3001, 3003}
D/PhoneStatusBarPolicy(21194): updateSimState for subscription :0
D/PhoneStatusBarPolicy(21194): updateSimState for subscription :0
I/BootReceiver(21098): Copying /data/tombstones/tombstone_01 to DropBox (SYSTEM_TOMBSTONE)
I/ActivityManager(21098): Process com.android.phone (pid 21570) has died.
W/ActivityManager(21098): Canceling start item Intent { cmp=com.android.phone/.BluetoothHeadsetService } in service ComponentInfo{com.android.phone/com.android.phone.BluetoothHeadsetService}
W/ActivityManager(21098): Scheduling restart of crashed service com.android.phone/.BluetoothHeadsetService in 4606ms
I/ActivityManager(21098): Start proc com.android.phone for restart com.android.phone: pid=21622 uid=1001 gids={3002, 3001, 3003, 1015}
W/ActivityManager(21098): Failure sending broadcast Intent { act=android.intent.action.SCREEN_OFF flg=0x40000010 }
W/ActivityManager(21098): android.os.DeadObjectException
W/ActivityManager(21098): 	at android.os.BinderProxy.transact(Native Method)
W/ActivityManager(21098): 	at android.content.IIntentReceiver$Stub$Proxy.performReceive(IIntentReceiver.java:121)
W/ActivityManager(21098): 	at com.android.server.am.ActivityManagerService.performReceiveLocked(ActivityManagerService.java:12816)
W/ActivityManager(21098): 	at com.android.server.am.ActivityManagerService.deliverToRegisteredReceiverLocked(ActivityManagerService.java:12878)
W/ActivityManager(21098): 	at com.android.server.am.ActivityManagerService.processNextBroadcast(ActivityManagerService.java:13085)
W/ActivityManager(21098): 	at com.android.server.am.ActivityManagerService.access$100(ActivityManagerService.java:153)
W/ActivityManager(21098): 	at com.android.server.am.ActivityManagerService$2.handleMessage(ActivityManagerService.java:996)
W/ActivityManager(21098): 	at android.os.Handler.dispatchMessage(Handler.java:99)
W/ActivityManager(21098): 	at android.os.Looper.loop(Looper.java:137)
W/ActivityManager(21098): 	at com.android.server.am.ActivityManagerService$AThread.run(ActivityManagerService.java:1417)
I/ActivityManager(21098): Start proc com.android.calendar for broadcast com.android.calendar/.widget.CalendarAppWidgetService$CalendarFactory: pid=21635 uid=10005 gids={3003}
I/WindowManager(21098): Lock screen displayed!
D/PhoneStatusBarPolicy(21194): updateSimState for subscription :0
D/PhoneStatusBarPolicy(21194): updateSimState for subscription :0
D/PhoneStatusBar(21194): disable: < expand icons alerts ticker system_info BACK HOME recent* CLOCK >
D/PhoneStatusBar(21194): disable: < expand icons alerts ticker system_info back* home* recent clock* >
I/BootReceiver(21098): Copying /data/tombstones/tombstone_02 to DropBox (SYSTEM_TOMBSTONE)
I/ActivityManager(21098): Process com.android.phone (pid 21622) has died.
W/ActivityManager(21098): Canceling start item Intent { cmp=com.android.phone/.BluetoothHeadsetService } in service ComponentInfo{com.android.phone/com.android.phone.BluetoothHeadsetService}
W/ActivityManager(21098): Scheduling restart of crashed service com.android.phone/.BluetoothHeadsetService in 5882ms
I/ActivityManager(21098): Start proc com.android.phone for restart com.android.phone: pid=21703 uid=1001 gids={3002, 3001, 3003, 1015}
D/PhoneStatusBarPolicy(21194): updateSimState for subscription :0
D/PhoneStatusBarPolicy(21194): updateSimState for subscription :0
I/BootReceiver(21098): Copying /data/tombstones/tombstone_03 to DropBox (SYSTEM_TOMBSTONE)
I/ActivityManager(21098): Process com.android.phone (pid 21703) has died.
W/ActivityManager(21098): Canceling start item Intent { cmp=com.android.phone/.BluetoothHeadsetService } in service ComponentInfo{com.android.phone/com.android.phone.BluetoothHeadsetService}
W/ActivityManager(21098): Scheduling restart of crashed service com.android.phone/.BluetoothHeadsetService in 5182ms
I/ActivityManager(21098): Start proc com.android.phone for restart com.android.phone: pid=21727 uid=1001 gids={3002, 3001, 3003, 1015}
D/PhoneStatusBarPolicy(21194): updateSimState for subscription :0
D/PhoneStatusBarPolicy(21194): updateSimState for subscription :0
I/ActivityManager(21098): Config changed: {1.0 0mcc0mnc en_US layoutdir=0 sw320dp w533dp h294dp nrml long land finger -keyb/v/h -nav/h s.5}
I/BootReceiver(21098): Copying /data/tombstones/tombstone_04 to DropBox (SYSTEM_TOMBSTONE)
I/ActivityManager(21098): Process com.android.phone (pid 21727) has died.
W/ActivityManager(21098): Canceling start item Intent { cmp=com.android.phone/.BluetoothHeadsetService } in service ComponentInfo{com.android.phone/com.android.phone.BluetoothHeadsetService}
W/ActivityManager(21098): Scheduling restart of crashed service com.android.phone/.BluetoothHeadsetService in 5682ms
I/ActivityManager(21098): Start proc com.android.phone for restart com.android.phone: pid=21754 uid=1001 gids={3002, 3001, 3003, 1015}
D/PhoneStatusBarPolicy(21194): updateSimState for subscription :0
D/PhoneStatusBarPolicy(21194): updateSimState for subscription :0
I/BootReceiver(21098): Copying /data/tombstones/tombstone_05 to DropBox (SYSTEM_TOMBSTONE)
I/ActivityManager(21098): Process com.android.phone (pid 21754) has died.
W/ActivityManager(21098): Canceling start item Intent { cmp=com.android.phone/.BluetoothHeadsetService } in service ComponentInfo{com.android.phone/com.android.phone.BluetoothHeadsetService}
W/ActivityManager(21098): Scheduling restart of crashed service com.android.phone/.BluetoothHeadsetService in 5012ms
I/ActivityManager(21098): Start proc com.android.phone for restart com.android.phone: pid=21779 uid=1001 gids={3002, 3001, 3003, 1015}
D/PhoneStatusBarPolicy(21194): updateSimState for subscription :0
D/PhoneStatusBarPolicy(21194): updateSimState for subscription :0
W/PowerUI (21194): unknown intent: Intent { act=android.intent.action.ACTION_POWER_CONNECTED flg=0x10000010 }
I/ActivityManager(21098): START {act=android.search.action.GLOBAL_SEARCH flg=0x10000000 cmp=com.android.quicksearchbox/.SearchActivity bnds=[0,38][60,480] (has extras)} from pid 21250
I/ActivityManager(21098): Start proc com.android.quicksearchbox for activity com.android.quicksearchbox/.SearchActivity: pid=21803 uid=10036 gids={3003}
D/notified_event(  147): handleSwitchEvent -> USB connected !!!
I/ActivityManager(21098): Config changed: {1.0 0mcc0mnc en_US layoutdir=0 sw320dp w320dp h508dp nrml long port finger -keyb/v/h -nav/h s.6}
I/ActivityManager(21098): START {act=android.intent.action.MAIN cat=[android.intent.category.HOME] flg=0x10200000 cmp=com.android.launcher/com.android.launcher2.Launcher} from pid 21098
W/InputManagerService(21098): Starting input on non-focused client com.android.internal.view.IInputMethodClient$Stub$Proxy@41595968 (uid=10036 pid=21803)
I/BootReceiver(21098): Copying /data/tombstones/tombstone_06 to DropBox (SYSTEM_TOMBSTONE)
I/ActivityManager(21098): Process com.android.phone (pid 21779) has died.
W/ActivityManager(21098): Canceling start item Intent { cmp=com.android.phone/.BluetoothHeadsetService } in service ComponentInfo{com.android.phone/com.android.phone.BluetoothHeadsetService}
W/ActivityManager(21098): Scheduling restart of crashed service com.android.phone/.BluetoothHeadsetService in 6986ms
I/ActivityManager(21098): Start proc com.android.phone for restart com.android.phone: pid=21841 uid=1001 gids={3002, 3001, 3003, 1015}
D/PhoneStatusBarPolicy(21194): updateSimState for subscription :0
D/PhoneStatusBarPolicy(21194): updateSimState for subscription :0
I/BootReceiver(21098): Copying /data/tombstones/tombstone_07 to DropBox (SYSTEM_TOMBSTONE)
I/ActivityManager(21098): Process com.android.phone (pid 21841) has died.
W/ActivityManager(21098): Canceling start item Intent { cmp=com.android.phone/.BluetoothHeadsetService } in service ComponentInfo{com.android.phone/com.android.phone.BluetoothHeadsetService}
W/ActivityManager(21098): Scheduling restart of crashed service com.android.phone/.BluetoothHeadsetService in 5070ms
I/ActivityManager(21098): Start proc com.android.phone for restart com.android.phone: pid=21867 uid=1001 gids={3002, 3001, 3003, 1015}
D/PhoneStatusBarPolicy(21194): updateSimState for subscription :0
D/PhoneStatusBarPolicy(21194): updateSimState for subscription :0
D/PhoneStatusBar(21194): disable: < expand icons alerts ticker system_info back home RECENT* clock >
D/PhoneStatusBar(21194): disable: < expand icons alerts ticker system_info BACK* HOME* RECENT CLOCK* >
I/BootReceiver(21098): Copying /data/tombstones/tombstone_08 to DropBox (SYSTEM_TOMBSTONE)
I/ActivityManager(21098): Process com.android.phone (pid 21867) has died.
W/ActivityManager(21098): Canceling start item Intent { cmp=com.android.phone/.BluetoothHeadsetService } in service ComponentInfo{com.android.phone/com.android.phone.BluetoothHeadsetService}
W/ActivityManager(21098): Scheduling restart of crashed service com.android.phone/.BluetoothHeadsetService in 5274ms
I/ActivityManager(21098): Start proc com.android.phone for restart com.android.phone: pid=21891 uid=1001 gids={3002, 3001, 3003, 1015}
W/ActivityManager(21098): Failure sending broadcast Intent { act=android.intent.action.SCREEN_OFF flg=0x40000010 }
W/ActivityManager(21098): android.os.DeadObjectException
W/ActivityManager(21098): 	at android.os.BinderProxy.transact(Native Method)
W/ActivityManager(21098): 	at android.content.IIntentReceiver$Stub$Proxy.performReceive(IIntentReceiver.java:121)
W/ActivityManager(21098): 	at com.android.server.am.ActivityManagerService.performReceiveLocked(ActivityManagerService.java:12816)
W/ActivityManager(21098): 	at com.android.server.am.ActivityManagerService.deliverToRegisteredReceiverLocked(ActivityManagerService.java:12878)
W/ActivityManager(21098): 	at com.android.server.am.ActivityManagerService.processNextBroadcast(ActivityManagerService.java:13085)
W/ActivityManager(21098): 	at com.android.server.am.ActivityManagerService.access$100(ActivityManagerService.java:153)
W/ActivityManager(21098): 	at com.android.server.am.ActivityManagerService$2.handleMessage(ActivityManagerService.java:996)
W/ActivityManager(21098): 	at android.os.Handler.dispatchMessage(Handler.java:99)
W/ActivityManager(21098): 	at android.os.Looper.loop(Looper.java:137)
W/ActivityManager(21098): 	at com.android.server.am.ActivityManagerService$AThread.run(ActivityManagerService.java:1417)
D/PhoneStatusBarPolicy(21194): updateSimState for subscription :0
D/PhoneStatusBarPolicy(21194): updateSimState for subscription :0
I/BootReceiver(21098): Copying /data/tombstones/tombstone_09 to DropBox (SYSTEM_TOMBSTONE)
I/ActivityManager(21098): Process com.android.phone (pid 21891) has died.
W/ActivityManager(21098): Canceling start item Intent { cmp=com.android.phone/.BluetoothHeadsetService } in service ComponentInfo{com.android.phone/com.android.phone.BluetoothHeadsetService}
W/ActivityManager(21098): Scheduling restart of crashed service com.android.phone/.BluetoothHeadsetService in 4826ms
I/ActivityManager(21098): Start proc com.android.phone for restart com.android.phone: pid=21916 uid=1001 gids={3002, 3001, 3003, 1015}
D/PhoneStatusBarPolicy(21194): updateSimState for subscription :0
D/PhoneStatusBarPolicy(21194): updateSimState for subscription :0
I/BootReceiver(21098): Copying /data/tombstones/tombstone_00 to DropBox (SYSTEM_TOMBSTONE)
I/ActivityManager(21098): Process com.android.phone (pid 21916) has died.
W/ActivityManager(21098): Canceling start item Intent { cmp=com.android.phone/.BluetoothHeadsetService } in service ComponentInfo{com.android.phone/com.android.phone.BluetoothHeadsetService}
W/ActivityManager(21098): Scheduling restart of crashed service com.android.phone/.BluetoothHeadsetService in 4656ms
I/ActivityManager(21098): Start proc com.android.phone for restart com.android.phone: pid=21940 uid=1001 gids={3002, 3001, 3003, 1015}
D/PhoneStatusBarPolicy(21194): updateSimState for subscription :0
D/PhoneStatusBarPolicy(21194): updateSimState for subscription :0
I/BootReceiver(21098): Copying /data/tombstones/tombstone_01 to DropBox (SYSTEM_TOMBSTONE)
I/ActivityManager(21098): Process com.android.phone (pid 21940) has died.
W/ActivityManager(21098): Canceling start item Intent { cmp=com.android.phone/.BluetoothHeadsetService } in service ComponentInfo{com.android.phone/com.android.phone.BluetoothHeadsetService}
W/ActivityManager(21098): Scheduling restart of crashed service com.android.phone/.BluetoothHeadsetService in 4760ms
I/ActivityManager(21098): Start proc com.android.phone for restart com.android.phone: pid=21967 uid=1001 gids={3002, 3001, 3003, 1015}
D/PhoneStatusBarPolicy(21194): updateSimState for subscription :0
D/PhoneStatusBarPolicy(21194): updateSimState for subscription :0
I/BootReceiver(21098): Copying /data/tombstones/tombstone_02 to DropBox (SYSTEM_TOMBSTONE)
I/ActivityManager(21098): Process com.android.phone (pid 21967) has died.
W/ActivityManager(21098): Canceling start item Intent { cmp=com.android.phone/.BluetoothHeadsetService } in service ComponentInfo{com.android.phone/com.android.phone.BluetoothHeadsetService}
W/ActivityManager(21098): Scheduling restart of crashed service com.android.phone/.BluetoothHeadsetService in 4956ms
I/ActivityManager(21098): Start proc com.android.phone for restart com.android.phone: pid=21989 uid=1001 gids={3002, 3001, 3003, 1015}
D/PhoneStatusBarPolicy(21194): updateSimState for subscription :0
D/PhoneStatusBarPolicy(21194): updateSimState for subscription :0
I/BootReceiver(21098): Copying /data/tombstones/tombstone_03 to DropBox (SYSTEM_TOMBSTONE)
I/ActivityManager(21098): Process com.android.phone (pid 21989) has died.
W/ActivityManager(21098): Canceling start item Intent { cmp=com.android.phone/.BluetoothHeadsetService } in service ComponentInfo{com.android.phone/com.android.phone.BluetoothHeadsetService}
W/ActivityManager(21098): Scheduling restart of crashed service com.android.phone/.BluetoothHeadsetService in 5356ms
I/ActivityManager(21098): Start proc com.android.phone for restart com.android.phone: pid=22016 uid=1001 gids={3002, 3001, 3003, 1015}
D/PhoneStatusBarPolicy(21194): updateSimState for subscription :0
D/PhoneStatusBarPolicy(21194): updateSimState for subscription :0
I/BootReceiver(21098): Copying /data/tombstones/tombstone_04 to DropBox (SYSTEM_TOMBSTONE)
I/ActivityManager(21098): Process com.android.phone (pid 22016) has died.
W/ActivityManager(21098): Canceling start item Intent { cmp=com.android.phone/.BluetoothHeadsetService } in service ComponentInfo{com.android.phone/com.android.phone.BluetoothHeadsetService}
W/ActivityManager(21098): Scheduling restart of crashed service com.android.phone/.BluetoothHeadsetService in 4530ms
I/ActivityManager(21098): Start proc com.android.phone for restart com.android.phone: pid=22038 uid=1001 gids={3002, 3001, 3003, 1015}
D/PhoneStatusBarPolicy(21194): updateSimState for subscription :0
D/PhoneStatusBarPolicy(21194): updateSimState for subscription :0
I/BootReceiver(21098): Copying /data/tombstones/tombstone_05 to DropBox (SYSTEM_TOMBSTONE)
I/ActivityManager(21098): Process com.android.phone (pid 22038) has died.
W/ActivityManager(21098): Canceling start item Intent { cmp=com.android.phone/.BluetoothHeadsetService } in service ComponentInfo{com.android.phone/com.android.phone.BluetoothHeadsetService}
W/ActivityManager(21098): Scheduling restart of crashed service com.android.phone/.BluetoothHeadsetService in 5302ms
I/ActivityManager(21098): Start proc com.android.phone for restart com.android.phone: pid=22068 uid=1001 gids={3002, 3001, 3003, 1015}
D/PhoneStatusBarPolicy(21194): updateSimState for subscription :0
D/PhoneStatusBarPolicy(21194): updateSimState for subscription :0
I/BootReceiver(21098): Copying /data/tombstones/tombstone_06 to DropBox (SYSTEM_TOMBSTONE)
I/ActivityManager(21098): Process com.android.phone (pid 22068) has died.
W/ActivityManager(21098): Canceling start item Intent { cmp=com.android.phone/.BluetoothHeadsetService } in service ComponentInfo{com.android.phone/com.android.phone.BluetoothHeadsetService}
W/ActivityManager(21098): Scheduling restart of crashed service com.android.phone/.BluetoothHeadsetService in 4776ms
I/ActivityManager(21098): Start proc com.android.phone for restart com.android.phone: pid=22089 uid=1001 gids={3002, 3001, 3003, 1015}
D/PhoneStatusBarPolicy(21194): updateSimState for subscription :0
D/PhoneStatusBarPolicy(21194): updateSimState for subscription :0
I/BootReceiver(21098): Copying /data/tombstones/tombstone_07 to DropBox (SYSTEM_TOMBSTONE)
I/ActivityManager(21098): Process com.android.phone (pid 22089) has died.
W/ActivityManager(21098): Canceling start item Intent { cmp=com.android.phone/.BluetoothHeadsetService } in service ComponentInfo{com.android.phone/com.android.phone.BluetoothHeadsetService}
W/ActivityManager(21098): Scheduling restart of crashed service com.android.phone/.BluetoothHeadsetService in 4900ms
I/ActivityManager(21098): Start proc com.android.phone for restart com.android.phone: pid=22118 uid=1001 gids={3002, 3001, 3003, 1015}
D/PhoneStatusBarPolicy(21194): updateSimState for subscription :0
D/PhoneStatusBarPolicy(21194): updateSimState for subscription :0
I/BootReceiver(21098): Copying /data/tombstones/tombstone_08 to DropBox (SYSTEM_TOMBSTONE)
I/ActivityManager(21098): Process com.android.phone (pid 22118) has died.
W/ActivityManager(21098): Canceling start item Intent { cmp=com.android.phone/.BluetoothHeadsetService } in service ComponentInfo{com.android.phone/com.android.phone.BluetoothHeadsetService}
W/ActivityManager(21098): Scheduling restart of crashed service com.android.phone/.BluetoothHeadsetService in 4858ms
I/ActivityManager(21098): Start proc com.android.phone for restart com.android.phone: pid=22143 uid=1001 gids={3002, 3001, 3003, 1015}
D/PhoneStatusBarPolicy(21194): updateSimState for subscription :0
D/PhoneStatusBarPolicy(21194): updateSimState for subscription :0
I/BootReceiver(21098): Copying /data/tombstones/tombstone_09 to DropBox (SYSTEM_TOMBSTONE)
I/ActivityManager(21098): Process com.android.phone (pid 22143) has died.
W/ActivityManager(21098): Canceling start item Intent { cmp=com.android.phone/.BluetoothHeadsetService } in service ComponentInfo{com.android.phone/com.android.phone.BluetoothHeadsetService}
W/ActivityManager(21098): Scheduling restart of crashed service com.android.phone/.BluetoothHeadsetService in 4684ms
I/ActivityManager(21098): Start proc com.android.phone for restart com.android.phone: pid=22167 uid=1001 gids={3002, 3001, 3003, 1015}
D/PhoneStatusBarPolicy(21194): updateSimState for subscription :0
D/PhoneStatusBarPolicy(21194): updateSimState for subscription :0
I/BootReceiver(21098): Copying /data/tombstones/tombstone_00 to DropBox (SYSTEM_TOMBSTONE)
I/ActivityManager(21098): Process com.android.phone (pid 22167) has died.
W/ActivityManager(21098): Canceling start item Intent { cmp=com.android.phone/.BluetoothHeadsetService } in service ComponentInfo{com.android.phone/com.android.phone.BluetoothHeadsetService}
W/ActivityManager(21098): Scheduling restart of crashed service com.android.phone/.BluetoothHeadsetService in 4814ms
I/ActivityManager(21098): Start proc com.android.phone for restart com.android.phone: pid=22195 uid=1001 gids={3002, 3001, 3003, 1015}
D/PhoneStatusBarPolicy(21194): updateSimState for subscription :0
D/PhoneStatusBarPolicy(21194): updateSimState for subscription :0
I/BootReceiver(21098): Copying /data/tombstones/tombstone_01 to DropBox (SYSTEM_TOMBSTONE)
I/ActivityManager(21098): Process com.android.phone (pid 22195) has died.
W/ActivityManager(21098): Canceling start item Intent { cmp=com.android.phone/.BluetoothHeadsetService } in service ComponentInfo{com.android.phone/com.android.phone.BluetoothHeadsetService}
W/ActivityManager(21098): Scheduling restart of crashed service com.android.phone/.BluetoothHeadsetService in 4450ms
I/ActivityManager(21098): Start proc com.android.phone for restart com.android.phone: pid=22217 uid=1001 gids={3002, 3001, 3003, 1015}
D/PhoneStatusBarPolicy(21194): updateSimState for subscription :0
D/PhoneStatusBarPolicy(21194): updateSimState for subscription :0
I/BootReceiver(21098): Copying /data/tombstones/tombstone_02 to DropBox (SYSTEM_TOMBSTONE)
I/ActivityManager(21098): Process com.android.phone (pid 22217) has died.
