--------- beginning of /dev/log/system
D/notified_event(  147): handleUsbCompositeEvent -> 'usb_mass_storage' -> 'connected' 
D/notified_event(  147): handleUsbCompositeEvent -> 'acm1' -> 'disconnected' 
D/notified_event(  147): handleUsbCompositeEvent -> 'acm2' -> 'connected' 
D/notified_event(  147): handleUsbCompositeEvent -> 'adb' -> 'connected' 
D/notified_event(  147): handleUsbCompositeEvent -> 'rndis' -> 'disconnected' 
D/notified_event(  147): handleUsbCompositeEvent -> 'diag' -> 'disconnected' 
D/notified_event(  147): handleUsbCompositeEvent -> 'diag_mdm' -> 'disconnected' 
D/notified_event(  147): handleUsbCompositeEvent -> 'rmnet_sdio' -> 'disconnected' 
I/Vold    (  146): Vold 2.1 (the revenge) firing up
D/Vold    (  146): Volume sdcard state changing -1 (Initializing) -> 0 (No-Media)
D/Vold    (  146): Volume sdcard state changing 0 (No-Media) -> 2 (Pending)
E/DirectVolume(  146): Dv:partAdd: ignoring part_num = 4 (max: 3)
E/DirectVolume(  146): Invalid 'PARTN' value
E/DirectVolume(  146): Invalid 'PARTN' value
E/DirectVolume(  146): Invalid 'PARTN' value
E/DirectVolume(  146): Invalid 'PARTN' value
E/DirectVolume(  146): Invalid 'PARTN' value
E/DirectVolume(  146): Invalid 'PARTN' value
E/DirectVolume(  146): Invalid 'PARTN' value
E/DirectVolume(  146): Invalid 'PARTN' value
E/DirectVolume(  146): Invalid 'PARTN' value
E/DirectVolume(  146): Invalid 'PARTN' value
E/DirectVolume(  146): Invalid 'PARTN' value
E/DirectVolume(  146): Invalid 'PARTN' value
E/DirectVolume(  146): Invalid 'PARTN' value
E/DirectVolume(  146): Invalid 'PARTN' value
E/DirectVolume(  146): Invalid 'PARTN' value
E/DirectVolume(  146): Invalid 'PARTN' value
E/DirectVolume(  146): Invalid 'PARTN' value
E/DirectVolume(  146): Invalid 'PARTN' value
E/DirectVolume(  146): Invalid 'PARTN' value
E/DirectVolume(  146): Invalid 'PARTN' value
E/DirectVolume(  146): Invalid 'PARTN' value
E/DirectVolume(  146): Invalid 'PARTN' value
E/DirectVolume(  146): Invalid 'PARTN' value
E/DirectVolume(  146): Invalid 'PARTN' value
W/Vold    (  146): Duplicate state (2)
D/Vold    (  146): Volume sdcard state changing 2 (Pending) -> 1 (Idle-Unmounted)
D/NetlinkEvent(  148): Unexpected netlink message. type=0x11
I/SystemServer(  304): Entered the Android system server!
I/SystemServer(  304): Entropy Service
W/EntropyService(  304): unable to load initial entropy (first boot?)
W/EntropyService(  304): java.io.FileNotFoundException: /data/system/entropy.dat: open failed: ENOENT (No such file or directory)
W/EntropyService(  304): 	at libcore.io.IoBridge.open(IoBridge.java:406)
W/EntropyService(  304): 	at java.io.FileInputStream.<init>(FileInputStream.java:78)
W/EntropyService(  304): 	at java.io.FileInputStream.<init>(FileInputStream.java:105)
W/EntropyService(  304): 	at com.android.server.RandomBlock.fromFile(RandomBlock.java:45)
W/EntropyService(  304): 	at com.android.server.EntropyService.loadInitialEntropy(EntropyService.java:99)
W/EntropyService(  304): 	at com.android.server.EntropyService.<init>(EntropyService.java:86)
W/EntropyService(  304): 	at com.android.server.EntropyService.<init>(EntropyService.java:76)
W/EntropyService(  304): 	at com.android.server.ServerThread.run(SystemServer.java:141)
W/EntropyService(  304): Caused by: libcore.io.ErrnoException: open failed: ENOENT (No such file or directory)
W/EntropyService(  304): 	at libcore.io.Posix.open(Native Method)
W/EntropyService(  304): 	at libcore.io.BlockGuardOs.open(BlockGuardOs.java:110)
W/EntropyService(  304): 	at libcore.io.IoBridge.open(IoBridge.java:390)
W/EntropyService(  304): 	... 7 more
I/SystemServer(  304): Power Manager
I/SystemServer(  304): Activity Manager
I/ActivityManager(  304): Memory class: 64
I/SystemServer(  304): Telephony Registry
I/ActivityManager(  304): Enabled StrictMode logging for AThread's Looper
I/SystemServer(  304): Package Manager
I/PackageManager(  304): No settings file; creating initial state
W/PackageManager(  304): Running ENG build: no pre-dexopt!
I/Installer(  304): connecting...
W/PackageManager(  304): Library not found: /system/framework/com.android.future.usb.accessory.jar
W/PackageParser(  304): No actions in intent filter at /system/app/Bluetooth.apk Binary XML file line #135
W/PackageParser(  304): No actions in intent filter at /system/app/Bluetooth.apk Binary XML file line #204
W/PackageParser(  304): No actions in intent filter at /system/app/Bluetooth.apk Binary XML file line #223
W/PackageManager(  304): Package com.android.browser desires unavailable shared library com.android.qualcomm.modemwarmup; ignoring!
W/PackageManager(  304): Package com.android.camera desires unavailable shared library com.google.android.media.effects; ignoring!
W/PackageParser(  304): No actions in intent filter at /system/app/Contacts.apk Binary XML file line #525
W/PackageManager(  304): Package com.android.gallery3d desires unavailable shared library com.google.android.media.effects; ignoring!
W/PackageParser(  304): Unknown element under <manifest>: uses-permission_group at /system/app/QualcommSoftAP.apk Binary XML file line #9
I/PackageManager(  304): Time to scan packages: 9.892 seconds
I/PackageManager(  304): Platform changed from 0 to 15; regranting permissions for internal storage
W/PackageManager(  304): Unknown permission com.google.android.googleapps.permission.GOOGLE_AUTH.mail in package com.android.contacts
W/PackageManager(  304): Unknown permission android.permission.ADD_SYSTEM_SERVICE in package com.android.phone
W/PackageManager(  304): Unknown permission com.google.android.googleapps.permission.GOOGLE_AUTH in package com.android.providers.calendar
W/PackageManager(  304): Unknown permission com.google.android.googleapps.permission.GOOGLE_AUTH.cl in package com.android.providers.calendar
W/PackageManager(  304): Unknown permission android.permission.MMS_PUSH in package com.android.bluetooth
W/PackageManager(  304): Unknown permission com.google.android.googleapps.permission.GOOGLE_AUTH.mail in package com.android.calendar
W/PackageManager(  304): Not granting permission android.permission.SEND_DOWNLOAD_COMPLETED_INTENTS to package com.android.browser (protectionLevel=2 flags=0x9be45)
W/PackageManager(  304): Unknown permission android.permission.READ_EXTERNAL_STORAGE in package com.android.videoeditor
W/PackageManager(  304): Unknown permission com.google.android.googleapps.permission.GOOGLE_AUTH in package com.android.settings
W/PackageManager(  304): Unknown permission com.google.android.googleapps.permission.GOOGLE_AUTH in package com.android.providers.contacts
W/PackageManager(  304): Unknown permission com.google.android.googleapps.permission.GOOGLE_AUTH.cp in package com.android.providers.contacts
W/PackageManager(  304): Unknown permission com.google.android.googleapps.permission.ACCESS_GOOGLE_PASSWORD in package com.android.development
W/PackageManager(  304): Unknown permission com.google.android.googleapps.permission.GOOGLE_AUTH in package com.android.development
W/PackageManager(  304): Unknown permission com.google.android.googleapps.permission.GOOGLE_AUTH.ALL_SERVICES in package com.android.development
W/PackageManager(  304): Unknown permission com.google.android.googleapps.permission.GOOGLE_AUTH.YouTubeUser in package com.android.development
W/PackageManager(  304): Not granting permission android.permission.DEVICE_POWER to package com.android.deskclock (protectionLevel=2 flags=0x8be45)
I/SystemServer(  304): Account Manager
I/SystemServer(  304): Content Manager
I/SystemServer(  304): System Content Providers
I/SystemServer(  304): Lights Service
I/SystemServer(  304): Battery Service
I/SystemServer(  304): Vibrator Service
I/SystemServer(  304): Alarm Manager
I/SystemServer(  304): Init Watchdog
I/SystemServer(  304): Window Manager
I/InputManager(  304): Initializing input manager
W/StatusBarManager(  304): warning: no STATUS_BAR_SERVICE
I/InputManager(  304): Starting input manager
I/WindowManager(  304): Enabled StrictMode for PolicyThread's Looper
I/WindowManager(  304): Enabled StrictMode logging for WMThread's Looper
I/SystemServer(  304): Bluetooth Service
I/SystemServer(  304): DynamicMemoryManager Service
I/SystemServer(  304): Input Method Service
I/InputManagerService(  304): Selected default: com.android.inputmethod.latin/.LatinIME
I/SystemServer(  304): Accessibility Manager
W/ActivityManager(  304): Unable to write /sys/module/lowmemorykiller/parameters/adj
W/ActivityManager(  304): Unable to write /sys/module/lowmemorykiller/parameters/minfree
I/ActivityManager(  304): Config changed: {1.0 0mcc0mnc en_US layoutdir=0 sw320dp w320dp h508dp nrml long port ?uimode ?night -touch -keyb/v/h -nav/h s.2}
I/SystemServer(  304): Device Policy
I/SystemServer(  304): Status Bar
I/SystemServer(  304): Clipboard Service
I/SystemServer(  304): NetworkManagement Service
I/SystemServer(  304): Text Service Manager Service
I/SystemServer(  304): NetworkStats Service
I/SystemServer(  304): NetworkPolicy Service
I/SystemServer(  304): Wi-Fi P2pService
I/SystemServer(  304): Wi-Fi Service
I/SystemServer(  304): Connectivity Service
D/ConnectivityService(  304): ConnectivityService starting up
E/MobileDataStateTracker(  304): default: Ignoring feature request because could not acquire PhoneService
E/MobileDataStateTracker(  304): default: Could not enable APN type "default"
D/NetworkManagementService(  304): Registering observer
D/NetworkManagementService(  304): Registering observer
I/WifiService(  304): WifiService starting up with Wi-Fi disabled
V/ConnectivityService(  304): CNE is starting up
E/ConnectivityService(  304): Could not make vendor Cne obj falling back to reference cne
I/SystemServer(  304): Throttle Service
I/SystemServer(  304): Mount Service
D/MountService(  304): got storage path: /mnt/sdcard description: USB storage primary: true removable: false emulated: false mtpReserve: 0 allowMassStorage: false maxFileSize: 0
I/SystemServer(  304): Notification Manager
I/SystemServer(  304): HDMI Service
D/VoldCmdListener(  146): volume list
I/SystemServer(  304): Device Storage Monitor
I/SystemServer(  304): Location Manager
I/SystemServer(  304): Country Detector
I/SystemServer(  304): Search Service
D/MountService(  304): volume state changed for /mnt/sdcard (null -> unmounted)
I/SystemServer(  304): DropBox Service
I/SystemServer(  304): Wallpaper Service
W/WallpaperService(  304): failed parsing /data/system/wallpaper_info.xml java.io.FileNotFoundException: /data/system/wallpaper_info.xml: open failed: ENOENT (No such file or directory)
I/SystemServer(  304): Audio Service
I/ActivityManager(  304): Config changed: {1.0 0mcc0mnc en_US layoutdir=0 sw320dp w320dp h508dp nrml long port ?uimode ?night finger -keyb/v/h -nav/h s.3}
I/SystemServer(  304): Dock Observer
I/SystemServer(  304): Wired Accessory Observer
I/SystemServer(  304): USB Service
I/SystemServer(  304): UI Mode Manager Service
I/SystemServer(  304): Backup Service
V/BackupManagerService(  304): Initializing package tracking
V/BackupManagerService(  304): No ancestral data
V/BackupManagerService(  304): addPackageParticipantsLocked: null
I/BackupManagerService(  304): New app android never backed up; scheduling
I/BackupManagerService(  304): New app com.android.browser never backed up; scheduling
I/BackupManagerService(  304): New app com.android.calendar never backed up; scheduling
I/BackupManagerService(  304): New app com.android.inputmethod.latin never backed up; scheduling
I/BackupManagerService(  304): New app com.android.providers.settings never backed up; scheduling
I/BackupManagerService(  304): New app com.android.providers.userdictionary never backed up; scheduling
I/BackupManagerService(  304): New app com.android.sharedstoragebackup never backed up; scheduling
V/BackupManagerService(  304): Registering transport android/com.android.internal.backup.LocalTransport = com.android.internal.backup.LocalTransport@414dc970
V/BackupManagerService(  304): Starting with transport android/com.android.internal.backup.LocalTransport
V/BackupManagerService(  304): Google transport not present
I/BackupManagerService(  304): Backup enabled => false
I/BackupManagerService(  304): Opting out of backup
I/SystemServer(  304): AppWidget Service
I/SystemServer(  304): Recognition Service
I/SystemServer(  304): DiskStats Service
I/SystemServer(  304): AtCmdFwd Service
I/SystemServer(  304): SamplingProfiler Service
I/SystemServer(  304): NetworkTimeUpdateService
D/PowerManagerService(  304): system ready!
I/ActivityManager(  304): Sending system update to: ComponentInfo{com.android.providers.calendar/com.android.providers.calendar.CalendarUpgradeReceiver}
I/ActivityManager(  304): Sending system update to: ComponentInfo{com.android.providers.contacts/com.android.providers.contacts.ContactsUpgradeReceiver}
I/ActivityManager(  304): Sending system update to: ComponentInfo{com.android.providers.media/com.android.providers.media.MediaUpgradeReceiver}
I/SystemServer(  304): Enabled StrictMode for system server main thread.
I/ActivityManager(  304): Start proc com.android.providers.calendar for broadcast com.android.providers.calendar/.CalendarUpgradeReceiver: pid=420 uid=10006 gids={3003, 1015}
I/ActivityManager(  304): Launching preboot mode app: ProcessRecord{41901358 420:com.android.providers.calendar/10006}
I/ActivityManager(  304): Start proc android.process.acore for broadcast com.android.providers.contacts/.ContactsUpgradeReceiver: pid=436 uid=10000 gids={3003, 1015}
I/ActivityManager(  304): Launching preboot mode app: ProcessRecord{41846188 436:android.process.acore/10000}
I/ActivityManager(  304): Start proc android.process.media for broadcast com.android.providers.media/.MediaUpgradeReceiver: pid=457 uid=10012 gids={1015, 1023, 1024, 2001, 3003, 3007}
I/ActivityManager(  304): Launching preboot mode app: ProcessRecord{4161ff58 457:android.process.media/10012}
I/ActivityManager(  304): Writing new set of last done pre-boot receivers...
I/ActivityManager(  304): Removing system update proc: ProcessRecord{41901358 420:com.android.providers.calendar/10006}
I/ActivityManager(  304): Killing proc 420:com.android.providers.calendar/10006: system update done
I/ActivityManager(  304): Removing system update proc: ProcessRecord{41846188 436:android.process.acore/10000}
I/ActivityManager(  304): Killing proc 436:android.process.acore/10000: system update done
I/ActivityManager(  304): Removing system update proc: ProcessRecord{4161ff58 457:android.process.media/10012}
I/ActivityManager(  304): Killing proc 457:android.process.media/10012: system update done
I/ActivityManager(  304): System now ready
I/SystemServer(  304): Making services ready
D/SystemServer(  304): Starting service: Intent { cmp=com.android.systemui/.SystemUIService }
I/ActivityManager(  304): Start proc com.android.systemui for service com.android.systemui/.SystemUIService: pid=472 uid=1000 gids={1015, 3002, 3001, 3003}
D/NetworkManagementService(  304): not enabling bandwidth control
W/ActivityManager(  304): Can't find mystery application for StrictMode from pid=457 uid=10012: android.os.BinderProxy@417e77e0
W/NetworkStats(  304): problem reading network stats: java.lang.IllegalStateException: problem parsing idx 1
D/NetworkManagementService(  304): Registering observer
D/NetworkManagementService(  304): Registering observer
I/ActivityManager(  304): Config changed: {1.0 0mcc0mnc en_US layoutdir=0 sw320dp w320dp h508dp nrml long port finger -keyb/v/h -nav/h s.4}
W/RecognitionManagerService(  304): no available voice recognition services found
W/AppWidgetService(  304): Failed to read state: java.io.FileNotFoundException: /data/system/appwidgets.xml: open failed: ENOENT (No such file or directory)
W/InputManagerService(  304): Ignoring setImeWindowStatus of uid 1000 token: null
D/SystemUIService(  472): loading: class com.android.systemui.statusbar.phone.PhoneStatusBar
D/SystemUIService(  472): running: com.android.systemui.statusbar.phone.PhoneStatusBar@412c0e40
I/ActivityManager(  304): Start proc com.android.inputmethod.latin for service com.android.inputmethod.latin/.LatinIME: pid=488 uid=10019 gids={}
D/NetworkManagementService(  304): Registering observer
E/ThrottleService(  304): Error reading data file
I/ActivityManager(  304): Start proc com.android.phone for added application com.android.phone: pid=502 uid=1001 gids={3002, 3001, 3003, 1015}
I/ActivityManager(  304): START {act=android.intent.action.MAIN cat=[android.intent.category.HOME] flg=0x10000000 cmp=com.android.settings/.CryptKeeper} from pid 0
I/ActivityManager(  304): Start proc com.android.settings for activity com.android.settings/.CryptKeeper: pid=518 uid=1000 gids={1015, 3002, 3001, 3003}
E/ActivityThread(  488): Failed to find provider info for com.android.inputmethod.latin.dictionarypack
I/StatusBarManagerService(  304): registerStatusBar bar=com.android.internal.statusbar.IStatusBar$Stub$Proxy@417cff20
D/PhoneStatusBar(  472): disable: < expand icons alerts ticker system_info back home recent clock >
D/StorageNotification(  472): Startup with UMS connection false (media state unmounted)
D/SystemUIService(  472): loading: class com.android.systemui.power.PowerUI
D/SystemUIService(  472): running: com.android.systemui.power.PowerUI@4131aea8
I/StorageNotification(  472): UMS connection changed to false (media state unmounted)
I/ActivityManager(  304): Start proc android.process.acore for content provider com.android.providers.userdictionary/.UserDictionaryProvider: pid=568 uid=10000 gids={3003, 1015}
D/WifiService(  304): New client listening to asynchronous messages
I/ActivityManager(  304): START {act=android.intent.action.MAIN cat=[android.intent.category.HOME] flg=0x10000000 cmp=com.android.provision/.DefaultActivity} from pid 0
I/ActivityManager(  304): Start proc com.android.provision for activity com.android.provision/.DefaultActivity: pid=586 uid=10034 gids={}
I/PowerUI (  472): showing low battery warning: level=7 [-1]
I/ActivityManager(  304): Start proc com.android.smspush for service com.android.smspush/.WapPushManager: pid=602 uid=10043 gids={}
W/BackupManagerService(  304): dataChanged but no participant pkg='com.android.providers.settings' uid=10034
I/ActivityManager(  304): START {act=android.intent.action.MAIN cat=[android.intent.category.HOME] flg=0x10000000 cmp=com.android.launcher/com.android.launcher2.Launcher} from pid 0
I/ActivityManager(  304): Start proc com.android.launcher for activity com.android.launcher/com.android.launcher2.Launcher: pid=626 uid=10020 gids={}
I/ActivityManager(  304): Start proc com.android.deskclock for broadcast com.android.deskclock/com.android.alarmclock.AnalogAppWidgetProvider: pid=651 uid=10010 gids={}
D/PowerManagerService(  304): bootCompleted
V/DevicePolicyManagerService(  304): Sending password expiration notifications for action android.intent.action.BOOT_COMPLETED
D/VoldCmdListener(  146): volume mount /mnt/sdcard
I/Vold    (  146): /dev/block/vold/179:33 being considered for volume sdcard
D/Vold    (  146): Volume sdcard state changing 1 (Idle-Unmounted) -> 3 (Checking)
D/MountService(  304): volume state changed for /mnt/sdcard (unmounted -> checking)
D/MountService(  304): sendStorageIntent Intent { act=android.intent.action.MEDIA_CHECKING dat=file:///mnt/sdcard (has extras) }
I/ActivityManager(  304): Start proc com.android.contacts for broadcast com.android.contacts/.calllog.CallLogReceiver: pid=677 uid=10000 gids={3003, 1015}
V/WiredAccessoryObserver(  304): init()
W/WiredAccessoryObserver(  304): This kernel does not have wired headset support
W/WiredAccessoryObserver(  304): This kernel does not have wired headset support
I/ActivityManager(  304): Process com.android.phone (pid 502) has died.
W/ActivityManager(  304): Scheduling restart of crashed service com.android.phone/.BluetoothHeadsetService in 12296ms
I/Vold    (  146): Filesystem check completed OK
I/ActivityManager(  304): Start proc com.android.phone for restart com.android.phone: pid=752 uid=1001 gids={3002, 3001, 3003, 1015}
I/Vold    (  146): Device /dev/block/vold/179:33, target /mnt/sdcard mounted @ /mnt/secure/staging
D/Vold    (  146): Volume sdcard state changing 3 (Checking) -> 4 (Mounted)
D/MountService(  304): volume state changed for /mnt/sdcard (checking -> mounted)
D/MountService(  304): sendStorageIntent Intent { act=android.intent.action.MEDIA_MOUNTED dat=file:///mnt/sdcard (has extras) }
D/VoldCmdListener(  146): asec list
I/PackageManager(  304): Platform changed from 0 to 15; regranting permissions for external storage
W/PackageManager(  304): Unknown permission com.google.android.googleapps.permission.GOOGLE_AUTH.mail in package com.android.contacts
W/PackageManager(  304): Unknown permission android.permission.ADD_SYSTEM_SERVICE in package com.android.phone
W/PackageManager(  304): Unknown permission com.google.android.googleapps.permission.GOOGLE_AUTH in package com.android.providers.calendar
W/PackageManager(  304): Unknown permission com.google.android.googleapps.permission.GOOGLE_AUTH.cl in package com.android.providers.calendar
W/PackageManager(  304): Unknown permission android.permission.MMS_PUSH in package com.android.bluetooth
W/PackageManager(  304): Unknown permission com.google.android.googleapps.permission.GOOGLE_AUTH.mail in package com.android.calendar
W/PackageManager(  304): Not granting permission android.permission.SEND_DOWNLOAD_COMPLETED_INTENTS to package com.android.browser (protectionLevel=2 flags=0x9be45)
W/PackageManager(  304): Unknown permission android.permission.READ_EXTERNAL_STORAGE in package com.android.videoeditor
W/PackageManager(  304): Unknown permission com.google.android.googleapps.permission.GOOGLE_AUTH in package com.android.settings
W/PackageManager(  304): Unknown permission com.google.android.googleapps.permission.GOOGLE_AUTH in package com.android.providers.contacts
W/PackageManager(  304): Unknown permission com.google.android.googleapps.permission.GOOGLE_AUTH.cp in package com.android.providers.contacts
W/PackageManager(  304): Unknown permission com.google.android.googleapps.permission.ACCESS_GOOGLE_PASSWORD in package com.android.development
W/PackageManager(  304): Unknown permission com.google.android.googleapps.permission.GOOGLE_AUTH in package com.android.development
W/PackageManager(  304): Unknown permission com.google.android.googleapps.permission.GOOGLE_AUTH.ALL_SERVICES in package com.android.development
W/PackageManager(  304): Unknown permission com.google.android.googleapps.permission.GOOGLE_AUTH.YouTubeUser in package com.android.development
W/PackageManager(  304): Not granting permission android.permission.DEVICE_POWER to package com.android.deskclock (protectionLevel=2 flags=0x8be45)
I/ActivityManager(  304): Start proc com.android.exchange for content provider com.android.exchange/.provider.ExchangeDirectoryProvider: pid=803 uid=10014 gids={3003, 1015}
D/PhoneStatusBarPolicy(  472): updateSimState for subscription :0
D/PhoneStatusBarPolicy(  472): updateSimState for subscription :0
I/PowerUI (  472): updating low battery warning: level=7 [-1]
I/StorageNotification(  472): Media {/mnt/sdcard} state changed from {unmounted} -> {checking}
I/StorageNotification(  472): Media {/mnt/sdcard} state changed from {checking} -> {mounted}
D/PhoneStatusBarPolicy(  472): updateSimState for subscription :0
D/PhoneStatusBarPolicy(  472): updateSimState for subscription :0
I/ActivityManager(  304): Process com.android.phone (pid 752) has died.
W/ActivityManager(  304): Scheduling restart of crashed service com.android.phone/.BluetoothHeadsetService in 5220ms
I/ActivityManager(  304): Start proc com.android.phone for restart com.android.phone: pid=874 uid=1001 gids={3002, 3001, 3003, 1015}
I/ActivityManager(  304): Start proc com.android.providers.calendar for broadcast com.android.providers.calendar/.CalendarReceiver: pid=883 uid=10006 gids={3003, 1015}
I/BootReceiver(  304): Copying /proc/last_kmsg to DropBox (SYSTEM_LAST_KMSG)
I/BootReceiver(  304): Copying /data/tombstones/tombstone_00 to DropBox (SYSTEM_TOMBSTONE)
I/BootReceiver(  304): Copying /data/tombstones/tombstone_01 to DropBox (SYSTEM_TOMBSTONE)
I/BootReceiver(  304): Copying /data/tombstones/tombstone_02 to DropBox (SYSTEM_TOMBSTONE)
I/BootReceiver(  304): Copying /data/tombstones/tombstone_03 to DropBox (SYSTEM_TOMBSTONE)
D/PhoneStatusBarPolicy(  472): updateSimState for subscription :0
D/PhoneStatusBarPolicy(  472): updateSimState for subscription :0
I/BootReceiver(  304): Copying /data/tombstones/tombstone_04 to DropBox (SYSTEM_TOMBSTONE)
I/BootReceiver(  304): Copying /data/tombstones/tombstone_05 to DropBox (SYSTEM_TOMBSTONE)
I/BootReceiver(  304): Copying /data/tombstones/tombstone_06 to DropBox (SYSTEM_TOMBSTONE)
W/BackupManagerService(  304): dataChanged but no participant pkg='com.android.providers.settings' uid=10010
I/ActivityManager(  304): Start proc android.process.media for broadcast com.android.providers.downloads/.DownloadReceiver: pid=917 uid=10012 gids={1015, 1023, 1024, 2001, 3003, 3007}
I/ActivityManager(  304): Start proc com.android.email for broadcast com.android.email/.service.EmailBroadcastReceiver: pid=938 uid=10013 gids={3003, 1015}
I/ActivityManager(  304): Start proc com.android.mms for broadcast com.android.mms/.transaction.MmsSystemEventReceiver: pid=972 uid=10024 gids={3003, 1015}
I/BootReceiver(  304): Copying /data/tombstones/tombstone_07 to DropBox (SYSTEM_TOMBSTONE)
I/ActivityThread(  972): Removing dead content provider: mms-sms
I/ActivityThread(  972): Removing dead content provider: mms
I/ActivityManager(  304): Process com.android.phone (pid 874) has died.
W/ActivityManager(  304): Canceling start item Intent { cmp=com.android.phone/.BluetoothHeadsetService } in service ComponentInfo{com.android.phone/com.android.phone.BluetoothHeadsetService}
W/ActivityManager(  304): Scheduling restart of crashed service com.android.phone/.BluetoothHeadsetService in 9876ms
I/ActivityManager(  304): Kill com.android.mms (pid 972): provider com.android.providers.telephony.MmsSmsProvider in dying process com.android.phone
I/ActivityManager(  304): Kill com.android.mms (pid 972): provider com.android.providers.telephony.MmsProvider in dying process com.android.phone
I/ActivityManager(  304): Start proc com.android.phone for restart com.android.phone: pid=1012 uid=1001 gids={3002, 3001, 3003, 1015}
I/ActivityManager(  304): Process com.android.mms (pid 972) has died.
I/ActivityManager(  304): Start proc com.android.mms for broadcast com.android.mms/.transaction.SmsReceiver: pid=1025 uid=10024 gids={3003, 1015}
D/PhoneStatusBarPolicy(  472): updateSimState for subscription :0
D/PhoneStatusBarPolicy(  472): updateSimState for subscription :0
D/CountryDetectorService(  304): The first listener is added
W/ActivityManager(  304): Permission Denial: receiving Intent { act=android.intent.action.BOOT_COMPLETED flg=0x10 } to com.android.musicfx requires android.permission.RECEIVE_BOOT_COMPLETED due to sender null (uid 1000)
W/BackupManagerService(  304): dataChanged but no participant pkg='com.android.providers.settings' uid=10012
I/BootReceiver(  304): Copying /data/tombstones/tombstone_08 to DropBox (SYSTEM_TOMBSTONE)
I/ActivityManager(  304): Process com.android.phone (pid 1012) has died.
W/ActivityManager(  304): Canceling start item Intent { cmp=com.android.phone/.BluetoothHeadsetService } in service ComponentInfo{com.android.phone/com.android.phone.BluetoothHeadsetService}
W/ActivityManager(  304): Scheduling restart of crashed service com.android.phone/.BluetoothHeadsetService in 6674ms
I/ActivityManager(  304): Start proc com.android.phone for restart com.android.phone: pid=1104 uid=1001 gids={3002, 3001, 3003, 1015}
I/ActivityManager(  304): Start proc com.android.voicedialer for broadcast com.android.voicedialer/.VoiceDialerReceiver: pid=1112 uid=10042 gids={3002}
I/ActivityManager(  304): Start proc com.android.gallery3d for broadcast com.android.gallery3d/.app.PackagesMonitor: pid=1133 uid=10016 gids={3003, 1015}
D/PhoneStatusBarPolicy(  472): updateSimState for subscription :0
D/PhoneStatusBarPolicy(  472): updateSimState for subscription :0
I/ActivityManager(  304): Start proc com.android.quicksearchbox for broadcast com.android.quicksearchbox/.CorporaUpdateReceiver: pid=1156 uid=10036 gids={3003}
I/ActivityManager(  304): Start proc com.android.calendar for broadcast com.android.calendar/.widget.CalendarAppWidgetService$CalendarFactory: pid=1172 uid=10005 gids={3003}
I/BootReceiver(  304): Copying /data/tombstones/tombstone_09 to DropBox (SYSTEM_TOMBSTONE)
I/ActivityManager(  304): Process com.android.phone (pid 1104) has died.
W/ActivityManager(  304): Canceling start item Intent { cmp=com.android.phone/.BluetoothHeadsetService } in service ComponentInfo{com.android.phone/com.android.phone.BluetoothHeadsetService}
W/ActivityManager(  304): Scheduling restart of crashed service com.android.phone/.BluetoothHeadsetService in 13090ms
I/ActivityManager(  304): Start proc com.android.phone for restart com.android.phone: pid=1226 uid=1001 gids={3002, 3001, 3003, 1015}
D/PhoneStatusBarPolicy(  472): updateSimState for subscription :0
D/PhoneStatusBarPolicy(  472): updateSimState for subscription :0
W/BackupManagerService(  304): dataChanged but no participant pkg='com.android.providers.settings' uid=10012
I/BootReceiver(  304): Copying /data/tombstones/tombstone_00 to DropBox (SYSTEM_TOMBSTONE)
I/ActivityManager(  304): Process com.android.phone (pid 1226) has died.
W/ActivityManager(  304): Canceling start item Intent { cmp=com.android.phone/.BluetoothHeadsetService } in service ComponentInfo{com.android.phone/com.android.phone.BluetoothHeadsetService}
W/ActivityManager(  304): Scheduling restart of crashed service com.android.phone/.BluetoothHeadsetService in 6478ms
I/ActivityManager(  304): Start proc com.android.phone for restart com.android.phone: pid=1254 uid=1001 gids={3002, 3001, 3003, 1015}
D/PhoneStatusBarPolicy(  472): updateSimState for subscription :0
D/PhoneStatusBarPolicy(  472): updateSimState for subscription :0
I/BootReceiver(  304): Copying /data/tombstones/tombstone_01 to DropBox (SYSTEM_TOMBSTONE)
I/ActivityManager(  304): Process com.android.phone (pid 1254) has died.
W/ActivityManager(  304): Canceling start item Intent { cmp=com.android.phone/.BluetoothHeadsetService } in service ComponentInfo{com.android.phone/com.android.phone.BluetoothHeadsetService}
W/ActivityManager(  304): Scheduling restart of crashed service com.android.phone/.BluetoothHeadsetService in 6936ms
I/ActivityManager(  304): Start proc com.android.phone for restart com.android.phone: pid=1281 uid=1001 gids={3002, 3001, 3003, 1015}
D/PhoneStatusBarPolicy(  472): updateSimState for subscription :0
D/PhoneStatusBarPolicy(  472): updateSimState for subscription :0
W/BackupManagerService(  304): dataChanged but no participant pkg='com.android.providers.settings' uid=10012
I/BootReceiver(  304): Copying /data/tombstones/tombstone_02 to DropBox (SYSTEM_TOMBSTONE)
I/ActivityManager(  304): Process com.android.phone (pid 1281) has died.
W/ActivityManager(  304): Canceling start item Intent { cmp=com.android.phone/.BluetoothHeadsetService } in service ComponentInfo{com.android.phone/com.android.phone.BluetoothHeadsetService}
W/ActivityManager(  304): Scheduling restart of crashed service com.android.phone/.BluetoothHeadsetService in 7300ms
I/ActivityManager(  304): Start proc com.android.phone for restart com.android.phone: pid=1303 uid=1001 gids={3002, 3001, 3003, 1015}
D/PhoneStatusBarPolicy(  472): updateSimState for subscription :0
D/PhoneStatusBarPolicy(  472): updateSimState for subscription :0
I/BootReceiver(  304): Copying /data/tombstones/tombstone_03 to DropBox (SYSTEM_TOMBSTONE)
I/ActivityManager(  304): Process com.android.phone (pid 1303) has died.
W/ActivityManager(  304): Canceling start item Intent { cmp=com.android.phone/.BluetoothHeadsetService } in service ComponentInfo{com.android.phone/com.android.phone.BluetoothHeadsetService}
W/ActivityManager(  304): Scheduling restart of crashed service com.android.phone/.BluetoothHeadsetService in 5860ms
I/ActivityManager(  304): Start proc com.android.phone for restart com.android.phone: pid=1329 uid=1001 gids={3002, 3001, 3003, 1015}
D/PhoneStatusBarPolicy(  472): updateSimState for subscription :0
D/PhoneStatusBarPolicy(  472): updateSimState for subscription :0
I/BootReceiver(  304): Copying /data/tombstones/tombstone_04 to DropBox (SYSTEM_TOMBSTONE)
I/ActivityManager(  304): Process com.android.phone (pid 1329) has died.
W/ActivityManager(  304): Canceling start item Intent { cmp=com.android.phone/.BluetoothHeadsetService } in service ComponentInfo{com.android.phone/com.android.phone.BluetoothHeadsetService}
W/ActivityManager(  304): Scheduling restart of crashed service com.android.phone/.BluetoothHeadsetService in 5160ms
I/ActivityManager(  304): Start proc com.android.phone for restart com.android.phone: pid=1357 uid=1001 gids={3002, 3001, 3003, 1015}
D/PhoneStatusBarPolicy(  472): updateSimState for subscription :0
D/PhoneStatusBarPolicy(  472): updateSimState for subscription :0
I/BootReceiver(  304): Copying /data/tombstones/tombstone_05 to DropBox (SYSTEM_TOMBSTONE)
I/ActivityManager(  304): Process com.android.phone (pid 1357) has died.
W/ActivityManager(  304): Canceling start item Intent { cmp=com.android.phone/.BluetoothHeadsetService } in service ComponentInfo{com.android.phone/com.android.phone.BluetoothHeadsetService}
W/ActivityManager(  304): Scheduling restart of crashed service com.android.phone/.BluetoothHeadsetService in 4808ms
I/ActivityManager(  304): Start proc com.android.phone for restart com.android.phone: pid=1400 uid=1001 gids={3002, 3001, 3003, 1015}
D/PhoneStatusBarPolicy(  472): updateSimState for subscription :0
D/PhoneStatusBarPolicy(  472): updateSimState for subscription :0
I/BootReceiver(  304): Copying /data/tombstones/tombstone_06 to DropBox (SYSTEM_TOMBSTONE)
I/ActivityManager(  304): Process com.android.phone (pid 1400) has died.
W/ActivityManager(  304): Canceling start item Intent { cmp=com.android.phone/.BluetoothHeadsetService } in service ComponentInfo{com.android.phone/com.android.phone.BluetoothHeadsetService}
W/ActivityManager(  304): Scheduling restart of crashed service com.android.phone/.BluetoothHeadsetService in 4872ms
I/ActivityManager(  304): Start proc com.android.phone for restart com.android.phone: pid=1449 uid=1001 gids={3002, 3001, 3003, 1015}
D/PhoneStatusBarPolicy(  472): updateSimState for subscription :0
D/PhoneStatusBarPolicy(  472): updateSimState for subscription :0
I/BootReceiver(  304): Copying /data/tombstones/tombstone_07 to DropBox (SYSTEM_TOMBSTONE)
I/ActivityManager(  304): Process com.android.phone (pid 1449) has died.
W/ActivityManager(  304): Canceling start item Intent { cmp=com.android.phone/.BluetoothHeadsetService } in service ComponentInfo{com.android.phone/com.android.phone.BluetoothHeadsetService}
W/ActivityManager(  304): Scheduling restart of crashed service com.android.phone/.BluetoothHeadsetService in 5628ms
I/ActivityManager(  304): Start proc com.android.phone for restart com.android.phone: pid=1470 uid=1001 gids={3002, 3001, 3003, 1015}
D/PhoneStatusBarPolicy(  472): updateSimState for subscription :0
D/PhoneStatusBarPolicy(  472): updateSimState for subscription :0
I/BootReceiver(  304): Copying /data/tombstones/tombstone_08 to DropBox (SYSTEM_TOMBSTONE)
I/ActivityManager(  304): Process com.android.phone (pid 1470) has died.
W/ActivityManager(  304): Canceling start item Intent { cmp=com.android.phone/.BluetoothHeadsetService } in service ComponentInfo{com.android.phone/com.android.phone.BluetoothHeadsetService}
W/ActivityManager(  304): Scheduling restart of crashed service com.android.phone/.BluetoothHeadsetService in 5422ms
I/ActivityManager(  304): Start proc com.android.phone for restart com.android.phone: pid=1497 uid=1001 gids={3002, 3001, 3003, 1015}
D/PhoneStatusBarPolicy(  472): updateSimState for subscription :0
D/PhoneStatusBarPolicy(  472): updateSimState for subscription :0
I/BootReceiver(  304): Copying /data/tombstones/tombstone_09 to DropBox (SYSTEM_TOMBSTONE)
I/ActivityManager(  304): Process com.android.phone (pid 1497) has died.
W/ActivityManager(  304): Canceling start item Intent { cmp=com.android.phone/.BluetoothHeadsetService } in service ComponentInfo{com.android.phone/com.android.phone.BluetoothHeadsetService}
W/ActivityManager(  304): Scheduling restart of crashed service com.android.phone/.BluetoothHeadsetService in 4848ms
I/ActivityManager(  304): Start proc com.android.phone for restart com.android.phone: pid=1520 uid=1001 gids={3002, 3001, 3003, 1015}
D/PhoneStatusBarPolicy(  472): updateSimState for subscription :0
D/PhoneStatusBarPolicy(  472): updateSimState for subscription :0
I/BootReceiver(  304): Copying /data/tombstones/tombstone_00 to DropBox (SYSTEM_TOMBSTONE)
I/ActivityManager(  304): Process com.android.phone (pid 1520) has died.
W/ActivityManager(  304): Canceling start item Intent { cmp=com.android.phone/.BluetoothHeadsetService } in service ComponentInfo{com.android.phone/com.android.phone.BluetoothHeadsetService}
W/ActivityManager(  304): Scheduling restart of crashed service com.android.phone/.BluetoothHeadsetService in 5010ms
I/ActivityManager(  304): Start proc com.android.phone for restart com.android.phone: pid=1546 uid=1001 gids={3002, 3001, 3003, 1015}
D/PhoneStatusBarPolicy(  472): updateSimState for subscription :0
D/PhoneStatusBarPolicy(  472): updateSimState for subscription :0
I/BootReceiver(  304): Copying /data/tombstones/tombstone_01 to DropBox (SYSTEM_TOMBSTONE)
I/ActivityManager(  304): Process com.android.phone (pid 1546) has died.
W/ActivityManager(  304): Canceling start item Intent { cmp=com.android.phone/.BluetoothHeadsetService } in service ComponentInfo{com.android.phone/com.android.phone.BluetoothHeadsetService}
W/ActivityManager(  304): Scheduling restart of crashed service com.android.phone/.BluetoothHeadsetService in 6118ms
I/ActivityManager(  304): Start proc com.android.phone for restart com.android.phone: pid=1573 uid=1001 gids={3002, 3001, 3003, 1015}
D/PhoneStatusBarPolicy(  472): updateSimState for subscription :0
D/PhoneStatusBarPolicy(  472): updateSimState for subscription :0
I/BootReceiver(  304): Copying /data/tombstones/tombstone_02 to DropBox (SYSTEM_TOMBSTONE)
I/ActivityManager(  304): Process com.android.phone (pid 1573) has died.
W/ActivityManager(  304): Canceling start item Intent { cmp=com.android.phone/.BluetoothHeadsetService } in service ComponentInfo{com.android.phone/com.android.phone.BluetoothHeadsetService}
W/ActivityManager(  304): Scheduling restart of crashed service com.android.phone/.BluetoothHeadsetService in 5018ms
I/ActivityManager(  304): Start proc com.android.phone for restart com.android.phone: pid=1594 uid=1001 gids={3002, 3001, 3003, 1015}
D/PhoneStatusBarPolicy(  472): updateSimState for subscription :0
D/PhoneStatusBarPolicy(  472): updateSimState for subscription :0
I/BootReceiver(  304): Copying /data/tombstones/tombstone_03 to DropBox (SYSTEM_TOMBSTONE)
I/ActivityManager(  304): Process com.android.phone (pid 1594) has died.
W/ActivityManager(  304): Canceling start item Intent { cmp=com.android.phone/.BluetoothHeadsetService } in service ComponentInfo{com.android.phone/com.android.phone.BluetoothHeadsetService}
W/ActivityManager(  304): Scheduling restart of crashed service com.android.phone/.BluetoothHeadsetService in 5214ms
I/ActivityManager(  304): Start proc com.android.phone for restart com.android.phone: pid=1621 uid=1001 gids={3002, 3001, 3003, 1015}
D/PhoneStatusBarPolicy(  472): updateSimState for subscription :0
D/PhoneStatusBarPolicy(  472): updateSimState for subscription :0
I/BootReceiver(  304): Copying /data/tombstones/tombstone_04 to DropBox (SYSTEM_TOMBSTONE)
I/ActivityManager(  304): Process com.android.phone (pid 1621) has died.
W/ActivityManager(  304): Canceling start item Intent { cmp=com.android.phone/.BluetoothHeadsetService } in service ComponentInfo{com.android.phone/com.android.phone.BluetoothHeadsetService}
W/ActivityManager(  304): Scheduling restart of crashed service com.android.phone/.BluetoothHeadsetService in 5058ms
I/ActivityManager(  304): Start proc com.android.phone for restart com.android.phone: pid=1643 uid=1001 gids={3002, 3001, 3003, 1015}
D/PhoneStatusBarPolicy(  472): updateSimState for subscription :0
D/PhoneStatusBarPolicy(  472): updateSimState for subscription :0
I/BootReceiver(  304): Copying /data/tombstones/tombstone_05 to DropBox (SYSTEM_TOMBSTONE)
I/ActivityManager(  304): Process com.android.phone (pid 1643) has died.
W/ActivityManager(  304): Canceling start item Intent { cmp=com.android.phone/.BluetoothHeadsetService } in service ComponentInfo{com.android.phone/com.android.phone.BluetoothHeadsetService}
W/ActivityManager(  304): Scheduling restart of crashed service com.android.phone/.BluetoothHeadsetService in 7550ms
I/ActivityManager(  304): Start proc com.android.phone for restart com.android.phone: pid=1693 uid=1001 gids={3002, 3001, 3003, 1015}
W/ActivityManager(  304): Failure sending broadcast Intent { act=android.intent.action.SCREEN_OFF flg=0x40000010 }
W/ActivityManager(  304): android.os.DeadObjectException
W/ActivityManager(  304): 	at android.os.BinderProxy.transact(Native Method)
W/ActivityManager(  304): 	at android.content.IIntentReceiver$Stub$Proxy.performReceive(IIntentReceiver.java:121)
W/ActivityManager(  304): 	at com.android.server.am.ActivityManagerService.performReceiveLocked(ActivityManagerService.java:12816)
W/ActivityManager(  304): 	at com.android.server.am.ActivityManagerService.deliverToRegisteredReceiverLocked(ActivityManagerService.java:12878)
W/ActivityManager(  304): 	at com.android.server.am.ActivityManagerService.processNextBroadcast(ActivityManagerService.java:13085)
W/ActivityManager(  304): 	at com.android.server.am.ActivityManagerService.access$100(ActivityManagerService.java:153)
W/ActivityManager(  304): 	at com.android.server.am.ActivityManagerService$2.handleMessage(ActivityManagerService.java:996)
W/ActivityManager(  304): 	at android.os.Handler.dispatchMessage(Handler.java:99)
W/ActivityManager(  304): 	at android.os.Looper.loop(Looper.java:137)
W/ActivityManager(  304): 	at com.android.server.am.ActivityManagerService$AThread.run(ActivityManagerService.java:1417)
D/PhoneStatusBarPolicy(  472): updateSimState for subscription :0
D/PhoneStatusBarPolicy(  472): updateSimState for subscription :0
D/PhoneStatusBar(  472): disable: < expand icons alerts ticker system_info back home RECENT* clock >
D/PhoneStatusBar(  472): disable: < expand icons alerts ticker system_info BACK* HOME* RECENT clock >
D/PhoneStatusBar(  472): disable: < expand icons alerts ticker system_info BACK HOME RECENT CLOCK* >
I/BootReceiver(  304): Copying /data/tombstones/tombstone_06 to DropBox (SYSTEM_TOMBSTONE)
I/ActivityManager(  304): Process com.android.phone (pid 1693) has died.
W/ActivityManager(  304): Canceling start item Intent { cmp=com.android.phone/.BluetoothHeadsetService } in service ComponentInfo{com.android.phone/com.android.phone.BluetoothHeadsetService}
W/ActivityManager(  304): Scheduling restart of crashed service com.android.phone/.BluetoothHeadsetService in 5350ms
I/ActivityManager(  304): Start proc com.android.phone for restart com.android.phone: pid=1721 uid=1001 gids={3002, 3001, 3003, 1015}
D/PhoneStatusBarPolicy(  472): updateSimState for subscription :0
D/PhoneStatusBarPolicy(  472): updateSimState for subscription :0
I/BootReceiver(  304): Copying /data/tombstones/tombstone_07 to DropBox (SYSTEM_TOMBSTONE)
I/ActivityManager(  304): Process com.android.phone (pid 1721) has died.
W/ActivityManager(  304): Canceling start item Intent { cmp=com.android.phone/.BluetoothHeadsetService } in service ComponentInfo{com.android.phone/com.android.phone.BluetoothHeadsetService}
W/ActivityManager(  304): Scheduling restart of crashed service com.android.phone/.BluetoothHeadsetService in 6836ms
I/ActivityManager(  304): Start proc com.android.phone for restart com.android.phone: pid=1742 uid=1001 gids={3002, 3001, 3003, 1015}
W/ProcessStats(  304): Skipping unknown process pid 1721
D/PhoneStatusBarPolicy(  472): updateSimState for subscription :0
D/PhoneStatusBarPolicy(  472): updateSimState for subscription :0
E/ThrottleService(  304): Error reading data file
I/BootReceiver(  304): Copying /data/tombstones/tombstone_08 to DropBox (SYSTEM_TOMBSTONE)
I/ActivityManager(  304): Process com.android.phone (pid 1742) has died.
W/ActivityManager(  304): Canceling start item Intent { cmp=com.android.phone/.BluetoothHeadsetService } in service ComponentInfo{com.android.phone/com.android.phone.BluetoothHeadsetService}
W/ActivityManager(  304): Scheduling restart of crashed service com.android.phone/.BluetoothHeadsetService in 7384ms
I/ActivityManager(  304): Start proc com.android.phone for restart com.android.phone: pid=1772 uid=1001 gids={3002, 3001, 3003, 1015}
D/PhoneStatusBarPolicy(  472): updateSimState for subscription :0
D/PhoneStatusBarPolicy(  472): updateSimState for subscription :0
I/BootReceiver(  304): Copying /data/tombstones/tombstone_09 to DropBox (SYSTEM_TOMBSTONE)
I/ActivityManager(  304): Process com.android.phone (pid 1772) has died.
W/ActivityManager(  304): Canceling start item Intent { cmp=com.android.phone/.BluetoothHeadsetService } in service ComponentInfo{com.android.phone/com.android.phone.BluetoothHeadsetService}
W/ActivityManager(  304): Scheduling restart of crashed service com.android.phone/.BluetoothHeadsetService in 7268ms
I/ActivityManager(  304): Start proc com.android.phone for restart com.android.phone: pid=1799 uid=1001 gids={3002, 3001, 3003, 1015}
D/PhoneStatusBarPolicy(  472): updateSimState for subscription :0
D/PhoneStatusBarPolicy(  472): updateSimState for subscription :0
I/BootReceiver(  304): Copying /data/tombstones/tombstone_00 to DropBox (SYSTEM_TOMBSTONE)
I/ActivityManager(  304): Process com.android.phone (pid 1799) has died.
W/ActivityManager(  304): Canceling start item Intent { cmp=com.android.phone/.BluetoothHeadsetService } in service ComponentInfo{com.android.phone/com.android.phone.BluetoothHeadsetService}
W/ActivityManager(  304): Scheduling restart of crashed service com.android.phone/.BluetoothHeadsetService in 8526ms
I/ActivityManager(  304): Start proc com.android.phone for restart com.android.phone: pid=1828 uid=1001 gids={3002, 3001, 3003, 1015}
D/PhoneStatusBarPolicy(  472): updateSimState for subscription :0
D/PhoneStatusBarPolicy(  472): updateSimState for subscription :0
I/BootReceiver(  304): Copying /data/tombstones/tombstone_01 to DropBox (SYSTEM_TOMBSTONE)
I/ActivityManager(  304): Process com.android.phone (pid 1828) has died.
W/ActivityManager(  304): Canceling start item Intent { cmp=com.android.phone/.BluetoothHeadsetService } in service ComponentInfo{com.android.phone/com.android.phone.BluetoothHeadsetService}
W/ActivityManager(  304): Scheduling restart of crashed service com.android.phone/.BluetoothHeadsetService in 7712ms
I/ActivityManager(  304): Start proc com.android.phone for restart com.android.phone: pid=1855 uid=1001 gids={3002, 3001, 3003, 1015}
D/PhoneStatusBarPolicy(  472): updateSimState for subscription :0
D/PhoneStatusBarPolicy(  472): updateSimState for subscription :0
I/BootReceiver(  304): Copying /data/tombstones/tombstone_02 to DropBox (SYSTEM_TOMBSTONE)
I/ActivityManager(  304): Process com.android.phone (pid 1855) has died.
W/ActivityManager(  304): Canceling start item Intent { cmp=com.android.phone/.BluetoothHeadsetService } in service ComponentInfo{com.android.phone/com.android.phone.BluetoothHeadsetService}
W/ActivityManager(  304): Scheduling restart of crashed service com.android.phone/.BluetoothHeadsetService in 7440ms
I/ActivityManager(  304): Start proc com.android.phone for restart com.android.phone: pid=1883 uid=1001 gids={3002, 3001, 3003, 1015}
D/PhoneStatusBarPolicy(  472): updateSimState for subscription :0
D/PhoneStatusBarPolicy(  472): updateSimState for subscription :0
I/BootReceiver(  304): Copying /data/tombstones/tombstone_03 to DropBox (SYSTEM_TOMBSTONE)
I/ActivityManager(  304): Process com.android.phone (pid 1883) has died.
W/ActivityManager(  304): Canceling start item Intent { cmp=com.android.phone/.BluetoothHeadsetService } in service ComponentInfo{com.android.phone/com.android.phone.BluetoothHeadsetService}
W/ActivityManager(  304): Scheduling restart of crashed service com.android.phone/.BluetoothHeadsetService in 9476ms
I/ActivityManager(  304): Start proc com.android.phone for restart com.android.phone: pid=1912 uid=1001 gids={3002, 3001, 3003, 1015}
D/PhoneStatusBarPolicy(  472): updateSimState for subscription :0
D/PhoneStatusBarPolicy(  472): updateSimState for subscription :0
I/BootReceiver(  304): Copying /data/tombstones/tombstone_04 to DropBox (SYSTEM_TOMBSTONE)
I/ActivityManager(  304): Process com.android.phone (pid 1912) has died.
W/ActivityManager(  304): Canceling start item Intent { cmp=com.android.phone/.BluetoothHeadsetService } in service ComponentInfo{com.android.phone/com.android.phone.BluetoothHeadsetService}
W/ActivityManager(  304): Scheduling restart of crashed service com.android.phone/.BluetoothHeadsetService in 7354ms
I/ActivityManager(  304): Start proc com.android.phone for restart com.android.phone: pid=1933 uid=1001 gids={3002, 3001, 3003, 1015}
